stm32f769i_discovery_audio.c:959:13:SAIx_Out_DeInit	8	static
stm32f769i_discovery_audio.c:1090:13:SAIx_In_DeInit	8	static
stm32f769i_discovery_audio.c:900:13:SAIx_Out_Init	8	static
stm32f769i_discovery_audio.c:977:13:SAIx_In_Init	48	static
stm32f769i_discovery_audio.c:1999:13:DFSDMx_ChannelMspInit	48	static
stm32f769i_discovery_audio.c:2174:13:DFSDMx_FilterMspDeInit	8	static
stm32f769i_discovery_audio.c:2060:13:DFSDMx_FilterMspInit	40	static
stm32f769i_discovery_audio.c:706:13:SAI_AUDIO_IN_MspInit	64	static
stm32f769i_discovery_audio.c:2036:13:DFSDMx_ChannelMspDeInit	8	static
stm32f769i_discovery_audio.c:779:13:SAI_AUDIO_IN_MspDeInit	8	static
stm32f769i_discovery_audio.c:1733:16:DFSDMx_Init	16	static
stm32f769i_discovery_audio.c:1943:16:DFSDMx_DeInit	8	static
stm32f769i_discovery_audio.c:347:9:BSP_AUDIO_OUT_Play	16	static
stm32f769i_discovery_audio.c:369:6:BSP_AUDIO_OUT_ChangeBuffer	8	static
stm32f769i_discovery_audio.c:382:9:BSP_AUDIO_OUT_Pause	8	static
stm32f769i_discovery_audio.c:406:9:BSP_AUDIO_OUT_Resume	8	static
stm32f769i_discovery_audio.c:432:9:BSP_AUDIO_OUT_Stop	8	static
stm32f769i_discovery_audio.c:460:9:BSP_AUDIO_OUT_SetVolume	8	static
stm32f769i_discovery_audio.c:480:9:BSP_AUDIO_OUT_SetMute	8	static
stm32f769i_discovery_audio.c:501:9:BSP_AUDIO_OUT_SetOutputMode	8	static
stm32f769i_discovery_audio.c:545:6:BSP_AUDIO_OUT_SetAudioFrameSlot	8	static
stm32f769i_discovery_audio.c:614:13:BSP_AUDIO_OUT_TransferComplete_CallBack	0	static
stm32f769i_discovery_audio.c:574:6:HAL_SAI_TxCpltCallback	8	static
stm32f769i_discovery_audio.c:622:13:BSP_AUDIO_OUT_HalfTransfer_CallBack	0	static
stm32f769i_discovery_audio.c:586:6:HAL_SAI_TxHalfCpltCallback	8	static
stm32f769i_discovery_audio.c:630:13:BSP_AUDIO_OUT_Error_CallBack	0	static
stm32f769i_discovery_audio.c:640:13:BSP_AUDIO_OUT_MspInit	56	static
stm32f769i_discovery_audio.c:812:13:BSP_AUDIO_OUT_MspDeInit	8	static
stm32f769i_discovery_audio.c:562:6:BSP_AUDIO_OUT_DeInit	8	static
stm32f769i_discovery_audio.c:851:13:BSP_AUDIO_OUT_ClockConfig	152	static
stm32f769i_discovery_audio.c:295:9:BSP_AUDIO_OUT_Init	24	static
stm32f769i_discovery_audio.c:522:6:BSP_AUDIO_OUT_SetFrequency	16	static
stm32f769i_discovery_audio.c:1194:9:BSP_AUDIO_IN_AllocScratch	4	static
stm32f769i_discovery_audio.c:1213:9:BSP_AUDIO_IN_GetChannelNumber	0	static
stm32f769i_discovery_audio.c:1224:9:BSP_AUDIO_IN_Record	8	static
stm32f769i_discovery_audio.c:1277:9:BSP_AUDIO_IN_Stop	8	static
stm32f769i_discovery_audio.c:1338:9:BSP_AUDIO_IN_Pause	8	static
stm32f769i_discovery_audio.c:1374:9:BSP_AUDIO_IN_Resume	8	static
stm32f769i_discovery_audio.c:1605:13:BSP_AUDIO_IN_TransferComplete_CallBack	0	static
stm32f769i_discovery_audio.c:1595:6:HAL_SAI_RxCpltCallback	8	static
stm32f769i_discovery_audio.c:1616:13:BSP_AUDIO_IN_HalfTransfer_CallBack	0	static
stm32f769i_discovery_audio.c:1431:6:HAL_DFSDM_FilterRegConvCpltCallback	16	static
stm32f769i_discovery_audio.c:1507:6:HAL_DFSDM_FilterRegConvHalfCpltCallback	16	static
stm32f769i_discovery_audio.c:1583:6:HAL_SAI_RxHalfCpltCallback	8	static
stm32f769i_discovery_audio.c:1627:13:BSP_AUDIO_IN_Error_CallBack	0	static
stm32f769i_discovery_audio.c:598:6:HAL_SAI_ErrorCallback	8	static
stm32f769i_discovery_audio.c:1637:13:BSP_AUDIO_IN_MspInit	8	static
stm32f769i_discovery_audio.c:1656:13:BSP_AUDIO_IN_MspDeInit	8	static
stm32f769i_discovery_audio.c:1410:6:BSP_AUDIO_IN_DeInit	8	static
stm32f769i_discovery_audio.c:1680:13:BSP_AUDIO_IN_ClockConfig	152	static
stm32f769i_discovery_audio.c:1130:9:BSP_AUDIO_IN_InitEx	24	static
stm32f769i_discovery_audio.c:1117:9:BSP_AUDIO_IN_Init	8	static
