Archive member included to satisfy reference by file (symbol)

/Applications/STM32CubeIDE.app/Contents/Eclipse/plugins/com.st.stm32cube.ide.mcu.externaltools.gnu-tools-for-stm32.7-2018-q2-update.macos64_1.4.0.202007081208/tools/bin/../lib/gcc/arm-none-eabi/7.3.1/../../../../arm-none-eabi/lib/thumb/v7e-m/fpv4-sp/hard/libc_nano.a(lib_a-exit.o)
                              /Applications/STM32CubeIDE.app/Contents/Eclipse/plugins/com.st.stm32cube.ide.mcu.externaltools.gnu-tools-for-stm32.7-2018-q2-update.macos64_1.4.0.202007081208/tools/bin/../lib/gcc/arm-none-eabi/7.3.1/../../../../arm-none-eabi/lib/thumb/v7e-m/fpv4-sp/hard/crt0.o (exit)
/Applications/STM32CubeIDE.app/Contents/Eclipse/plugins/com.st.stm32cube.ide.mcu.externaltools.gnu-tools-for-stm32.7-2018-q2-update.macos64_1.4.0.202007081208/tools/bin/../lib/gcc/arm-none-eabi/7.3.1/../../../../arm-none-eabi/lib/thumb/v7e-m/fpv4-sp/hard/libc_nano.a(lib_a-impure.o)
                              /Applications/STM32CubeIDE.app/Contents/Eclipse/plugins/com.st.stm32cube.ide.mcu.externaltools.gnu-tools-for-stm32.7-2018-q2-update.macos64_1.4.0.202007081208/tools/bin/../lib/gcc/arm-none-eabi/7.3.1/../../../../arm-none-eabi/lib/thumb/v7e-m/fpv4-sp/hard/libc_nano.a(lib_a-exit.o) (_global_impure_ptr)
/Applications/STM32CubeIDE.app/Contents/Eclipse/plugins/com.st.stm32cube.ide.mcu.externaltools.gnu-tools-for-stm32.7-2018-q2-update.macos64_1.4.0.202007081208/tools/bin/../lib/gcc/arm-none-eabi/7.3.1/../../../../arm-none-eabi/lib/thumb/v7e-m/fpv4-sp/hard/libc_nano.a(lib_a-init.o)
                              /Applications/STM32CubeIDE.app/Contents/Eclipse/plugins/com.st.stm32cube.ide.mcu.externaltools.gnu-tools-for-stm32.7-2018-q2-update.macos64_1.4.0.202007081208/tools/bin/../lib/gcc/arm-none-eabi/7.3.1/../../../../arm-none-eabi/lib/thumb/v7e-m/fpv4-sp/hard/crt0.o (__libc_init_array)
/Applications/STM32CubeIDE.app/Contents/Eclipse/plugins/com.st.stm32cube.ide.mcu.externaltools.gnu-tools-for-stm32.7-2018-q2-update.macos64_1.4.0.202007081208/tools/bin/../lib/gcc/arm-none-eabi/7.3.1/../../../../arm-none-eabi/lib/thumb/v7e-m/fpv4-sp/hard/libc_nano.a(lib_a-memcmp.o)
                              core/third_party/uip/apps/dhcpc/dhcpc.o (memcmp)
/Applications/STM32CubeIDE.app/Contents/Eclipse/plugins/com.st.stm32cube.ide.mcu.externaltools.gnu-tools-for-stm32.7-2018-q2-update.macos64_1.4.0.202007081208/tools/bin/../lib/gcc/arm-none-eabi/7.3.1/../../../../arm-none-eabi/lib/thumb/v7e-m/fpv4-sp/hard/libc_nano.a(lib_a-memcpy-stub.o)
                              core/third_party/uip/apps/dhcpc/dhcpc.o (memcpy)
/Applications/STM32CubeIDE.app/Contents/Eclipse/plugins/com.st.stm32cube.ide.mcu.externaltools.gnu-tools-for-stm32.7-2018-q2-update.macos64_1.4.0.202007081208/tools/bin/../lib/gcc/arm-none-eabi/7.3.1/../../../../arm-none-eabi/lib/thumb/v7e-m/fpv4-sp/hard/libc_nano.a(lib_a-memset.o)
                              /Applications/STM32CubeIDE.app/Contents/Eclipse/plugins/com.st.stm32cube.ide.mcu.externaltools.gnu-tools-for-stm32.7-2018-q2-update.macos64_1.4.0.202007081208/tools/bin/../lib/gcc/arm-none-eabi/7.3.1/../../../../arm-none-eabi/lib/thumb/v7e-m/fpv4-sp/hard/crt0.o (memset)
/Applications/STM32CubeIDE.app/Contents/Eclipse/plugins/com.st.stm32cube.ide.mcu.externaltools.gnu-tools-for-stm32.7-2018-q2-update.macos64_1.4.0.202007081208/tools/bin/../lib/gcc/arm-none-eabi/7.3.1/thumb/v7e-m/fpv4-sp/hard/libgcc.a(_aeabi_uldivmod.o)
                              lib/STM32F7xx_HAL_Driver/Src/stm32f7xx_hal_rcc.o (__aeabi_uldivmod)
/Applications/STM32CubeIDE.app/Contents/Eclipse/plugins/com.st.stm32cube.ide.mcu.externaltools.gnu-tools-for-stm32.7-2018-q2-update.macos64_1.4.0.202007081208/tools/bin/../lib/gcc/arm-none-eabi/7.3.1/thumb/v7e-m/fpv4-sp/hard/libgcc.a(_udivmoddi4.o)
                              /Applications/STM32CubeIDE.app/Contents/Eclipse/plugins/com.st.stm32cube.ide.mcu.externaltools.gnu-tools-for-stm32.7-2018-q2-update.macos64_1.4.0.202007081208/tools/bin/../lib/gcc/arm-none-eabi/7.3.1/thumb/v7e-m/fpv4-sp/hard/libgcc.a(_aeabi_uldivmod.o) (__udivmoddi4)
/Applications/STM32CubeIDE.app/Contents/Eclipse/plugins/com.st.stm32cube.ide.mcu.externaltools.gnu-tools-for-stm32.7-2018-q2-update.macos64_1.4.0.202007081208/tools/bin/../lib/gcc/arm-none-eabi/7.3.1/thumb/v7e-m/fpv4-sp/hard/libgcc.a(_dvmd_tls.o)
                              /Applications/STM32CubeIDE.app/Contents/Eclipse/plugins/com.st.stm32cube.ide.mcu.externaltools.gnu-tools-for-stm32.7-2018-q2-update.macos64_1.4.0.202007081208/tools/bin/../lib/gcc/arm-none-eabi/7.3.1/thumb/v7e-m/fpv4-sp/hard/libgcc.a(_aeabi_uldivmod.o) (__aeabi_ldiv0)
/Applications/STM32CubeIDE.app/Contents/Eclipse/plugins/com.st.stm32cube.ide.mcu.externaltools.gnu-tools-for-stm32.7-2018-q2-update.macos64_1.4.0.202007081208/tools/bin/../lib/gcc/arm-none-eabi/7.3.1/../../../../arm-none-eabi/lib/thumb/v7e-m/fpv4-sp/hard/libnosys.a(_exit.o)
[...]
Memory Configuration

Name             Origin             Length             Attributes
SHARED           0x0000000020000000 0x0000000000000040 xrw
RAM              0x0000000020000040 0x000000000007ffc0 xrw
FLASH            0x0000000008000000 0x0000000000008000 xr
*default*        0x0000000000000000 0xffffffffffffffff

Linker script and memory map

LOAD /Applications/STM32CubeIDE.app/Contents/Eclipse/plugins/com.st.stm32cube.ide.mcu.externaltools.gnu-tools-for-stm32.7-2018-q2-update.macos64_1.4.0.202007081208/tools/bin/../lib/gcc/arm-none-eabi/7.3.1/thumb/v7e-m/fpv4-sp/hard/crti.o
LOAD /Applications/STM32CubeIDE.app/Contents/Eclipse/plugins/com.st.stm32cube.ide.mcu.externaltools.gnu-tools-for-stm32.7-2018-q2-update.macos64_1.4.0.202007081208/tools/bin/../lib/gcc/arm-none-eabi/7.3.1/thumb/v7e-m/fpv4-sp/hard/crtbegin.o
LOAD /Applications/STM32CubeIDE.app/Contents/Eclipse/plugins/com.st.stm32cube.ide.mcu.externaltools.gnu-tools-for-stm32.7-2018-q2-update.macos64_1.4.0.202007081208/tools/bin/../lib/gcc/arm-none-eabi/7.3.1/../../../../arm-none-eabi/lib/thumb/v7e-m/fpv4-sp/hard/crt0.o
LOAD core/ARMCM7_STM32F7/GCC/cpu_comp.o
LOAD core/ARMCM7_STM32F7/can.o
LOAD core/ARMCM7_STM32F7/cpu.o
LOAD core/ARMCM7_STM32F7/flash.o
LOAD core/ARMCM7_STM32F7/nvm.o
LOAD core/ARMCM7_STM32F7/rs232.o
LOAD core/ARMCM7_STM32F7/timer.o
LOAD core/ARMCM7_STM32F7/usb.o
LOAD core/assert.o
LOAD core/backdoor.o
LOAD core/boot.o
LOAD core/com.o
LOAD core/cop.o
LOAD core/file.o
LOAD core/net.o
LOAD core/xcp.o
LOAD core/third_party/uip/apps/dhcpc/dhcpc.o
LOAD core/third_party/uip/uip/uip.o
LOAD core/third_party/uip/uip/uip_arp.o
LOAD core/third_party/uip/uip/uip_timer.o
LOAD core/third_party/uip/uip/uiplib.o
LOAD hooks.o
LOAD led.o
LOAD main.o
LOAD shared_params.o
LOAD startup_stm32f767xx.o
LOAD lib/STM32F7xx_HAL_Driver/Src/stm32f7xx_hal.o
LOAD lib/STM32F7xx_HAL_Driver/Src/stm32f7xx_hal_cortex.o
LOAD lib/STM32F7xx_HAL_Driver/Src/stm32f7xx_hal_dma.o
LOAD lib/STM32F7xx_HAL_Driver/Src/stm32f7xx_hal_dma_ex.o
LOAD lib/STM32F7xx_HAL_Driver/Src/stm32f7xx_hal_eth.o
LOAD lib/STM32F7xx_HAL_Driver/Src/stm32f7xx_hal_flash.o
LOAD lib/STM32F7xx_HAL_Driver/Src/stm32f7xx_hal_flash_ex.o
LOAD lib/STM32F7xx_HAL_Driver/Src/stm32f7xx_hal_gpio.o
LOAD lib/STM32F7xx_HAL_Driver/Src/stm32f7xx_hal_i2c.o
LOAD lib/STM32F7xx_HAL_Driver/Src/stm32f7xx_hal_i2c_ex.o
LOAD lib/STM32F7xx_HAL_Driver/Src/stm32f7xx_hal_pwr.o
LOAD lib/STM32F7xx_HAL_Driver/Src/stm32f7xx_hal_pwr_ex.o
LOAD lib/STM32F7xx_HAL_Driver/Src/stm32f7xx_hal_rcc.o
LOAD lib/STM32F7xx_HAL_Driver/Src/stm32f7xx_hal_rcc_ex.o
LOAD lib/STM32F7xx_HAL_Driver/Src/stm32f7xx_hal_tim.o
LOAD lib/STM32F7xx_HAL_Driver/Src/stm32f7xx_hal_tim_ex.o
LOAD lib/STM32F7xx_HAL_Driver/Src/stm32f7xx_ll_dma.o
LOAD lib/STM32F7xx_HAL_Driver/Src/stm32f7xx_ll_exti.o
LOAD lib/STM32F7xx_HAL_Driver/Src/stm32f7xx_ll_gpio.o
LOAD lib/STM32F7xx_HAL_Driver/Src/stm32f7xx_ll_rcc.o
LOAD lib/STM32F7xx_HAL_Driver/Src/stm32f7xx_ll_usart.o
LOAD lib/STM32F7xx_HAL_Driver/Src/stm32f7xx_ll_utils.o
LOAD lib/system_stm32f7xx.o
LOAD lib/uip/clock-arch.o
LOAD lib/uip/netdev.o
START GROUP
LOAD /Applications/STM32CubeIDE.app/Contents/Eclipse/plugins/com.st.stm32cube.ide.mcu.externaltools.gnu-tools-for-stm32.7-2018-q2-update.macos64_1.4.0.202007081208/tools/bin/../lib/gcc/arm-none-eabi/7.3.1/../../../../arm-none-eabi/lib/thumb/v7e-m/fpv4-sp/hard/libc_nano.a
LOAD /Applications/STM32CubeIDE.app/Contents/Eclipse/plugins/com.st.stm32cube.ide.mcu.externaltools.gnu-tools-for-stm32.7-2018-q2-update.macos64_1.4.0.202007081208/tools/bin/../lib/gcc/arm-none-eabi/7.3.1/../../../../arm-none-eabi/lib/thumb/v7e-m/fpv4-sp/hard/libm.a
END GROUP
START GROUP
LOAD /Applications/STM32CubeIDE.app/Contents/Eclipse/plugins/com.st.stm32cube.ide.mcu.externaltools.gnu-tools-for-stm32.7-2018-q2-update.macos64_1.4.0.202007081208/tools/bin/../lib/gcc/arm-none-eabi/7.3.1/thumb/v7e-m/fpv4-sp/hard/libgcc.a
LOAD /Applications/STM32CubeIDE.app/Contents/Eclipse/plugins/com.st.stm32cube.ide.mcu.externaltools.gnu-tools-for-stm32.7-2018-q2-update.macos64_1.4.0.202007081208/tools/bin/../lib/gcc/arm-none-eabi/7.3.1/../../../../arm-none-eabi/lib/thumb/v7e-m/fpv4-sp/hard/libc_nano.a
END GROUP
START GROUP
LOAD /Applications/STM32CubeIDE.app/Contents/Eclipse/plugins/com.st.stm32cube.ide.mcu.externaltools.gnu-tools-for-stm32.7-2018-q2-update.macos64_1.4.0.202007081208/tools/bin/../lib/gcc/arm-none-eabi/7.3.1/thumb/v7e-m/fpv4-sp/hard/libgcc.a
LOAD /Applications/STM32CubeIDE.app/Contents/Eclipse/plugins/com.st.stm32cube.ide.mcu.externaltools.gnu-tools-for-stm32.7-2018-q2-update.macos64_1.4.0.202007081208/tools/bin/../lib/gcc/arm-none-eabi/7.3.1/../../../../arm-none-eabi/lib/thumb/v7e-m/fpv4-sp/hard/libc_nano.a
LOAD /Applications/STM32CubeIDE.app/Contents/Eclipse/plugins/com.st.stm32cube.ide.mcu.externaltools.gnu-tools-for-stm32.7-2018-q2-update.macos64_1.4.0.202007081208/tools/bin/../lib/gcc/arm-none-eabi/7.3.1/../../../../arm-none-eabi/lib/thumb/v7e-m/fpv4-sp/hard/libnosys.a
END GROUP
START GROUP
LOAD /Applications/STM32CubeIDE.app/Contents/Eclipse/plugins/com.st.stm32cube.ide.mcu.externaltools.gnu-tools-for-stm32.7-2018-q2-update.macos64_1.4.0.202007081208/tools/bin/../lib/gcc/arm-none-eabi/7.3.1/thumb/v7e-m/fpv4-sp/hard/libgcc.a
LOAD /Applications/STM32CubeIDE.app/Contents/Eclipse/plugins/com.st.stm32cube.ide.mcu.externaltools.gnu-tools-for-stm32.7-2018-q2-update.macos64_1.4.0.202007081208/tools/bin/../lib/gcc/arm-none-eabi/7.3.1/../../../../arm-none-eabi/lib/thumb/v7e-m/fpv4-sp/hard/libc_nano.a
LOAD /Applications/STM32CubeIDE.app/Contents/Eclipse/plugins/com.st.stm32cube.ide.mcu.externaltools.gnu-tools-for-stm32.7-2018-q2-update.macos64_1.4.0.202007081208/tools/bin/../lib/gcc/arm-none-eabi/7.3.1/../../../../arm-none-eabi/lib/thumb/v7e-m/fpv4-sp/hard/libnosys.a
END GROUP
LOAD /Applications/STM32CubeIDE.app/Contents/Eclipse/plugins/com.st.stm32cube.ide.mcu.externaltools.gnu-tools-for-stm32.7-2018-q2-update.macos64_1.4.0.202007081208/tools/bin/../lib/gcc/arm-none-eabi/7.3.1/thumb/v7e-m/fpv4-sp/hard/crtend.o
LOAD /Applications/STM32CubeIDE.app/Contents/Eclipse/plugins/com.st.stm32cube.ide.mcu.externaltools.gnu-tools-for-stm32.7-2018-q2-update.macos64_1.4.0.202007081208/tools/bin/../lib/gcc/arm-none-eabi/7.3.1/thumb/v7e-m/fpv4-sp/hard/crtn.o
                0x0000000020080000                _estack = 0x20080000
                0x0000000000000200                _Min_Heap_Size = 0x200
                0x0000000000000400                _Min_Stack_Size = 0x400

.shared         0x0000000020000000       0x40
                0x0000000020000000                . = ALIGN (0x4)
                0x0000000020000000                _sshared = .
                0x0000000020000000                __shared_start__ = _sshared
 *(.shared)
 .shared        0x0000000020000000       0x40 shared_params.o
 *(.shared.*)
 *(.shared)
                0x0000000020000040                . = ALIGN (0x4)
                0x0000000020000040                _eshared = .
                0x0000000020000040                __shared_end__ = _eshared

.isr_vector     0x0000000008000000      0x1f8
                0x0000000008000000                . = ALIGN (0x4)
 *(.isr_vector)
 .isr_vector    0x0000000008000000      0x1f8 startup_stm32f767xx.o
                0x0000000008000000                g_pfnVectors
                0x00000000080001f8                . = ALIGN (0x4)

.text           0x00000000080001f8     0x460c
                0x00000000080001f8                . = ALIGN (0x4)
 *(.text)
 .text          0x00000000080001f8       0x40 /Applications/STM32CubeIDE.app/Contents/Eclipse/plugins/com.st.stm32cube.ide.mcu.externaltools.gnu-tools-for-stm32.7-2018-q2-update.macos64_1.4.0.202007081208/tools/bin/../lib/gcc/arm-none-eabi/7.3.1/thumb/v7e-m/fpv4-sp/hard/crtbegin.o
 .text          0x0000000008000238       0x30 /Applications/STM32CubeIDE.app/Contents/Eclipse/plugins/com.st.stm32cube.ide.mcu.externaltools.gnu-tools-for-stm32.7-2018-q2-update.macos64_1.4.0.202007081208/tools/bin/../lib/gcc/arm-none-eabi/7.3.1/thumb/v7e-m/fpv4-sp/hard/libgcc.a(_aeabi_uldivmod.o)
                0x0000000008000238                __aeabi_uldivmod
 .text          0x0000000008000268      0x2cc /Applications/STM32CubeIDE.app/Contents/Eclipse/plugins/com.st.stm32cube.ide.mcu.externaltools.gnu-tools-for-stm32.7-2018-q2-update.macos64_1.4.0.202007081208/tools/bin/../lib/gcc/arm-none-eabi/7.3.1/thumb/v7e-m/fpv4-sp/hard/libgcc.a(_udivmoddi4.o)
                0x0000000008000268                __udivmoddi4
 .text          0x0000000008000534        0x4 /Applications/STM32CubeIDE.app/Contents/Eclipse/plugins/com.st.stm32cube.ide.mcu.externaltools.gnu-tools-for-stm32.7-2018-q2-update.macos64_1.4.0.202007081208/tools/bin/../lib/gcc/arm-none-eabi/7.3.1/thumb/v7e-m/fpv4-sp/hard/libgcc.a(_dvmd_tls.o)
                0x0000000008000534                __aeabi_ldiv0
                0x0000000008000534                __aeabi_idiv0
 *(.text*)
 .text.CpuIrqDisable
                0x0000000008000538        0x4 core/ARMCM7_STM32F7/GCC/cpu_comp.o
                0x0000000008000538                CpuIrqDisable
 .text.CpuInit  0x000000000800053c        0x8 core/ARMCM7_STM32F7/cpu.o
                0x000000000800053c                CpuInit
 .text.CpuStartUserProgram
                0x0000000008000544       0x3c core/ARMCM7_STM32F7/cpu.o
                0x0000000008000544                CpuStartUserProgram
 .text.CpuMemCopy
                0x0000000008000580       0x20 core/ARMCM7_STM32F7/cpu.o
                0x0000000008000580                CpuMemCopy
 .text.FlashGetSector
                0x00000000080005a0       0x44 core/ARMCM7_STM32F7/flash.o
 .text.FlashInitBlock
                0x00000000080005e4       0x26 core/ARMCM7_STM32F7/flash.o
 .text.FlashWriteBlock
                0x000000000800060a       0x4e core/ARMCM7_STM32F7/flash.o
 .text.FlashSwitchBlock
                0x0000000008000658       0x44 core/ARMCM7_STM32F7/flash.o
 .text.FlashAddToBlock
                0x000000000800069c       0x88 core/ARMCM7_STM32F7/flash.o
 .text.FlashEraseSectors
                0x0000000008000724       0x5c core/ARMCM7_STM32F7/flash.o
 .text.FlashInit
                0x0000000008000780       0x18 core/ARMCM7_STM32F7/flash.o
                0x0000000008000780                FlashInit
 .text.FlashWrite
                0x0000000008000798       0x6c core/ARMCM7_STM32F7/flash.o
                0x0000000008000798                FlashWrite
 .text.FlashErase
                0x0000000008000804       0x3c core/ARMCM7_STM32F7/flash.o
                0x0000000008000804                FlashErase
 .text.FlashWriteChecksum
                0x0000000008000840       0x4c core/ARMCM7_STM32F7/flash.o
                0x0000000008000840                FlashWriteChecksum
 .text.FlashVerifyChecksum
                0x000000000800088c       0x58 core/ARMCM7_STM32F7/flash.o
                0x000000000800088c                FlashVerifyChecksum
 .text.FlashDone
                0x00000000080008e4       0x40 core/ARMCM7_STM32F7/flash.o
                0x00000000080008e4                FlashDone
 .text.FlashGetUserProgBaseAddress
                0x0000000008000924        0x8 core/ARMCM7_STM32F7/flash.o
                0x0000000008000924                FlashGetUserProgBaseAddress
 .text.NvmInit  0x000000000800092c        0x8 core/ARMCM7_STM32F7/nvm.o
                0x000000000800092c                NvmInit
 .text.NvmWrite
                0x0000000008000934        0x8 core/ARMCM7_STM32F7/nvm.o
                0x0000000008000934                NvmWrite
 .text.NvmErase
                0x000000000800093c        0x8 core/ARMCM7_STM32F7/nvm.o
                0x000000000800093c                NvmErase
 .text.NvmVerifyChecksum
                0x0000000008000944        0x8 core/ARMCM7_STM32F7/nvm.o
                0x0000000008000944                NvmVerifyChecksum
 .text.NvmGetUserProgBaseAddress
                0x000000000800094c        0x8 core/ARMCM7_STM32F7/nvm.o
                0x000000000800094c                NvmGetUserProgBaseAddress
 .text.NvmDone  0x0000000008000954       0x16 core/ARMCM7_STM32F7/nvm.o
                0x0000000008000954                NvmDone
 *fill*         0x000000000800096a        0x2 
 .text.TimerReset
                0x000000000800096c        0xc core/ARMCM7_STM32F7/timer.o
                0x000000000800096c                TimerReset
 .text.TimerInit
                0x0000000008000978       0x28 core/ARMCM7_STM32F7/timer.o
                0x0000000008000978                TimerInit
 .text.TimerUpdate
                0x00000000080009a0       0x1c core/ARMCM7_STM32F7/timer.o
                0x00000000080009a0                TimerUpdate
 .text.TimerGet
                0x00000000080009bc       0x10 core/ARMCM7_STM32F7/timer.o
                0x00000000080009bc                TimerGet
 .text.HAL_GetTick
                0x00000000080009cc        0x8 core/ARMCM7_STM32F7/timer.o
                0x00000000080009cc                HAL_GetTick
 .text.SysTick_Handler
                0x00000000080009d4        0x2 core/ARMCM7_STM32F7/timer.o
                0x00000000080009d4                SysTick_Handler
 .text.AssertFailure
                0x00000000080009d6        0x8 core/assert.o
                0x00000000080009d6                AssertFailure
 *fill*         0x00000000080009de        0x2 
 .text.BackDoorCheck
                0x00000000080009e0       0x44 core/backdoor.o
                0x00000000080009e0                BackDoorCheck
 .text.BackDoorSetExtension
                0x0000000008000a24        0xc core/backdoor.o
                0x0000000008000a24                BackDoorSetExtension
 .text.BackDoorGetExtension
                0x0000000008000a30        0xc core/backdoor.o
                0x0000000008000a30                BackDoorGetExtension
 .text.BackDoorRestartTimer
                0x0000000008000a3c       0x20 core/backdoor.o
                0x0000000008000a3c                BackDoorRestartTimer
 .text.BackDoorInit
                0x0000000008000a5c       0x18 core/backdoor.o
                0x0000000008000a5c                BackDoorInit
 .text.BootInit
                0x0000000008000a74       0x1c core/boot.o
                0x0000000008000a74                BootInit
 .text.BootTask
                0x0000000008000a90       0x14 core/boot.o
                0x0000000008000a90                BootTask
 .text.ComInit  0x0000000008000aa4        0x8 core/com.o
                0x0000000008000aa4                ComInit
 .text.ComTask  0x0000000008000aac       0x34 core/com.o
                0x0000000008000aac                ComTask
 .text.ComFree  0x0000000008000ae0        0x2 core/com.o
                0x0000000008000ae0                ComFree
 *fill*         0x0000000008000ae2        0x2 
 .text.ComTransmitPacket
                0x0000000008000ae4       0x1c core/com.o
                0x0000000008000ae4                ComTransmitPacket
 .text.ComGetActiveInterfaceMaxRxLen
                0x0000000008000b00       0x18 core/com.o
                0x0000000008000b00                ComGetActiveInterfaceMaxRxLen
 .text.ComGetActiveInterfaceMaxTxLen
                0x0000000008000b18       0x18 core/com.o
                0x0000000008000b18                ComGetActiveInterfaceMaxTxLen
 .text.ComIsConnected
                0x0000000008000b30       0x10 core/com.o
                0x0000000008000b30                ComIsConnected
 .text.ComDeferredInit
                0x0000000008000b40       0x18 core/com.o
                0x0000000008000b40                ComDeferredInit
 .text.CopInit  0x0000000008000b58        0x8 core/cop.o
                0x0000000008000b58                CopInit
 .text.CopService
                0x0000000008000b60        0x8 core/cop.o
                0x0000000008000b60                CopService
 .text.NetServerTask
                0x0000000008000b68      0x148 core/net.o
 .text.NetInit  0x0000000008000cb0       0x98 core/net.o
                0x0000000008000cb0                NetInit
 .text.NetDeferredInit
                0x0000000008000d48       0x20 core/net.o
                0x0000000008000d48                NetDeferredInit
 .text.NetTransmitPacket
                0x0000000008000d68       0x48 core/net.o
                0x0000000008000d68                NetTransmitPacket
 .text.NetReceivePacket
                0x0000000008000db0       0x18 core/net.o
                0x0000000008000db0                NetReceivePacket
 .text.NetApp   0x0000000008000dc8       0xb8 core/net.o
                0x0000000008000dc8                NetApp
 .text.XcpProtectResources
                0x0000000008000e80        0xc core/xcp.o
 .text.XcpSetCtoError
                0x0000000008000e8c       0x14 core/xcp.o
 .text.XcpCmdDisconnect
                0x0000000008000ea0       0x1c core/xcp.o
 .text.XcpCmdGetStatus
                0x0000000008000ebc       0x20 core/xcp.o
 .text.XcpCmdSynch
                0x0000000008000edc        0xa core/xcp.o
 *fill*         0x0000000008000ee6        0x2 
 .text.XcpCmdGetId
                0x0000000008000ee8       0x28 core/xcp.o
 .text.XcpCmdSetMta
                0x0000000008000f10       0x18 core/xcp.o
 .text.XcpCmdProgramPrepare
                0x0000000008000f28        0xa core/xcp.o
 *fill*         0x0000000008000f32        0x2 
 .text.XcpCmdProgramStart
                0x0000000008000f34       0x28 core/xcp.o
 .text.XcpCmdConnect
                0x0000000008000f5c       0x44 core/xcp.o
 .text.XcpCmdUpload
                0x0000000008000fa0       0x40 core/xcp.o
 .text.XcpCmdShortUpload
                0x0000000008000fe0       0x40 core/xcp.o
 .text.XcpComputeChecksum
                0x0000000008001020       0x24 core/xcp.o
 .text.XcpCmdBuildCheckSum
                0x0000000008001044       0x28 core/xcp.o
 .text.XcpCmdProgramMax
                0x000000000800106c       0x40 core/xcp.o
 .text.XcpCmdProgram
                0x00000000080010ac       0x5c core/xcp.o
 .text.XcpCmdProgramClear
                0x0000000008001108       0x28 core/xcp.o
 .text.XcpCmdProgramReset
                0x0000000008001130       0x18 core/xcp.o
 .text.XcpTransmitPacket
                0x0000000008001148        0xa core/xcp.o
 *fill*         0x0000000008001152        0x2 
 .text.XcpInit  0x0000000008001154       0x1c core/xcp.o
                0x0000000008001154                XcpInit
 .text.XcpIsConnected
                0x0000000008001170       0x14 core/xcp.o
                0x0000000008001170                XcpIsConnected
 .text.XcpPacketTransmitted
                0x0000000008001184       0x10 core/xcp.o
                0x0000000008001184                XcpPacketTransmitted
 .text.XcpPacketReceived
                0x0000000008001194       0xe4 core/xcp.o
                0x0000000008001194                XcpPacketReceived
 .text.add_msg_type
                0x0000000008001278        0xe core/third_party/uip/apps/dhcpc/dhcpc.o
 *fill*         0x0000000008001286        0x2 
 .text.add_server_id
                0x0000000008001288       0x18 core/third_party/uip/apps/dhcpc/dhcpc.o
 .text.add_req_ipaddr
                0x00000000080012a0       0x18 core/third_party/uip/apps/dhcpc/dhcpc.o
 .text.add_req_options
                0x00000000080012b8       0x16 core/third_party/uip/apps/dhcpc/dhcpc.o
 .text.add_end  0x00000000080012ce        0x8 core/third_party/uip/apps/dhcpc/dhcpc.o
 *fill*         0x00000000080012d6        0x2 
 .text.parse_options
                0x00000000080012d8       0x7c core/third_party/uip/apps/dhcpc/dhcpc.o
 .text.dhcpc_configured
                0x0000000008001354       0x2c core/third_party/uip/apps/dhcpc/dhcpc.o
 .text.create_msg
                0x0000000008001380       0x7c core/third_party/uip/apps/dhcpc/dhcpc.o
 .text.send_discover
                0x00000000080013fc       0x30 core/third_party/uip/apps/dhcpc/dhcpc.o
 .text.send_request
                0x000000000800142c       0x34 core/third_party/uip/apps/dhcpc/dhcpc.o
 .text.parse_msg
                0x0000000008001460       0x58 core/third_party/uip/apps/dhcpc/dhcpc.o
 .text.dhcpc_request
                0x00000000080014b8       0x10 core/third_party/uip/apps/dhcpc/dhcpc.o
                0x00000000080014b8                dhcpc_request
 .text.handle_dhcp
                0x00000000080014c8      0x270 core/third_party/uip/apps/dhcpc/dhcpc.o
 .text.dhcpc_appcall
                0x0000000008001738        0x8 core/third_party/uip/apps/dhcpc/dhcpc.o
                0x0000000008001738                dhcpc_appcall
 .text.chksum   0x0000000008001740       0x40 core/third_party/uip/uip/uip.o
 .text.uip_add32
                0x0000000008001780       0x5c core/third_party/uip/uip/uip.o
                0x0000000008001780                uip_add32
 .text.uip_add_rcv_nxt
                0x00000000080017dc       0x30 core/third_party/uip/uip/uip.o
 .text.uip_init
                0x000000000800180c       0x80 core/third_party/uip/uip/uip.o
                0x000000000800180c                uip_init
 .text.uip_listen
                0x000000000800188c       0x30 core/third_party/uip/uip/uip.o
                0x000000000800188c                uip_listen
 .text.htons    0x00000000080018bc        0xa core/third_party/uip/uip/uip.o
                0x00000000080018bc                htons
 *fill*         0x00000000080018c6        0x2 
 .text.uip_ipchksum
                0x00000000080018c8       0x20 core/third_party/uip/uip/uip.o
                0x00000000080018c8                uip_ipchksum
 .text.upper_layer_chksum
                0x00000000080018e8       0x3c core/third_party/uip/uip/uip.o
 .text.uip_tcpchksum
                0x0000000008001924        0xa core/third_party/uip/uip/uip.o
                0x0000000008001924                uip_tcpchksum
 *fill*         0x000000000800192e        0x2 
 .text.uip_process
                0x0000000008001930      0xc00 core/third_party/uip/uip/uip.o
                0x0000000008001930                uip_process
 .text.uip_send
                0x0000000008002530       0x28 core/third_party/uip/uip/uip.o
                0x0000000008002530                uip_send
 .text.uip_arp_update
                0x0000000008002558      0x100 core/third_party/uip/uip/uip_arp.o
 .text.uip_arp_timer
                0x0000000008002658       0x68 core/third_party/uip/uip/uip_arp.o
                0x0000000008002658                uip_arp_timer
 .text.uip_arp_arpin
                0x00000000080026c0       0xe0 core/third_party/uip/uip/uip_arp.o
                0x00000000080026c0                uip_arp_arpin
 .text.uip_arp_out
                0x00000000080027a0      0x154 core/third_party/uip/uip/uip_arp.o
                0x00000000080027a0                uip_arp_out
 .text.timer_set
                0x00000000080028f4        0xe core/third_party/uip/uip/uip_timer.o
                0x00000000080028f4                timer_set
 .text.timer_expired
                0x0000000008002902       0x18 core/third_party/uip/uip/uip_timer.o
                0x0000000008002902                timer_expired
 .text.CopInitHook
                0x000000000800291a        0xa hooks.o
                0x000000000800291a                CopInitHook
 .text.CopServiceHook
                0x0000000008002924        0x8 hooks.o
                0x0000000008002924                CopServiceHook
 .text.LedBlinkInit
                0x000000000800292c        0xc led.o
                0x000000000800292c                LedBlinkInit
 .text.LedBlinkTask
                0x0000000008002938       0x54 led.o
                0x0000000008002938                LedBlinkTask
 .text.SystemClock_Config
                0x000000000800298c       0xb0 main.o
 .text.Init     0x0000000008002a3c        0xc main.o
 .text.main     0x0000000008002a48       0x34 main.o
                0x0000000008002a48                main
 .text.HAL_MspInit
                0x0000000008002a7c       0xc8 main.o
                0x0000000008002a7c                HAL_MspInit
 .text.HAL_MspDeInit
                0x0000000008002b44       0x6c main.o
                0x0000000008002b44                HAL_MspDeInit
 .text.SharedParamsCalculateChecksum
                0x0000000008002bb0       0x34 shared_params.o
 .text.SharedParamsVerifyChecksum
                0x0000000008002be4       0x1c shared_params.o
 .text.SharedParamsValidateBuffer
                0x0000000008002c00       0x20 shared_params.o
 .text.SharedParamsWriteChecksum
                0x0000000008002c20       0x10 shared_params.o
 .text.SharedParamsInit
                0x0000000008002c30       0x30 shared_params.o
                0x0000000008002c30                SharedParamsInit
 .text.SharedParamsReadByIndex
                0x0000000008002c60       0x30 shared_params.o
                0x0000000008002c60                SharedParamsReadByIndex
 .text.Reset_Handler
                0x0000000008002c90       0x50 startup_stm32f767xx.o
                0x0000000008002c90                Reset_Handler
 .text.Default_Handler
                0x0000000008002ce0        0x2 startup_stm32f767xx.o
                0x0000000008002ce0                DMA1_Stream3_IRQHandler
                0x0000000008002ce0                EXTI2_IRQHandler
                0x0000000008002ce0                TIM8_CC_IRQHandler
                0x0000000008002ce0                DebugMon_Handler
                0x0000000008002ce0                UART8_IRQHandler
                0x0000000008002ce0                SPI4_IRQHandler
                0x0000000008002ce0                TIM1_CC_IRQHandler
                0x0000000008002ce0                DMA2_Stream5_IRQHandler
                0x0000000008002ce0                HardFault_Handler
                0x0000000008002ce0                JPEG_IRQHandler
                0x0000000008002ce0                DMA1_Stream5_IRQHandler
                0x0000000008002ce0                CAN3_RX1_IRQHandler
                0x0000000008002ce0                PVD_IRQHandler
                0x0000000008002ce0                TAMP_STAMP_IRQHandler
                0x0000000008002ce0                PendSV_Handler
                0x0000000008002ce0                NMI_Handler
                0x0000000008002ce0                CAN2_RX1_IRQHandler
                0x0000000008002ce0                EXTI3_IRQHandler
                0x0000000008002ce0                TIM8_TRG_COM_TIM14_IRQHandler
                0x0000000008002ce0                DFSDM1_FLT1_IRQHandler
                0x0000000008002ce0                TIM1_UP_TIM10_IRQHandler
                0x0000000008002ce0                TIM8_UP_TIM13_IRQHandler
                0x0000000008002ce0                I2C3_ER_IRQHandler
                0x0000000008002ce0                DFSDM1_FLT2_IRQHandler
                0x0000000008002ce0                EXTI0_IRQHandler
                0x0000000008002ce0                I2C2_EV_IRQHandler
                0x0000000008002ce0                DMA1_Stream2_IRQHandler
                0x0000000008002ce0                CAN1_RX0_IRQHandler
                0x0000000008002ce0                FPU_IRQHandler
                0x0000000008002ce0                OTG_HS_WKUP_IRQHandler
                0x0000000008002ce0                CAN3_SCE_IRQHandler
                0x0000000008002ce0                UsageFault_Handler
                0x0000000008002ce0                LTDC_ER_IRQHandler
                0x0000000008002ce0                CAN2_SCE_IRQHandler
                0x0000000008002ce0                DMA2_Stream2_IRQHandler
                0x0000000008002ce0                SPI1_IRQHandler
                0x0000000008002ce0                TIM6_DAC_IRQHandler
                0x0000000008002ce0                TIM1_BRK_TIM9_IRQHandler
                0x0000000008002ce0                DCMI_IRQHandler
                0x0000000008002ce0                CAN2_RX0_IRQHandler
                0x0000000008002ce0                DMA2_Stream3_IRQHandler
                0x0000000008002ce0                SAI2_IRQHandler
                0x0000000008002ce0                DFSDM1_FLT3_IRQHandler
                0x0000000008002ce0                USART6_IRQHandler
                0x0000000008002ce0                CAN3_RX0_IRQHandler
                0x0000000008002ce0                USART3_IRQHandler
                0x0000000008002ce0                CAN1_RX1_IRQHandler
                0x0000000008002ce0                UART5_IRQHandler
                0x0000000008002ce0                DMA2_Stream0_IRQHandler
                0x0000000008002ce0                TIM4_IRQHandler
                0x0000000008002ce0                QUADSPI_IRQHandler
                0x0000000008002ce0                I2C1_EV_IRQHandler
                0x0000000008002ce0                DMA1_Stream6_IRQHandler
                0x0000000008002ce0                DMA1_Stream1_IRQHandler
                0x0000000008002ce0                UART4_IRQHandler
                0x0000000008002ce0                TIM3_IRQHandler
                0x0000000008002ce0                RCC_IRQHandler
                0x0000000008002ce0                TIM8_BRK_TIM12_IRQHandler
                0x0000000008002ce0                Default_Handler
                0x0000000008002ce0                CEC_IRQHandler
                0x0000000008002ce0                EXTI15_10_IRQHandler
                0x0000000008002ce0                ADC_IRQHandler
                0x0000000008002ce0                DMA1_Stream7_IRQHandler
                0x0000000008002ce0                SPI5_IRQHandler
                0x0000000008002ce0                TIM7_IRQHandler
                0x0000000008002ce0                SDMMC1_IRQHandler
                0x0000000008002ce0                CAN2_TX_IRQHandler
                0x0000000008002ce0                TIM5_IRQHandler
                0x0000000008002ce0                DMA2_Stream7_IRQHandler
                0x0000000008002ce0                I2C3_EV_IRQHandler
                0x0000000008002ce0                EXTI9_5_IRQHandler
                0x0000000008002ce0                RTC_WKUP_IRQHandler
                0x0000000008002ce0                LTDC_IRQHandler
                0x0000000008002ce0                ETH_WKUP_IRQHandler
                0x0000000008002ce0                SPDIF_RX_IRQHandler
                0x0000000008002ce0                SPI2_IRQHandler
                0x0000000008002ce0                OTG_HS_EP1_IN_IRQHandler
                0x0000000008002ce0                MemManage_Handler
                0x0000000008002ce0                DMA1_Stream0_IRQHandler
                0x0000000008002ce0                CAN1_TX_IRQHandler
                0x0000000008002ce0                SVC_Handler
                0x0000000008002ce0                EXTI4_IRQHandler
                0x0000000008002ce0                RNG_IRQHandler
                0x0000000008002ce0                ETH_IRQHandler
                0x0000000008002ce0                OTG_HS_EP1_OUT_IRQHandler
                0x0000000008002ce0                WWDG_IRQHandler
                0x0000000008002ce0                SPI6_IRQHandler
                0x0000000008002ce0                MDIOS_IRQHandler
                0x0000000008002ce0                I2C4_EV_IRQHandler
                0x0000000008002ce0                CAN3_TX_IRQHandler
                0x0000000008002ce0                TIM2_IRQHandler
                0x0000000008002ce0                OTG_FS_WKUP_IRQHandler
                0x0000000008002ce0                TIM1_TRG_COM_TIM11_IRQHandler
                0x0000000008002ce0                OTG_HS_IRQHandler
                0x0000000008002ce0                DMA2D_IRQHandler
                0x0000000008002ce0                EXTI1_IRQHandler
                0x0000000008002ce0                SDMMC2_IRQHandler
                0x0000000008002ce0                UART7_IRQHandler
                0x0000000008002ce0                USART2_IRQHandler
                0x0000000008002ce0                DFSDM1_FLT0_IRQHandler
                0x0000000008002ce0                I2C2_ER_IRQHandler
                0x0000000008002ce0                DMA2_Stream1_IRQHandler
                0x0000000008002ce0                CAN1_SCE_IRQHandler
                0x0000000008002ce0                FLASH_IRQHandler
                0x0000000008002ce0                DMA2_Stream4_IRQHandler
                0x0000000008002ce0                BusFault_Handler
                0x0000000008002ce0                USART1_IRQHandler
                0x0000000008002ce0                OTG_FS_IRQHandler
                0x0000000008002ce0                SPI3_IRQHandler
                0x0000000008002ce0                DMA1_Stream4_IRQHandler
                0x0000000008002ce0                I2C1_ER_IRQHandler
                0x0000000008002ce0                FMC_IRQHandler
                0x0000000008002ce0                LPTIM1_IRQHandler
                0x0000000008002ce0                I2C4_ER_IRQHandler
                0x0000000008002ce0                DMA2_Stream6_IRQHandler
                0x0000000008002ce0                SAI1_IRQHandler
                0x0000000008002ce0                RTC_Alarm_IRQHandler
 *fill*         0x0000000008002ce2        0x2 
 .text.HAL_DeInit
                0x0000000008002ce4       0x2c lib/STM32F7xx_HAL_Driver/Src/stm32f7xx_hal.o
                0x0000000008002ce4                HAL_DeInit
 .text.HAL_InitTick
                0x0000000008002d10       0x4c lib/STM32F7xx_HAL_Driver/Src/stm32f7xx_hal.o
                0x0000000008002d10                HAL_InitTick
 .text.HAL_Init
                0x0000000008002d5c       0x16 lib/STM32F7xx_HAL_Driver/Src/stm32f7xx_hal.o
                0x0000000008002d5c                HAL_Init
 *fill*         0x0000000008002d72        0x2 
 .text.HAL_Delay
                0x0000000008002d74       0x28 lib/STM32F7xx_HAL_Driver/Src/stm32f7xx_hal.o
                0x0000000008002d74                HAL_Delay
 .text.HAL_NVIC_SetPriorityGrouping
                0x0000000008002d9c       0x24 lib/STM32F7xx_HAL_Driver/Src/stm32f7xx_hal_cortex.o
                0x0000000008002d9c                HAL_NVIC_SetPriorityGrouping
 .text.HAL_NVIC_SetPriority
                0x0000000008002dc0       0x64 lib/STM32F7xx_HAL_Driver/Src/stm32f7xx_hal_cortex.o
                0x0000000008002dc0                HAL_NVIC_SetPriority
 .text.HAL_SYSTICK_Config
                0x0000000008002e24       0x2c lib/STM32F7xx_HAL_Driver/Src/stm32f7xx_hal_cortex.o
                0x0000000008002e24                HAL_SYSTICK_Config
 .text.ETH_MACAddressConfig
                0x0000000008002e50       0x30 lib/STM32F7xx_HAL_Driver/Src/stm32f7xx_hal_eth.o
 .text.ETH_DMATransmissionEnable
                0x0000000008002e80       0x10 lib/STM32F7xx_HAL_Driver/Src/stm32f7xx_hal_eth.o
 .text.ETH_DMAReceptionEnable
                0x0000000008002e90       0x10 lib/STM32F7xx_HAL_Driver/Src/stm32f7xx_hal_eth.o
 .text.ETH_MACDMAConfig
                0x0000000008002ea0      0x118 lib/STM32F7xx_HAL_Driver/Src/stm32f7xx_hal_eth.o
 .text.ETH_MACTransmissionEnable
                0x0000000008002fb8       0x2a lib/STM32F7xx_HAL_Driver/Src/stm32f7xx_hal_eth.o
 .text.ETH_MACReceptionEnable
                0x0000000008002fe2       0x2a lib/STM32F7xx_HAL_Driver/Src/stm32f7xx_hal_eth.o
 .text.ETH_FlushTransmitFIFO
                0x000000000800300c       0x2e lib/STM32F7xx_HAL_Driver/Src/stm32f7xx_hal_eth.o
 .text.HAL_ETH_DMATxDescListInit
                0x000000000800303a       0x72 lib/STM32F7xx_HAL_Driver/Src/stm32f7xx_hal_eth.o
                0x000000000800303a                HAL_ETH_DMATxDescListInit
 .text.HAL_ETH_DMARxDescListInit
                0x00000000080030ac       0x6c lib/STM32F7xx_HAL_Driver/Src/stm32f7xx_hal_eth.o
                0x00000000080030ac                HAL_ETH_DMARxDescListInit
 .text.HAL_ETH_TransmitFrame
                0x0000000008003118      0x120 lib/STM32F7xx_HAL_Driver/Src/stm32f7xx_hal_eth.o
                0x0000000008003118                HAL_ETH_TransmitFrame
 .text.HAL_ETH_GetReceivedFrame
                0x0000000008003238       0x8e lib/STM32F7xx_HAL_Driver/Src/stm32f7xx_hal_eth.o
                0x0000000008003238                HAL_ETH_GetReceivedFrame
 .text.HAL_ETH_ReadPHYRegister
                0x00000000080032c6       0x78 lib/STM32F7xx_HAL_Driver/Src/stm32f7xx_hal_eth.o
                0x00000000080032c6                HAL_ETH_ReadPHYRegister
 .text.HAL_ETH_WritePHYRegister
                0x000000000800333e       0x74 lib/STM32F7xx_HAL_Driver/Src/stm32f7xx_hal_eth.o
                0x000000000800333e                HAL_ETH_WritePHYRegister
 *fill*         0x00000000080033b2        0x2 
 .text.HAL_ETH_Init
                0x00000000080033b4      0x254 lib/STM32F7xx_HAL_Driver/Src/stm32f7xx_hal_eth.o
                0x00000000080033b4                HAL_ETH_Init
 .text.HAL_ETH_Start
                0x0000000008003608       0x44 lib/STM32F7xx_HAL_Driver/Src/stm32f7xx_hal_eth.o
                0x0000000008003608                HAL_ETH_Start
 .text.FLASH_Program_DoubleWord
                0x000000000800364c       0x30 lib/STM32F7xx_HAL_Driver/Src/stm32f7xx_hal_flash.o
 .text.FLASH_Program_Word
                0x000000000800367c       0x28 lib/STM32F7xx_HAL_Driver/Src/stm32f7xx_hal_flash.o
 .text.FLASH_Program_HalfWord
                0x00000000080036a4       0x28 lib/STM32F7xx_HAL_Driver/Src/stm32f7xx_hal_flash.o
 .text.FLASH_Program_Byte
                0x00000000080036cc       0x24 lib/STM32F7xx_HAL_Driver/Src/stm32f7xx_hal_flash.o
 .text.FLASH_SetErrorCode
                0x00000000080036f0       0x74 lib/STM32F7xx_HAL_Driver/Src/stm32f7xx_hal_flash.o
 .text.HAL_FLASH_Unlock
                0x0000000008003764       0x30 lib/STM32F7xx_HAL_Driver/Src/stm32f7xx_hal_flash.o
                0x0000000008003764                HAL_FLASH_Unlock
 .text.HAL_FLASH_Lock
                0x0000000008003794       0x14 lib/STM32F7xx_HAL_Driver/Src/stm32f7xx_hal_flash.o
                0x0000000008003794                HAL_FLASH_Lock
 .text.FLASH_WaitForLastOperation
                0x00000000080037a8       0x68 lib/STM32F7xx_HAL_Driver/Src/stm32f7xx_hal_flash.o
                0x00000000080037a8                FLASH_WaitForLastOperation
 .text.HAL_FLASH_Program
                0x0000000008003810       0x84 lib/STM32F7xx_HAL_Driver/Src/stm32f7xx_hal_flash.o
                0x0000000008003810                HAL_FLASH_Program
 .text.FLASH_MassErase
                0x0000000008003894       0x4c lib/STM32F7xx_HAL_Driver/Src/stm32f7xx_hal_flash_ex.o
 .text.FLASH_Erase_Sector
                0x00000000080038e0       0x60 lib/STM32F7xx_HAL_Driver/Src/stm32f7xx_hal_flash_ex.o
                0x00000000080038e0                FLASH_Erase_Sector
 .text.HAL_FLASHEx_Erase
                0x0000000008003940       0x98 lib/STM32F7xx_HAL_Driver/Src/stm32f7xx_hal_flash_ex.o
                0x0000000008003940                HAL_FLASHEx_Erase
 .text.HAL_GPIO_Init
                0x00000000080039d8      0x1e0 lib/STM32F7xx_HAL_Driver/Src/stm32f7xx_hal_gpio.o
                0x00000000080039d8                HAL_GPIO_Init
 .text.HAL_GPIO_DeInit
                0x0000000008003bb8      0x13c lib/STM32F7xx_HAL_Driver/Src/stm32f7xx_hal_gpio.o
                0x0000000008003bb8                HAL_GPIO_DeInit
 .text.HAL_GPIO_WritePin
                0x0000000008003cf4        0xc lib/STM32F7xx_HAL_Driver/Src/stm32f7xx_hal_gpio.o
                0x0000000008003cf4                HAL_GPIO_WritePin
 .text.HAL_PWREx_EnableOverDrive
                0x0000000008003d00       0x7c lib/STM32F7xx_HAL_Driver/Src/stm32f7xx_hal_pwr_ex.o
                0x0000000008003d00                HAL_PWREx_EnableOverDrive
 .text.HAL_RCC_DeInit
                0x0000000008003d7c      0x154 lib/STM32F7xx_HAL_Driver/Src/stm32f7xx_hal_rcc.o
                0x0000000008003d7c                HAL_RCC_DeInit
 .text.HAL_RCC_OscConfig
                0x0000000008003ed0      0x3d4 lib/STM32F7xx_HAL_Driver/Src/stm32f7xx_hal_rcc.o
                0x0000000008003ed0                HAL_RCC_OscConfig
 .text.HAL_RCC_GetSysClockFreq
                0x00000000080042a4       0xd8 lib/STM32F7xx_HAL_Driver/Src/stm32f7xx_hal_rcc.o
                0x00000000080042a4                HAL_RCC_GetSysClockFreq
 .text.HAL_RCC_ClockConfig
                0x000000000800437c      0x164 lib/STM32F7xx_HAL_Driver/Src/stm32f7xx_hal_rcc.o
                0x000000000800437c                HAL_RCC_ClockConfig
 .text.HAL_RCC_GetHCLKFreq
                0x00000000080044e0        0xc lib/STM32F7xx_HAL_Driver/Src/stm32f7xx_hal_rcc.o
                0x00000000080044e0                HAL_RCC_GetHCLKFreq
 .text.SystemInit
                0x00000000080044ec       0x50 lib/system_stm32f7xx.o
                0x00000000080044ec                SystemInit
 .text.clock_time
                0x000000000800453c        0x8 lib/uip/clock-arch.o
                0x000000000800453c                clock_time
 .text.HAL_ETH_MspInit
                0x0000000008004544       0xbc lib/uip/netdev.o
                0x0000000008004544                HAL_ETH_MspInit
 .text.netdev_init
                0x0000000008004600       0x70 lib/uip/netdev.o
                0x0000000008004600                netdev_init
 .text.netdev_init_mac
                0x0000000008004670       0x28 lib/uip/netdev.o
                0x0000000008004670                netdev_init_mac
 .text.netdev_read
                0x0000000008004698       0x54 lib/uip/netdev.o
                0x0000000008004698                netdev_read
 .text.netdev_send
                0x00000000080046ec       0x74 lib/uip/netdev.o
                0x00000000080046ec                netdev_send
 .text.__libc_init_array
                0x0000000008004760       0x48 /Applications/STM32CubeIDE.app/Contents/Eclipse/plugins/com.st.stm32cube.ide.mcu.externaltools.gnu-tools-for-stm32.7-2018-q2-update.macos64_1.4.0.202007081208/tools/bin/../lib/gcc/arm-none-eabi/7.3.1/../../../../arm-none-eabi/lib/thumb/v7e-m/fpv4-sp/hard/libc_nano.a(lib_a-init.o)
                0x0000000008004760                __libc_init_array
 .text.memcmp   0x00000000080047a8       0x1e /Applications/STM32CubeIDE.app/Contents/Eclipse/plugins/com.st.stm32cube.ide.mcu.externaltools.gnu-tools-for-stm32.7-2018-q2-update.macos64_1.4.0.202007081208/tools/bin/../lib/gcc/arm-none-eabi/7.3.1/../../../../arm-none-eabi/lib/thumb/v7e-m/fpv4-sp/hard/libc_nano.a(lib_a-memcmp.o)
                0x00000000080047a8                memcmp
 .text.memcpy   0x00000000080047c6       0x16 /Applications/STM32CubeIDE.app/Contents/Eclipse/plugins/com.st.stm32cube.ide.mcu.externaltools.gnu-tools-for-stm32.7-2018-q2-update.macos64_1.4.0.202007081208/tools/bin/../lib/gcc/arm-none-eabi/7.3.1/../../../../arm-none-eabi/lib/thumb/v7e-m/fpv4-sp/hard/libc_nano.a(lib_a-memcpy-stub.o)
                0x00000000080047c6                memcpy
 .text.memset   0x00000000080047dc       0x10 /Applications/STM32CubeIDE.app/Contents/Eclipse/plugins/com.st.stm32cube.ide.mcu.externaltools.gnu-tools-for-stm32.7-2018-q2-update.macos64_1.4.0.202007081208/tools/bin/../lib/gcc/arm-none-eabi/7.3.1/../../../../arm-none-eabi/lib/thumb/v7e-m/fpv4-sp/hard/libc_nano.a(lib_a-memset.o)
                0x00000000080047dc                memset
 *(.glue_7)
 .glue_7        0x00000000080047ec        0x0 linker stubs
 *(.glue_7t)
 .glue_7t       0x00000000080047ec        0x0 linker stubs
 *(.eh_frame)
 .eh_frame      0x00000000080047ec        0x0 /Applications/STM32CubeIDE.app/Contents/Eclipse/plugins/com.st.stm32cube.ide.mcu.externaltools.gnu-tools-for-stm32.7-2018-q2-update.macos64_1.4.0.202007081208/tools/bin/../lib/gcc/arm-none-eabi/7.3.1/thumb/v7e-m/fpv4-sp/hard/crtbegin.o
 *(.init)
 .init          0x00000000080047ec        0x4 /Applications/STM32CubeIDE.app/Contents/Eclipse/plugins/com.st.stm32cube.ide.mcu.externaltools.gnu-tools-for-stm32.7-2018-q2-update.macos64_1.4.0.202007081208/tools/bin/../lib/gcc/arm-none-eabi/7.3.1/thumb/v7e-m/fpv4-sp/hard/crti.o
                0x00000000080047ec                _init
 .init          0x00000000080047f0        0x8 /Applications/STM32CubeIDE.app/Contents/Eclipse/plugins/com.st.stm32cube.ide.mcu.externaltools.gnu-tools-for-stm32.7-2018-q2-update.macos64_1.4.0.202007081208/tools/bin/../lib/gcc/arm-none-eabi/7.3.1/thumb/v7e-m/fpv4-sp/hard/crtn.o
 *(.fini)
 .fini          0x00000000080047f8        0x4 /Applications/STM32CubeIDE.app/Contents/Eclipse/plugins/com.st.stm32cube.ide.mcu.externaltools.gnu-tools-for-stm32.7-2018-q2-update.macos64_1.4.0.202007081208/tools/bin/../lib/gcc/arm-none-eabi/7.3.1/thumb/v7e-m/fpv4-sp/hard/crti.o
                0x00000000080047f8                _fini
 .fini          0x00000000080047fc        0x8 /Applications/STM32CubeIDE.app/Contents/Eclipse/plugins/com.st.stm32cube.ide.mcu.externaltools.gnu-tools-for-stm32.7-2018-q2-update.macos64_1.4.0.202007081208/tools/bin/../lib/gcc/arm-none-eabi/7.3.1/thumb/v7e-m/fpv4-sp/hard/crtn.o
                0x0000000008004804                . = ALIGN (0x4)
                0x0000000008004804                _etext = .

.vfp11_veneer   0x0000000008004804        0x0
 .vfp11_veneer  0x0000000008004804        0x0 linker stubs

.v4_bx          0x0000000008004804        0x0
 .v4_bx         0x0000000008004804        0x0 linker stubs

.iplt           0x0000000008004804        0x0
 .iplt          0x0000000008004804        0x0 /Applications/STM32CubeIDE.app/Contents/Eclipse/plugins/com.st.stm32cube.ide.mcu.externaltools.gnu-tools-for-stm32.7-2018-q2-update.macos64_1.4.0.202007081208/tools/bin/../lib/gcc/arm-none-eabi/7.3.1/thumb/v7e-m/fpv4-sp/hard/crtbegin.o

.rodata         0x0000000008004804       0xb8
                0x0000000008004804                . = ALIGN (0x4)
 *(.rodata)
 *(.rodata*)
 .rodata.flashLayout
                0x0000000008004804       0x84 core/ARMCM7_STM32F7/flash.o
 .rodata.xcpStationId
                0x0000000008004888        0x8 core/xcp.o
 .rodata.magic_cookie
                0x0000000008004890        0x4 core/third_party/uip/apps/dhcpc/dhcpc.o
 .rodata.xid    0x0000000008004894        0x4 core/third_party/uip/apps/dhcpc/dhcpc.o
 .rodata.broadcast_ethaddr
                0x0000000008004898        0x6 core/third_party/uip/uip/uip_arp.o
 *fill*         0x000000000800489e        0x2 
 .rodata.SystemClock_Config.str1.4
                0x00000000080048a0        0xc main.o
                                          0xa (size before relaxing)
 .rodata.AHBPrescTable
                0x00000000080048ac       0x10 lib/system_stm32f7xx.o
                0x00000000080048ac                AHBPrescTable
                0x00000000080048bc                . = ALIGN (0x4)

.ARM.extab
 *(.ARM.extab* .gnu.linkonce.armextab.*)

.ARM            0x00000000080048bc        0x8
                0x00000000080048bc                __exidx_start = .
 *(.ARM.exidx*)
 .ARM.exidx     0x00000000080048bc        0x8 /Applications/STM32CubeIDE.app/Contents/Eclipse/plugins/com.st.stm32cube.ide.mcu.externaltools.gnu-tools-for-stm32.7-2018-q2-update.macos64_1.4.0.202007081208/tools/bin/../lib/gcc/arm-none-eabi/7.3.1/thumb/v7e-m/fpv4-sp/hard/libgcc.a(_udivmoddi4.o)
                0x00000000080048c4                __exidx_end = .

.rel.dyn        0x00000000080048c4        0x0
 .rel.iplt      0x00000000080048c4        0x0 /Applications/STM32CubeIDE.app/Contents/Eclipse/plugins/com.st.stm32cube.ide.mcu.externaltools.gnu-tools-for-stm32.7-2018-q2-update.macos64_1.4.0.202007081208/tools/bin/../lib/gcc/arm-none-eabi/7.3.1/thumb/v7e-m/fpv4-sp/hard/crtbegin.o

.preinit_array  0x00000000080048c4        0x0
                0x00000000080048c4                PROVIDE (__preinit_array_start = .)
 *(.preinit_array*)
                0x00000000080048c4                PROVIDE (__preinit_array_end = .)

.init_array     0x00000000080048c4        0x4
                0x00000000080048c4                PROVIDE (__init_array_start = .)
 *(SORT_BY_NAME(.init_array.*))
 *(.init_array*)
 .init_array    0x00000000080048c4        0x4 /Applications/STM32CubeIDE.app/Contents/Eclipse/plugins/com.st.stm32cube.ide.mcu.externaltools.gnu-tools-for-stm32.7-2018-q2-update.macos64_1.4.0.202007081208/tools/bin/../lib/gcc/arm-none-eabi/7.3.1/thumb/v7e-m/fpv4-sp/hard/crtbegin.o
                0x00000000080048c8                PROVIDE (__init_array_end = .)

.fini_array     0x00000000080048c8        0x4
                [!provide]                        PROVIDE (__fini_array_start = .)
 *(SORT_BY_NAME(.fini_array.*))
 *(.fini_array*)
 .fini_array    0x00000000080048c8        0x4 /Applications/STM32CubeIDE.app/Contents/Eclipse/plugins/com.st.stm32cube.ide.mcu.externaltools.gnu-tools-for-stm32.7-2018-q2-update.macos64_1.4.0.202007081208/tools/bin/../lib/gcc/arm-none-eabi/7.3.1/thumb/v7e-m/fpv4-sp/hard/crtbegin.o
                [!provide]                        PROVIDE (__fini_array_end = .)
                0x00000000080048cc                _sidata = LOADADDR (.data)

.data           0x0000000020000040        0xc load address 0x00000000080048cc
                0x0000000020000040                . = ALIGN (0x4)
                0x0000000020000040                _sdata = .
 *(.data)
 *(.data*)
 .data.comActiveInterface
                0x0000000020000040        0x1 core/com.o
 .data.netInitializationDeferred
                0x0000000020000041        0x1 core/net.o
 .data.uwTickFreq
                0x0000000020000042        0x1 lib/STM32F7xx_HAL_Driver/Src/stm32f7xx_hal.o
                0x0000000020000042                uwTickFreq
 *fill*         0x0000000020000043        0x1 
 .data.uwTickPrio
                0x0000000020000044        0x4 lib/STM32F7xx_HAL_Driver/Src/stm32f7xx_hal.o
                0x0000000020000044                uwTickPrio
 .data.SystemCoreClock
                0x0000000020000048        0x4 lib/system_stm32f7xx.o
                0x0000000020000048                SystemCoreClock
                0x000000002000004c                . = ALIGN (0x4)
                0x000000002000004c                _edata = .

.igot.plt       0x000000002000004c        0x0 load address 0x00000000080048d8
 .igot.plt      0x000000002000004c        0x0 /Applications/STM32CubeIDE.app/Contents/Eclipse/plugins/com.st.stm32cube.ide.mcu.externaltools.gnu-tools-for-stm32.7-2018-q2-update.macos64_1.4.0.202007081208/tools/bin/../lib/gcc/arm-none-eabi/7.3.1/thumb/v7e-m/fpv4-sp/hard/crtbegin.o
                0x000000002000004c                . = ALIGN (0x4)

.bss            0x000000002000004c     0x3dac load address 0x00000000080048d8
                0x000000002000004c                _sbss = .
                0x000000002000004c                __bss_start__ = _sbss
 *(.bss)
 .bss           0x000000002000004c       0x1c /Applications/STM32CubeIDE.app/Contents/Eclipse/plugins/com.st.stm32cube.ide.mcu.externaltools.gnu-tools-for-stm32.7-2018-q2-update.macos64_1.4.0.202007081208/tools/bin/../lib/gcc/arm-none-eabi/7.3.1/thumb/v7e-m/fpv4-sp/hard/crtbegin.o
 *(.bss*)
 .bss.blockInfo
                0x0000000020000068      0x204 core/ARMCM7_STM32F7/flash.o
 .bss.bootBlockInfo
                0x000000002000026c      0x204 core/ARMCM7_STM32F7/flash.o
 .bss.millisecond_counter
                0x0000000020000470        0x4 core/ARMCM7_STM32F7/timer.o
 .bss.backdoorExtensionTime
                0x0000000020000474        0x4 core/backdoor.o
 .bss.backdoorOpen
                0x0000000020000478        0x1 core/backdoor.o
 *fill*         0x0000000020000479        0x3 
 .bss.backdoorOpenTime
                0x000000002000047c        0x4 core/backdoor.o
 .bss.xcpCtoReqPacket.5504
                0x0000000020000480       0x40 core/com.o
 .bss.ARPTimerTimeOut
                0x00000000200004c0        0x4 core/net.o
 .bss.netInitializedFlag
                0x00000000200004c4        0x1 core/net.o
 *fill*         0x00000000200004c5        0x3 
 .bss.periodicTimerTimeOut
                0x00000000200004c8        0x4 core/net.o
 .bss.xcpInfo   0x00000000200004cc       0x4c core/xcp.o
 .bss.s         0x0000000020000518       0x34 core/third_party/uip/apps/dhcpc/dhcpc.o
 .bss.c         0x000000002000054c        0x1 core/third_party/uip/uip/uip.o
 *fill*         0x000000002000054d        0x1 
 .bss.ipid      0x000000002000054e        0x2 core/third_party/uip/uip/uip.o
 .bss.iss       0x0000000020000550        0x4 core/third_party/uip/uip/uip.o
 .bss.lastport  0x0000000020000554        0x2 core/third_party/uip/uip/uip.o
 .bss.tmp16     0x0000000020000556        0x2 core/third_party/uip/uip/uip.o
 .bss.uip_ethaddr
                0x0000000020000558        0x6 core/third_party/uip/uip/uip.o
                0x0000000020000558                uip_ethaddr
 *fill*         0x000000002000055e        0x2 
 .bss.arp_table
                0x0000000020000560       0x60 core/third_party/uip/uip/uip_arp.o
 .bss.arptime   0x00000000200005c0        0x1 core/third_party/uip/uip/uip_arp.o
 .bss.c         0x00000000200005c1        0x1 core/third_party/uip/uip/uip_arp.o
 .bss.i         0x00000000200005c2        0x1 core/third_party/uip/uip/uip_arp.o
 *fill*         0x00000000200005c3        0x1 
 .bss.ipaddr    0x00000000200005c4        0x4 core/third_party/uip/uip/uip_arp.o
 .bss.tmpage    0x00000000200005c8        0x1 core/third_party/uip/uip/uip_arp.o
 *fill*         0x00000000200005c9        0x1 
 .bss.ledBlinkIntervalMs
                0x00000000200005ca        0x2 led.o
 .bss.ledOn.9273
                0x00000000200005cc        0x1 led.o
 *fill*         0x00000000200005cd        0x3 
 .bss.nextBlinkEvent.9274
                0x00000000200005d0        0x4 led.o
 .bss.macAddress
                0x00000000200005d4        0x6 lib/uip/netdev.o
 *(COMMON)
 *fill*         0x00000000200005da        0x2 
 COMMON         0x00000000200005dc      0x718 core/third_party/uip/uip/uip.o
                0x00000000200005dc                uip_len
                0x00000000200005e0                uip_sappdata
                0x00000000200005e4                uip_acc32
                0x00000000200005e8                uip_flags
                0x00000000200005ec                uip_udp_conn
                0x00000000200005f0                uip_appdata
                0x00000000200005f4                uip_conn
                0x00000000200005f8                uip_conns
                0x0000000020000660                uip_listenports
                0x0000000020000664                uip_draddr
                0x0000000020000668                uip_netmask
                0x000000002000066c                uip_hostaddr
                0x0000000020000670                uip_buf
                0x0000000020000cb2                uip_slen
                0x0000000020000cb4                uip_udp_conns
 COMMON         0x0000000020000cf4       0x1c lib/STM32F7xx_HAL_Driver/Src/stm32f7xx_hal_flash.o
                0x0000000020000cf4                pFlash
 COMMON         0x0000000020000d10     0x30e8 lib/uip/netdev.o
                0x0000000020000d10                DMATxDscrTab
                0x0000000020000d90                Rx_Buff
                0x0000000020002560                DMARxDscrTab
                0x00000000200025e0                heth
                0x0000000020002628                Tx_Buff
                0x0000000020003df8                . = ALIGN (0x4)
                0x0000000020003df8                _ebss = .
                0x0000000020003df8                __bss_end__ = _ebss

._user_heap_stack
                0x0000000020003df8      0x600 load address 0x00000000080048d8
                0x0000000020003df8                . = ALIGN (0x4)
                [!provide]                        PROVIDE (end = .)
                [!provide]                        PROVIDE (_end = .)
                0x0000000020003ff8                . = (. + _Min_Heap_Size)
 *fill*         0x0000000020003df8      0x200 
                0x00000000200043f8                . = (. + _Min_Stack_Size)
 *fill*         0x0000000020003ff8      0x400 
                0x00000000200043f8                . = ALIGN (0x4)

/DISCARD/
 libc.a(*)
 libm.a(*)
 libgcc.a(*)

.ARM.attributes
                0x0000000000000000       0x30
 *(.ARM.attributes)
 .ARM.attributes
                0x0000000000000000       0x22 /Applications/STM32CubeIDE.app/Contents/Eclipse/plugins/com.st.stm32cube.ide.mcu.externaltools.gnu-tools-for-stm32.7-2018-q2-update.macos64_1.4.0.202007081208/tools/bin/../lib/gcc/arm-none-eabi/7.3.1/thumb/v7e-m/fpv4-sp/hard/crti.o
 .ARM.attributes
                0x0000000000000022       0x34 /Applications/STM32CubeIDE.app/Contents/Eclipse/plugins/com.st.stm32cube.ide.mcu.externaltools.gnu-tools-for-stm32.7-2018-q2-update.macos64_1.4.0.202007081208/tools/bin/../lib/gcc/arm-none-eabi/7.3.1/thumb/v7e-m/fpv4-sp/hard/crtbegin.o
 .ARM.attributes
                0x0000000000000056       0x39 core/ARMCM7_STM32F7/GCC/cpu_comp.o
 .ARM.attributes
                0x000000000000008f       0x39 core/ARMCM7_STM32F7/cpu.o
 .ARM.attributes
                0x00000000000000c8       0x39 core/ARMCM7_STM32F7/flash.o
 .ARM.attributes
                0x0000000000000101       0x39 core/ARMCM7_STM32F7/nvm.o
 .ARM.attributes
                0x000000000000013a       0x39 core/ARMCM7_STM32F7/timer.o
 .ARM.attributes
                0x0000000000000173       0x39 core/assert.o
 .ARM.attributes
                0x00000000000001ac       0x39 core/backdoor.o
 .ARM.attributes
                0x00000000000001e5       0x39 core/boot.o
 .ARM.attributes
                0x000000000000021e       0x39 core/com.o
 .ARM.attributes
                0x0000000000000257       0x39 core/cop.o
 .ARM.attributes
                0x0000000000000290       0x39 core/net.o
 .ARM.attributes
                0x00000000000002c9       0x39 core/xcp.o
 .ARM.attributes
                0x0000000000000302       0x39 core/third_party/uip/apps/dhcpc/dhcpc.o
 .ARM.attributes
                0x000000000000033b       0x39 core/third_party/uip/uip/uip.o
 .ARM.attributes
                0x0000000000000374       0x39 core/third_party/uip/uip/uip_arp.o
 .ARM.attributes
                0x00000000000003ad       0x39 core/third_party/uip/uip/uip_timer.o
 .ARM.attributes
                0x00000000000003e6       0x39 hooks.o
 .ARM.attributes
                0x000000000000041f       0x39 led.o
 .ARM.attributes
                0x0000000000000458       0x39 main.o
 .ARM.attributes
                0x0000000000000491       0x39 shared_params.o
 .ARM.attributes
                0x00000000000004ca       0x21 startup_stm32f767xx.o
 .ARM.attributes
                0x00000000000004eb       0x39 lib/STM32F7xx_HAL_Driver/Src/stm32f7xx_hal.o
 .ARM.attributes
                0x0000000000000524       0x39 lib/STM32F7xx_HAL_Driver/Src/stm32f7xx_hal_cortex.o
 .ARM.attributes
                0x000000000000055d       0x39 lib/STM32F7xx_HAL_Driver/Src/stm32f7xx_hal_eth.o
 .ARM.attributes
                0x0000000000000596       0x39 lib/STM32F7xx_HAL_Driver/Src/stm32f7xx_hal_flash.o
 .ARM.attributes
                0x00000000000005cf       0x39 lib/STM32F7xx_HAL_Driver/Src/stm32f7xx_hal_flash_ex.o
 .ARM.attributes
                0x0000000000000608       0x39 lib/STM32F7xx_HAL_Driver/Src/stm32f7xx_hal_gpio.o
 .ARM.attributes
                0x0000000000000641       0x39 lib/STM32F7xx_HAL_Driver/Src/stm32f7xx_hal_pwr_ex.o
 .ARM.attributes
                0x000000000000067a       0x39 lib/STM32F7xx_HAL_Driver/Src/stm32f7xx_hal_rcc.o
 .ARM.attributes
                0x00000000000006b3       0x39 lib/system_stm32f7xx.o
 .ARM.attributes
                0x00000000000006ec       0x39 lib/uip/clock-arch.o
 .ARM.attributes
                0x0000000000000725       0x39 lib/uip/netdev.o
 .ARM.attributes
                0x000000000000075e       0x34 /Applications/STM32CubeIDE.app/Contents/Eclipse/plugins/com.st.stm32cube.ide.mcu.externaltools.gnu-tools-for-stm32.7-2018-q2-update.macos64_1.4.0.202007081208/tools/bin/../lib/gcc/arm-none-eabi/7.3.1/../../../../arm-none-eabi/lib/thumb/v7e-m/fpv4-sp/hard/libc_nano.a(lib_a-init.o)
 .ARM.attributes
                0x0000000000000792       0x34 /Applications/STM32CubeIDE.app/Contents/Eclipse/plugins/com.st.stm32cube.ide.mcu.externaltools.gnu-tools-for-stm32.7-2018-q2-update.macos64_1.4.0.202007081208/tools/bin/../lib/gcc/arm-none-eabi/7.3.1/../../../../arm-none-eabi/lib/thumb/v7e-m/fpv4-sp/hard/libc_nano.a(lib_a-memcmp.o)
 .ARM.attributes
                0x00000000000007c6       0x34 /Applications/STM32CubeIDE.app/Contents/Eclipse/plugins/com.st.stm32cube.ide.mcu.externaltools.gnu-tools-for-stm32.7-2018-q2-update.macos64_1.4.0.202007081208/tools/bin/../lib/gcc/arm-none-eabi/7.3.1/../../../../arm-none-eabi/lib/thumb/v7e-m/fpv4-sp/hard/libc_nano.a(lib_a-memcpy-stub.o)
 .ARM.attributes
                0x00000000000007fa       0x34 /Applications/STM32CubeIDE.app/Contents/Eclipse/plugins/com.st.stm32cube.ide.mcu.externaltools.gnu-tools-for-stm32.7-2018-q2-update.macos64_1.4.0.202007081208/tools/bin/../lib/gcc/arm-none-eabi/7.3.1/../../../../arm-none-eabi/lib/thumb/v7e-m/fpv4-sp/hard/libc_nano.a(lib_a-memset.o)
 .ARM.attributes
                0x000000000000082e       0x22 /Applications/STM32CubeIDE.app/Contents/Eclipse/plugins/com.st.stm32cube.ide.mcu.externaltools.gnu-tools-for-stm32.7-2018-q2-update.macos64_1.4.0.202007081208/tools/bin/../lib/gcc/arm-none-eabi/7.3.1/thumb/v7e-m/fpv4-sp/hard/libgcc.a(_aeabi_uldivmod.o)
 .ARM.attributes
                0x0000000000000850       0x34 /Applications/STM32CubeIDE.app/Contents/Eclipse/plugins/com.st.stm32cube.ide.mcu.externaltools.gnu-tools-for-stm32.7-2018-q2-update.macos64_1.4.0.202007081208/tools/bin/../lib/gcc/arm-none-eabi/7.3.1/thumb/v7e-m/fpv4-sp/hard/libgcc.a(_udivmoddi4.o)
 .ARM.attributes
                0x0000000000000884       0x22 /Applications/STM32CubeIDE.app/Contents/Eclipse/plugins/com.st.stm32cube.ide.mcu.externaltools.gnu-tools-for-stm32.7-2018-q2-update.macos64_1.4.0.202007081208/tools/bin/../lib/gcc/arm-none-eabi/7.3.1/thumb/v7e-m/fpv4-sp/hard/libgcc.a(_dvmd_tls.o)
 .ARM.attributes
                0x00000000000008a6       0x22 /Applications/STM32CubeIDE.app/Contents/Eclipse/plugins/com.st.stm32cube.ide.mcu.externaltools.gnu-tools-for-stm32.7-2018-q2-update.macos64_1.4.0.202007081208/tools/bin/../lib/gcc/arm-none-eabi/7.3.1/thumb/v7e-m/fpv4-sp/hard/crtn.o
OUTPUT(openblt_stm32f767.elf elf32-littlearm)

.debug_info     0x0000000000000000    0x17fe4
 .debug_info    0x0000000000000000       0x84 core/ARMCM7_STM32F7/GCC/cpu_comp.o
 .debug_info    0x0000000000000084      0xe70 core/ARMCM7_STM32F7/cpu.o
 .debug_info    0x0000000000000ef4     0x106c core/ARMCM7_STM32F7/flash.o
 .debug_info    0x0000000000001f60      0x252 core/ARMCM7_STM32F7/nvm.o
 .debug_info    0x00000000000021b2      0xa30 core/ARMCM7_STM32F7/timer.o
 .debug_info    0x0000000000002be2       0xc6 core/assert.o
 .debug_info    0x0000000000002ca8      0x17c core/backdoor.o
 .debug_info    0x0000000000002e24      0x156 core/boot.o
 .debug_info    0x0000000000002f7a      0x2c2 core/com.o
 .debug_info    0x000000000000323c       0xb6 core/cop.o
 .debug_info    0x00000000000032f2      0xa2b core/net.o
 .debug_info    0x0000000000003d1d      0x7f9 core/xcp.o
 .debug_info    0x0000000000004516     0x1562 core/third_party/uip/apps/dhcpc/dhcpc.o
 .debug_info    0x0000000000005a78     0x1950 core/third_party/uip/uip/uip.o
 .debug_info    0x00000000000073c8     0x1188 core/third_party/uip/uip/uip_arp.o
 .debug_info    0x0000000000008550      0x12a core/third_party/uip/uip/uip_timer.o
 .debug_info    0x000000000000867a      0x987 hooks.o
 .debug_info    0x0000000000009001      0xb2a led.o
 .debug_info    0x0000000000009b2b     0x1196 main.o
 .debug_info    0x000000000000acc1      0x2bd shared_params.o
 .debug_info    0x000000000000af7e       0x22 startup_stm32f767xx.o
 .debug_info    0x000000000000afa0     0x12df lib/STM32F7xx_HAL_Driver/Src/stm32f7xx_hal.o
 .debug_info    0x000000000000c27f     0x19a9 lib/STM32F7xx_HAL_Driver/Src/stm32f7xx_hal_cortex.o
 .debug_info    0x000000000000dc28     0x20fd lib/STM32F7xx_HAL_Driver/Src/stm32f7xx_hal_eth.o
 .debug_info    0x000000000000fd25      0xf64 lib/STM32F7xx_HAL_Driver/Src/stm32f7xx_hal_flash.o
 .debug_info    0x0000000000010c89     0x1115 lib/STM32F7xx_HAL_Driver/Src/stm32f7xx_hal_flash_ex.o
 .debug_info    0x0000000000011d9e      0xfb7 lib/STM32F7xx_HAL_Driver/Src/stm32f7xx_hal_gpio.o
 .debug_info    0x0000000000012d55     0x123b lib/STM32F7xx_HAL_Driver/Src/stm32f7xx_hal_pwr_ex.o
 .debug_info    0x0000000000013f90     0x135a lib/STM32F7xx_HAL_Driver/Src/stm32f7xx_hal_rcc.o
 .debug_info    0x00000000000152ea      0xf02 lib/system_stm32f7xx.o
 .debug_info    0x00000000000161ec       0x9b lib/uip/clock-arch.o
 .debug_info    0x0000000000016287     0x1d5d lib/uip/netdev.o

.debug_abbrev   0x0000000000000000     0x3d71
 .debug_abbrev  0x0000000000000000       0x45 core/ARMCM7_STM32F7/GCC/cpu_comp.o
 .debug_abbrev  0x0000000000000045      0x20b core/ARMCM7_STM32F7/cpu.o
 .debug_abbrev  0x0000000000000250      0x2ef core/ARMCM7_STM32F7/flash.o
 .debug_abbrev  0x000000000000053f       0xca core/ARMCM7_STM32F7/nvm.o
 .debug_abbrev  0x0000000000000609      0x1d6 core/ARMCM7_STM32F7/timer.o
 .debug_abbrev  0x00000000000007df       0x88 core/assert.o
 .debug_abbrev  0x0000000000000867       0xa8 core/backdoor.o
 .debug_abbrev  0x000000000000090f       0x63 core/boot.o
 .debug_abbrev  0x0000000000000972      0x180 core/com.o
 .debug_abbrev  0x0000000000000af2       0x63 core/cop.o
 .debug_abbrev  0x0000000000000b55      0x240 core/net.o
 .debug_abbrev  0x0000000000000d95      0x1d3 core/xcp.o
 .debug_abbrev  0x0000000000000f68      0x31d core/third_party/uip/apps/dhcpc/dhcpc.o
 .debug_abbrev  0x0000000000001285      0x33b core/third_party/uip/uip/uip.o
 .debug_abbrev  0x00000000000015c0      0x277 core/third_party/uip/uip/uip_arp.o
 .debug_abbrev  0x0000000000001837       0xd5 core/third_party/uip/uip/uip_timer.o
 .debug_abbrev  0x000000000000190c      0x1b0 hooks.o
 .debug_abbrev  0x0000000000001abc      0x202 led.o
 .debug_abbrev  0x0000000000001cbe      0x243 main.o
 .debug_abbrev  0x0000000000001f01      0x149 shared_params.o
 .debug_abbrev  0x000000000000204a       0x12 startup_stm32f767xx.o
 .debug_abbrev  0x000000000000205c      0x2ad lib/STM32F7xx_HAL_Driver/Src/stm32f7xx_hal.o
 .debug_abbrev  0x0000000000002309      0x3ad lib/STM32F7xx_HAL_Driver/Src/stm32f7xx_hal_cortex.o
 .debug_abbrev  0x00000000000026b6      0x332 lib/STM32F7xx_HAL_Driver/Src/stm32f7xx_hal_eth.o
 .debug_abbrev  0x00000000000029e8      0x307 lib/STM32F7xx_HAL_Driver/Src/stm32f7xx_hal_flash.o
 .debug_abbrev  0x0000000000002cef      0x2cf lib/STM32F7xx_HAL_Driver/Src/stm32f7xx_hal_flash_ex.o
 .debug_abbrev  0x0000000000002fbe      0x26f lib/STM32F7xx_HAL_Driver/Src/stm32f7xx_hal_gpio.o
 .debug_abbrev  0x000000000000322d      0x2b2 lib/STM32F7xx_HAL_Driver/Src/stm32f7xx_hal_pwr_ex.o
 .debug_abbrev  0x00000000000034df      0x31e lib/STM32F7xx_HAL_Driver/Src/stm32f7xx_hal_rcc.o
 .debug_abbrev  0x00000000000037fd      0x1e9 lib/system_stm32f7xx.o
 .debug_abbrev  0x00000000000039e6       0x72 lib/uip/clock-arch.o
 .debug_abbrev  0x0000000000003a58      0x319 lib/uip/netdev.o

.debug_aranges  0x0000000000000000      0xc50
 .debug_aranges
                0x0000000000000000       0x28 core/ARMCM7_STM32F7/GCC/cpu_comp.o
 .debug_aranges
                0x0000000000000028       0x38 core/ARMCM7_STM32F7/cpu.o
 .debug_aranges
                0x0000000000000060       0x88 core/ARMCM7_STM32F7/flash.o
 .debug_aranges
                0x00000000000000e8       0x50 core/ARMCM7_STM32F7/nvm.o
 .debug_aranges
                0x0000000000000138       0x48 core/ARMCM7_STM32F7/timer.o
 .debug_aranges
                0x0000000000000180       0x20 core/assert.o
 .debug_aranges
                0x00000000000001a0       0x40 core/backdoor.o
 .debug_aranges
                0x00000000000001e0       0x28 core/boot.o
 .debug_aranges
                0x0000000000000208       0x58 core/com.o
 .debug_aranges
                0x0000000000000260       0x28 core/cop.o
 .debug_aranges
                0x0000000000000288       0x48 core/net.o
 .debug_aranges
                0x00000000000002d0       0xd0 core/xcp.o
 .debug_aranges
                0x00000000000003a0       0x90 core/third_party/uip/apps/dhcpc/dhcpc.o
 .debug_aranges
                0x0000000000000430       0x98 core/third_party/uip/uip/uip.o
 .debug_aranges
                0x00000000000004c8       0x40 core/third_party/uip/uip/uip_arp.o
 .debug_aranges
                0x0000000000000508       0x38 core/third_party/uip/uip/uip_timer.o
 .debug_aranges
                0x0000000000000540       0x28 hooks.o
 .debug_aranges
                0x0000000000000568       0x30 led.o
 .debug_aranges
                0x0000000000000598       0x40 main.o
 .debug_aranges
                0x00000000000005d8       0x50 shared_params.o
 .debug_aranges
                0x0000000000000628       0x28 startup_stm32f767xx.o
 .debug_aranges
                0x0000000000000650      0x110 lib/STM32F7xx_HAL_Driver/Src/stm32f7xx_hal.o
 .debug_aranges
                0x0000000000000760       0xa8 lib/STM32F7xx_HAL_Driver/Src/stm32f7xx_hal_cortex.o
 .debug_aranges
                0x0000000000000808      0x110 lib/STM32F7xx_HAL_Driver/Src/stm32f7xx_hal_eth.o
 .debug_aranges
                0x0000000000000918       0xa0 lib/STM32F7xx_HAL_Driver/Src/stm32f7xx_hal_flash.o
 .debug_aranges
                0x00000000000009b8       0xa0 lib/STM32F7xx_HAL_Driver/Src/stm32f7xx_hal_flash_ex.o
 .debug_aranges
                0x0000000000000a58       0x58 lib/STM32F7xx_HAL_Driver/Src/stm32f7xx_hal_gpio.o
 .debug_aranges
                0x0000000000000ab0       0x80 lib/STM32F7xx_HAL_Driver/Src/stm32f7xx_hal_pwr_ex.o
 .debug_aranges
                0x0000000000000b30       0x88 lib/STM32F7xx_HAL_Driver/Src/stm32f7xx_hal_rcc.o
 .debug_aranges
                0x0000000000000bb8       0x28 lib/system_stm32f7xx.o
 .debug_aranges
                0x0000000000000be0       0x20 lib/uip/clock-arch.o
 .debug_aranges
                0x0000000000000c00       0x50 lib/uip/netdev.o

.debug_ranges   0x0000000000000000      0xad0
 .debug_ranges  0x0000000000000000       0x18 core/ARMCM7_STM32F7/GCC/cpu_comp.o
 .debug_ranges  0x0000000000000018       0x28 core/ARMCM7_STM32F7/cpu.o
 .debug_ranges  0x0000000000000040       0x78 core/ARMCM7_STM32F7/flash.o
 .debug_ranges  0x00000000000000b8       0x40 core/ARMCM7_STM32F7/nvm.o
 .debug_ranges  0x00000000000000f8       0x38 core/ARMCM7_STM32F7/timer.o
 .debug_ranges  0x0000000000000130       0x10 core/assert.o
 .debug_ranges  0x0000000000000140       0x30 core/backdoor.o
 .debug_ranges  0x0000000000000170       0x18 core/boot.o
 .debug_ranges  0x0000000000000188       0x48 core/com.o
 .debug_ranges  0x00000000000001d0       0x18 core/cop.o
 .debug_ranges  0x00000000000001e8       0x38 core/net.o
 .debug_ranges  0x0000000000000220       0xc0 core/xcp.o
 .debug_ranges  0x00000000000002e0       0x98 core/third_party/uip/apps/dhcpc/dhcpc.o
 .debug_ranges  0x0000000000000378       0x88 core/third_party/uip/uip/uip.o
 .debug_ranges  0x0000000000000400       0x30 core/third_party/uip/uip/uip_arp.o
 .debug_ranges  0x0000000000000430       0x28 core/third_party/uip/uip/uip_timer.o
 .debug_ranges  0x0000000000000458       0x18 hooks.o
 .debug_ranges  0x0000000000000470       0x20 led.o
 .debug_ranges  0x0000000000000490       0x30 main.o
 .debug_ranges  0x00000000000004c0       0x40 shared_params.o
 .debug_ranges  0x0000000000000500       0x20 startup_stm32f767xx.o
 .debug_ranges  0x0000000000000520      0x100 lib/STM32F7xx_HAL_Driver/Src/stm32f7xx_hal.o
 .debug_ranges  0x0000000000000620       0xf8 lib/STM32F7xx_HAL_Driver/Src/stm32f7xx_hal_cortex.o
 .debug_ranges  0x0000000000000718      0x100 lib/STM32F7xx_HAL_Driver/Src/stm32f7xx_hal_eth.o
 .debug_ranges  0x0000000000000818       0x90 lib/STM32F7xx_HAL_Driver/Src/stm32f7xx_hal_flash.o
 .debug_ranges  0x00000000000008a8       0x90 lib/STM32F7xx_HAL_Driver/Src/stm32f7xx_hal_flash_ex.o
 .debug_ranges  0x0000000000000938       0x48 lib/STM32F7xx_HAL_Driver/Src/stm32f7xx_hal_gpio.o
 .debug_ranges  0x0000000000000980       0x70 lib/STM32F7xx_HAL_Driver/Src/stm32f7xx_hal_pwr_ex.o
 .debug_ranges  0x00000000000009f0       0x78 lib/STM32F7xx_HAL_Driver/Src/stm32f7xx_hal_rcc.o
 .debug_ranges  0x0000000000000a68       0x18 lib/system_stm32f7xx.o
 .debug_ranges  0x0000000000000a80       0x10 lib/uip/clock-arch.o
 .debug_ranges  0x0000000000000a90       0x40 lib/uip/netdev.o

.debug_macro    0x0000000000000000    0x296cf
 .debug_macro   0x0000000000000000       0x91 core/ARMCM7_STM32F7/GCC/cpu_comp.o
 .debug_macro   0x0000000000000091      0xa66 core/ARMCM7_STM32F7/GCC/cpu_comp.o
 .debug_macro   0x0000000000000af7       0x1c core/ARMCM7_STM32F7/GCC/cpu_comp.o
 .debug_macro   0x0000000000000b13       0x1c core/ARMCM7_STM32F7/GCC/cpu_comp.o
 .debug_macro   0x0000000000000b2f       0x22 core/ARMCM7_STM32F7/GCC/cpu_comp.o
 .debug_macro   0x0000000000000b51       0xe6 core/ARMCM7_STM32F7/GCC/cpu_comp.o
 .debug_macro   0x0000000000000c37       0x67 core/ARMCM7_STM32F7/GCC/cpu_comp.o
 .debug_macro   0x0000000000000c9e       0x1c core/ARMCM7_STM32F7/GCC/cpu_comp.o
 .debug_macro   0x0000000000000cba      0x1b1 core/ARMCM7_STM32F7/GCC/cpu_comp.o
 .debug_macro   0x0000000000000e6b       0x28 core/ARMCM7_STM32F7/GCC/cpu_comp.o
 .debug_macro   0x0000000000000e93      0x397 core/ARMCM7_STM32F7/cpu.o
 .debug_macro   0x000000000000122a       0x2e core/ARMCM7_STM32F7/cpu.o
 .debug_macro   0x0000000000001258       0x3b core/ARMCM7_STM32F7/cpu.o
 .debug_macro   0x0000000000001293       0x22 core/ARMCM7_STM32F7/cpu.o
 .debug_macro   0x00000000000012b5       0x8e core/ARMCM7_STM32F7/cpu.o
 .debug_macro   0x0000000000001343       0x51 core/ARMCM7_STM32F7/cpu.o
 .debug_macro   0x0000000000001394       0xef core/ARMCM7_STM32F7/cpu.o
 .debug_macro   0x0000000000001483       0x6a core/ARMCM7_STM32F7/cpu.o
 .debug_macro   0x00000000000014ed      0x1df core/ARMCM7_STM32F7/cpu.o
 .debug_macro   0x00000000000016cc       0x35 core/ARMCM7_STM32F7/cpu.o
 .debug_macro   0x0000000000001701       0x50 core/ARMCM7_STM32F7/cpu.o
 .debug_macro   0x0000000000001751     0x1114 core/ARMCM7_STM32F7/cpu.o
 .debug_macro   0x0000000000002865    0x19f38 core/ARMCM7_STM32F7/cpu.o
 .debug_macro   0x000000000001c79d       0x43 core/ARMCM7_STM32F7/cpu.o
 .debug_macro   0x000000000001c7e0      0x18d core/ARMCM7_STM32F7/cpu.o
 .debug_macro   0x000000000001c96d     0x35cf core/ARMCM7_STM32F7/cpu.o
 .debug_macro   0x000000000001ff3c       0x46 core/ARMCM7_STM32F7/cpu.o
 .debug_macro   0x000000000001ff82       0x18 core/ARMCM7_STM32F7/cpu.o
 .debug_macro   0x000000000001ff9a       0x3c core/ARMCM7_STM32F7/cpu.o
 .debug_macro   0x000000000001ffd6       0x34 core/ARMCM7_STM32F7/cpu.o
 .debug_macro   0x000000000002000a       0x16 core/ARMCM7_STM32F7/cpu.o
 .debug_macro   0x0000000000020020       0x97 core/ARMCM7_STM32F7/cpu.o
 .debug_macro   0x00000000000200b7      0x330 core/ARMCM7_STM32F7/cpu.o
 .debug_macro   0x00000000000203e7       0xfd core/ARMCM7_STM32F7/cpu.o
 .debug_macro   0x00000000000204e4       0x10 core/ARMCM7_STM32F7/cpu.o
 .debug_macro   0x00000000000204f4       0x52 core/ARMCM7_STM32F7/cpu.o
 .debug_macro   0x0000000000020546       0x1f core/ARMCM7_STM32F7/cpu.o
 .debug_macro   0x0000000000020565       0x43 core/ARMCM7_STM32F7/cpu.o
 .debug_macro   0x00000000000205a8       0x20 core/ARMCM7_STM32F7/cpu.o
 .debug_macro   0x00000000000205c8      0x1a3 core/ARMCM7_STM32F7/cpu.o
 .debug_macro   0x000000000002076b       0x10 core/ARMCM7_STM32F7/cpu.o
 .debug_macro   0x000000000002077b       0x1c core/ARMCM7_STM32F7/cpu.o
 .debug_macro   0x0000000000020797       0x52 core/ARMCM7_STM32F7/cpu.o
 .debug_macro   0x00000000000207e9       0x40 core/ARMCM7_STM32F7/cpu.o
 .debug_macro   0x0000000000020829       0x10 core/ARMCM7_STM32F7/cpu.o
 .debug_macro   0x0000000000020839       0x40 core/ARMCM7_STM32F7/cpu.o
 .debug_macro   0x0000000000020879       0xd7 core/ARMCM7_STM32F7/cpu.o
 .debug_macro   0x0000000000020950       0x1c core/ARMCM7_STM32F7/cpu.o
 .debug_macro   0x000000000002096c       0x3d core/ARMCM7_STM32F7/cpu.o
 .debug_macro   0x00000000000209a9       0x16 core/ARMCM7_STM32F7/cpu.o
 .debug_macro   0x00000000000209bf      0x145 core/ARMCM7_STM32F7/cpu.o
 .debug_macro   0x0000000000020b04       0x57 core/ARMCM7_STM32F7/cpu.o
 .debug_macro   0x0000000000020b5b     0x1add core/ARMCM7_STM32F7/cpu.o
 .debug_macro   0x0000000000022638      0x6ca core/ARMCM7_STM32F7/cpu.o
 .debug_macro   0x0000000000022d02      0x11e core/ARMCM7_STM32F7/cpu.o
 .debug_macro   0x0000000000022e20      0x277 core/ARMCM7_STM32F7/cpu.o
 .debug_macro   0x0000000000023097       0x27 core/ARMCM7_STM32F7/cpu.o
 .debug_macro   0x00000000000230be      0x24f core/ARMCM7_STM32F7/cpu.o
 .debug_macro   0x000000000002330d       0x71 core/ARMCM7_STM32F7/cpu.o
 .debug_macro   0x000000000002337e       0x58 core/ARMCM7_STM32F7/cpu.o
 .debug_macro   0x00000000000233d6      0x23a core/ARMCM7_STM32F7/cpu.o
 .debug_macro   0x0000000000023610      0xcd5 core/ARMCM7_STM32F7/cpu.o
 .debug_macro   0x00000000000242e5      0x156 core/ARMCM7_STM32F7/cpu.o
 .debug_macro   0x000000000002443b      0x3de core/ARMCM7_STM32F7/cpu.o
 .debug_macro   0x0000000000024819       0x12 core/ARMCM7_STM32F7/cpu.o
 .debug_macro   0x000000000002482b      0x209 core/ARMCM7_STM32F7/cpu.o
 .debug_macro   0x0000000000024a34       0x61 core/ARMCM7_STM32F7/cpu.o
 .debug_macro   0x0000000000024a95       0x90 core/ARMCM7_STM32F7/cpu.o
 .debug_macro   0x0000000000024b25      0x132 core/ARMCM7_STM32F7/cpu.o
 .debug_macro   0x0000000000024c57      0x10c core/ARMCM7_STM32F7/cpu.o
 .debug_macro   0x0000000000024d63       0x35 core/ARMCM7_STM32F7/cpu.o
 .debug_macro   0x0000000000024d98      0x16c core/ARMCM7_STM32F7/cpu.o
 .debug_macro   0x0000000000024f04      0x3af core/ARMCM7_STM32F7/flash.o
 .debug_macro   0x00000000000252b3       0x9b core/ARMCM7_STM32F7/nvm.o
 .debug_macro   0x000000000002534e      0x38b core/ARMCM7_STM32F7/timer.o
 .debug_macro   0x00000000000256d9       0x91 core/assert.o
 .debug_macro   0x000000000002576a       0x97 core/backdoor.o
 .debug_macro   0x0000000000025801       0x91 core/boot.o
 .debug_macro   0x0000000000025892       0x9a core/com.o
 .debug_macro   0x000000000002592c       0x10 core/com.o
 .debug_macro   0x000000000002593c       0x91 core/cop.o
 .debug_macro   0x00000000000259cd      0x151 core/net.o
 .debug_macro   0x0000000000025b1e       0x16 core/net.o
 .debug_macro   0x0000000000025b34       0x43 core/net.o
 .debug_macro   0x0000000000025b77       0x10 core/net.o
 .debug_macro   0x0000000000025b87       0x22 core/net.o
 .debug_macro   0x0000000000025ba9       0x74 core/net.o
 .debug_macro   0x0000000000025c1d       0xc5 core/net.o
 .debug_macro   0x0000000000025ce2      0x240 core/net.o
 .debug_macro   0x0000000000025f22       0x23 core/net.o
 .debug_macro   0x0000000000025f45       0x91 core/xcp.o
 .debug_macro   0x0000000000025fd6      0x3a6 core/third_party/uip/apps/dhcpc/dhcpc.o
 .debug_macro   0x000000000002637c       0x16 core/third_party/uip/apps/dhcpc/dhcpc.o
 .debug_macro   0x0000000000026392       0x2b core/third_party/uip/apps/dhcpc/dhcpc.o
 .debug_macro   0x00000000000263bd      0x118 core/third_party/uip/apps/dhcpc/dhcpc.o
 .debug_macro   0x00000000000264d5      0x2c5 core/third_party/uip/uip/uip.o
 .debug_macro   0x000000000002679a      0x22c core/third_party/uip/uip/uip_arp.o
 .debug_macro   0x00000000000269c6       0x34 core/third_party/uip/uip/uip_timer.o
 .debug_macro   0x00000000000269fa      0x395 hooks.o
 .debug_macro   0x0000000000026d8f      0x395 led.o
 .debug_macro   0x0000000000027124      0x3a4 main.o
 .debug_macro   0x00000000000274c8       0x22 main.o
 .debug_macro   0x00000000000274ea       0x8b shared_params.o
 .debug_macro   0x0000000000027575      0x32f lib/STM32F7xx_HAL_Driver/Src/stm32f7xx_hal.o
 .debug_macro   0x00000000000278a4      0x30b lib/STM32F7xx_HAL_Driver/Src/stm32f7xx_hal_cortex.o
 .debug_macro   0x0000000000027baf      0x31d lib/STM32F7xx_HAL_Driver/Src/stm32f7xx_hal_eth.o
 .debug_macro   0x0000000000027ecc      0x317 lib/STM32F7xx_HAL_Driver/Src/stm32f7xx_hal_flash.o
 .debug_macro   0x00000000000281e3      0x317 lib/STM32F7xx_HAL_Driver/Src/stm32f7xx_hal_flash_ex.o
 .debug_macro   0x00000000000284fa      0x343 lib/STM32F7xx_HAL_Driver/Src/stm32f7xx_hal_gpio.o
 .debug_macro   0x000000000002883d      0x323 lib/STM32F7xx_HAL_Driver/Src/stm32f7xx_hal_pwr_ex.o
 .debug_macro   0x0000000000028b60      0x32f lib/STM32F7xx_HAL_Driver/Src/stm32f7xx_hal_rcc.o
 .debug_macro   0x0000000000028e8f      0x311 lib/system_stm32f7xx.o
 .debug_macro   0x00000000000291a0       0x9a lib/uip/clock-arch.o
 .debug_macro   0x000000000002923a      0x479 lib/uip/netdev.o
 .debug_macro   0x00000000000296b3       0x1c lib/uip/netdev.o

.debug_line     0x0000000000000000    0x10c62
 .debug_line    0x0000000000000000      0x250 core/ARMCM7_STM32F7/GCC/cpu_comp.o
 .debug_line    0x0000000000000250      0xbf9 core/ARMCM7_STM32F7/cpu.o
 .debug_line    0x0000000000000e49      0xd94 core/ARMCM7_STM32F7/flash.o
 .debug_line    0x0000000000001bdd      0x257 core/ARMCM7_STM32F7/nvm.o
 .debug_line    0x0000000000001e34      0xc0c core/ARMCM7_STM32F7/timer.o
 .debug_line    0x0000000000002a40      0x1db core/assert.o
 .debug_line    0x0000000000002c1b      0x234 core/backdoor.o
 .debug_line    0x0000000000002e4f      0x1f0 core/boot.o
 .debug_line    0x000000000000303f      0x275 core/com.o
 .debug_line    0x00000000000032b4      0x1e6 core/cop.o
 .debug_line    0x000000000000349a      0x4c4 core/net.o
 .debug_line    0x000000000000395e      0x422 core/xcp.o
 .debug_line    0x0000000000003d80      0xbf6 core/third_party/uip/apps/dhcpc/dhcpc.o
 .debug_line    0x0000000000004976      0xd9c core/third_party/uip/uip/uip.o
 .debug_line    0x0000000000005712      0x989 core/third_party/uip/uip/uip_arp.o
 .debug_line    0x000000000000609b      0x167 core/third_party/uip/uip/uip_timer.o
 .debug_line    0x0000000000006202      0xbcd hooks.o
 .debug_line    0x0000000000006dcf      0xbe3 led.o
 .debug_line    0x00000000000079b2      0xc72 main.o
 .debug_line    0x0000000000008624      0x496 shared_params.o
 .debug_line    0x0000000000008aba       0x77 startup_stm32f767xx.o
 .debug_line    0x0000000000008b31      0xc71 lib/STM32F7xx_HAL_Driver/Src/stm32f7xx_hal.o
 .debug_line    0x00000000000097a2      0xc66 lib/STM32F7xx_HAL_Driver/Src/stm32f7xx_hal_cortex.o
 .debug_line    0x000000000000a408     0x10b5 lib/STM32F7xx_HAL_Driver/Src/stm32f7xx_hal_eth.o
 .debug_line    0x000000000000b4bd      0xc6b lib/STM32F7xx_HAL_Driver/Src/stm32f7xx_hal_flash.o
 .debug_line    0x000000000000c128      0xc4d lib/STM32F7xx_HAL_Driver/Src/stm32f7xx_hal_flash_ex.o
 .debug_line    0x000000000000cd75      0xbb6 lib/STM32F7xx_HAL_Driver/Src/stm32f7xx_hal_gpio.o
 .debug_line    0x000000000000d92b      0xb73 lib/STM32F7xx_HAL_Driver/Src/stm32f7xx_hal_pwr_ex.o
 .debug_line    0x000000000000e49e      0xcef lib/STM32F7xx_HAL_Driver/Src/stm32f7xx_hal_rcc.o
 .debug_line    0x000000000000f18d      0xa54 lib/system_stm32f7xx.o
 .debug_line    0x000000000000fbe1      0x1f7 lib/uip/clock-arch.o
 .debug_line    0x000000000000fdd8      0xe8a lib/uip/netdev.o

.debug_str      0x0000000000000000    0xf12c5
 .debug_str     0x0000000000000000     0x3c91 core/ARMCM7_STM32F7/GCC/cpu_comp.o
                                       0x3cf5 (size before relaxing)
 .debug_str     0x0000000000003c91    0xe707e core/ARMCM7_STM32F7/cpu.o
                                      0xeafdf (size before relaxing)
 .debug_str     0x00000000000ead0f      0x41b core/ARMCM7_STM32F7/flash.o
                                      0xeb117 (size before relaxing)
 .debug_str     0x00000000000eb12a       0x93 core/ARMCM7_STM32F7/nvm.o
                                       0x3ddc (size before relaxing)
 .debug_str     0x00000000000eb1bd       0xcb core/ARMCM7_STM32F7/timer.o
                                      0xead84 (size before relaxing)
 .debug_str     0x00000000000eb288       0x72 core/assert.o
                                       0x3cfc (size before relaxing)
 .debug_str     0x00000000000eb2fa      0x12d core/backdoor.o
                                       0x3dc8 (size before relaxing)
 .debug_str     0x00000000000eb427       0x83 core/boot.o
                                       0x3d39 (size before relaxing)
 .debug_str     0x00000000000eb4aa      0x1ac core/com.o
                                       0x3e8c (size before relaxing)
 .debug_str     0x00000000000eb656       0x73 core/cop.o
                                       0x3cf0 (size before relaxing)
 .debug_str     0x00000000000eb6c9     0x1dfb core/net.o
                                       0x5b83 (size before relaxing)
 .debug_str     0x00000000000ed4c4      0x213 core/xcp.o
                                       0x3fa4 (size before relaxing)
 .debug_str     0x00000000000ed6d7      0x7f8 core/third_party/uip/apps/dhcpc/dhcpc.o
                                       0xa8d6 (size before relaxing)
 .debug_str     0x00000000000edecf      0x571 core/third_party/uip/uip/uip.o
                                       0x93e1 (size before relaxing)
 .debug_str     0x00000000000ee440      0x1af core/third_party/uip/uip/uip_arp.o
                                       0x9154 (size before relaxing)
 .debug_str     0x00000000000ee5ef       0x97 core/third_party/uip/uip/uip_timer.o
                                       0x2e88 (size before relaxing)
 .debug_str     0x00000000000ee686       0x2c hooks.o
                                      0xeace0 (size before relaxing)
 .debug_str     0x00000000000ee6b2       0xb5 led.o
                                      0xeada0 (size before relaxing)
 .debug_str     0x00000000000ee767      0x39b main.o
                                      0xeb168 (size before relaxing)
 .debug_str     0x00000000000eeb02      0x111 shared_params.o
                                       0x417e (size before relaxing)
 .debug_str     0x00000000000eec13       0x27 startup_stm32f767xx.o
                                         0x87 (size before relaxing)
 .debug_str     0x00000000000eec3a      0xa65 lib/STM32F7xx_HAL_Driver/Src/stm32f7xx_hal.o
                                      0xeaabf (size before relaxing)
 .debug_str     0x00000000000ef69f      0x341 lib/STM32F7xx_HAL_Driver/Src/stm32f7xx_hal_cortex.o
                                      0xeaa62 (size before relaxing)
 .debug_str     0x00000000000ef9e0      0xbb6 lib/STM32F7xx_HAL_Driver/Src/stm32f7xx_hal_eth.o
                                      0xeabb3 (size before relaxing)
 .debug_str     0x00000000000f0596      0x2d6 lib/STM32F7xx_HAL_Driver/Src/stm32f7xx_hal_flash.o
                                      0xea1b1 (size before relaxing)
 .debug_str     0x00000000000f086c      0x293 lib/STM32F7xx_HAL_Driver/Src/stm32f7xx_hal_flash_ex.o
                                      0xea268 (size before relaxing)
 .debug_str     0x00000000000f0aff      0x210 lib/STM32F7xx_HAL_Driver/Src/stm32f7xx_hal_gpio.o
                                      0xea253 (size before relaxing)
 .debug_str     0x00000000000f0d0f      0x1d1 lib/STM32F7xx_HAL_Driver/Src/stm32f7xx_hal_pwr_ex.o
                                      0xea30f (size before relaxing)
 .debug_str     0x00000000000f0ee0      0x20a lib/STM32F7xx_HAL_Driver/Src/stm32f7xx_hal_rcc.o
                                      0xea3cd (size before relaxing)
 .debug_str     0x00000000000f10ea       0x5a lib/system_stm32f7xx.o
                                      0xea07c (size before relaxing)
 .debug_str     0x00000000000f1144       0x18 lib/uip/clock-arch.o
                                       0x3ccc (size before relaxing)
 .debug_str     0x00000000000f115c      0x169 lib/uip/netdev.o
                                      0xed279 (size before relaxing)

.comment        0x0000000000000000       0x7b
 .comment       0x0000000000000000       0x7b core/ARMCM7_STM32F7/GCC/cpu_comp.o
                                         0x7c (size before relaxing)
 .comment       0x000000000000007b       0x7c core/ARMCM7_STM32F7/cpu.o
 .comment       0x000000000000007b       0x7c core/ARMCM7_STM32F7/flash.o
 .comment       0x000000000000007b       0x7c core/ARMCM7_STM32F7/nvm.o
 .comment       0x000000000000007b       0x7c core/ARMCM7_STM32F7/timer.o
 .comment       0x000000000000007b       0x7c core/assert.o
 .comment       0x000000000000007b       0x7c core/backdoor.o
 .comment       0x000000000000007b       0x7c core/boot.o
 .comment       0x000000000000007b       0x7c core/com.o
 .comment       0x000000000000007b       0x7c core/cop.o
 .comment       0x000000000000007b       0x7c core/net.o
 .comment       0x000000000000007b       0x7c core/xcp.o
 .comment       0x000000000000007b       0x7c core/third_party/uip/apps/dhcpc/dhcpc.o
 .comment       0x000000000000007b       0x7c core/third_party/uip/uip/uip.o
 .comment       0x000000000000007b       0x7c core/third_party/uip/uip/uip_arp.o
 .comment       0x000000000000007b       0x7c core/third_party/uip/uip/uip_timer.o
 .comment       0x000000000000007b       0x7c hooks.o
 .comment       0x000000000000007b       0x7c led.o
 .comment       0x000000000000007b       0x7c main.o
 .comment       0x000000000000007b       0x7c shared_params.o
 .comment       0x000000000000007b       0x7c lib/STM32F7xx_HAL_Driver/Src/stm32f7xx_hal.o
 .comment       0x000000000000007b       0x7c lib/STM32F7xx_HAL_Driver/Src/stm32f7xx_hal_cortex.o
 .comment       0x000000000000007b       0x7c lib/STM32F7xx_HAL_Driver/Src/stm32f7xx_hal_eth.o
 .comment       0x000000000000007b       0x7c lib/STM32F7xx_HAL_Driver/Src/stm32f7xx_hal_flash.o
 .comment       0x000000000000007b       0x7c lib/STM32F7xx_HAL_Driver/Src/stm32f7xx_hal_flash_ex.o
 .comment       0x000000000000007b       0x7c lib/STM32F7xx_HAL_Driver/Src/stm32f7xx_hal_gpio.o
 .comment       0x000000000000007b       0x7c lib/STM32F7xx_HAL_Driver/Src/stm32f7xx_hal_pwr_ex.o
 .comment       0x000000000000007b       0x7c lib/STM32F7xx_HAL_Driver/Src/stm32f7xx_hal_rcc.o
 .comment       0x000000000000007b       0x7c lib/system_stm32f7xx.o
 .comment       0x000000000000007b       0x7c lib/uip/clock-arch.o
 .comment       0x000000000000007b       0x7c lib/uip/netdev.o

.debug_frame    0x0000000000000000     0x1d74
 .debug_frame   0x0000000000000000       0x30 core/ARMCM7_STM32F7/GCC/cpu_comp.o
 .debug_frame   0x0000000000000030       0x78 core/ARMCM7_STM32F7/cpu.o
 .debug_frame   0x00000000000000a8      0x174 core/ARMCM7_STM32F7/flash.o
 .debug_frame   0x000000000000021c       0xb8 core/ARMCM7_STM32F7/nvm.o
 .debug_frame   0x00000000000002d4       0x88 core/ARMCM7_STM32F7/timer.o
 .debug_frame   0x000000000000035c       0x28 core/assert.o
 .debug_frame   0x0000000000000384       0x78 core/backdoor.o
 .debug_frame   0x00000000000003fc       0x40 core/boot.o
 .debug_frame   0x000000000000043c       0xc0 core/com.o
 .debug_frame   0x00000000000004fc       0x40 core/cop.o
 .debug_frame   0x000000000000053c       0xa8 core/net.o
 .debug_frame   0x00000000000005e4      0x218 core/xcp.o
 .debug_frame   0x00000000000007fc      0x160 core/third_party/uip/apps/dhcpc/dhcpc.o
 .debug_frame   0x000000000000095c      0x190 core/third_party/uip/uip/uip.o
 .debug_frame   0x0000000000000aec       0xa8 core/third_party/uip/uip/uip_arp.o
 .debug_frame   0x0000000000000b94       0x68 core/third_party/uip/uip/uip_timer.o
 .debug_frame   0x0000000000000bfc       0x40 hooks.o
 .debug_frame   0x0000000000000c3c       0x50 led.o
 .debug_frame   0x0000000000000c8c       0x9c main.o
 .debug_frame   0x0000000000000d28       0xb8 shared_params.o
 .debug_frame   0x0000000000000de0      0x22c lib/STM32F7xx_HAL_Driver/Src/stm32f7xx_hal.o
 .debug_frame   0x000000000000100c      0x15c lib/STM32F7xx_HAL_Driver/Src/stm32f7xx_hal_cortex.o
 .debug_frame   0x0000000000001168      0x348 lib/STM32F7xx_HAL_Driver/Src/stm32f7xx_hal_eth.o
 .debug_frame   0x00000000000014b0      0x16c lib/STM32F7xx_HAL_Driver/Src/stm32f7xx_hal_flash.o
 .debug_frame   0x000000000000161c      0x19c lib/STM32F7xx_HAL_Driver/Src/stm32f7xx_hal_flash_ex.o
 .debug_frame   0x00000000000017b8       0xd8 lib/STM32F7xx_HAL_Driver/Src/stm32f7xx_hal_gpio.o
 .debug_frame   0x0000000000001890      0x134 lib/STM32F7xx_HAL_Driver/Src/stm32f7xx_hal_pwr_ex.o
 .debug_frame   0x00000000000019c4      0x190 lib/STM32F7xx_HAL_Driver/Src/stm32f7xx_hal_rcc.o
 .debug_frame   0x0000000000001b54       0x3c lib/system_stm32f7xx.o
 .debug_frame   0x0000000000001b90       0x28 lib/uip/clock-arch.o
 .debug_frame   0x0000000000001bb8       0xbc lib/uip/netdev.o
 .debug_frame   0x0000000000001c74       0x2c /Applications/STM32CubeIDE.app/Contents/Eclipse/plugins/com.st.stm32cube.ide.mcu.externaltools.gnu-tools-for-stm32.7-2018-q2-update.macos64_1.4.0.202007081208/tools/bin/../lib/gcc/arm-none-eabi/7.3.1/../../../../arm-none-eabi/lib/thumb/v7e-m/fpv4-sp/hard/libc_nano.a(lib_a-init.o)
 .debug_frame   0x0000000000001ca0       0x2c /Applications/STM32CubeIDE.app/Contents/Eclipse/plugins/com.st.stm32cube.ide.mcu.externaltools.gnu-tools-for-stm32.7-2018-q2-update.macos64_1.4.0.202007081208/tools/bin/../lib/gcc/arm-none-eabi/7.3.1/../../../../arm-none-eabi/lib/thumb/v7e-m/fpv4-sp/hard/libc_nano.a(lib_a-memcmp.o)
 .debug_frame   0x0000000000001ccc       0x28 /Applications/STM32CubeIDE.app/Contents/Eclipse/plugins/com.st.stm32cube.ide.mcu.externaltools.gnu-tools-for-stm32.7-2018-q2-update.macos64_1.4.0.202007081208/tools/bin/../lib/gcc/arm-none-eabi/7.3.1/../../../../arm-none-eabi/lib/thumb/v7e-m/fpv4-sp/hard/libc_nano.a(lib_a-memcpy-stub.o)
 .debug_frame   0x0000000000001cf4       0x20 /Applications/STM32CubeIDE.app/Contents/Eclipse/plugins/com.st.stm32cube.ide.mcu.externaltools.gnu-tools-for-stm32.7-2018-q2-update.macos64_1.4.0.202007081208/tools/bin/../lib/gcc/arm-none-eabi/7.3.1/../../../../arm-none-eabi/lib/thumb/v7e-m/fpv4-sp/hard/libc_nano.a(lib_a-memset.o)
 .debug_frame   0x0000000000001d14       0x2c /Applications/STM32CubeIDE.app/Contents/Eclipse/plugins/com.st.stm32cube.ide.mcu.externaltools.gnu-tools-for-stm32.7-2018-q2-update.macos64_1.4.0.202007081208/tools/bin/../lib/gcc/arm-none-eabi/7.3.1/thumb/v7e-m/fpv4-sp/hard/libgcc.a(_aeabi_uldivmod.o)
 .debug_frame   0x0000000000001d40       0x34 /Applications/STM32CubeIDE.app/Contents/Eclipse/plugins/com.st.stm32cube.ide.mcu.externaltools.gnu-tools-for-stm32.7-2018-q2-update.macos64_1.4.0.202007081208/tools/bin/../lib/gcc/arm-none-eabi/7.3.1/thumb/v7e-m/fpv4-sp/hard/libgcc.a(_udivmoddi4.o)

.debug_loc      0x0000000000000000     0x49f1
 .debug_loc     0x0000000000000000      0x17a core/ARMCM7_STM32F7/cpu.o
 .debug_loc     0x000000000000017a      0x710 core/ARMCM7_STM32F7/flash.o
 .debug_loc     0x000000000000088a       0xa5 core/ARMCM7_STM32F7/nvm.o
 .debug_loc     0x000000000000092f       0x42 core/assert.o
 .debug_loc     0x0000000000000971       0x93 core/com.o
 .debug_loc     0x0000000000000a04      0x125 core/net.o
 .debug_loc     0x0000000000000b29      0x63a core/xcp.o