main.c:127:5:main	8	static
main.c:194:6:SystemClock_Config	232	static
main.c:271:13:MX_ADC1_Init	24	static
main.c:321:13:MX_ADC3_Init	24	static
main.c:371:13:MX_ETH_Init	16	static
main.c:416:13:MX_I2C1_Init	8	static
main.c:462:13:MX_I2C4_Init	8	static
main.c:508:13:MX_IWDG_Init	8	static
main.c:537:13:MX_QUADSPI_Init	8	static
main.c:572:13:MX_RTC_Init	80	static
main.c:659:13:MX_SAI1_Init	8	static
main.c:734:13:MX_SAI2_Init	8	static
main.c:768:13:MX_SDMMC2_MMC_Init	8	static
main.c:804:13:MX_SPDIFRX_Init	8	static
main.c:840:13:MX_SPI2_Init	8	static
main.c:880:13:MX_TIM3_Init	48	static
main.c:929:13:MX_TIM10_Init	40	static
main.c:975:13:MX_TIM11_Init	40	static
main.c:1021:13:MX_TIM12_Init	40	static
main.c:1063:13:MX_UART5_Init	8	static
main.c:1098:13:MX_USART1_UART_Init	8	static
main.c:1133:13:MX_USART6_UART_Init	8	static
main.c:1168:13:MX_USB_OTG_HS_PCD_Init	8	static
main.c:1203:13:MX_WWDG_Init	8	static
main.c:1229:13:MX_FMC_Init	40	static
main.c:1280:13:MX_GPIO_Init	72	static
main.c:1369:6:Error_Handler	4	static
