18:47:17 **** Incremental Build of configuration Debug for project MotherEnigine ****
make all 
Building file: ../Tasks/lwIPTask.c
Invoking: MCU GCC Compiler
/Users/christiansager/Documents/Klanghabitat_Quantum/firmware/STM32_Workspace/MotherEnigine/Debug
arm-none-eabi-gcc -mcpu=cortex-m7 -mthumb -mfloat-abi=hard -mfpu=fpv5-d16 '-D__weak=__attribute__((weak))' '-D__packed="__attribute__((__packed__))"' -DUSE_HAL_DRIVER -DSTM32F767xx '-DLWIP_HTTPD_SSI=1' '-DLWIP_HTTPD_CGI=1' -I"/Users/christiansager/Documents/Klanghabitat_Quantum/firmware/STM32_Workspace/MotherEnigine/Inc" -I"/Users/christiansager/Documents/Klanghabitat_Quantum/firmware/STM32_Workspace/MotherEnigine/Middlewares/Third_Party/LwIP/src/include" -I"/Users/christiansager/Documents/Klanghabitat_Quantum/firmware/STM32_Workspace/MotherEnigine/Middlewares/Third_Party/LwIP/system" -I"/Users/christiansager/Documents/Klanghabitat_Quantum/firmware/STM32_Workspace/MotherEnigine/Drivers/STM32F7xx_HAL_Driver/Inc" -I"/Users/christiansager/Documents/Klanghabitat_Quantum/firmware/STM32_Workspace/MotherEnigine/Drivers/STM32F7xx_HAL_Driver/Inc/Legacy" -I"/Users/christiansager/Documents/Klanghabitat_Quantum/firmware/STM32_Workspace/MotherEnigine/Middlewares/Third_Party/FreeRTOS/Source/include" -I"/Users/christiansager/Documents/Klanghabitat_Quantum/firmware/STM32_Workspace/MotherEnigine/Middlewares/Third_Party/FreeRTOS/Source/CMSIS_RTOS" -I"/Users/christiansager/Documents/Klanghabitat_Quantum/firmware/STM32_Workspace/MotherEnigine/Middlewares/Third_Party/FreeRTOS/Source/portable/GCC/ARM_CM7/r0p1" -I"/Users/christiansager/Documents/Klanghabitat_Quantum/firmware/STM32_Workspace/MotherEnigine/Middlewares/Third_Party/LwIP/src/include/netif/ppp" -I"/Users/christiansager/Documents/Klanghabitat_Quantum/firmware/STM32_Workspace/MotherEnigine/Drivers/CMSIS/Device/ST/STM32F7xx/Include" -I"/Users/christiansager/Documents/Klanghabitat_Quantum/firmware/STM32_Workspace/MotherEnigine/Middlewares/Third_Party/LwIP/src/include/lwip" -I"/Users/christiansager/Documents/Klanghabitat_Quantum/firmware/STM32_Workspace/MotherEnigine/Middlewares/Third_Party/LwIP/src/include/lwip/apps" -I"/Users/christiansager/Documents/Klanghabitat_Quantum/firmware/STM32_Workspace/MotherEnigine/Middlewares/Third_Party/LwIP/src/include/lwip/priv" -I"/Users/christiansager/Documents/Klanghabitat_Quantum/firmware/STM32_Workspace/MotherEnigine/Middlewares/Third_Party/LwIP/src/include/lwip/prot" -I"/Users/christiansager/Documents/Klanghabitat_Quantum/firmware/STM32_Workspace/MotherEnigine/Middlewares/Third_Party/LwIP/src/include/netif" -I"/Users/christiansager/Documents/Klanghabitat_Quantum/firmware/STM32_Workspace/MotherEnigine/Middlewares/Third_Party/LwIP/src/include/posix" -I"/Users/christiansager/Documents/Klanghabitat_Quantum/firmware/STM32_Workspace/MotherEnigine/Middlewares/Third_Party/LwIP/src/include/posix/sys" -I"/Users/christiansager/Documents/Klanghabitat_Quantum/firmware/STM32_Workspace/MotherEnigine/Middlewares/Third_Party/LwIP/system/arch" -I"/Users/christiansager/Documents/Klanghabitat_Quantum/firmware/STM32_Workspace/MotherEnigine/Drivers/CMSIS/Include" -I"/Users/christiansager/Documents/Klanghabitat_Quantum/firmware/STM32_Workspace/MotherEnigine/Middlewares/Third_Party/LwIP/src/apps/httpd"  -Og -g3 -Wall -fmessage-length=0 -ffunction-sections -c -fmessage-length=0 -MMD -MP -MF"Tasks/lwIPTask.d" -MT"Tasks/lwIPTask.o" -o "Tasks/lwIPTask.o" "../Tasks/lwIPTask.c"
../Tasks/lwIPTask.c: In function 'IPCGIhandler':
../Tasks/lwIPTask.c:34:10: warning: implicit declaration of function 'memcpy' [-Wimplicit-function-declaration]
          memcpy (IP1, pcValue[0],3);
          ^~~~~~
../Tasks/lwIPTask.c:34:10: warning: incompatible implicit declaration of built-in function 'memcpy'
../Tasks/lwIPTask.c:34:10: note: include '<string.h>' or provide a declaration of 'memcpy'
../Tasks/lwIPTask.c:33:10: warning: unused variable 'ind' [-Wunused-variable]
      int ind = iIndex;
          ^~~
../Tasks/lwIPTask.c:28:15: warning: unused variable 'i' [-Wunused-variable]
      uint32_t i=0;
               ^
../Tasks/lwIPTask.c: In function 'LedCGIhandler':
../Tasks/lwIPTask.c:59:10: warning: implicit declaration of function 'strcmp' [-Wimplicit-function-declaration]
      if (strcmp(pcParam[i], "led") == 0)
          ^~~~~~
../Tasks/lwIPTask.c: In function 'SendUDP':
../Tasks/lwIPTask.c:107:6: warning: incompatible implicit declaration of built-in function 'memcpy'
      memcpy(ethTxBuffer_p->payload, UDP_Message, sizeof(UDP_Message));
      ^~~~~~
../Tasks/lwIPTask.c:107:6: note: include '<string.h>' or provide a declaration of 'memcpy'
../Tasks/lwIPTask.c:109:6: warning: implicit declaration of function 'udp_sendto'; did you mean 'fd_set'? [-Wimplicit-function-declaration]
      udp_sendto(udpPcb, ethTxBuffer_p, &client1IpAddr,9002);  //SEND UDP TO PORT 9002
      ^~~~~~~~~~
      fd_set
../Tasks/lwIPTask.c: In function 'udp_recive':
../Tasks/lwIPTask.c:121:3: warning: incompatible implicit declaration of built-in function 'memcpy'
   memcpy(str, p -> payload, p -> len);
   ^~~~~~
../Tasks/lwIPTask.c:121:3: note: include '<string.h>' or provide a declaration of 'memcpy'
../Tasks/lwIPTask.c: In function 'UDP_init':
../Tasks/lwIPTask.c:130:17: warning: implicit declaration of function 'udp_new' [-Wimplicit-function-declaration]
        udpPcb = udp_new();
                 ^~~~~~~
../Tasks/lwIPTask.c:130:15: warning: assignment makes pointer from integer without a cast [-Wint-conversion]
        udpPcb = udp_new();
               ^
../Tasks/lwIPTask.c:135:19: warning: implicit declaration of function 'udp_bind'; did you mean 'udp_recive'? [-Wimplicit-function-declaration]
          udpErr = udp_bind(udpPcb, &ownIPaddr, 9001); //Definition of
                   ^~~~~~~~
                   udp_recive
../Tasks/lwIPTask.c:136:10: warning: implicit declaration of function 'udp_recv'; did you mean 'udp_recive'? [-Wimplicit-function-declaration]
          udp_recv(udpPcb, udp_recive, NULL);
          ^~~~~~~~
          udp_recive
../Tasks/lwIPTask.c: In function 'mySSIHandler':
../Tasks/lwIPTask.c:156:11: warning: unused variable 'myStr1' [-Wunused-variable]
      char myStr1[] = "Hello from Tag #1!"; //string to be displayed on web page
           ^~~~~~
../Tasks/lwIPTask.c:162:11: warning: unused variable 'myStr2' [-Wunused-variable]
      char myStr2[] = "Hello from Tag #2!"; //string to be displayed on web page
           ^~~~~~
../Tasks/lwIPTask.c: In function 'lwIPTask':
../Tasks/lwIPTask.c:193:3: warning: statement with no effect [-Wunused-value]
   str;
   ^~~
Finished building: ../Tasks/lwIPTask.c
 
Building target: MotherEnigine.elf
Invoking: MCU GCC Linker
arm-none-eabi-gcc -mcpu=cortex-m7 -mthumb -mfloat-abi=hard -mfpu=fpv5-d16 -specs=nosys.specs -specs=nano.specs -T"../STM32F767ZITx_FLASH.ld" -Wl,-Map=output.map -Wl,--gc-sections -o "MotherEnigine.elf" @"objects.list"   -lm
Finished building target: MotherEnigine.elf
 
/Library/Developer/CommandLineTools/usr/bin/make --no-print-directory post-build
Generating hex and Printing size information:
arm-none-eabi-objcopy -O ihex "MotherEnigine.elf" "MotherEnigine.hex"
arm-none-eabi-size "MotherEnigine.elf"
   text	   data	    bss	    dec	    hex	filename
  90740	    164	  46716	 137620	  21994	MotherEnigine.elf
 
18:48:41 **** Incremental Build of configuration Debug for project MotherEnigine ****
make all 
Building file: ../Middlewares/Third_Party/LwIP/src/apps/httpd/fs.c
Invoking: MCU GCC Compiler
/Users/christiansager/Documents/Klanghabitat_Quantum/firmware/STM32_Workspace/MotherEnigine/Debug
arm-none-eabi-gcc -mcpu=cortex-m7 -mthumb -mfloat-abi=hard -mfpu=fpv5-d16 '-D__weak=__attribute__((weak))' '-D__packed="__attribute__((__packed__))"' -DUSE_HAL_DRIVER -DSTM32F767xx '-DLWIP_HTTPD_SSI=1' '-DLWIP_HTTPD_CGI=1' -I"/Users/christiansager/Documents/Klanghabitat_Quantum/firmware/STM32_Workspace/MotherEnigine/Inc" -I"/Users/christiansager/Documents/Klanghabitat_Quantum/firmware/STM32_Workspace/MotherEnigine/Middlewares/Third_Party/LwIP/src/include" -I"/Users/christiansager/Documents/Klanghabitat_Quantum/firmware/STM32_Workspace/MotherEnigine/Middlewares/Third_Party/LwIP/system" -I"/Users/christiansager/Documents/Klanghabitat_Quantum/firmware/STM32_Workspace/MotherEnigine/Drivers/STM32F7xx_HAL_Driver/Inc" -I"/Users/christiansager/Documents/Klanghabitat_Quantum/firmware/STM32_Workspace/MotherEnigine/Drivers/STM32F7xx_HAL_Driver/Inc/Legacy" -I"/Users/christiansager/Documents/Klanghabitat_Quantum/firmware/STM32_Workspace/MotherEnigine/Middlewares/Third_Party/FreeRTOS/Source/include" -I"/Users/christiansager/Documents/Klanghabitat_Quantum/firmware/STM32_Workspace/MotherEnigine/Middlewares/Third_Party/FreeRTOS/Source/CMSIS_RTOS" -I"/Users/christiansager/Documents/Klanghabitat_Quantum/firmware/STM32_Workspace/MotherEnigine/Middlewares/Third_Party/FreeRTOS/Source/portable/GCC/ARM_CM7/r0p1" -I"/Users/christiansager/Documents/Klanghabitat_Quantum/firmware/STM32_Workspace/MotherEnigine/Middlewares/Third_Party/LwIP/src/include/netif/ppp" -I"/Users/christiansager/Documents/Klanghabitat_Quantum/firmware/STM32_Workspace/MotherEnigine/Drivers/CMSIS/Device/ST/STM32F7xx/Include" -I"/Users/christiansager/Documents/Klanghabitat_Quantum/firmware/STM32_Workspace/MotherEnigine/Middlewares/Third_Party/LwIP/src/include/lwip" -I"/Users/christiansager/Documents/Klanghabitat_Quantum/firmware/STM32_Workspace/MotherEnigine/Middlewares/Third_Party/LwIP/src/include/lwip/apps" -I"/Users/christiansager/Documents/Klanghabitat_Quantum/firmware/STM32_Workspace/MotherEnigine/Middlewares/Third_Party/LwIP/src/include/lwip/priv" -I"/Users/christiansager/Documents/Klanghabitat_Quantum/firmware/STM32_Workspace/MotherEnigine/Middlewares/Third_Party/LwIP/src/include/lwip/prot" -I"/Users/christiansager/Documents/Klanghabitat_Quantum/firmware/STM32_Workspace/MotherEnigine/Middlewares/Third_Party/LwIP/src/include/netif" -I"/Users/christiansager/Documents/Klanghabitat_Quantum/firmware/STM32_Workspace/MotherEnigine/Middlewares/Third_Party/LwIP/src/include/posix" -I"/Users/christiansager/Documents/Klanghabitat_Quantum/firmware/STM32_Workspace/MotherEnigine/Middlewares/Third_Party/LwIP/src/include/posix/sys" -I"/Users/christiansager/Documents/Klanghabitat_Quantum/firmware/STM32_Workspace/MotherEnigine/Middlewares/Third_Party/LwIP/system/arch" -I"/Users/christiansager/Documents/Klanghabitat_Quantum/firmware/STM32_Workspace/MotherEnigine/Drivers/CMSIS/Include" -I"/Users/christiansager/Documents/Klanghabitat_Quantum/firmware/STM32_Workspace/MotherEnigine/Middlewares/Third_Party/LwIP/src/apps/httpd"  -Og -g3 -Wall -fmessage-length=0 -ffunction-sections -c -fmessage-length=0 -MMD -MP -MF"Middlewares/Third_Party/LwIP/src/apps/httpd/fs.d" -MT"Middlewares/Third_Party/LwIP/src/apps/httpd/fs.o" -o "Middlewares/Third_Party/LwIP/src/apps/httpd/fs.o" "../Middlewares/Third_Party/LwIP/src/apps/httpd/fs.c"
Finished building: ../Middlewares/Third_Party/LwIP/src/apps/httpd/fs.c
 
Building target: MotherEnigine.elf
Invoking: MCU GCC Linker
arm-none-eabi-gcc -mcpu=cortex-m7 -mthumb -mfloat-abi=hard -mfpu=fpv5-d16 -specs=nosys.specs -specs=nano.specs -T"../STM32F767ZITx_FLASH.ld" -Wl,-Map=output.map -Wl,--gc-sections -o "MotherEnigine.elf" @"objects.list"   -lm
Finished building target: MotherEnigine.elf
 
/Library/Developer/CommandLineTools/usr/bin/make --no-print-directory post-build
Generating hex and Printing size information:
arm-none-eabi-objcopy -O ihex "MotherEnigine.elf" "MotherEnigine.hex"
arm-none-eabi-size "MotherEnigine.elf"
   text	   data	    bss	    dec	    hex	filename
  90872	    164	  46716	 137752	  21a18	MotherEnigine.elf
 
18:49:12 **** Incremental Build of configuration Debug for project MotherEnigine ****
make all 
make: Nothing to be done for `all'.
18:52:20 **** Incremental Build of configuration Debug for project MotherEnigine ****
make all 
Building file: ../Tasks/lwIPTask.c
Invoking: MCU GCC Compiler
/Users/christiansager/Documents/Klanghabitat_Quantum/firmware/STM32_Workspace/MotherEnigine/Debug
arm-none-eabi-gcc -mcpu=cortex-m7 -mthumb -mfloat-abi=hard -mfpu=fpv5-d16 '-D__weak=__attribute__((weak))' '-D__packed="__attribute__((__packed__))"' -DUSE_HAL_DRIVER -DSTM32F767xx '-DLWIP_HTTPD_SSI=1' '-DLWIP_HTTPD_CGI=1' -I"/Users/christiansager/Documents/Klanghabitat_Quantum/firmware/STM32_Workspace/MotherEnigine/Inc" -I"/Users/christiansager/Documents/Klanghabitat_Quantum/firmware/STM32_Workspace/MotherEnigine/Middlewares/Third_Party/LwIP/src/include" -I"/Users/christiansager/Documents/Klanghabitat_Quantum/firmware/STM32_Workspace/MotherEnigine/Middlewares/Third_Party/LwIP/system" -I"/Users/christiansager/Documents/Klanghabitat_Quantum/firmware/STM32_Workspace/MotherEnigine/Drivers/STM32F7xx_HAL_Driver/Inc" -I"/Users/christiansager/Documents/Klanghabitat_Quantum/firmware/STM32_Workspace/MotherEnigine/Drivers/STM32F7xx_HAL_Driver/Inc/Legacy" -I"/Users/christiansager/Documents/Klanghabitat_Quantum/firmware/STM32_Workspace/MotherEnigine/Middlewares/Third_Party/FreeRTOS/Source/include" -I"/Users/christiansager/Documents/Klanghabitat_Quantum/firmware/STM32_Workspace/MotherEnigine/Middlewares/Third_Party/FreeRTOS/Source/CMSIS_RTOS" -I"/Users/christiansager/Documents/Klanghabitat_Quantum/firmware/STM32_Workspace/MotherEnigine/Middlewares/Third_Party/FreeRTOS/Source/portable/GCC/ARM_CM7/r0p1" -I"/Users/christiansager/Documents/Klanghabitat_Quantum/firmware/STM32_Workspace/MotherEnigine/Middlewares/Third_Party/LwIP/src/include/netif/ppp" -I"/Users/christiansager/Documents/Klanghabitat_Quantum/firmware/STM32_Workspace/MotherEnigine/Drivers/CMSIS/Device/ST/STM32F7xx/Include" -I"/Users/christiansager/Documents/Klanghabitat_Quantum/firmware/STM32_Workspace/MotherEnigine/Middlewares/Third_Party/LwIP/src/include/lwip" -I"/Users/christiansager/Documents/Klanghabitat_Quantum/firmware/STM32_Workspace/MotherEnigine/Middlewares/Third_Party/LwIP/src/include/lwip/apps" -I"/Users/christiansager/Documents/Klanghabitat_Quantum/firmware/STM32_Workspace/MotherEnigine/Middlewares/Third_Party/LwIP/src/include/lwip/priv" -I"/Users/christiansager/Documents/Klanghabitat_Quantum/firmware/STM32_Workspace/MotherEnigine/Middlewares/Third_Party/LwIP/src/include/lwip/prot" -I"/Users/christiansager/Documents/Klanghabitat_Quantum/firmware/STM32_Workspace/MotherEnigine/Middlewares/Third_Party/LwIP/src/include/netif" -I"/Users/christiansager/Documents/Klanghabitat_Quantum/firmware/STM32_Workspace/MotherEnigine/Middlewares/Third_Party/LwIP/src/include/posix" -I"/Users/christiansager/Documents/Klanghabitat_Quantum/firmware/STM32_Workspace/MotherEnigine/Middlewares/Third_Party/LwIP/src/include/posix/sys" -I"/Users/christiansager/Documents/Klanghabitat_Quantum/firmware/STM32_Workspace/MotherEnigine/Middlewares/Third_Party/LwIP/system/arch" -I"/Users/christiansager/Documents/Klanghabitat_Quantum/firmware/STM32_Workspace/MotherEnigine/Drivers/CMSIS/Include" -I"/Users/christiansager/Documents/Klanghabitat_Quantum/firmware/STM32_Workspace/MotherEnigine/Middlewares/Third_Party/LwIP/src/apps/httpd"  -Og -g3 -Wall -fmessage-length=0 -ffunction-sections -c -fmessage-length=0 -MMD -MP -MF"Tasks/lwIPTask.d" -MT"Tasks/lwIPTask.o" -o "Tasks/lwIPTask.o" "../Tasks/lwIPTask.c"
../Tasks/lwIPTask.c: In function 'IPCGIhandler':
../Tasks/lwIPTask.c:34:10: warning: implicit declaration of function 'memcpy' [-Wimplicit-function-declaration]
          memcpy (IP1, pcValue[0],3);
          ^~~~~~
../Tasks/lwIPTask.c:34:10: warning: incompatible implicit declaration of built-in function 'memcpy'
../Tasks/lwIPTask.c:34:10: note: include '<string.h>' or provide a declaration of 'memcpy'
../Tasks/lwIPTask.c:33:10: warning: unused variable 'ind' [-Wunused-variable]
      int ind = iIndex;
          ^~~
../Tasks/lwIPTask.c:28:15: warning: unused variable 'i' [-Wunused-variable]
      uint32_t i=0;
               ^
../Tasks/lwIPTask.c: In function 'LedCGIhandler':
../Tasks/lwIPTask.c:59:10: warning: implicit declaration of function 'strcmp' [-Wimplicit-function-declaration]
      if (strcmp(pcParam[i], "led") == 0)
          ^~~~~~
../Tasks/lwIPTask.c: In function 'SendUDP':
../Tasks/lwIPTask.c:107:6: warning: incompatible implicit declaration of built-in function 'memcpy'
      memcpy(ethTxBuffer_p->payload, UDP_Message, sizeof(UDP_Message));
      ^~~~~~
../Tasks/lwIPTask.c:107:6: note: include '<string.h>' or provide a declaration of 'memcpy'
../Tasks/lwIPTask.c:109:6: warning: implicit declaration of function 'udp_sendto'; did you mean 'fd_set'? [-Wimplicit-function-declaration]
      udp_sendto(udpPcb, ethTxBuffer_p, &client1IpAddr,9002);  //SEND UDP TO PORT 9002
      ^~~~~~~~~~
      fd_set
../Tasks/lwIPTask.c: In function 'udp_recive':
../Tasks/lwIPTask.c:121:3: warning: incompatible implicit declaration of built-in function 'memcpy'
   memcpy(str, p -> payload, p -> len);
   ^~~~~~
../Tasks/lwIPTask.c:121:3: note: include '<string.h>' or provide a declaration of 'memcpy'
../Tasks/lwIPTask.c: In function 'UDP_init':
../Tasks/lwIPTask.c:130:17: warning: implicit declaration of function 'udp_new' [-Wimplicit-function-declaration]
        udpPcb = udp_new();
                 ^~~~~~~
../Tasks/lwIPTask.c:130:15: warning: assignment makes pointer from integer without a cast [-Wint-conversion]
        udpPcb = udp_new();
               ^
../Tasks/lwIPTask.c:135:19: warning: implicit declaration of function 'udp_bind'; did you mean 'udp_recive'? [-Wimplicit-function-declaration]
          udpErr = udp_bind(udpPcb, &ownIPaddr, 9001); //Definition of
                   ^~~~~~~~
                   udp_recive
../Tasks/lwIPTask.c:136:10: warning: implicit declaration of function 'udp_recv'; did you mean 'udp_recive'? [-Wimplicit-function-declaration]
          udp_recv(udpPcb, udp_recive, NULL);
          ^~~~~~~~
          udp_recive
../Tasks/lwIPTask.c: In function 'mySSIHandler':
../Tasks/lwIPTask.c:156:11: warning: unused variable 'myStr1' [-Wunused-variable]
      char myStr1[] = "#1!"; //string to be displayed on web page
           ^~~~~~
../Tasks/lwIPTask.c:162:11: warning: unused variable 'myStr2' [-Wunused-variable]
      char myStr2[] = "#2!"; //string to be displayed on web page
           ^~~~~~
../Tasks/lwIPTask.c: In function 'lwIPTask':
../Tasks/lwIPTask.c:193:3: warning: statement with no effect [-Wunused-value]
   str;
   ^~~
Finished building: ../Tasks/lwIPTask.c
 
Building target: MotherEnigine.elf
Invoking: MCU GCC Linker
arm-none-eabi-gcc -mcpu=cortex-m7 -mthumb -mfloat-abi=hard -mfpu=fpv5-d16 -specs=nosys.specs -specs=nano.specs -T"../STM32F767ZITx_FLASH.ld" -Wl,-Map=output.map -Wl,--gc-sections -o "MotherEnigine.elf" @"objects.list"   -lm
Finished building target: MotherEnigine.elf
 
/Library/Developer/CommandLineTools/usr/bin/make --no-print-directory post-build
Generating hex and Printing size information:
arm-none-eabi-objcopy -O ihex "MotherEnigine.elf" "MotherEnigine.hex"
arm-none-eabi-size "MotherEnigine.elf"
   text	   data	    bss	    dec	    hex	filename
  90872	    164	  46716	 137752	  21a18	MotherEnigine.elf
 
18:54:33 **** Incremental Build of configuration Debug for project MotherEnigine ****
make all 
Building file: ../Tasks/lwIPTask.c
Invoking: MCU GCC Compiler
/Users/christiansager/Documents/Klanghabitat_Quantum/firmware/STM32_Workspace/MotherEnigine/Debug
arm-none-eabi-gcc -mcpu=cortex-m7 -mthumb -mfloat-abi=hard -mfpu=fpv5-d16 '-D__weak=__attribute__((weak))' '-D__packed="__attribute__((__packed__))"' -DUSE_HAL_DRIVER -DSTM32F767xx '-DLWIP_HTTPD_SSI=1' '-DLWIP_HTTPD_CGI=1' -I"/Users/christiansager/Documents/Klanghabitat_Quantum/firmware/STM32_Workspace/MotherEnigine/Inc" -I"/Users/christiansager/Documents/Klanghabitat_Quantum/firmware/STM32_Workspace/MotherEnigine/Middlewares/Third_Party/LwIP/src/include" -I"/Users/christiansager/Documents/Klanghabitat_Quantum/firmware/STM32_Workspace/MotherEnigine/Middlewares/Third_Party/LwIP/system" -I"/Users/christiansager/Documents/Klanghabitat_Quantum/firmware/STM32_Workspace/MotherEnigine/Drivers/STM32F7xx_HAL_Driver/Inc" -I"/Users/christiansager/Documents/Klanghabitat_Quantum/firmware/STM32_Workspace/MotherEnigine/Drivers/STM32F7xx_HAL_Driver/Inc/Legacy" -I"/Users/christiansager/Documents/Klanghabitat_Quantum/firmware/STM32_Workspace/MotherEnigine/Middlewares/Third_Party/FreeRTOS/Source/include" -I"/Users/christiansager/Documents/Klanghabitat_Quantum/firmware/STM32_Workspace/MotherEnigine/Middlewares/Third_Party/FreeRTOS/Source/CMSIS_RTOS" -I"/Users/christiansager/Documents/Klanghabitat_Quantum/firmware/STM32_Workspace/MotherEnigine/Middlewares/Third_Party/FreeRTOS/Source/portable/GCC/ARM_CM7/r0p1" -I"/Users/christiansager/Documents/Klanghabitat_Quantum/firmware/STM32_Workspace/MotherEnigine/Middlewares/Third_Party/LwIP/src/include/netif/ppp" -I"/Users/christiansager/Documents/Klanghabitat_Quantum/firmware/STM32_Workspace/MotherEnigine/Drivers/CMSIS/Device/ST/STM32F7xx/Include" -I"/Users/christiansager/Documents/Klanghabitat_Quantum/firmware/STM32_Workspace/MotherEnigine/Middlewares/Third_Party/LwIP/src/include/lwip" -I"/Users/christiansager/Documents/Klanghabitat_Quantum/firmware/STM32_Workspace/MotherEnigine/Middlewares/Third_Party/LwIP/src/include/lwip/apps" -I"/Users/christiansager/Documents/Klanghabitat_Quantum/firmware/STM32_Workspace/MotherEnigine/Middlewares/Third_Party/LwIP/src/include/lwip/priv" -I"/Users/christiansager/Documents/Klanghabitat_Quantum/firmware/STM32_Workspace/MotherEnigine/Middlewares/Third_Party/LwIP/src/include/lwip/prot" -I"/Users/christiansager/Documents/Klanghabitat_Quantum/firmware/STM32_Workspace/MotherEnigine/Middlewares/Third_Party/LwIP/src/include/netif" -I"/Users/christiansager/Documents/Klanghabitat_Quantum/firmware/STM32_Workspace/MotherEnigine/Middlewares/Third_Party/LwIP/src/include/posix" -I"/Users/christiansager/Documents/Klanghabitat_Quantum/firmware/STM32_Workspace/MotherEnigine/Middlewares/Third_Party/LwIP/src/include/posix/sys" -I"/Users/christiansager/Documents/Klanghabitat_Quantum/firmware/STM32_Workspace/MotherEnigine/Middlewares/Third_Party/LwIP/system/arch" -I"/Users/christiansager/Documents/Klanghabitat_Quantum/firmware/STM32_Workspace/MotherEnigine/Drivers/CMSIS/Include" -I"/Users/christiansager/Documents/Klanghabitat_Quantum/firmware/STM32_Workspace/MotherEnigine/Middlewares/Third_Party/LwIP/src/apps/httpd"  -Og -g3 -Wall -fmessage-length=0 -ffunction-sections -c -fmessage-length=0 -MMD -MP -MF"Tasks/lwIPTask.d" -MT"Tasks/lwIPTask.o" -o "Tasks/lwIPTask.o" "../Tasks/lwIPTask.c"
../Tasks/lwIPTask.c: In function 'IPCGIhandler':
../Tasks/lwIPTask.c:34:10: warning: implicit declaration of function 'memcpy' [-Wimplicit-function-declaration]
          memcpy (IP1, pcValue[0],3);
          ^~~~~~
../Tasks/lwIPTask.c:34:10: warning: incompatible implicit declaration of built-in function 'memcpy'
../Tasks/lwIPTask.c:34:10: note: include '<string.h>' or provide a declaration of 'memcpy'
../Tasks/lwIPTask.c:33:10: warning: unused variable 'ind' [-Wunused-variable]
      int ind = iIndex;
          ^~~
../Tasks/lwIPTask.c:28:15: warning: unused variable 'i' [-Wunused-variable]
      uint32_t i=0;
               ^
../Tasks/lwIPTask.c: In function 'LedCGIhandler':
../Tasks/lwIPTask.c:59:10: warning: implicit declaration of function 'strcmp' [-Wimplicit-function-declaration]
      if (strcmp(pcParam[i], "led") == 0)
          ^~~~~~
../Tasks/lwIPTask.c: In function 'SendUDP':
../Tasks/lwIPTask.c:107:6: warning: incompatible implicit declaration of built-in function 'memcpy'
      memcpy(ethTxBuffer_p->payload, UDP_Message, sizeof(UDP_Message));
      ^~~~~~
../Tasks/lwIPTask.c:107:6: note: include '<string.h>' or provide a declaration of 'memcpy'
../Tasks/lwIPTask.c:109:6: warning: implicit declaration of function 'udp_sendto'; did you mean 'fd_set'? [-Wimplicit-function-declaration]
      udp_sendto(udpPcb, ethTxBuffer_p, &client1IpAddr,9002);  //SEND UDP TO PORT 9002
      ^~~~~~~~~~
      fd_set
../Tasks/lwIPTask.c: In function 'udp_recive':
../Tasks/lwIPTask.c:121:3: warning: incompatible implicit declaration of built-in function 'memcpy'
   memcpy(str, p -> payload, p -> len);
   ^~~~~~
../Tasks/lwIPTask.c:121:3: note: include '<string.h>' or provide a declaration of 'memcpy'
../Tasks/lwIPTask.c: In function 'UDP_init':
../Tasks/lwIPTask.c:130:17: warning: implicit declaration of function 'udp_new' [-Wimplicit-function-declaration]
        udpPcb = udp_new();
                 ^~~~~~~
../Tasks/lwIPTask.c:130:15: warning: assignment makes pointer from integer without a cast [-Wint-conversion]
        udpPcb = udp_new();
               ^
../Tasks/lwIPTask.c:135:19: warning: implicit declaration of function 'udp_bind'; did you mean 'udp_recive'? [-Wimplicit-function-declaration]
          udpErr = udp_bind(udpPcb, &ownIPaddr, 9001); //Definition of
                   ^~~~~~~~
                   udp_recive
../Tasks/lwIPTask.c:136:10: warning: implicit declaration of function 'udp_recv'; did you mean 'udp_recive'? [-Wimplicit-function-declaration]
          udp_recv(udpPcb, udp_recive, NULL);
          ^~~~~~~~
          udp_recive
../Tasks/lwIPTask.c: In function 'mySSIHandler':
../Tasks/lwIPTask.c:158:6: warning: implicit declaration of function 'strcpy' [-Wimplicit-function-declaration]
      strcpy(pcInsert, myStr1);
      ^~~~~~
../Tasks/lwIPTask.c:158:6: warning: incompatible implicit declaration of built-in function 'strcpy'
../Tasks/lwIPTask.c:158:6: note: include '<string.h>' or provide a declaration of 'strcpy'
../Tasks/lwIPTask.c:160:13: warning: implicit declaration of function 'strlen' [-Wimplicit-function-declaration]
      return strlen(myStr1);
             ^~~~~~
../Tasks/lwIPTask.c:160:13: warning: incompatible implicit declaration of built-in function 'strlen'
../Tasks/lwIPTask.c:160:13: note: include '<string.h>' or provide a declaration of 'strlen'
../Tasks/lwIPTask.c:166:6: warning: incompatible implicit declaration of built-in function 'strcpy'
      strcpy(pcInsert, myStr2);
      ^~~~~~
../Tasks/lwIPTask.c:166:6: note: include '<string.h>' or provide a declaration of 'strcpy'
../Tasks/lwIPTask.c:168:13: warning: incompatible implicit declaration of built-in function 'strlen'
      return strlen(myStr2);
             ^~~~~~
../Tasks/lwIPTask.c:168:13: note: include '<string.h>' or provide a declaration of 'strlen'
../Tasks/lwIPTask.c: In function 'lwIPTask':
../Tasks/lwIPTask.c:197:3: warning: statement with no effect [-Wunused-value]
   str;
   ^~~
Finished building: ../Tasks/lwIPTask.c
 
Building target: MotherEnigine.elf
Invoking: MCU GCC Linker
arm-none-eabi-gcc -mcpu=cortex-m7 -mthumb -mfloat-abi=hard -mfpu=fpv5-d16 -specs=nosys.specs -specs=nano.specs -T"../STM32F767ZITx_FLASH.ld" -Wl,-Map=output.map -Wl,--gc-sections -o "MotherEnigine.elf" @"objects.list"   -lm
Finished building target: MotherEnigine.elf
 
/Library/Developer/CommandLineTools/usr/bin/make --no-print-directory post-build
Generating hex and Printing size information:
arm-none-eabi-objcopy -O ihex "MotherEnigine.elf" "MotherEnigine.hex"
arm-none-eabi-size "MotherEnigine.elf"
   text	   data	    bss	    dec	    hex	filename
  90964	    164	  46716	 137844	  21a74	MotherEnigine.elf
 
18:56:20 **** Incremental Build of configuration Debug for project MotherEnigine ****
make all 
Building file: ../Tasks/lwIPTask.c
Invoking: MCU GCC Compiler
/Users/christiansager/Documents/Klanghabitat_Quantum/firmware/STM32_Workspace/MotherEnigine/Debug
arm-none-eabi-gcc -mcpu=cortex-m7 -mthumb -mfloat-abi=hard -mfpu=fpv5-d16 '-D__weak=__attribute__((weak))' '-D__packed="__attribute__((__packed__))"' -DUSE_HAL_DRIVER -DSTM32F767xx '-DLWIP_HTTPD_SSI=1' '-DLWIP_HTTPD_CGI=1' -I"/Users/christiansager/Documents/Klanghabitat_Quantum/firmware/STM32_Workspace/MotherEnigine/Inc" -I"/Users/christiansager/Documents/Klanghabitat_Quantum/firmware/STM32_Workspace/MotherEnigine/Middlewares/Third_Party/LwIP/src/include" -I"/Users/christiansager/Documents/Klanghabitat_Quantum/firmware/STM32_Workspace/MotherEnigine/Middlewares/Third_Party/LwIP/system" -I"/Users/christiansager/Documents/Klanghabitat_Quantum/firmware/STM32_Workspace/MotherEnigine/Drivers/STM32F7xx_HAL_Driver/Inc" -I"/Users/christiansager/Documents/Klanghabitat_Quantum/firmware/STM32_Workspace/MotherEnigine/Drivers/STM32F7xx_HAL_Driver/Inc/Legacy" -I"/Users/christiansager/Documents/Klanghabitat_Quantum/firmware/STM32_Workspace/MotherEnigine/Middlewares/Third_Party/FreeRTOS/Source/include" -I"/Users/christiansager/Documents/Klanghabitat_Quantum/firmware/STM32_Workspace/MotherEnigine/Middlewares/Third_Party/FreeRTOS/Source/CMSIS_RTOS" -I"/Users/christiansager/Documents/Klanghabitat_Quantum/firmware/STM32_Workspace/MotherEnigine/Middlewares/Third_Party/FreeRTOS/Source/portable/GCC/ARM_CM7/r0p1" -I"/Users/christiansager/Documents/Klanghabitat_Quantum/firmware/STM32_Workspace/MotherEnigine/Middlewares/Third_Party/LwIP/src/include/netif/ppp" -I"/Users/christiansager/Documents/Klanghabitat_Quantum/firmware/STM32_Workspace/MotherEnigine/Drivers/CMSIS/Device/ST/STM32F7xx/Include" -I"/Users/christiansager/Documents/Klanghabitat_Quantum/firmware/STM32_Workspace/MotherEnigine/Middlewares/Third_Party/LwIP/src/include/lwip" -I"/Users/christiansager/Documents/Klanghabitat_Quantum/firmware/STM32_Workspace/MotherEnigine/Middlewares/Third_Party/LwIP/src/include/lwip/apps" -I"/Users/christiansager/Documents/Klanghabitat_Quantum/firmware/STM32_Workspace/MotherEnigine/Middlewares/Third_Party/LwIP/src/include/lwip/priv" -I"/Users/christiansager/Documents/Klanghabitat_Quantum/firmware/STM32_Workspace/MotherEnigine/Middlewares/Third_Party/LwIP/src/include/lwip/prot" -I"/Users/christiansager/Documents/Klanghabitat_Quantum/firmware/STM32_Workspace/MotherEnigine/Middlewares/Third_Party/LwIP/src/include/netif" -I"/Users/christiansager/Documents/Klanghabitat_Quantum/firmware/STM32_Workspace/MotherEnigine/Middlewares/Third_Party/LwIP/src/include/posix" -I"/Users/christiansager/Documents/Klanghabitat_Quantum/firmware/STM32_Workspace/MotherEnigine/Middlewares/Third_Party/LwIP/src/include/posix/sys" -I"/Users/christiansager/Documents/Klanghabitat_Quantum/firmware/STM32_Workspace/MotherEnigine/Middlewares/Third_Party/LwIP/system/arch" -I"/Users/christiansager/Documents/Klanghabitat_Quantum/firmware/STM32_Workspace/MotherEnigine/Drivers/CMSIS/Include" -I"/Users/christiansager/Documents/Klanghabitat_Quantum/firmware/STM32_Workspace/MotherEnigine/Middlewares/Third_Party/LwIP/src/apps/httpd"  -Og -g3 -Wall -fmessage-length=0 -ffunction-sections -c -fmessage-length=0 -MMD -MP -MF"Tasks/lwIPTask.d" -MT"Tasks/lwIPTask.o" -o "Tasks/lwIPTask.o" "../Tasks/lwIPTask.c"
../Tasks/lwIPTask.c: In function 'IPCGIhandler':
../Tasks/lwIPTask.c:34:10: warning: implicit declaration of function 'memcpy' [-Wimplicit-function-declaration]
          memcpy (IP1, pcValue[0],3);
          ^~~~~~
../Tasks/lwIPTask.c:34:10: warning: incompatible implicit declaration of built-in function 'memcpy'
../Tasks/lwIPTask.c:34:10: note: include '<string.h>' or provide a declaration of 'memcpy'
../Tasks/lwIPTask.c:33:10: warning: unused variable 'ind' [-Wunused-variable]
      int ind = iIndex;
          ^~~
../Tasks/lwIPTask.c:28:15: warning: unused variable 'i' [-Wunused-variable]
      uint32_t i=0;
               ^
../Tasks/lwIPTask.c: In function 'LedCGIhandler':
../Tasks/lwIPTask.c:59:10: warning: implicit declaration of function 'strcmp' [-Wimplicit-function-declaration]
      if (strcmp(pcParam[i], "led") == 0)
          ^~~~~~
../Tasks/lwIPTask.c: In function 'SendUDP':
../Tasks/lwIPTask.c:107:6: warning: incompatible implicit declaration of built-in function 'memcpy'
      memcpy(ethTxBuffer_p->payload, UDP_Message, sizeof(UDP_Message));
      ^~~~~~
../Tasks/lwIPTask.c:107:6: note: include '<string.h>' or provide a declaration of 'memcpy'
../Tasks/lwIPTask.c:109:6: warning: implicit declaration of function 'udp_sendto'; did you mean 'fd_set'? [-Wimplicit-function-declaration]
      udp_sendto(udpPcb, ethTxBuffer_p, &client1IpAddr,9002);  //SEND UDP TO PORT 9002
      ^~~~~~~~~~
      fd_set
../Tasks/lwIPTask.c: In function 'udp_recive':
../Tasks/lwIPTask.c:121:3: warning: incompatible implicit declaration of built-in function 'memcpy'
   memcpy(str, p -> payload, p -> len);
   ^~~~~~
../Tasks/lwIPTask.c:121:3: note: include '<string.h>' or provide a declaration of 'memcpy'
../Tasks/lwIPTask.c: In function 'UDP_init':
../Tasks/lwIPTask.c:130:17: warning: implicit declaration of function 'udp_new' [-Wimplicit-function-declaration]
        udpPcb = udp_new();
                 ^~~~~~~
../Tasks/lwIPTask.c:130:15: warning: assignment makes pointer from integer without a cast [-Wint-conversion]
        udpPcb = udp_new();
               ^
../Tasks/lwIPTask.c:135:19: warning: implicit declaration of function 'udp_bind'; did you mean 'udp_recive'? [-Wimplicit-function-declaration]
          udpErr = udp_bind(udpPcb, &ownIPaddr, 9001); //Definition of
                   ^~~~~~~~
                   udp_recive
../Tasks/lwIPTask.c:136:10: warning: implicit declaration of function 'udp_recv'; did you mean 'udp_recive'? [-Wimplicit-function-declaration]
          udp_recv(udpPcb, udp_recive, NULL);
          ^~~~~~~~
          udp_recive
../Tasks/lwIPTask.c: In function 'mySSIHandler':
../Tasks/lwIPTask.c:158:6: warning: implicit declaration of function 'strcpy' [-Wimplicit-function-declaration]
      strcpy(pcInsert, myStr1);
      ^~~~~~
../Tasks/lwIPTask.c:158:6: warning: incompatible implicit declaration of built-in function 'strcpy'
../Tasks/lwIPTask.c:158:6: note: include '<string.h>' or provide a declaration of 'strcpy'
../Tasks/lwIPTask.c:160:13: warning: implicit declaration of function 'strlen' [-Wimplicit-function-declaration]
      return strlen(myStr1);
             ^~~~~~
../Tasks/lwIPTask.c:160:13: warning: incompatible implicit declaration of built-in function 'strlen'
../Tasks/lwIPTask.c:160:13: note: include '<string.h>' or provide a declaration of 'strlen'
../Tasks/lwIPTask.c:166:6: warning: incompatible implicit declaration of built-in function 'strcpy'
      strcpy(pcInsert, myStr2);
      ^~~~~~
../Tasks/lwIPTask.c:166:6: note: include '<string.h>' or provide a declaration of 'strcpy'
../Tasks/lwIPTask.c:168:13: warning: incompatible implicit declaration of built-in function 'strlen'
      return strlen(myStr2);
             ^~~~~~
../Tasks/lwIPTask.c:168:13: note: include '<string.h>' or provide a declaration of 'strlen'
../Tasks/lwIPTask.c: In function 'lwIPTask':
../Tasks/lwIPTask.c:197:3: warning: statement with no effect [-Wunused-value]
   str;
   ^~~
Finished building: ../Tasks/lwIPTask.c
 
Building target: MotherEnigine.elf
Invoking: MCU GCC Linker
arm-none-eabi-gcc -mcpu=cortex-m7 -mthumb -mfloat-abi=hard -mfpu=fpv5-d16 -specs=nosys.specs -specs=nano.specs -T"../STM32F767ZITx_FLASH.ld" -Wl,-Map=output.map -Wl,--gc-sections -o "MotherEnigine.elf" @"objects.list"   -lm
Finished building target: MotherEnigine.elf
 
/Library/Developer/CommandLineTools/usr/bin/make --no-print-directory post-build
Generating hex and Printing size information:
arm-none-eabi-objcopy -O ihex "MotherEnigine.elf" "MotherEnigine.hex"
arm-none-eabi-size "MotherEnigine.elf"
   text	   data	    bss	    dec	    hex	filename
  90992	    164	  46716	 137872	  21a90	MotherEnigine.elf
 
18:58:14 **** Incremental Build of configuration Debug for project MotherEnigine ****
make all 
Building file: ../Tasks/lwIPTask.c
Invoking: MCU GCC Compiler
/Users/christiansager/Documents/Klanghabitat_Quantum/firmware/STM32_Workspace/MotherEnigine/Debug
arm-none-eabi-gcc -mcpu=cortex-m7 -mthumb -mfloat-abi=hard -mfpu=fpv5-d16 '-D__weak=__attribute__((weak))' '-D__packed="__attribute__((__packed__))"' -DUSE_HAL_DRIVER -DSTM32F767xx '-DLWIP_HTTPD_SSI=1' '-DLWIP_HTTPD_CGI=1' -I"/Users/christiansager/Documents/Klanghabitat_Quantum/firmware/STM32_Workspace/MotherEnigine/Inc" -I"/Users/christiansager/Documents/Klanghabitat_Quantum/firmware/STM32_Workspace/MotherEnigine/Middlewares/Third_Party/LwIP/src/include" -I"/Users/christiansager/Documents/Klanghabitat_Quantum/firmware/STM32_Workspace/MotherEnigine/Middlewares/Third_Party/LwIP/system" -I"/Users/christiansager/Documents/Klanghabitat_Quantum/firmware/STM32_Workspace/MotherEnigine/Drivers/STM32F7xx_HAL_Driver/Inc" -I"/Users/christiansager/Documents/Klanghabitat_Quantum/firmware/STM32_Workspace/MotherEnigine/Drivers/STM32F7xx_HAL_Driver/Inc/Legacy" -I"/Users/christiansager/Documents/Klanghabitat_Quantum/firmware/STM32_Workspace/MotherEnigine/Middlewares/Third_Party/FreeRTOS/Source/include" -I"/Users/christiansager/Documents/Klanghabitat_Quantum/firmware/STM32_Workspace/MotherEnigine/Middlewares/Third_Party/FreeRTOS/Source/CMSIS_RTOS" -I"/Users/christiansager/Documents/Klanghabitat_Quantum/firmware/STM32_Workspace/MotherEnigine/Middlewares/Third_Party/FreeRTOS/Source/portable/GCC/ARM_CM7/r0p1" -I"/Users/christiansager/Documents/Klanghabitat_Quantum/firmware/STM32_Workspace/MotherEnigine/Middlewares/Third_Party/LwIP/src/include/netif/ppp" -I"/Users/christiansager/Documents/Klanghabitat_Quantum/firmware/STM32_Workspace/MotherEnigine/Drivers/CMSIS/Device/ST/STM32F7xx/Include" -I"/Users/christiansager/Documents/Klanghabitat_Quantum/firmware/STM32_Workspace/MotherEnigine/Middlewares/Third_Party/LwIP/src/include/lwip" -I"/Users/christiansager/Documents/Klanghabitat_Quantum/firmware/STM32_Workspace/MotherEnigine/Middlewares/Third_Party/LwIP/src/include/lwip/apps" -I"/Users/christiansager/Documents/Klanghabitat_Quantum/firmware/STM32_Workspace/MotherEnigine/Middlewares/Third_Party/LwIP/src/include/lwip/priv" -I"/Users/christiansager/Documents/Klanghabitat_Quantum/firmware/STM32_Workspace/MotherEnigine/Middlewares/Third_Party/LwIP/src/include/lwip/prot" -I"/Users/christiansager/Documents/Klanghabitat_Quantum/firmware/STM32_Workspace/MotherEnigine/Middlewares/Third_Party/LwIP/src/include/netif" -I"/Users/christiansager/Documents/Klanghabitat_Quantum/firmware/STM32_Workspace/MotherEnigine/Middlewares/Third_Party/LwIP/src/include/posix" -I"/Users/christiansager/Documents/Klanghabitat_Quantum/firmware/STM32_Workspace/MotherEnigine/Middlewares/Third_Party/LwIP/src/include/posix/sys" -I"/Users/christiansager/Documents/Klanghabitat_Quantum/firmware/STM32_Workspace/MotherEnigine/Middlewares/Third_Party/LwIP/system/arch" -I"/Users/christiansager/Documents/Klanghabitat_Quantum/firmware/STM32_Workspace/MotherEnigine/Drivers/CMSIS/Include" -I"/Users/christiansager/Documents/Klanghabitat_Quantum/firmware/STM32_Workspace/MotherEnigine/Middlewares/Third_Party/LwIP/src/apps/httpd"  -Og -g3 -Wall -fmessage-length=0 -ffunction-sections -c -fmessage-length=0 -MMD -MP -MF"Tasks/lwIPTask.d" -MT"Tasks/lwIPTask.o" -o "Tasks/lwIPTask.o" "../Tasks/lwIPTask.c"
../Tasks/lwIPTask.c: In function 'IPCGIhandler':
../Tasks/lwIPTask.c:34:10: warning: implicit declaration of function 'memcpy' [-Wimplicit-function-declaration]
          memcpy (IP1, pcValue[0],3);
          ^~~~~~
../Tasks/lwIPTask.c:34:10: warning: incompatible implicit declaration of built-in function 'memcpy'
../Tasks/lwIPTask.c:34:10: note: include '<string.h>' or provide a declaration of 'memcpy'
../Tasks/lwIPTask.c:33:10: warning: unused variable 'ind' [-Wunused-variable]
      int ind = iIndex;
          ^~~
../Tasks/lwIPTask.c:28:15: warning: unused variable 'i' [-Wunused-variable]
      uint32_t i=0;
               ^
../Tasks/lwIPTask.c: In function 'LedCGIhandler':
../Tasks/lwIPTask.c:59:10: warning: implicit declaration of function 'strcmp' [-Wimplicit-function-declaration]
      if (strcmp(pcParam[i], "led") == 0)
          ^~~~~~
../Tasks/lwIPTask.c: In function 'SendUDP':
../Tasks/lwIPTask.c:107:6: warning: incompatible implicit declaration of built-in function 'memcpy'
      memcpy(ethTxBuffer_p->payload, UDP_Message, sizeof(UDP_Message));
      ^~~~~~
../Tasks/lwIPTask.c:107:6: note: include '<string.h>' or provide a declaration of 'memcpy'
../Tasks/lwIPTask.c:109:6: warning: implicit declaration of function 'udp_sendto'; did you mean 'fd_set'? [-Wimplicit-function-declaration]
      udp_sendto(udpPcb, ethTxBuffer_p, &client1IpAddr,9002);  //SEND UDP TO PORT 9002
      ^~~~~~~~~~
      fd_set
../Tasks/lwIPTask.c: In function 'udp_recive':
../Tasks/lwIPTask.c:121:3: warning: incompatible implicit declaration of built-in function 'memcpy'
   memcpy(str, p -> payload, p -> len);
   ^~~~~~
../Tasks/lwIPTask.c:121:3: note: include '<string.h>' or provide a declaration of 'memcpy'
../Tasks/lwIPTask.c: In function 'UDP_init':
../Tasks/lwIPTask.c:130:17: warning: implicit declaration of function 'udp_new' [-Wimplicit-function-declaration]
        udpPcb = udp_new();
                 ^~~~~~~
../Tasks/lwIPTask.c:130:15: warning: assignment makes pointer from integer without a cast [-Wint-conversion]
        udpPcb = udp_new();
               ^
../Tasks/lwIPTask.c:135:19: warning: implicit declaration of function 'udp_bind'; did you mean 'udp_recive'? [-Wimplicit-function-declaration]
          udpErr = udp_bind(udpPcb, &ownIPaddr, 9001); //Definition of
                   ^~~~~~~~
                   udp_recive
../Tasks/lwIPTask.c:136:10: warning: implicit declaration of function 'udp_recv'; did you mean 'udp_recive'? [-Wimplicit-function-declaration]
          udp_recv(udpPcb, udp_recive, NULL);
          ^~~~~~~~
          udp_recive
../Tasks/lwIPTask.c: In function 'mySSIHandler':
../Tasks/lwIPTask.c:153:6: error: 'K' undeclared (first use in this function)
      K++;
      ^
../Tasks/lwIPTask.c:153:6: note: each undeclared identifier is reported only once for each function it appears in
../Tasks/lwIPTask.c:157:22: error: invalid initializer
      char myStr1[] = k; //string to be displayed on web page
                      ^
../Tasks/lwIPTask.c:159:6: warning: implicit declaration of function 'strcpy' [-Wimplicit-function-declaration]
      strcpy(pcInsert, myStr1);
      ^~~~~~
../Tasks/lwIPTask.c:159:6: warning: incompatible implicit declaration of built-in function 'strcpy'
../Tasks/lwIPTask.c:159:6: note: include '<string.h>' or provide a declaration of 'strcpy'
../Tasks/lwIPTask.c:161:13: warning: implicit declaration of function 'strlen' [-Wimplicit-function-declaration]
      return strlen(myStr1);
             ^~~~~~
../Tasks/lwIPTask.c:161:13: warning: incompatible implicit declaration of built-in function 'strlen'
../Tasks/lwIPTask.c:161:13: note: include '<string.h>' or provide a declaration of 'strlen'
../Tasks/lwIPTask.c:167:6: warning: incompatible implicit declaration of built-in function 'strcpy'
      strcpy(pcInsert, myStr2);
      ^~~~~~
../Tasks/lwIPTask.c:167:6: note: include '<string.h>' or provide a declaration of 'strcpy'
../Tasks/lwIPTask.c:169:13: warning: incompatible implicit declaration of built-in function 'strlen'
      return strlen(myStr2);
             ^~~~~~
../Tasks/lwIPTask.c:169:13: note: include '<string.h>' or provide a declaration of 'strlen'
../Tasks/lwIPTask.c: In function 'lwIPTask':
../Tasks/lwIPTask.c:198:3: warning: statement with no effect [-Wunused-value]
   str;
   ^~~
make: *** [Tasks/lwIPTask.o] Error 1
18:58:28 **** Incremental Build of configuration Debug for project MotherEnigine ****
make all 
Building file: ../Tasks/lwIPTask.c
Invoking: MCU GCC Compiler
/Users/christiansager/Documents/Klanghabitat_Quantum/firmware/STM32_Workspace/MotherEnigine/Debug
arm-none-eabi-gcc -mcpu=cortex-m7 -mthumb -mfloat-abi=hard -mfpu=fpv5-d16 '-D__weak=__attribute__((weak))' '-D__packed="__attribute__((__packed__))"' -DUSE_HAL_DRIVER -DSTM32F767xx '-DLWIP_HTTPD_SSI=1' '-DLWIP_HTTPD_CGI=1' -I"/Users/christiansager/Documents/Klanghabitat_Quantum/firmware/STM32_Workspace/MotherEnigine/Inc" -I"/Users/christiansager/Documents/Klanghabitat_Quantum/firmware/STM32_Workspace/MotherEnigine/Middlewares/Third_Party/LwIP/src/include" -I"/Users/christiansager/Documents/Klanghabitat_Quantum/firmware/STM32_Workspace/MotherEnigine/Middlewares/Third_Party/LwIP/system" -I"/Users/christiansager/Documents/Klanghabitat_Quantum/firmware/STM32_Workspace/MotherEnigine/Drivers/STM32F7xx_HAL_Driver/Inc" -I"/Users/christiansager/Documents/Klanghabitat_Quantum/firmware/STM32_Workspace/MotherEnigine/Drivers/STM32F7xx_HAL_Driver/Inc/Legacy" -I"/Users/christiansager/Documents/Klanghabitat_Quantum/firmware/STM32_Workspace/MotherEnigine/Middlewares/Third_Party/FreeRTOS/Source/include" -I"/Users/christiansager/Documents/Klanghabitat_Quantum/firmware/STM32_Workspace/MotherEnigine/Middlewares/Third_Party/FreeRTOS/Source/CMSIS_RTOS" -I"/Users/christiansager/Documents/Klanghabitat_Quantum/firmware/STM32_Workspace/MotherEnigine/Middlewares/Third_Party/FreeRTOS/Source/portable/GCC/ARM_CM7/r0p1" -I"/Users/christiansager/Documents/Klanghabitat_Quantum/firmware/STM32_Workspace/MotherEnigine/Middlewares/Third_Party/LwIP/src/include/netif/ppp" -I"/Users/christiansager/Documents/Klanghabitat_Quantum/firmware/STM32_Workspace/MotherEnigine/Drivers/CMSIS/Device/ST/STM32F7xx/Include" -I"/Users/christiansager/Documents/Klanghabitat_Quantum/firmware/STM32_Workspace/MotherEnigine/Middlewares/Third_Party/LwIP/src/include/lwip" -I"/Users/christiansager/Documents/Klanghabitat_Quantum/firmware/STM32_Workspace/MotherEnigine/Middlewares/Third_Party/LwIP/src/include/lwip/apps" -I"/Users/christiansager/Documents/Klanghabitat_Quantum/firmware/STM32_Workspace/MotherEnigine/Middlewares/Third_Party/LwIP/src/include/lwip/priv" -I"/Users/christiansager/Documents/Klanghabitat_Quantum/firmware/STM32_Workspace/MotherEnigine/Middlewares/Third_Party/LwIP/src/include/lwip/prot" -I"/Users/christiansager/Documents/Klanghabitat_Quantum/firmware/STM32_Workspace/MotherEnigine/Middlewares/Third_Party/LwIP/src/include/netif" -I"/Users/christiansager/Documents/Klanghabitat_Quantum/firmware/STM32_Workspace/MotherEnigine/Middlewares/Third_Party/LwIP/src/include/posix" -I"/Users/christiansager/Documents/Klanghabitat_Quantum/firmware/STM32_Workspace/MotherEnigine/Middlewares/Third_Party/LwIP/src/include/posix/sys" -I"/Users/christiansager/Documents/Klanghabitat_Quantum/firmware/STM32_Workspace/MotherEnigine/Middlewares/Third_Party/LwIP/system/arch" -I"/Users/christiansager/Documents/Klanghabitat_Quantum/firmware/STM32_Workspace/MotherEnigine/Drivers/CMSIS/Include" -I"/Users/christiansager/Documents/Klanghabitat_Quantum/firmware/STM32_Workspace/MotherEnigine/Middlewares/Third_Party/LwIP/src/apps/httpd"  -Og -g3 -Wall -fmessage-length=0 -ffunction-sections -c -fmessage-length=0 -MMD -MP -MF"Tasks/lwIPTask.d" -MT"Tasks/lwIPTask.o" -o "Tasks/lwIPTask.o" "../Tasks/lwIPTask.c"
../Tasks/lwIPTask.c: In function 'IPCGIhandler':
../Tasks/lwIPTask.c:34:10: warning: implicit declaration of function 'memcpy' [-Wimplicit-function-declaration]
          memcpy (IP1, pcValue[0],3);
          ^~~~~~
../Tasks/lwIPTask.c:34:10: warning: incompatible implicit declaration of built-in function 'memcpy'
../Tasks/lwIPTask.c:34:10: note: include '<string.h>' or provide a declaration of 'memcpy'
../Tasks/lwIPTask.c:33:10: warning: unused variable 'ind' [-Wunused-variable]
      int ind = iIndex;
          ^~~
../Tasks/lwIPTask.c:28:15: warning: unused variable 'i' [-Wunused-variable]
      uint32_t i=0;
               ^
../Tasks/lwIPTask.c: In function 'LedCGIhandler':
../Tasks/lwIPTask.c:59:10: warning: implicit declaration of function 'strcmp' [-Wimplicit-function-declaration]
      if (strcmp(pcParam[i], "led") == 0)
          ^~~~~~
../Tasks/lwIPTask.c: In function 'SendUDP':
../Tasks/lwIPTask.c:107:6: warning: incompatible implicit declaration of built-in function 'memcpy'
      memcpy(ethTxBuffer_p->payload, UDP_Message, sizeof(UDP_Message));
      ^~~~~~
../Tasks/lwIPTask.c:107:6: note: include '<string.h>' or provide a declaration of 'memcpy'
../Tasks/lwIPTask.c:109:6: warning: implicit declaration of function 'udp_sendto'; did you mean 'fd_set'? [-Wimplicit-function-declaration]
      udp_sendto(udpPcb, ethTxBuffer_p, &client1IpAddr,9002);  //SEND UDP TO PORT 9002
      ^~~~~~~~~~
      fd_set
../Tasks/lwIPTask.c: In function 'udp_recive':
../Tasks/lwIPTask.c:121:3: warning: incompatible implicit declaration of built-in function 'memcpy'
   memcpy(str, p -> payload, p -> len);
   ^~~~~~
../Tasks/lwIPTask.c:121:3: note: include '<string.h>' or provide a declaration of 'memcpy'
../Tasks/lwIPTask.c: In function 'UDP_init':
../Tasks/lwIPTask.c:130:17: warning: implicit declaration of function 'udp_new' [-Wimplicit-function-declaration]
        udpPcb = udp_new();
                 ^~~~~~~
../Tasks/lwIPTask.c:130:15: warning: assignment makes pointer from integer without a cast [-Wint-conversion]
        udpPcb = udp_new();
               ^
../Tasks/lwIPTask.c:135:19: warning: implicit declaration of function 'udp_bind'; did you mean 'udp_recive'? [-Wimplicit-function-declaration]
          udpErr = udp_bind(udpPcb, &ownIPaddr, 9001); //Definition of
                   ^~~~~~~~
                   udp_recive
../Tasks/lwIPTask.c:136:10: warning: implicit declaration of function 'udp_recv'; did you mean 'udp_recive'? [-Wimplicit-function-declaration]
          udp_recv(udpPcb, udp_recive, NULL);
          ^~~~~~~~
          udp_recive
../Tasks/lwIPTask.c: In function 'mySSIHandler':
../Tasks/lwIPTask.c:157:22: error: invalid initializer
      char myStr1[] = k; //string to be displayed on web page
                      ^
../Tasks/lwIPTask.c:159:6: warning: implicit declaration of function 'strcpy' [-Wimplicit-function-declaration]
      strcpy(pcInsert, myStr1);
      ^~~~~~
../Tasks/lwIPTask.c:159:6: warning: incompatible implicit declaration of built-in function 'strcpy'
../Tasks/lwIPTask.c:159:6: note: include '<string.h>' or provide a declaration of 'strcpy'
../Tasks/lwIPTask.c:161:13: warning: implicit declaration of function 'strlen' [-Wimplicit-function-declaration]
      return strlen(myStr1);
             ^~~~~~
../Tasks/lwIPTask.c:161:13: warning: incompatible implicit declaration of built-in function 'strlen'
../Tasks/lwIPTask.c:161:13: note: include '<string.h>' or provide a declaration of 'strlen'
../Tasks/lwIPTask.c:167:6: warning: incompatible implicit declaration of built-in function 'strcpy'
      strcpy(pcInsert, myStr2);
      ^~~~~~
../Tasks/lwIPTask.c:167:6: note: include '<string.h>' or provide a declaration of 'strcpy'
../Tasks/lwIPTask.c:169:13: warning: incompatible implicit declaration of built-in function 'strlen'
      return strlen(myStr2);
             ^~~~~~
../Tasks/lwIPTask.c:169:13: note: include '<string.h>' or provide a declaration of 'strlen'
../Tasks/lwIPTask.c: In function 'lwIPTask':
../Tasks/lwIPTask.c:198:3: warning: statement with no effect [-Wunused-value]
   str;
   ^~~
make: *** [Tasks/lwIPTask.o] Error 1
18:59:22 **** Incremental Build of configuration Debug for project MotherEnigine ****
make all 
Building file: ../Tasks/lwIPTask.c
Invoking: MCU GCC Compiler
/Users/christiansager/Documents/Klanghabitat_Quantum/firmware/STM32_Workspace/MotherEnigine/Debug
arm-none-eabi-gcc -mcpu=cortex-m7 -mthumb -mfloat-abi=hard -mfpu=fpv5-d16 '-D__weak=__attribute__((weak))' '-D__packed="__attribute__((__packed__))"' -DUSE_HAL_DRIVER -DSTM32F767xx '-DLWIP_HTTPD_SSI=1' '-DLWIP_HTTPD_CGI=1' -I"/Users/christiansager/Documents/Klanghabitat_Quantum/firmware/STM32_Workspace/MotherEnigine/Inc" -I"/Users/christiansager/Documents/Klanghabitat_Quantum/firmware/STM32_Workspace/MotherEnigine/Middlewares/Third_Party/LwIP/src/include" -I"/Users/christiansager/Documents/Klanghabitat_Quantum/firmware/STM32_Workspace/MotherEnigine/Middlewares/Third_Party/LwIP/system" -I"/Users/christiansager/Documents/Klanghabitat_Quantum/firmware/STM32_Workspace/MotherEnigine/Drivers/STM32F7xx_HAL_Driver/Inc" -I"/Users/christiansager/Documents/Klanghabitat_Quantum/firmware/STM32_Workspace/MotherEnigine/Drivers/STM32F7xx_HAL_Driver/Inc/Legacy" -I"/Users/christiansager/Documents/Klanghabitat_Quantum/firmware/STM32_Workspace/MotherEnigine/Middlewares/Third_Party/FreeRTOS/Source/include" -I"/Users/christiansager/Documents/Klanghabitat_Quantum/firmware/STM32_Workspace/MotherEnigine/Middlewares/Third_Party/FreeRTOS/Source/CMSIS_RTOS" -I"/Users/christiansager/Documents/Klanghabitat_Quantum/firmware/STM32_Workspace/MotherEnigine/Middlewares/Third_Party/FreeRTOS/Source/portable/GCC/ARM_CM7/r0p1" -I"/Users/christiansager/Documents/Klanghabitat_Quantum/firmware/STM32_Workspace/MotherEnigine/Middlewares/Third_Party/LwIP/src/include/netif/ppp" -I"/Users/christiansager/Documents/Klanghabitat_Quantum/firmware/STM32_Workspace/MotherEnigine/Drivers/CMSIS/Device/ST/STM32F7xx/Include" -I"/Users/christiansager/Documents/Klanghabitat_Quantum/firmware/STM32_Workspace/MotherEnigine/Middlewares/Third_Party/LwIP/src/include/lwip" -I"/Users/christiansager/Documents/Klanghabitat_Quantum/firmware/STM32_Workspace/MotherEnigine/Middlewares/Third_Party/LwIP/src/include/lwip/apps" -I"/Users/christiansager/Documents/Klanghabitat_Quantum/firmware/STM32_Workspace/MotherEnigine/Middlewares/Third_Party/LwIP/src/include/lwip/priv" -I"/Users/christiansager/Documents/Klanghabitat_Quantum/firmware/STM32_Workspace/MotherEnigine/Middlewares/Third_Party/LwIP/src/include/lwip/prot" -I"/Users/christiansager/Documents/Klanghabitat_Quantum/firmware/STM32_Workspace/MotherEnigine/Middlewares/Third_Party/LwIP/src/include/netif" -I"/Users/christiansager/Documents/Klanghabitat_Quantum/firmware/STM32_Workspace/MotherEnigine/Middlewares/Third_Party/LwIP/src/include/posix" -I"/Users/christiansager/Documents/Klanghabitat_Quantum/firmware/STM32_Workspace/MotherEnigine/Middlewares/Third_Party/LwIP/src/include/posix/sys" -I"/Users/christiansager/Documents/Klanghabitat_Quantum/firmware/STM32_Workspace/MotherEnigine/Middlewares/Third_Party/LwIP/system/arch" -I"/Users/christiansager/Documents/Klanghabitat_Quantum/firmware/STM32_Workspace/MotherEnigine/Drivers/CMSIS/Include" -I"/Users/christiansager/Documents/Klanghabitat_Quantum/firmware/STM32_Workspace/MotherEnigine/Middlewares/Third_Party/LwIP/src/apps/httpd"  -Og -g3 -Wall -fmessage-length=0 -ffunction-sections -c -fmessage-length=0 -MMD -MP -MF"Tasks/lwIPTask.d" -MT"Tasks/lwIPTask.o" -o "Tasks/lwIPTask.o" "../Tasks/lwIPTask.c"
../Tasks/lwIPTask.c: In function 'IPCGIhandler':
../Tasks/lwIPTask.c:34:10: warning: implicit declaration of function 'memcpy' [-Wimplicit-function-declaration]
          memcpy (IP1, pcValue[0],3);
          ^~~~~~
../Tasks/lwIPTask.c:34:10: warning: incompatible implicit declaration of built-in function 'memcpy'
../Tasks/lwIPTask.c:34:10: note: include '<string.h>' or provide a declaration of 'memcpy'
../Tasks/lwIPTask.c:33:10: warning: unused variable 'ind' [-Wunused-variable]
      int ind = iIndex;
          ^~~
../Tasks/lwIPTask.c:28:15: warning: unused variable 'i' [-Wunused-variable]
      uint32_t i=0;
               ^
../Tasks/lwIPTask.c: In function 'LedCGIhandler':
../Tasks/lwIPTask.c:59:10: warning: implicit declaration of function 'strcmp' [-Wimplicit-function-declaration]
      if (strcmp(pcParam[i], "led") == 0)
          ^~~~~~
../Tasks/lwIPTask.c: In function 'SendUDP':
../Tasks/lwIPTask.c:107:6: warning: incompatible implicit declaration of built-in function 'memcpy'
      memcpy(ethTxBuffer_p->payload, UDP_Message, sizeof(UDP_Message));
      ^~~~~~
../Tasks/lwIPTask.c:107:6: note: include '<string.h>' or provide a declaration of 'memcpy'
../Tasks/lwIPTask.c:109:6: warning: implicit declaration of function 'udp_sendto'; did you mean 'fd_set'? [-Wimplicit-function-declaration]
      udp_sendto(udpPcb, ethTxBuffer_p, &client1IpAddr,9002);  //SEND UDP TO PORT 9002
      ^~~~~~~~~~
      fd_set
../Tasks/lwIPTask.c: In function 'udp_recive':
../Tasks/lwIPTask.c:121:3: warning: incompatible implicit declaration of built-in function 'memcpy'
   memcpy(str, p -> payload, p -> len);
   ^~~~~~
../Tasks/lwIPTask.c:121:3: note: include '<string.h>' or provide a declaration of 'memcpy'
../Tasks/lwIPTask.c: In function 'UDP_init':
../Tasks/lwIPTask.c:130:17: warning: implicit declaration of function 'udp_new' [-Wimplicit-function-declaration]
        udpPcb = udp_new();
                 ^~~~~~~
../Tasks/lwIPTask.c:130:15: warning: assignment makes pointer from integer without a cast [-Wint-conversion]
        udpPcb = udp_new();
               ^
../Tasks/lwIPTask.c:135:19: warning: implicit declaration of function 'udp_bind'; did you mean 'udp_recive'? [-Wimplicit-function-declaration]
          udpErr = udp_bind(udpPcb, &ownIPaddr, 9001); //Definition of
                   ^~~~~~~~
                   udp_recive
../Tasks/lwIPTask.c:136:10: warning: implicit declaration of function 'udp_recv'; did you mean 'udp_recive'? [-Wimplicit-function-declaration]
          udp_recv(udpPcb, udp_recive, NULL);
          ^~~~~~~~
          udp_recive
../Tasks/lwIPTask.c: In function 'mySSIHandler':
../Tasks/lwIPTask.c:160:6: warning: implicit declaration of function 'strcpy' [-Wimplicit-function-declaration]
      strcpy(pcInsert, myStr1);
      ^~~~~~
../Tasks/lwIPTask.c:160:6: warning: incompatible implicit declaration of built-in function 'strcpy'
../Tasks/lwIPTask.c:160:6: note: include '<string.h>' or provide a declaration of 'strcpy'
../Tasks/lwIPTask.c:162:13: warning: implicit declaration of function 'strlen' [-Wimplicit-function-declaration]
      return strlen(myStr1);
             ^~~~~~
../Tasks/lwIPTask.c:162:13: warning: incompatible implicit declaration of built-in function 'strlen'
../Tasks/lwIPTask.c:162:13: note: include '<string.h>' or provide a declaration of 'strlen'
../Tasks/lwIPTask.c:168:6: warning: incompatible implicit declaration of built-in function 'strcpy'
      strcpy(pcInsert, myStr2);
      ^~~~~~
../Tasks/lwIPTask.c:168:6: note: include '<string.h>' or provide a declaration of 'strcpy'
../Tasks/lwIPTask.c:170:13: warning: incompatible implicit declaration of built-in function 'strlen'
      return strlen(myStr2);
             ^~~~~~
../Tasks/lwIPTask.c:170:13: note: include '<string.h>' or provide a declaration of 'strlen'
../Tasks/lwIPTask.c: In function 'lwIPTask':
../Tasks/lwIPTask.c:199:3: warning: statement with no effect [-Wunused-value]
   str;
   ^~~
Finished building: ../Tasks/lwIPTask.c
 
Building target: MotherEnigine.elf
Invoking: MCU GCC Linker
arm-none-eabi-gcc -mcpu=cortex-m7 -mthumb -mfloat-abi=hard -mfpu=fpv5-d16 -specs=nosys.specs -specs=nano.specs -T"../STM32F767ZITx_FLASH.ld" -Wl,-Map=output.map -Wl,--gc-sections -o "MotherEnigine.elf" @"objects.list"   -lm
Finished building target: MotherEnigine.elf
 
/Library/Developer/CommandLineTools/usr/bin/make --no-print-directory post-build
Generating hex and Printing size information:
arm-none-eabi-objcopy -O ihex "MotherEnigine.elf" "MotherEnigine.hex"
arm-none-eabi-size "MotherEnigine.elf"
   text	   data	    bss	    dec	    hex	filename
  91060	    164	  46716	 137940	  21ad4	MotherEnigine.elf
 
19:04:56 **** Incremental Build of configuration Debug for project MotherEnigine ****
make all 
Building file: ../Tasks/lwIPTask.c
Invoking: MCU GCC Compiler
/Users/christiansager/Documents/Klanghabitat_Quantum/firmware/STM32_Workspace/MotherEnigine/Debug
arm-none-eabi-gcc -mcpu=cortex-m7 -mthumb -mfloat-abi=hard -mfpu=fpv5-d16 '-D__weak=__attribute__((weak))' '-D__packed="__attribute__((__packed__))"' -DUSE_HAL_DRIVER -DSTM32F767xx '-DLWIP_HTTPD_SSI=1' '-DLWIP_HTTPD_CGI=1' -I"/Users/christiansager/Documents/Klanghabitat_Quantum/firmware/STM32_Workspace/MotherEnigine/Inc" -I"/Users/christiansager/Documents/Klanghabitat_Quantum/firmware/STM32_Workspace/MotherEnigine/Middlewares/Third_Party/LwIP/src/include" -I"/Users/christiansager/Documents/Klanghabitat_Quantum/firmware/STM32_Workspace/MotherEnigine/Middlewares/Third_Party/LwIP/system" -I"/Users/christiansager/Documents/Klanghabitat_Quantum/firmware/STM32_Workspace/MotherEnigine/Drivers/STM32F7xx_HAL_Driver/Inc" -I"/Users/christiansager/Documents/Klanghabitat_Quantum/firmware/STM32_Workspace/MotherEnigine/Drivers/STM32F7xx_HAL_Driver/Inc/Legacy" -I"/Users/christiansager/Documents/Klanghabitat_Quantum/firmware/STM32_Workspace/MotherEnigine/Middlewares/Third_Party/FreeRTOS/Source/include" -I"/Users/christiansager/Documents/Klanghabitat_Quantum/firmware/STM32_Workspace/MotherEnigine/Middlewares/Third_Party/FreeRTOS/Source/CMSIS_RTOS" -I"/Users/christiansager/Documents/Klanghabitat_Quantum/firmware/STM32_Workspace/MotherEnigine/Middlewares/Third_Party/FreeRTOS/Source/portable/GCC/ARM_CM7/r0p1" -I"/Users/christiansager/Documents/Klanghabitat_Quantum/firmware/STM32_Workspace/MotherEnigine/Middlewares/Third_Party/LwIP/src/include/netif/ppp" -I"/Users/christiansager/Documents/Klanghabitat_Quantum/firmware/STM32_Workspace/MotherEnigine/Drivers/CMSIS/Device/ST/STM32F7xx/Include" -I"/Users/christiansager/Documents/Klanghabitat_Quantum/firmware/STM32_Workspace/MotherEnigine/Middlewares/Third_Party/LwIP/src/include/lwip" -I"/Users/christiansager/Documents/Klanghabitat_Quantum/firmware/STM32_Workspace/MotherEnigine/Middlewares/Third_Party/LwIP/src/include/lwip/apps" -I"/Users/christiansager/Documents/Klanghabitat_Quantum/firmware/STM32_Workspace/MotherEnigine/Middlewares/Third_Party/LwIP/src/include/lwip/priv" -I"/Users/christiansager/Documents/Klanghabitat_Quantum/firmware/STM32_Workspace/MotherEnigine/Middlewares/Third_Party/LwIP/src/include/lwip/prot" -I"/Users/christiansager/Documents/Klanghabitat_Quantum/firmware/STM32_Workspace/MotherEnigine/Middlewares/Third_Party/LwIP/src/include/netif" -I"/Users/christiansager/Documents/Klanghabitat_Quantum/firmware/STM32_Workspace/MotherEnigine/Middlewares/Third_Party/LwIP/src/include/posix" -I"/Users/christiansager/Documents/Klanghabitat_Quantum/firmware/STM32_Workspace/MotherEnigine/Middlewares/Third_Party/LwIP/src/include/posix/sys" -I"/Users/christiansager/Documents/Klanghabitat_Quantum/firmware/STM32_Workspace/MotherEnigine/Middlewares/Third_Party/LwIP/system/arch" -I"/Users/christiansager/Documents/Klanghabitat_Quantum/firmware/STM32_Workspace/MotherEnigine/Drivers/CMSIS/Include" -I"/Users/christiansager/Documents/Klanghabitat_Quantum/firmware/STM32_Workspace/MotherEnigine/Middlewares/Third_Party/LwIP/src/apps/httpd"  -Og -g3 -Wall -fmessage-length=0 -ffunction-sections -c -fmessage-length=0 -MMD -MP -MF"Tasks/lwIPTask.d" -MT"Tasks/lwIPTask.o" -o "Tasks/lwIPTask.o" "../Tasks/lwIPTask.c"
../Tasks/lwIPTask.c: In function 'IPCGIhandler':
../Tasks/lwIPTask.c:34:10: warning: implicit declaration of function 'memcpy' [-Wimplicit-function-declaration]
          memcpy (IP1, pcValue[0],3);
          ^~~~~~
../Tasks/lwIPTask.c:34:10: warning: incompatible implicit declaration of built-in function 'memcpy'
../Tasks/lwIPTask.c:34:10: note: include '<string.h>' or provide a declaration of 'memcpy'
../Tasks/lwIPTask.c:33:10: warning: unused variable 'ind' [-Wunused-variable]
      int ind = iIndex;
          ^~~
../Tasks/lwIPTask.c:28:15: warning: unused variable 'i' [-Wunused-variable]
      uint32_t i=0;
               ^
../Tasks/lwIPTask.c: In function 'LedCGIhandler':
../Tasks/lwIPTask.c:59:10: warning: implicit declaration of function 'strcmp' [-Wimplicit-function-declaration]
      if (strcmp(pcParam[i], "led") == 0)
          ^~~~~~
../Tasks/lwIPTask.c: In function 'SendUDP':
../Tasks/lwIPTask.c:107:6: warning: incompatible implicit declaration of built-in function 'memcpy'
      memcpy(ethTxBuffer_p->payload, UDP_Message, sizeof(UDP_Message));
      ^~~~~~
../Tasks/lwIPTask.c:107:6: note: include '<string.h>' or provide a declaration of 'memcpy'
../Tasks/lwIPTask.c:109:6: warning: implicit declaration of function 'udp_sendto'; did you mean 'fd_set'? [-Wimplicit-function-declaration]
      udp_sendto(udpPcb, ethTxBuffer_p, &client1IpAddr,9002);  //SEND UDP TO PORT 9002
      ^~~~~~~~~~
      fd_set
../Tasks/lwIPTask.c: In function 'udp_recive':
../Tasks/lwIPTask.c:121:3: warning: incompatible implicit declaration of built-in function 'memcpy'
   memcpy(str, p -> payload, p -> len);
   ^~~~~~
../Tasks/lwIPTask.c:121:3: note: include '<string.h>' or provide a declaration of 'memcpy'
../Tasks/lwIPTask.c: In function 'UDP_init':
../Tasks/lwIPTask.c:130:17: warning: implicit declaration of function 'udp_new' [-Wimplicit-function-declaration]
        udpPcb = udp_new();
                 ^~~~~~~
../Tasks/lwIPTask.c:130:15: warning: assignment makes pointer from integer without a cast [-Wint-conversion]
        udpPcb = udp_new();
               ^
../Tasks/lwIPTask.c:135:19: warning: implicit declaration of function 'udp_bind'; did you mean 'udp_recive'? [-Wimplicit-function-declaration]
          udpErr = udp_bind(udpPcb, &ownIPaddr, 9001); //Definition of
                   ^~~~~~~~
                   udp_recive
../Tasks/lwIPTask.c:136:10: warning: implicit declaration of function 'udp_recv'; did you mean 'udp_recive'? [-Wimplicit-function-declaration]
          udp_recv(udpPcb, udp_recive, NULL);
          ^~~~~~~~
          udp_recive
../Tasks/lwIPTask.c: In function 'mySSIHandler':
../Tasks/lwIPTask.c:162:6: warning: implicit declaration of function 'strcpy' [-Wimplicit-function-declaration]
      strcpy(pcInsert, myStr1);
      ^~~~~~
../Tasks/lwIPTask.c:162:6: warning: incompatible implicit declaration of built-in function 'strcpy'
../Tasks/lwIPTask.c:162:6: note: include '<string.h>' or provide a declaration of 'strcpy'
../Tasks/lwIPTask.c:164:13: warning: implicit declaration of function 'strlen' [-Wimplicit-function-declaration]
      return strlen(myStr1);
             ^~~~~~
../Tasks/lwIPTask.c:164:13: warning: incompatible implicit declaration of built-in function 'strlen'
../Tasks/lwIPTask.c:164:13: note: include '<string.h>' or provide a declaration of 'strlen'
../Tasks/lwIPTask.c:170:6: warning: incompatible implicit declaration of built-in function 'strcpy'
      strcpy(pcInsert, myStr2);
      ^~~~~~
../Tasks/lwIPTask.c:170:6: note: include '<string.h>' or provide a declaration of 'strcpy'
../Tasks/lwIPTask.c:172:13: warning: incompatible implicit declaration of built-in function 'strlen'
      return strlen(myStr2);
             ^~~~~~
../Tasks/lwIPTask.c:172:13: note: include '<string.h>' or provide a declaration of 'strlen'
../Tasks/lwIPTask.c: In function 'lwIPTask':
../Tasks/lwIPTask.c:202:3: warning: statement with no effect [-Wunused-value]
   str;
   ^~~
Finished building: ../Tasks/lwIPTask.c
 
Building file: ../Middlewares/Third_Party/LwIP/src/apps/httpd/fs.c
Invoking: MCU GCC Compiler
/Users/christiansager/Documents/Klanghabitat_Quantum/firmware/STM32_Workspace/MotherEnigine/Debug
arm-none-eabi-gcc -mcpu=cortex-m7 -mthumb -mfloat-abi=hard -mfpu=fpv5-d16 '-D__weak=__attribute__((weak))' '-D__packed="__attribute__((__packed__))"' -DUSE_HAL_DRIVER -DSTM32F767xx '-DLWIP_HTTPD_SSI=1' '-DLWIP_HTTPD_CGI=1' -I"/Users/christiansager/Documents/Klanghabitat_Quantum/firmware/STM32_Workspace/MotherEnigine/Inc" -I"/Users/christiansager/Documents/Klanghabitat_Quantum/firmware/STM32_Workspace/MotherEnigine/Middlewares/Third_Party/LwIP/src/include" -I"/Users/christiansager/Documents/Klanghabitat_Quantum/firmware/STM32_Workspace/MotherEnigine/Middlewares/Third_Party/LwIP/system" -I"/Users/christiansager/Documents/Klanghabitat_Quantum/firmware/STM32_Workspace/MotherEnigine/Drivers/STM32F7xx_HAL_Driver/Inc" -I"/Users/christiansager/Documents/Klanghabitat_Quantum/firmware/STM32_Workspace/MotherEnigine/Drivers/STM32F7xx_HAL_Driver/Inc/Legacy" -I"/Users/christiansager/Documents/Klanghabitat_Quantum/firmware/STM32_Workspace/MotherEnigine/Middlewares/Third_Party/FreeRTOS/Source/include" -I"/Users/christiansager/Documents/Klanghabitat_Quantum/firmware/STM32_Workspace/MotherEnigine/Middlewares/Third_Party/FreeRTOS/Source/CMSIS_RTOS" -I"/Users/christiansager/Documents/Klanghabitat_Quantum/firmware/STM32_Workspace/MotherEnigine/Middlewares/Third_Party/FreeRTOS/Source/portable/GCC/ARM_CM7/r0p1" -I"/Users/christiansager/Documents/Klanghabitat_Quantum/firmware/STM32_Workspace/MotherEnigine/Middlewares/Third_Party/LwIP/src/include/netif/ppp" -I"/Users/christiansager/Documents/Klanghabitat_Quantum/firmware/STM32_Workspace/MotherEnigine/Drivers/CMSIS/Device/ST/STM32F7xx/Include" -I"/Users/christiansager/Documents/Klanghabitat_Quantum/firmware/STM32_Workspace/MotherEnigine/Middlewares/Third_Party/LwIP/src/include/lwip" -I"/Users/christiansager/Documents/Klanghabitat_Quantum/firmware/STM32_Workspace/MotherEnigine/Middlewares/Third_Party/LwIP/src/include/lwip/apps" -I"/Users/christiansager/Documents/Klanghabitat_Quantum/firmware/STM32_Workspace/MotherEnigine/Middlewares/Third_Party/LwIP/src/include/lwip/priv" -I"/Users/christiansager/Documents/Klanghabitat_Quantum/firmware/STM32_Workspace/MotherEnigine/Middlewares/Third_Party/LwIP/src/include/lwip/prot" -I"/Users/christiansager/Documents/Klanghabitat_Quantum/firmware/STM32_Workspace/MotherEnigine/Middlewares/Third_Party/LwIP/src/include/netif" -I"/Users/christiansager/Documents/Klanghabitat_Quantum/firmware/STM32_Workspace/MotherEnigine/Middlewares/Third_Party/LwIP/src/include/posix" -I"/Users/christiansager/Documents/Klanghabitat_Quantum/firmware/STM32_Workspace/MotherEnigine/Middlewares/Third_Party/LwIP/src/include/posix/sys" -I"/Users/christiansager/Documents/Klanghabitat_Quantum/firmware/STM32_Workspace/MotherEnigine/Middlewares/Third_Party/LwIP/system/arch" -I"/Users/christiansager/Documents/Klanghabitat_Quantum/firmware/STM32_Workspace/MotherEnigine/Drivers/CMSIS/Include" -I"/Users/christiansager/Documents/Klanghabitat_Quantum/firmware/STM32_Workspace/MotherEnigine/Middlewares/Third_Party/LwIP/src/apps/httpd"  -Og -g3 -Wall -fmessage-length=0 -ffunction-sections -c -fmessage-length=0 -MMD -MP -MF"Middlewares/Third_Party/LwIP/src/apps/httpd/fs.d" -MT"Middlewares/Third_Party/LwIP/src/apps/httpd/fs.o" -o "Middlewares/Third_Party/LwIP/src/apps/httpd/fs.o" "../Middlewares/Third_Party/LwIP/src/apps/httpd/fs.c"
Finished building: ../Middlewares/Third_Party/LwIP/src/apps/httpd/fs.c
 
Building target: MotherEnigine.elf
Invoking: MCU GCC Linker
arm-none-eabi-gcc -mcpu=cortex-m7 -mthumb -mfloat-abi=hard -mfpu=fpv5-d16 -specs=nosys.specs -specs=nano.specs -T"../STM32F767ZITx_FLASH.ld" -Wl,-Map=output.map -Wl,--gc-sections -o "MotherEnigine.elf" @"objects.list"   -lm
Finished building target: MotherEnigine.elf
 
/Library/Developer/CommandLineTools/usr/bin/make --no-print-directory post-build
Generating hex and Printing size information:
arm-none-eabi-objcopy -O ihex "MotherEnigine.elf" "MotherEnigine.hex"
arm-none-eabi-size "MotherEnigine.elf"
   text	   data	    bss	    dec	    hex	filename
  91060	    164	  46716	 137940	  21ad4	MotherEnigine.elf
 
20:13:47 **** Incremental Build of configuration Debug for project MotherEnigine ****
make all 
make: Nothing to be done for `all'.
20:14:18 **** Incremental Build of configuration Debug for project MotherEnigine ****
make all 
make: Nothing to be done for `all'.
20:27:13 **** Incremental Build of configuration Debug for project MotherEnigine ****
make all 
Building file: ../Tasks/lwIPTask.c
Invoking: MCU GCC Compiler
/Users/christiansager/Documents/Klanghabitat_Quantum/firmware/STM32_Workspace/MotherEnigine/Debug
arm-none-eabi-gcc -mcpu=cortex-m7 -mthumb -mfloat-abi=hard -mfpu=fpv5-d16 '-D__weak=__attribute__((weak))' '-D__packed="__attribute__((__packed__))"' -DUSE_HAL_DRIVER -DSTM32F767xx '-DLWIP_HTTPD_SSI=1' '-DLWIP_HTTPD_CGI=1' -I"/Users/christiansager/Documents/Klanghabitat_Quantum/firmware/STM32_Workspace/MotherEnigine/Inc" -I"/Users/christiansager/Documents/Klanghabitat_Quantum/firmware/STM32_Workspace/MotherEnigine/Middlewares/Third_Party/LwIP/src/include" -I"/Users/christiansager/Documents/Klanghabitat_Quantum/firmware/STM32_Workspace/MotherEnigine/Middlewares/Third_Party/LwIP/system" -I"/Users/christiansager/Documents/Klanghabitat_Quantum/firmware/STM32_Workspace/MotherEnigine/Drivers/STM32F7xx_HAL_Driver/Inc" -I"/Users/christiansager/Documents/Klanghabitat_Quantum/firmware/STM32_Workspace/MotherEnigine/Drivers/STM32F7xx_HAL_Driver/Inc/Legacy" -I"/Users/christiansager/Documents/Klanghabitat_Quantum/firmware/STM32_Workspace/MotherEnigine/Middlewares/Third_Party/FreeRTOS/Source/include" -I"/Users/christiansager/Documents/Klanghabitat_Quantum/firmware/STM32_Workspace/MotherEnigine/Middlewares/Third_Party/FreeRTOS/Source/CMSIS_RTOS" -I"/Users/christiansager/Documents/Klanghabitat_Quantum/firmware/STM32_Workspace/MotherEnigine/Middlewares/Third_Party/FreeRTOS/Source/portable/GCC/ARM_CM7/r0p1" -I"/Users/christiansager/Documents/Klanghabitat_Quantum/firmware/STM32_Workspace/MotherEnigine/Middlewares/Third_Party/LwIP/src/include/netif/ppp" -I"/Users/christiansager/Documents/Klanghabitat_Quantum/firmware/STM32_Workspace/MotherEnigine/Drivers/CMSIS/Device/ST/STM32F7xx/Include" -I"/Users/christiansager/Documents/Klanghabitat_Quantum/firmware/STM32_Workspace/MotherEnigine/Middlewares/Third_Party/LwIP/src/include/lwip" -I"/Users/christiansager/Documents/Klanghabitat_Quantum/firmware/STM32_Workspace/MotherEnigine/Middlewares/Third_Party/LwIP/src/include/lwip/apps" -I"/Users/christiansager/Documents/Klanghabitat_Quantum/firmware/STM32_Workspace/MotherEnigine/Middlewares/Third_Party/LwIP/src/include/lwip/priv" -I"/Users/christiansager/Documents/Klanghabitat_Quantum/firmware/STM32_Workspace/MotherEnigine/Middlewares/Third_Party/LwIP/src/include/lwip/prot" -I"/Users/christiansager/Documents/Klanghabitat_Quantum/firmware/STM32_Workspace/MotherEnigine/Middlewares/Third_Party/LwIP/src/include/netif" -I"/Users/christiansager/Documents/Klanghabitat_Quantum/firmware/STM32_Workspace/MotherEnigine/Middlewares/Third_Party/LwIP/src/include/posix" -I"/Users/christiansager/Documents/Klanghabitat_Quantum/firmware/STM32_Workspace/MotherEnigine/Middlewares/Third_Party/LwIP/src/include/posix/sys" -I"/Users/christiansager/Documents/Klanghabitat_Quantum/firmware/STM32_Workspace/MotherEnigine/Middlewares/Third_Party/LwIP/system/arch" -I"/Users/christiansager/Documents/Klanghabitat_Quantum/firmware/STM32_Workspace/MotherEnigine/Drivers/CMSIS/Include" -I"/Users/christiansager/Documents/Klanghabitat_Quantum/firmware/STM32_Workspace/MotherEnigine/Middlewares/Third_Party/LwIP/src/apps/httpd"  -Og -g3 -Wall -fmessage-length=0 -ffunction-sections -c -fmessage-length=0 -MMD -MP -MF"Tasks/lwIPTask.d" -MT"Tasks/lwIPTask.o" -o "Tasks/lwIPTask.o" "../Tasks/lwIPTask.c"
../Tasks/lwIPTask.c: In function 'IPCGIhandler':
../Tasks/lwIPTask.c:34:10: warning: implicit declaration of function 'memcpy' [-Wimplicit-function-declaration]
          memcpy (IP1, pcValue[0],3);
          ^~~~~~
../Tasks/lwIPTask.c:34:10: warning: incompatible implicit declaration of built-in function 'memcpy'
../Tasks/lwIPTask.c:34:10: note: include '<string.h>' or provide a declaration of 'memcpy'
../Tasks/lwIPTask.c:33:10: warning: unused variable 'ind' [-Wunused-variable]
      int ind = iIndex;
          ^~~
../Tasks/lwIPTask.c:28:15: warning: unused variable 'i' [-Wunused-variable]
      uint32_t i=0;
               ^
../Tasks/lwIPTask.c: In function 'LedCGIhandler':
../Tasks/lwIPTask.c:59:10: warning: implicit declaration of function 'strcmp' [-Wimplicit-function-declaration]
      if (strcmp(pcParam[i], "led") == 0)
          ^~~~~~
../Tasks/lwIPTask.c: In function 'SendUDP':
../Tasks/lwIPTask.c:107:6: warning: incompatible implicit declaration of built-in function 'memcpy'
      memcpy(ethTxBuffer_p->payload, UDP_Message, sizeof(UDP_Message));
      ^~~~~~
../Tasks/lwIPTask.c:107:6: note: include '<string.h>' or provide a declaration of 'memcpy'
../Tasks/lwIPTask.c:109:6: warning: implicit declaration of function 'udp_sendto'; did you mean 'fd_set'? [-Wimplicit-function-declaration]
      udp_sendto(udpPcb, ethTxBuffer_p, &client1IpAddr,9002);  //SEND UDP TO PORT 9002
      ^~~~~~~~~~
      fd_set
../Tasks/lwIPTask.c: In function 'udp_recive':
../Tasks/lwIPTask.c:121:3: warning: incompatible implicit declaration of built-in function 'memcpy'
   memcpy(str, p -> payload, p -> len);
   ^~~~~~
../Tasks/lwIPTask.c:121:3: note: include '<string.h>' or provide a declaration of 'memcpy'
../Tasks/lwIPTask.c: In function 'UDP_init':
../Tasks/lwIPTask.c:130:17: warning: implicit declaration of function 'udp_new' [-Wimplicit-function-declaration]
        udpPcb = udp_new();
                 ^~~~~~~
../Tasks/lwIPTask.c:130:15: warning: assignment makes pointer from integer without a cast [-Wint-conversion]
        udpPcb = udp_new();
               ^
../Tasks/lwIPTask.c:135:19: warning: implicit declaration of function 'udp_bind'; did you mean 'udp_recive'? [-Wimplicit-function-declaration]
          udpErr = udp_bind(udpPcb, &ownIPaddr, 9001); //Definition of
                   ^~~~~~~~
                   udp_recive
../Tasks/lwIPTask.c:136:10: warning: implicit declaration of function 'udp_recv'; did you mean 'udp_recive'? [-Wimplicit-function-declaration]
          udp_recv(udpPcb, udp_recive, NULL);
          ^~~~~~~~
          udp_recive
../Tasks/lwIPTask.c: In function 'mySSIHandler':
../Tasks/lwIPTask.c:162:6: warning: implicit declaration of function 'strcpy' [-Wimplicit-function-declaration]
      strcpy(pcInsert, myStr1);
      ^~~~~~
../Tasks/lwIPTask.c:162:6: warning: incompatible implicit declaration of built-in function 'strcpy'
../Tasks/lwIPTask.c:162:6: note: include '<string.h>' or provide a declaration of 'strcpy'
../Tasks/lwIPTask.c:164:13: warning: implicit declaration of function 'strlen' [-Wimplicit-function-declaration]
      return strlen(myStr1);
             ^~~~~~
../Tasks/lwIPTask.c:164:13: warning: incompatible implicit declaration of built-in function 'strlen'
../Tasks/lwIPTask.c:164:13: note: include '<string.h>' or provide a declaration of 'strlen'
../Tasks/lwIPTask.c:170:6: warning: incompatible implicit declaration of built-in function 'strcpy'
      strcpy(pcInsert, myStr2);
      ^~~~~~
../Tasks/lwIPTask.c:170:6: note: include '<string.h>' or provide a declaration of 'strcpy'
../Tasks/lwIPTask.c:172:13: warning: incompatible implicit declaration of built-in function 'strlen'
      return strlen(myStr2);
             ^~~~~~
../Tasks/lwIPTask.c:172:13: note: include '<string.h>' or provide a declaration of 'strlen'
../Tasks/lwIPTask.c: In function 'lwIPTask':
../Tasks/lwIPTask.c:202:3: warning: statement with no effect [-Wunused-value]
   str;
   ^~~
../Tasks/lwIPTask.c:203:16: warning: format '%d' expects argument of type 'int', but argument 2 has type 'char *' [-Wformat=]
   printf("TEST%d",str);
               ~^  ~~~
               %s
Finished building: ../Tasks/lwIPTask.c
 
Building target: MotherEnigine.elf
Invoking: MCU GCC Linker
arm-none-eabi-gcc -mcpu=cortex-m7 -mthumb -mfloat-abi=hard -mfpu=fpv5-d16 -specs=nosys.specs -specs=nano.specs -T"../STM32F767ZITx_FLASH.ld" -Wl,-Map=output.map -Wl,--gc-sections -o "MotherEnigine.elf" @"objects.list"   -lm
Finished building target: MotherEnigine.elf
 
/Library/Developer/CommandLineTools/usr/bin/make --no-print-directory post-build
Generating hex and Printing size information:
arm-none-eabi-objcopy -O ihex "MotherEnigine.elf" "MotherEnigine.hex"
arm-none-eabi-size "MotherEnigine.elf"
   text	   data	    bss	    dec	    hex	filename
  91080	    164	  46716	 137960	  21ae8	MotherEnigine.elf
 
20:39:36 **** Incremental Build of configuration Debug for project MotherEnigine ****
make all 
Building file: ../Tasks/lwIPTask.c
Invoking: MCU GCC Compiler
/Users/christiansager/Documents/Klanghabitat_Quantum/firmware/STM32_Workspace/MotherEnigine/Debug
[...]
abitat_Quantum/firmware/STM32_Workspace/MotherEnigine/Middlewares/Third_Party/FreeRTOS/Source/CMSIS_RTOS" -I"/Users/christiansager/Documents/Klanghabitat_Quantum/firmware/STM32_Workspace/MotherEnigine/Middlewares/Third_Party/FreeRTOS/Source/portable/GCC/ARM_CM7/r0p1" -I"/Users/christiansager/Documents/Klanghabitat_Quantum/firmware/STM32_Workspace/MotherEnigine/Middlewares/Third_Party/LwIP/src/include/netif/ppp" -I"/Users/christiansager/Documents/Klanghabitat_Quantum/firmware/STM32_Workspace/MotherEnigine/Drivers/CMSIS/Device/ST/STM32F7xx/Include" -I"/Users/christiansager/Documents/Klanghabitat_Quantum/firmware/STM32_Workspace/MotherEnigine/Middlewares/Third_Party/LwIP/src/include/lwip" -I"/Users/christiansager/Documents/Klanghabitat_Quantum/firmware/STM32_Workspace/MotherEnigine/Middlewares/Third_Party/LwIP/src/include/lwip/apps" -I"/Users/christiansager/Documents/Klanghabitat_Quantum/firmware/STM32_Workspace/MotherEnigine/Middlewares/Third_Party/LwIP/src/include/lwip/priv" -I"/Users/christiansager/Documents/Klanghabitat_Quantum/firmware/STM32_Workspace/MotherEnigine/Middlewares/Third_Party/LwIP/src/include/lwip/prot" -I"/Users/christiansager/Documents/Klanghabitat_Quantum/firmware/STM32_Workspace/MotherEnigine/Middlewares/Third_Party/LwIP/src/include/netif" -I"/Users/christiansager/Documents/Klanghabitat_Quantum/firmware/STM32_Workspace/MotherEnigine/Middlewares/Third_Party/LwIP/src/include/posix" -I"/Users/christiansager/Documents/Klanghabitat_Quantum/firmware/STM32_Workspace/MotherEnigine/Middlewares/Third_Party/LwIP/src/include/posix/sys" -I"/Users/christiansager/Documents/Klanghabitat_Quantum/firmware/STM32_Workspace/MotherEnigine/Middlewares/Third_Party/LwIP/system/arch" -I"/Users/christiansager/Documents/Klanghabitat_Quantum/firmware/STM32_Workspace/MotherEnigine/Drivers/CMSIS/Include" -I"/Users/christiansager/Documents/Klanghabitat_Quantum/firmware/STM32_Workspace/MotherEnigine/Middlewares/Third_Party/LwIP/src/apps/httpd"  -Og -g3 -Wall -fmessage-length=0 -ffunction-sections -c -fmessage-length=0 -MMD -MP -MF"Tasks/lwIPTask.d" -MT"Tasks/lwIPTask.o" -o "Tasks/lwIPTask.o" "../Tasks/lwIPTask.c"
../Tasks/lwIPTask.c: In function 'IPCGIhandler':
../Tasks/lwIPTask.c:34:10: warning: implicit declaration of function 'memcpy' [-Wimplicit-function-declaration]
          memcpy (IP1, pcValue[0],3);
          ^~~~~~
../Tasks/lwIPTask.c:34:10: warning: incompatible implicit declaration of built-in function 'memcpy'
../Tasks/lwIPTask.c:34:10: note: include '<string.h>' or provide a declaration of 'memcpy'
../Tasks/lwIPTask.c:33:10: warning: unused variable 'ind' [-Wunused-variable]
      int ind = iIndex;
          ^~~
../Tasks/lwIPTask.c:28:15: warning: unused variable 'i' [-Wunused-variable]
      uint32_t i=0;
               ^
../Tasks/lwIPTask.c: In function 'LedCGIhandler':
../Tasks/lwIPTask.c:59:10: warning: implicit declaration of function 'strcmp' [-Wimplicit-function-declaration]
      if (strcmp(pcParam[i], "led") == 0)
          ^~~~~~
../Tasks/lwIPTask.c: In function 'SendUDP':
../Tasks/lwIPTask.c:107:6: warning: incompatible implicit declaration of built-in function 'memcpy'
      memcpy(ethTxBuffer_p->payload, UDP_Message, sizeof(UDP_Message));
      ^~~~~~
../Tasks/lwIPTask.c:107:6: note: include '<string.h>' or provide a declaration of 'memcpy'
../Tasks/lwIPTask.c:109:6: warning: implicit declaration of function 'udp_sendto'; did you mean 'fd_set'? [-Wimplicit-function-declaration]
      udp_sendto(udpPcb, ethTxBuffer_p, &client1IpAddr,9002);  //SEND UDP TO PORT 9002
      ^~~~~~~~~~
      fd_set
../Tasks/lwIPTask.c: In function 'udp_recive':
../Tasks/lwIPTask.c:121:3: warning: incompatible implicit declaration of built-in function 'memcpy'
   memcpy(str, p -> payload, p -> len);
   ^~~~~~
../Tasks/lwIPTask.c:121:3: note: include '<string.h>' or provide a declaration of 'memcpy'
../Tasks/lwIPTask.c: In function 'UDP_init':
../Tasks/lwIPTask.c:130:17: warning: implicit declaration of function 'udp_new' [-Wimplicit-function-declaration]
        udpPcb = udp_new();
                 ^~~~~~~
../Tasks/lwIPTask.c:130:15: warning: assignment makes pointer from integer without a cast [-Wint-conversion]
        udpPcb = udp_new();
               ^
../Tasks/lwIPTask.c:135:19: warning: implicit declaration of function 'udp_bind'; did you mean 'udp_recive'? [-Wimplicit-function-declaration]
          udpErr = udp_bind(udpPcb, &ownIPaddr, 9001); //Definition of
                   ^~~~~~~~
                   udp_recive
../Tasks/lwIPTask.c:136:10: warning: implicit declaration of function 'udp_recv'; did you mean 'udp_recive'? [-Wimplicit-function-declaration]
          udp_recv(udpPcb, udp_recive, NULL);
          ^~~~~~~~
          udp_recive
../Tasks/lwIPTask.c: In function 'mySSIHandler':
../Tasks/lwIPTask.c:162:6: warning: implicit declaration of function 'strcpy' [-Wimplicit-function-declaration]
      strcpy(pcInsert, myStr1);
      ^~~~~~
../Tasks/lwIPTask.c:162:6: warning: incompatible implicit declaration of built-in function 'strcpy'
../Tasks/lwIPTask.c:162:6: note: include '<string.h>' or provide a declaration of 'strcpy'
../Tasks/lwIPTask.c:164:13: warning: implicit declaration of function 'strlen' [-Wimplicit-function-declaration]
      return strlen(myStr1);
             ^~~~~~
../Tasks/lwIPTask.c:164:13: warning: incompatible implicit declaration of built-in function 'strlen'
../Tasks/lwIPTask.c:164:13: note: include '<string.h>' or provide a declaration of 'strlen'
../Tasks/lwIPTask.c:170:6: warning: incompatible implicit declaration of built-in function 'strcpy'
      strcpy(pcInsert, myStr2);
      ^~~~~~
../Tasks/lwIPTask.c:170:6: note: include '<string.h>' or provide a declaration of 'strcpy'
../Tasks/lwIPTask.c:172:13: warning: incompatible implicit declaration of built-in function 'strlen'
      return strlen(myStr2);
             ^~~~~~
../Tasks/lwIPTask.c:172:13: note: include '<string.h>' or provide a declaration of 'strlen'
../Tasks/lwIPTask.c: In function 'lwIPTask':
../Tasks/lwIPTask.c:202:3: warning: statement with no effect [-Wunused-value]
   str;
   ^~~
../Tasks/lwIPTask.c:203:16: warning: format '%d' expects argument of type 'int', but argument 2 has type 'char *' [-Wformat=]
   printf("TEST%d",str);
               ~^  ~~~
               %s
../Tasks/lwIPTask.c:205:30: warning: pointer targets in passing argument 2 of 'HAL_UART_Transmit' differ in signedness [-Wpointer-sign]
   HAL_UART_Transmit(&huart6, "TEST", 5,1000);
                              ^~~~~~
In file included from /Users/christiansager/Documents/Klanghabitat_Quantum/firmware/STM32_Workspace/MotherEnigine/Inc/stm32f7xx_hal_conf.h:374:0,
                 from /Users/christiansager/Documents/Klanghabitat_Quantum/firmware/STM32_Workspace/MotherEnigine/Drivers/STM32F7xx_HAL_Driver/Inc/stm32f7xx_hal.h:30,
                 from /Users/christiansager/Documents/Klanghabitat_Quantum/firmware/STM32_Workspace/MotherEnigine/Inc/main.h:31,
                 from ../Tasks/lwIPTask.c:8:
/Users/christiansager/Documents/Klanghabitat_Quantum/firmware/STM32_Workspace/MotherEnigine/Drivers/STM32F7xx_HAL_Driver/Inc/stm32f7xx_hal_uart.h:1336:19: note: expected 'uint8_t * {aka unsigned char *}' but argument is of type 'char *'
 HAL_StatusTypeDef HAL_UART_Transmit(UART_HandleTypeDef *huart, uint8_t *pData, uint16_t Size, uint32_t Timeout);
                   ^~~~~~~~~~~~~~~~~
Finished building: ../Tasks/lwIPTask.c
 
Building file: ../Src/main.c
Invoking: MCU GCC Compiler
/Users/christiansager/Documents/Klanghabitat_Quantum/firmware/STM32_Workspace/MotherEnigine/Debug
arm-none-eabi-gcc -mcpu=cortex-m7 -mthumb -mfloat-abi=hard -mfpu=fpv5-d16 '-D__weak=__attribute__((weak))' '-D__packed="__attribute__((__packed__))"' -DUSE_HAL_DRIVER -DSTM32F767xx '-DLWIP_HTTPD_SSI=1' '-DLWIP_HTTPD_CGI=1' -I"/Users/christiansager/Documents/Klanghabitat_Quantum/firmware/STM32_Workspace/MotherEnigine/Inc" -I"/Users/christiansager/Documents/Klanghabitat_Quantum/firmware/STM32_Workspace/MotherEnigine/Middlewares/Third_Party/LwIP/src/include" -I"/Users/christiansager/Documents/Klanghabitat_Quantum/firmware/STM32_Workspace/MotherEnigine/Middlewares/Third_Party/LwIP/system" -I"/Users/christiansager/Documents/Klanghabitat_Quantum/firmware/STM32_Workspace/MotherEnigine/Drivers/STM32F7xx_HAL_Driver/Inc" -I"/Users/christiansager/Documents/Klanghabitat_Quantum/firmware/STM32_Workspace/MotherEnigine/Drivers/STM32F7xx_HAL_Driver/Inc/Legacy" -I"/Users/christiansager/Documents/Klanghabitat_Quantum/firmware/STM32_Workspace/MotherEnigine/Middlewares/Third_Party/FreeRTOS/Source/include" -I"/Users/christiansager/Documents/Klanghabitat_Quantum/firmware/STM32_Workspace/MotherEnigine/Middlewares/Third_Party/FreeRTOS/Source/CMSIS_RTOS" -I"/Users/christiansager/Documents/Klanghabitat_Quantum/firmware/STM32_Workspace/MotherEnigine/Middlewares/Third_Party/FreeRTOS/Source/portable/GCC/ARM_CM7/r0p1" -I"/Users/christiansager/Documents/Klanghabitat_Quantum/firmware/STM32_Workspace/MotherEnigine/Middlewares/Third_Party/LwIP/src/include/netif/ppp" -I"/Users/christiansager/Documents/Klanghabitat_Quantum/firmware/STM32_Workspace/MotherEnigine/Drivers/CMSIS/Device/ST/STM32F7xx/Include" -I"/Users/christiansager/Documents/Klanghabitat_Quantum/firmware/STM32_Workspace/MotherEnigine/Middlewares/Third_Party/LwIP/src/include/lwip" -I"/Users/christiansager/Documents/Klanghabitat_Quantum/firmware/STM32_Workspace/MotherEnigine/Middlewares/Third_Party/LwIP/src/include/lwip/apps" -I"/Users/christiansager/Documents/Klanghabitat_Quantum/firmware/STM32_Workspace/MotherEnigine/Middlewares/Third_Party/LwIP/src/include/lwip/priv" -I"/Users/christiansager/Documents/Klanghabitat_Quantum/firmware/STM32_Workspace/MotherEnigine/Middlewares/Third_Party/LwIP/src/include/lwip/prot" -I"/Users/christiansager/Documents/Klanghabitat_Quantum/firmware/STM32_Workspace/MotherEnigine/Middlewares/Third_Party/LwIP/src/include/netif" -I"/Users/christiansager/Documents/Klanghabitat_Quantum/firmware/STM32_Workspace/MotherEnigine/Middlewares/Third_Party/LwIP/src/include/posix" -I"/Users/christiansager/Documents/Klanghabitat_Quantum/firmware/STM32_Workspace/MotherEnigine/Middlewares/Third_Party/LwIP/src/include/posix/sys" -I"/Users/christiansager/Documents/Klanghabitat_Quantum/firmware/STM32_Workspace/MotherEnigine/Middlewares/Third_Party/LwIP/system/arch" -I"/Users/christiansager/Documents/Klanghabitat_Quantum/firmware/STM32_Workspace/MotherEnigine/Drivers/CMSIS/Include" -I"/Users/christiansager/Documents/Klanghabitat_Quantum/firmware/STM32_Workspace/MotherEnigine/Middlewares/Third_Party/LwIP/src/apps/httpd"  -Og -g3 -Wall -fmessage-length=0 -ffunction-sections -c -fmessage-length=0 -MMD -MP -MF"Src/main.d" -MT"Src/main.o" -o "Src/main.o" "../Src/main.c"
In file included from ../Src/main.c:30:0:
/Users/christiansager/Documents/Klanghabitat_Quantum/firmware/STM32_Workspace/MotherEnigine/Inc/MY_FLASH.h:34:13: warning: 'MY_FLASH_EraseSector' declared 'static' but never defined [-Wunused-function]
 static void MY_FLASH_EraseSector(void);
             ^~~~~~~~~~~~~~~~~~~~
Finished building: ../Src/main.c
 
Building target: MotherEnigine.elf
Invoking: MCU GCC Linker
arm-none-eabi-gcc -mcpu=cortex-m7 -mthumb -mfloat-abi=hard -mfpu=fpv5-d16 -specs=nosys.specs -specs=nano.specs -T"../STM32F767ZITx_FLASH.ld" -Wl,-Map=output.map -Wl,--gc-sections -o "MotherEnigine.elf" @"objects.list"   -lm
Finished building target: MotherEnigine.elf
 
/Library/Developer/CommandLineTools/usr/bin/make --no-print-directory post-build
Generating hex and Printing size information:
arm-none-eabi-objcopy -O ihex "MotherEnigine.elf" "MotherEnigine.hex"
arm-none-eabi-size "MotherEnigine.elf"
   text	   data	    bss	    dec	    hex	filename
  91320	    164	  46716	 138200	  21bd8	MotherEnigine.elf
 
21:34:18 **** Incremental Build of configuration Debug for project MotherEnigine ****
make all 
Building file: ../Tasks/lwIPTask.c
Invoking: MCU GCC Compiler
/Users/christiansager/Documents/Klanghabitat_Quantum/firmware/STM32_Workspace/MotherEnigine/Debug
arm-none-eabi-gcc -mcpu=cortex-m7 -mthumb -mfloat-abi=hard -mfpu=fpv5-d16 '-D__weak=__attribute__((weak))' '-D__packed="__attribute__((__packed__))"' -DUSE_HAL_DRIVER -DSTM32F767xx '-DLWIP_HTTPD_SSI=1' '-DLWIP_HTTPD_CGI=1' -I"/Users/christiansager/Documents/Klanghabitat_Quantum/firmware/STM32_Workspace/MotherEnigine/Inc" -I"/Users/christiansager/Documents/Klanghabitat_Quantum/firmware/STM32_Workspace/MotherEnigine/Middlewares/Third_Party/LwIP/src/include" -I"/Users/christiansager/Documents/Klanghabitat_Quantum/firmware/STM32_Workspace/MotherEnigine/Middlewares/Third_Party/LwIP/system" -I"/Users/christiansager/Documents/Klanghabitat_Quantum/firmware/STM32_Workspace/MotherEnigine/Drivers/STM32F7xx_HAL_Driver/Inc" -I"/Users/christiansager/Documents/Klanghabitat_Quantum/firmware/STM32_Workspace/MotherEnigine/Drivers/STM32F7xx_HAL_Driver/Inc/Legacy" -I"/Users/christiansager/Documents/Klanghabitat_Quantum/firmware/STM32_Workspace/MotherEnigine/Middlewares/Third_Party/FreeRTOS/Source/include" -I"/Users/christiansager/Documents/Klanghabitat_Quantum/firmware/STM32_Workspace/MotherEnigine/Middlewares/Third_Party/FreeRTOS/Source/CMSIS_RTOS" -I"/Users/christiansager/Documents/Klanghabitat_Quantum/firmware/STM32_Workspace/MotherEnigine/Middlewares/Third_Party/FreeRTOS/Source/portable/GCC/ARM_CM7/r0p1" -I"/Users/christiansager/Documents/Klanghabitat_Quantum/firmware/STM32_Workspace/MotherEnigine/Middlewares/Third_Party/LwIP/src/include/netif/ppp" -I"/Users/christiansager/Documents/Klanghabitat_Quantum/firmware/STM32_Workspace/MotherEnigine/Drivers/CMSIS/Device/ST/STM32F7xx/Include" -I"/Users/christiansager/Documents/Klanghabitat_Quantum/firmware/STM32_Workspace/MotherEnigine/Middlewares/Third_Party/LwIP/src/include/lwip" -I"/Users/christiansager/Documents/Klanghabitat_Quantum/firmware/STM32_Workspace/MotherEnigine/Middlewares/Third_Party/LwIP/src/include/lwip/apps" -I"/Users/christiansager/Documents/Klanghabitat_Quantum/firmware/STM32_Workspace/MotherEnigine/Middlewares/Third_Party/LwIP/src/include/lwip/priv" -I"/Users/christiansager/Documents/Klanghabitat_Quantum/firmware/STM32_Workspace/MotherEnigine/Middlewares/Third_Party/LwIP/src/include/lwip/prot" -I"/Users/christiansager/Documents/Klanghabitat_Quantum/firmware/STM32_Workspace/MotherEnigine/Middlewares/Third_Party/LwIP/src/include/netif" -I"/Users/christiansager/Documents/Klanghabitat_Quantum/firmware/STM32_Workspace/MotherEnigine/Middlewares/Third_Party/LwIP/src/include/posix" -I"/Users/christiansager/Documents/Klanghabitat_Quantum/firmware/STM32_Workspace/MotherEnigine/Middlewares/Third_Party/LwIP/src/include/posix/sys" -I"/Users/christiansager/Documents/Klanghabitat_Quantum/firmware/STM32_Workspace/MotherEnigine/Middlewares/Third_Party/LwIP/system/arch" -I"/Users/christiansager/Documents/Klanghabitat_Quantum/firmware/STM32_Workspace/MotherEnigine/Drivers/CMSIS/Include" -I"/Users/christiansager/Documents/Klanghabitat_Quantum/firmware/STM32_Workspace/MotherEnigine/Middlewares/Third_Party/LwIP/src/apps/httpd"  -Og -g3 -Wall -fmessage-length=0 -ffunction-sections -c -fmessage-length=0 -MMD -MP -MF"Tasks/lwIPTask.d" -MT"Tasks/lwIPTask.o" -o "Tasks/lwIPTask.o" "../Tasks/lwIPTask.c"
../Tasks/lwIPTask.c: In function 'IPCGIhandler':
../Tasks/lwIPTask.c:34:10: warning: implicit declaration of function 'memcpy' [-Wimplicit-function-declaration]
          memcpy (IP1, pcValue[0],3);
          ^~~~~~
../Tasks/lwIPTask.c:34:10: warning: incompatible implicit declaration of built-in function 'memcpy'
../Tasks/lwIPTask.c:34:10: note: include '<string.h>' or provide a declaration of 'memcpy'
../Tasks/lwIPTask.c:33:10: warning: unused variable 'ind' [-Wunused-variable]
      int ind = iIndex;
          ^~~
../Tasks/lwIPTask.c:28:15: warning: unused variable 'i' [-Wunused-variable]
      uint32_t i=0;
               ^
../Tasks/lwIPTask.c: In function 'LedCGIhandler':
../Tasks/lwIPTask.c:59:10: warning: implicit declaration of function 'strcmp' [-Wimplicit-function-declaration]
      if (strcmp(pcParam[i], "led") == 0)
          ^~~~~~
../Tasks/lwIPTask.c: In function 'SendUDP':
../Tasks/lwIPTask.c:107:6: warning: incompatible implicit declaration of built-in function 'memcpy'
      memcpy(ethTxBuffer_p->payload, UDP_Message, sizeof(UDP_Message));
      ^~~~~~
../Tasks/lwIPTask.c:107:6: note: include '<string.h>' or provide a declaration of 'memcpy'
../Tasks/lwIPTask.c:109:6: warning: implicit declaration of function 'udp_sendto'; did you mean 'fd_set'? [-Wimplicit-function-declaration]
      udp_sendto(udpPcb, ethTxBuffer_p, &client1IpAddr,9002);  //SEND UDP TO PORT 9002
      ^~~~~~~~~~
      fd_set
../Tasks/lwIPTask.c: In function 'udp_recive':
../Tasks/lwIPTask.c:121:3: warning: incompatible implicit declaration of built-in function 'memcpy'
   memcpy(str, p -> payload, p -> len);
   ^~~~~~
../Tasks/lwIPTask.c:121:3: note: include '<string.h>' or provide a declaration of 'memcpy'
../Tasks/lwIPTask.c: In function 'UDP_init':
../Tasks/lwIPTask.c:130:17: warning: implicit declaration of function 'udp_new' [-Wimplicit-function-declaration]
        udpPcb = udp_new();
                 ^~~~~~~
../Tasks/lwIPTask.c:130:15: warning: assignment makes pointer from integer without a cast [-Wint-conversion]
        udpPcb = udp_new();
               ^
../Tasks/lwIPTask.c:135:19: warning: implicit declaration of function 'udp_bind'; did you mean 'udp_recive'? [-Wimplicit-function-declaration]
          udpErr = udp_bind(udpPcb, &ownIPaddr, 9001); //Definition of
                   ^~~~~~~~
                   udp_recive
../Tasks/lwIPTask.c:136:10: warning: implicit declaration of function 'udp_recv'; did you mean 'udp_recive'? [-Wimplicit-function-declaration]
          udp_recv(udpPcb, udp_recive, NULL);
          ^~~~~~~~
          udp_recive
../Tasks/lwIPTask.c: In function 'mySSIHandler':
../Tasks/lwIPTask.c:162:6: warning: implicit declaration of function 'strcpy' [-Wimplicit-function-declaration]
      strcpy(pcInsert, myStr1);
      ^~~~~~
../Tasks/lwIPTask.c:162:6: warning: incompatible implicit declaration of built-in function 'strcpy'
../Tasks/lwIPTask.c:162:6: note: include '<string.h>' or provide a declaration of 'strcpy'
../Tasks/lwIPTask.c:164:13: warning: implicit declaration of function 'strlen' [-Wimplicit-function-declaration]
      return strlen(myStr1);
             ^~~~~~
../Tasks/lwIPTask.c:164:13: warning: incompatible implicit declaration of built-in function 'strlen'
../Tasks/lwIPTask.c:164:13: note: include '<string.h>' or provide a declaration of 'strlen'
../Tasks/lwIPTask.c:170:6: warning: incompatible implicit declaration of built-in function 'strcpy'
      strcpy(pcInsert, myStr2);
      ^~~~~~
../Tasks/lwIPTask.c:170:6: note: include '<string.h>' or provide a declaration of 'strcpy'
../Tasks/lwIPTask.c:172:13: warning: incompatible implicit declaration of built-in function 'strlen'
      return strlen(myStr2);
             ^~~~~~
../Tasks/lwIPTask.c:172:13: note: include '<string.h>' or provide a declaration of 'strlen'
../Tasks/lwIPTask.c: In function 'lwIPTask':
../Tasks/lwIPTask.c:202:3: warning: statement with no effect [-Wunused-value]
   str;
   ^~~
Finished building: ../Tasks/lwIPTask.c
 
Building target: MotherEnigine.elf
Invoking: MCU GCC Linker
arm-none-eabi-gcc -mcpu=cortex-m7 -mthumb -mfloat-abi=hard -mfpu=fpv5-d16 -specs=nosys.specs -specs=nano.specs -T"../STM32F767ZITx_FLASH.ld" -Wl,-Map=output.map -Wl,--gc-sections -o "MotherEnigine.elf" @"objects.list"   -lm
Finished building target: MotherEnigine.elf
 
/Library/Developer/CommandLineTools/usr/bin/make --no-print-directory post-build
Generating hex and Printing size information:
arm-none-eabi-objcopy -O ihex "MotherEnigine.elf" "MotherEnigine.hex"
arm-none-eabi-size "MotherEnigine.elf"
   text	   data	    bss	    dec	    hex	filename
  91060	    164	  46716	 137940	  21ad4	MotherEnigine.elf
 
21:34:30 **** Incremental Build of configuration Debug for project MotherEnigine ****
make all 
make: Nothing to be done for `all'.
