17:42:33 **** Incremental Build of configuration Debug for project MotherEnigine ****
make all 
Building file: ../Tasks/lwIPTask.c
Invoking: MCU GCC Compiler
/Users/christiansager/Documents/Klanghabitat_Quantum/firmware/STM32_Workspace/MotherEnigine/Debug
arm-none-eabi-gcc -mcpu=cortex-m7 -mthumb -mfloat-abi=hard -mfpu=fpv5-d16 '-D__weak=__attribute__((weak))' '-D__packed="__attribute__((__packed__))"' -DUSE_HAL_DRIVER -DSTM32F767xx '-DLWIP_HTTPD_SSI=1' '-DLWIP_HTTPD_CGI=1' -I"/Users/christiansager/Documents/Klanghabitat_Quantum/firmware/STM32_Workspace/MotherEnigine/Inc" -I"/Users/christiansager/Documents/Klanghabitat_Quantum/firmware/STM32_Workspace/MotherEnigine/Middlewares/Third_Party/LwIP/src/include" -I"/Users/christiansager/Documents/Klanghabitat_Quantum/firmware/STM32_Workspace/MotherEnigine/Middlewares/Third_Party/LwIP/system" -I"/Users/christiansager/Documents/Klanghabitat_Quantum/firmware/STM32_Workspace/MotherEnigine/Drivers/STM32F7xx_HAL_Driver/Inc" -I"/Users/christiansager/Documents/Klanghabitat_Quantum/firmware/STM32_Workspace/MotherEnigine/Drivers/STM32F7xx_HAL_Driver/Inc/Legacy" -I"/Users/christiansager/Documents/Klanghabitat_Quantum/firmware/STM32_Workspace/MotherEnigine/Middlewares/Third_Party/FreeRTOS/Source/include" -I"/Users/christiansager/Documents/Klanghabitat_Quantum/firmware/STM32_Workspace/MotherEnigine/Middlewares/Third_Party/FreeRTOS/Source/CMSIS_RTOS" -I"/Users/christiansager/Documents/Klanghabitat_Quantum/firmware/STM32_Workspace/MotherEnigine/Middlewares/Third_Party/FreeRTOS/Source/portable/GCC/ARM_CM7/r0p1" -I"/Users/christiansager/Documents/Klanghabitat_Quantum/firmware/STM32_Workspace/MotherEnigine/Middlewares/Third_Party/LwIP/src/include/netif/ppp" -I"/Users/christiansager/Documents/Klanghabitat_Quantum/firmware/STM32_Workspace/MotherEnigine/Drivers/CMSIS/Device/ST/STM32F7xx/Include" -I"/Users/christiansager/Documents/Klanghabitat_Quantum/firmware/STM32_Workspace/MotherEnigine/Middlewares/Third_Party/LwIP/src/include/lwip" -I"/Users/christiansager/Documents/Klanghabitat_Quantum/firmware/STM32_Workspace/MotherEnigine/Middlewares/Third_Party/LwIP/src/include/lwip/apps" -I"/Users/christiansager/Documents/Klanghabitat_Quantum/firmware/STM32_Workspace/MotherEnigine/Middlewares/Third_Party/LwIP/src/include/lwip/priv" -I"/Users/christiansager/Documents/Klanghabitat_Quantum/firmware/STM32_Workspace/MotherEnigine/Middlewares/Third_Party/LwIP/src/include/lwip/prot" -I"/Users/christiansager/Documents/Klanghabitat_Quantum/firmware/STM32_Workspace/MotherEnigine/Middlewares/Third_Party/LwIP/src/include/netif" -I"/Users/christiansager/Documents/Klanghabitat_Quantum/firmware/STM32_Workspace/MotherEnigine/Middlewares/Third_Party/LwIP/src/include/posix" -I"/Users/christiansager/Documents/Klanghabitat_Quantum/firmware/STM32_Workspace/MotherEnigine/Middlewares/Third_Party/LwIP/src/include/posix/sys" -I"/Users/christiansager/Documents/Klanghabitat_Quantum/firmware/STM32_Workspace/MotherEnigine/Middlewares/Third_Party/LwIP/system/arch" -I"/Users/christiansager/Documents/Klanghabitat_Quantum/firmware/STM32_Workspace/MotherEnigine/Drivers/CMSIS/Include" -I"/Users/christiansager/Documents/Klanghabitat_Quantum/firmware/STM32_Workspace/MotherEnigine/Middlewares/Third_Party/LwIP/src/apps/httpd"  -Og -g3 -Wall -fmessage-length=0 -ffunction-sections -c -fmessage-length=0 -MMD -MP -MF"Tasks/lwIPTask.d" -MT"Tasks/lwIPTask.o" -o "Tasks/lwIPTask.o" "../Tasks/lwIPTask.c"
../Tasks/lwIPTask.c: In function 'IPCGIhandler':
../Tasks/lwIPTask.c:37:10: warning: implicit declaration of function 'memcpy' [-Wimplicit-function-declaration]
          memcpy (IP1, pcValue[0],3);
          ^~~~~~
../Tasks/lwIPTask.c:37:10: warning: incompatible implicit declaration of built-in function 'memcpy'
../Tasks/lwIPTask.c:37:10: note: include '<string.h>' or provide a declaration of 'memcpy'
../Tasks/lwIPTask.c:36:10: warning: unused variable 'ind' [-Wunused-variable]
      int ind = iIndex;
          ^~~
../Tasks/lwIPTask.c:31:15: warning: unused variable 'i' [-Wunused-variable]
      uint32_t i=0;
               ^
../Tasks/lwIPTask.c: In function 'LedCGIhandler':
../Tasks/lwIPTask.c:62:10: warning: implicit declaration of function 'strcmp' [-Wimplicit-function-declaration]
      if (strcmp(pcParam[i], "led") == 0)
          ^~~~~~
../Tasks/lwIPTask.c: In function 'SendUDP':
../Tasks/lwIPTask.c:110:6: warning: incompatible implicit declaration of built-in function 'memcpy'
      memcpy(ethTxBuffer_p->payload, UDP_Message, sizeof(UDP_Message));
      ^~~~~~
../Tasks/lwIPTask.c:110:6: note: include '<string.h>' or provide a declaration of 'memcpy'
../Tasks/lwIPTask.c:112:6: warning: implicit declaration of function 'udp_sendto'; did you mean 'fd_set'? [-Wimplicit-function-declaration]
      udp_sendto(udpPcb, ethTxBuffer_p, &client1IpAddr,9002);  //SEND UDP TO PORT 9002
      ^~~~~~~~~~
      fd_set
../Tasks/lwIPTask.c: In function 'udp_recive':
../Tasks/lwIPTask.c:125:3: warning: incompatible implicit declaration of built-in function 'memcpy'
   memcpy(str, p -> payload, p -> len);
   ^~~~~~
../Tasks/lwIPTask.c:125:3: note: include '<string.h>' or provide a declaration of 'memcpy'
../Tasks/lwIPTask.c: In function 'UDP_init':
../Tasks/lwIPTask.c:135:17: warning: implicit declaration of function 'udp_new' [-Wimplicit-function-declaration]
        udpPcb = udp_new();
                 ^~~~~~~
../Tasks/lwIPTask.c:135:15: warning: assignment makes pointer from integer without a cast [-Wint-conversion]
        udpPcb = udp_new();
               ^
../Tasks/lwIPTask.c:140:19: warning: implicit declaration of function 'udp_bind'; did you mean 'udp_recive'? [-Wimplicit-function-declaration]
          udpErr = udp_bind(udpPcb, &ownIPaddr, 9001); //Definition of
                   ^~~~~~~~
                   udp_recive
../Tasks/lwIPTask.c:141:10: warning: implicit declaration of function 'udp_recv'; did you mean 'udp_recive'? [-Wimplicit-function-declaration]
          udp_recv(udpPcb, udp_recive, NULL);
          ^~~~~~~~
          udp_recive
../Tasks/lwIPTask.c: In function 'mySSIHandler':
../Tasks/lwIPTask.c:167:6: warning: implicit declaration of function 'strcpy' [-Wimplicit-function-declaration]
      strcpy(pcInsert, myStr1);
      ^~~~~~
../Tasks/lwIPTask.c:167:6: warning: incompatible implicit declaration of built-in function 'strcpy'
../Tasks/lwIPTask.c:167:6: note: include '<string.h>' or provide a declaration of 'strcpy'
../Tasks/lwIPTask.c:169:13: warning: implicit declaration of function 'strlen' [-Wimplicit-function-declaration]
      return strlen(myStr1);
             ^~~~~~
../Tasks/lwIPTask.c:169:13: warning: incompatible implicit declaration of built-in function 'strlen'
../Tasks/lwIPTask.c:169:13: note: include '<string.h>' or provide a declaration of 'strlen'
../Tasks/lwIPTask.c:175:6: warning: incompatible implicit declaration of built-in function 'strcpy'
      strcpy(pcInsert, myStr2);
      ^~~~~~
../Tasks/lwIPTask.c:175:6: note: include '<string.h>' or provide a declaration of 'strcpy'
../Tasks/lwIPTask.c:177:13: warning: incompatible implicit declaration of built-in function 'strlen'
      return strlen(myStr2);
             ^~~~~~
../Tasks/lwIPTask.c:177:13: note: include '<string.h>' or provide a declaration of 'strlen'
../Tasks/lwIPTask.c: In function 'lwIPTask':
../Tasks/lwIPTask.c:212:6: warning: statement with no effect [-Wunused-value]
   str[19];
   ~~~^~~~
Finished building: ../Tasks/lwIPTask.c
 
Building target: MotherEnigine.elf
Invoking: MCU GCC Linker
arm-none-eabi-gcc -mcpu=cortex-m7 -mthumb -mfloat-abi=hard -mfpu=fpv5-d16 -specs=nosys.specs -specs=nano.specs -T"../STM32F767ZITx_FLASH.ld" -Wl,-Map=output.map -Wl,--gc-sections -o "MotherEnigine.elf" @"objects.list"   -lm
Finished building target: MotherEnigine.elf
 
/Library/Developer/CommandLineTools/usr/bin/make --no-print-directory post-build
Generating hex and Printing size information:
arm-none-eabi-objcopy -O ihex "MotherEnigine.elf" "MotherEnigine.hex"
arm-none-eabi-size "MotherEnigine.elf"
   text	   data	    bss	    dec	    hex	filename
  93276	    164	  46876	 140316	  2241c	MotherEnigine.elf
 

17:42:37 Build Finished (took 4s.83ms)

