STemwin_wrapper.c:165:1:_Color2IndexBulk_M8888I_DMA2D	32	static
STemwin_wrapper.c:165:1:_Index2ColorBulk_M8888I_DMA2D	32	static
STemwin_wrapper.c:166:1:_Color2IndexBulk_M888_DMA2D	32	static
STemwin_wrapper.c:166:1:_Index2ColorBulk_M888_DMA2D	32	static
STemwin_wrapper.c:167:1:_Color2IndexBulk_M565_DMA2D	32	static
STemwin_wrapper.c:167:1:_Index2ColorBulk_M565_DMA2D	32	static
STemwin_wrapper.c:168:1:_Color2IndexBulk_M1555I_DMA2D	32	static
STemwin_wrapper.c:168:1:_Index2ColorBulk_M1555I_DMA2D	32	static
STemwin_wrapper.c:169:1:_Color2IndexBulk_M4444I_DMA2D	32	static
STemwin_wrapper.c:169:1:_Index2ColorBulk_M4444I_DMA2D	32	static
STemwin_wrapper.c:188:6:DSI_IO_WriteCmd	24	static
STemwin_wrapper.c:203:13:_DMA_ExecOperation	4	static
STemwin_wrapper.c:218:13:OTM8009A_IO_Delay	16	static
STemwin_wrapper.c:228:12:GetPixelformat	16	static
STemwin_wrapper.c:266:13:TransferComplete	16	static
STemwin_wrapper.c:276:6:DMA2D_Init	8	static
STemwin_wrapper.c:298:13:DMA2D_CopyBuffer	32	static
STemwin_wrapper.c:331:13:DMA2D_CopyBufferWithAlpha	32	static
STemwin_wrapper.c:374:13:DMA2D_FillBuffer	32	static
STemwin_wrapper.c:410:13:_DMA_ConvertColor	24	static
STemwin_wrapper.c:558:13:_DMA_Index2ColorBulk	32	static
STemwin_wrapper.c:583:13:_DMA_Color2IndexBulk	32	static
STemwin_wrapper.c:603:12:GetBufferSize	16	static
STemwin_wrapper.c:615:13:LCD_LL_CopyBuffer	72	static
STemwin_wrapper.c:637:13:LCD_LL_CopyRect	80	static
STemwin_wrapper.c:657:13:LCD_LL_FillRect	64	static
STemwin_wrapper.c:689:13:DMA2D_DrawBitmapL8	24	static
STemwin_wrapper.c:726:13:_DMA_DrawAlphaBitmap	24	static
STemwin_wrapper.c:753:13:_LCD_DrawBitmapAlpha	72	static
STemwin_wrapper.c:770:13:_LCD_DrawMemdevAlpha	48	static
STemwin_wrapper.c:789:6:LCD_LL_DrawBitmap16bpp	64	static
STemwin_wrapper.c:801:13:LCD_LL_DrawBitmap32bpp	64	static
STemwin_wrapper.c:824:13:LCD_LL_DrawBitmap8bpp	72	static
STemwin_wrapper.c:842:6:LCD_SetUpdateRegion	24	static
STemwin_wrapper.c:853:6:HAL_DSI_TearingEffectCallback	24	static
STemwin_wrapper.c:877:6:HAL_DSI_EndOfRefreshCallback	40	static
STemwin_wrapper.c:914:6:LCD_ReqTear	16	static
STemwin_wrapper.c:933:6:LCD_X_Config	32	static
STemwin_wrapper.c:1037:5:LCD_X_DisplayDriver	80	static
STemwin_wrapper.c:1141:6:GRAPHICS_IncTick	4	static
STemwin_wrapper.c:1146:6:GRAPHICS_HW_Init	8	static
STemwin_wrapper.c:1161:6:GRAPHICS_Init	8	static
