Archive member included to satisfy reference by file (symbol)

/Applications/STM32CubeIDE.app/Contents/Eclipse/plugins/com.st.stm32cube.ide.mcu.externaltools.gnu-tools-for-stm32.7-2018-q2-update.macos64_1.0.0.201904181610/tools/bin/../lib/gcc/arm-none-eabi/7.3.1/../../../../arm-none-eabi/lib/thumb/v7e-m/fpv5/hard/libc_nano.a(lib_a-errno.o)
                              Core/Src/syscalls.o (__errno)
/Applications/STM32CubeIDE.app/Contents/Eclipse/plugins/com.st.stm32cube.ide.mcu.externaltools.gnu-tools-for-stm32.7-2018-q2-update.macos64_1.0.0.201904181610/tools/bin/../lib/gcc/arm-none-eabi/7.3.1/../../../../arm-none-eabi/lib/thumb/v7e-m/fpv5/hard/libc_nano.a(lib_a-exit.o)
                              /Applications/STM32CubeIDE.app/Contents/Eclipse/plugins/com.st.stm32cube.ide.mcu.externaltools.gnu-tools-for-stm32.7-2018-q2-update.macos64_1.0.0.201904181610/tools/bin/../lib/gcc/arm-none-eabi/7.3.1/../../../../arm-none-eabi/lib/thumb/v7e-m/fpv5/hard/crt0.o (exit)
/Applications/STM32CubeIDE.app/Contents/Eclipse/plugins/com.st.stm32cube.ide.mcu.externaltools.gnu-tools-for-stm32.7-2018-q2-update.macos64_1.0.0.201904181610/tools/bin/../lib/gcc/arm-none-eabi/7.3.1/../../../../arm-none-eabi/lib/thumb/v7e-m/fpv5/hard/libc_nano.a(lib_a-impure.o)
                              /Applications/STM32CubeIDE.app/Contents/Eclipse/plugins/com.st.stm32cube.ide.mcu.externaltools.gnu-tools-for-stm32.7-2018-q2-update.macos64_1.0.0.201904181610/tools/bin/../lib/gcc/arm-none-eabi/7.3.1/../../../../arm-none-eabi/lib/thumb/v7e-m/fpv5/hard/libc_nano.a(lib_a-exit.o) (_global_impure_ptr)
/Applications/STM32CubeIDE.app/Contents/Eclipse/plugins/com.st.stm32cube.ide.mcu.externaltools.gnu-tools-for-stm32.7-2018-q2-update.macos64_1.0.0.201904181610/tools/bin/../lib/gcc/arm-none-eabi/7.3.1/../../../../arm-none-eabi/lib/thumb/v7e-m/fpv5/hard/libc_nano.a(lib_a-init.o)
                              /Applications/STM32CubeIDE.app/Contents/Eclipse/plugins/com.st.stm32cube.ide.mcu.externaltools.gnu-tools-for-stm32.7-2018-q2-update.macos64_1.0.0.201904181610/tools/bin/../lib/gcc/arm-none-eabi/7.3.1/../../../../arm-none-eabi/lib/thumb/v7e-m/fpv5/hard/crt0.o (__libc_init_array)
/Applications/STM32CubeIDE.app/Contents/Eclipse/plugins/com.st.stm32cube.ide.mcu.externaltools.gnu-tools-for-stm32.7-2018-q2-update.macos64_1.0.0.201904181610/tools/bin/../lib/gcc/arm-none-eabi/7.3.1/../../../../arm-none-eabi/lib/thumb/v7e-m/fpv5/hard/libc_nano.a(lib_a-memset.o)
                              /Applications/STM32CubeIDE.app/Contents/Eclipse/plugins/com.st.stm32cube.ide.mcu.externaltools.gnu-tools-for-stm32.7-2018-q2-update.macos64_1.0.0.201904181610/tools/bin/../lib/gcc/arm-none-eabi/7.3.1/../../../../arm-none-eabi/lib/thumb/v7e-m/fpv5/hard/crt0.o (memset)
/Applications/STM32CubeIDE.app/Contents/Eclipse/plugins/com.st.stm32cube.ide.mcu.externaltools.gnu-tools-for-stm32.7-2018-q2-update.macos64_1.0.0.201904181610/tools/bin/../lib/gcc/arm-none-eabi/7.3.1/thumb/v7e-m/fpv5/hard/libgcc.a(_aeabi_uldivmod.o)
                              Drivers/STM32F7xx_HAL_Driver/Src/stm32f7xx_hal_rcc.o (__aeabi_uldivmod)
/Applications/STM32CubeIDE.app/Contents/Eclipse/plugins/com.st.stm32cube.ide.mcu.externaltools.gnu-tools-for-stm32.7-2018-q2-update.macos64_1.0.0.201904181610/tools/bin/../lib/gcc/arm-none-eabi/7.3.1/thumb/v7e-m/fpv5/hard/libgcc.a(_udivmoddi4.o)
                              /Applications/STM32CubeIDE.app/Contents/Eclipse/plugins/com.st.stm32cube.ide.mcu.externaltools.gnu-tools-for-stm32.7-2018-q2-update.macos64_1.0.0.201904181610/tools/bin/../lib/gcc/arm-none-eabi/7.3.1/thumb/v7e-m/fpv5/hard/libgcc.a(_aeabi_uldivmod.o) (__udivmoddi4)
/Applications/STM32CubeIDE.app/Contents/Eclipse/plugins/com.st.stm32cube.ide.mcu.externaltools.gnu-tools-for-stm32.7-2018-q2-update.macos64_1.0.0.201904181610/tools/bin/../lib/gcc/arm-none-eabi/7.3.1/thumb/v7e-m/fpv5/hard/libgcc.a(_dvmd_tls.o)
                              /Applications/STM32CubeIDE.app/Contents/Eclipse/plugins/com.st.stm32cube.ide.mcu.externaltools.gnu-tools-for-stm32.7-2018-q2-update.macos64_1.0.0.201904181610/tools/bin/../lib/gcc/arm-none-eabi/7.3.1/thumb/v7e-m/fpv5/hard/libgcc.a(_aeabi_uldivmod.o) (__aeabi_ldiv0)

Allocating common symbols
Common symbol       size              file

huart3              0x80              Core/Src/main.o
hpcd_USB_OTG_FS     0x404             Core/Src/main.o
uwTick              0x4               Drivers/STM32F7xx_HAL_Driver/Src/stm32f7xx_hal.o
pFlash              0x1c              Drivers/STM32F7xx_HAL_Driver/Src/stm32f7xx_hal_flash.o
heth                0x48              Core/Src/main.o

Discarded input sections

 .text          0x0000000000000000        0x0 /Applications/STM32CubeIDE.app/Contents/Eclipse/plugins/com.st.stm32cube.ide.mcu.externaltools.gnu-tools-for-stm32.7-2018-q2-update.macos64_1.0.0.201904181610/tools/bin/../lib/gcc/arm-none-eabi/7.3.1/thumb/v7e-m/fpv5/hard/crti.o
[...]
Memory Configuration

Name             Origin             Length             Attributes
SHARED           0x0000000020000000 0x0000000000000040 xrw
RAM              0x0000000020000040 0x000000000007ffc0 xrw
FLASH            0x0000000008008000 0x00000000001f8000 xr
*default*        0x0000000000000000 0xffffffffffffffff

Linker script and memory map

LOAD /Applications/STM32CubeIDE.app/Contents/Eclipse/plugins/com.st.stm32cube.ide.mcu.externaltools.gnu-tools-for-stm32.7-2018-q2-update.macos64_1.0.0.201904181610/tools/bin/../lib/gcc/arm-none-eabi/7.3.1/thumb/v7e-m/fpv5/hard/crti.o
LOAD /Applications/STM32CubeIDE.app/Contents/Eclipse/plugins/com.st.stm32cube.ide.mcu.externaltools.gnu-tools-for-stm32.7-2018-q2-update.macos64_1.0.0.201904181610/tools/bin/../lib/gcc/arm-none-eabi/7.3.1/thumb/v7e-m/fpv5/hard/crtbegin.o
LOAD /Applications/STM32CubeIDE.app/Contents/Eclipse/plugins/com.st.stm32cube.ide.mcu.externaltools.gnu-tools-for-stm32.7-2018-q2-update.macos64_1.0.0.201904181610/tools/bin/../lib/gcc/arm-none-eabi/7.3.1/../../../../arm-none-eabi/lib/thumb/v7e-m/fpv5/hard/crt0.o
LOAD Core/Src/boot.o
LOAD Core/Src/main.o
LOAD Core/Src/shared_params.o
LOAD Core/Src/stm32f7xx_hal_msp.o
LOAD Core/Src/stm32f7xx_it.o
LOAD Core/Src/syscalls.o
LOAD Core/Src/sysmem.o
LOAD Core/Src/system_stm32f7xx.o
LOAD Core/Startup/startup_stm32f767zitx.o
LOAD Drivers/STM32F7xx_HAL_Driver/Src/stm32f7xx_hal.o
LOAD Drivers/STM32F7xx_HAL_Driver/Src/stm32f7xx_hal_cortex.o
LOAD Drivers/STM32F7xx_HAL_Driver/Src/stm32f7xx_hal_dma.o
LOAD Drivers/STM32F7xx_HAL_Driver/Src/stm32f7xx_hal_dma_ex.o
LOAD Drivers/STM32F7xx_HAL_Driver/Src/stm32f7xx_hal_eth.o
LOAD Drivers/STM32F7xx_HAL_Driver/Src/stm32f7xx_hal_exti.o
LOAD Drivers/STM32F7xx_HAL_Driver/Src/stm32f7xx_hal_flash.o
LOAD Drivers/STM32F7xx_HAL_Driver/Src/stm32f7xx_hal_flash_ex.o
LOAD Drivers/STM32F7xx_HAL_Driver/Src/stm32f7xx_hal_gpio.o
LOAD Drivers/STM32F7xx_HAL_Driver/Src/stm32f7xx_hal_i2c.o
LOAD Drivers/STM32F7xx_HAL_Driver/Src/stm32f7xx_hal_i2c_ex.o
LOAD Drivers/STM32F7xx_HAL_Driver/Src/stm32f7xx_hal_pcd.o
LOAD Drivers/STM32F7xx_HAL_Driver/Src/stm32f7xx_hal_pcd_ex.o
LOAD Drivers/STM32F7xx_HAL_Driver/Src/stm32f7xx_hal_pwr.o
LOAD Drivers/STM32F7xx_HAL_Driver/Src/stm32f7xx_hal_pwr_ex.o
LOAD Drivers/STM32F7xx_HAL_Driver/Src/stm32f7xx_hal_rcc.o
LOAD Drivers/STM32F7xx_HAL_Driver/Src/stm32f7xx_hal_rcc_ex.o
LOAD Drivers/STM32F7xx_HAL_Driver/Src/stm32f7xx_hal_tim.o
LOAD Drivers/STM32F7xx_HAL_Driver/Src/stm32f7xx_hal_tim_ex.o
LOAD Drivers/STM32F7xx_HAL_Driver/Src/stm32f7xx_hal_uart.o
LOAD Drivers/STM32F7xx_HAL_Driver/Src/stm32f7xx_hal_uart_ex.o
LOAD Drivers/STM32F7xx_HAL_Driver/Src/stm32f7xx_ll_usb.o
START GROUP
LOAD /Applications/STM32CubeIDE.app/Contents/Eclipse/plugins/com.st.stm32cube.ide.mcu.externaltools.gnu-tools-for-stm32.7-2018-q2-update.macos64_1.0.0.201904181610/tools/bin/../lib/gcc/arm-none-eabi/7.3.1/../../../../arm-none-eabi/lib/thumb/v7e-m/fpv5/hard/libc_nano.a
LOAD /Applications/STM32CubeIDE.app/Contents/Eclipse/plugins/com.st.stm32cube.ide.mcu.externaltools.gnu-tools-for-stm32.7-2018-q2-update.macos64_1.0.0.201904181610/tools/bin/../lib/gcc/arm-none-eabi/7.3.1/../../../../arm-none-eabi/lib/thumb/v7e-m/fpv5/hard/libm.a
END GROUP
START GROUP
LOAD /Applications/STM32CubeIDE.app/Contents/Eclipse/plugins/com.st.stm32cube.ide.mcu.externaltools.gnu-tools-for-stm32.7-2018-q2-update.macos64_1.0.0.201904181610/tools/bin/../lib/gcc/arm-none-eabi/7.3.1/thumb/v7e-m/fpv5/hard/libgcc.a
LOAD /Applications/STM32CubeIDE.app/Contents/Eclipse/plugins/com.st.stm32cube.ide.mcu.externaltools.gnu-tools-for-stm32.7-2018-q2-update.macos64_1.0.0.201904181610/tools/bin/../lib/gcc/arm-none-eabi/7.3.1/../../../../arm-none-eabi/lib/thumb/v7e-m/fpv5/hard/libc_nano.a
END GROUP
START GROUP
LOAD /Applications/STM32CubeIDE.app/Contents/Eclipse/plugins/com.st.stm32cube.ide.mcu.externaltools.gnu-tools-for-stm32.7-2018-q2-update.macos64_1.0.0.201904181610/tools/bin/../lib/gcc/arm-none-eabi/7.3.1/thumb/v7e-m/fpv5/hard/libgcc.a
LOAD /Applications/STM32CubeIDE.app/Contents/Eclipse/plugins/com.st.stm32cube.ide.mcu.externaltools.gnu-tools-for-stm32.7-2018-q2-update.macos64_1.0.0.201904181610/tools/bin/../lib/gcc/arm-none-eabi/7.3.1/../../../../arm-none-eabi/lib/thumb/v7e-m/fpv5/hard/libc_nano.a
LOAD /Applications/STM32CubeIDE.app/Contents/Eclipse/plugins/com.st.stm32cube.ide.mcu.externaltools.gnu-tools-for-stm32.7-2018-q2-update.macos64_1.0.0.201904181610/tools/bin/../lib/gcc/arm-none-eabi/7.3.1/../../../../arm-none-eabi/lib/thumb/v7e-m/fpv5/hard/libnosys.a
END GROUP
START GROUP
LOAD /Applications/STM32CubeIDE.app/Contents/Eclipse/plugins/com.st.stm32cube.ide.mcu.externaltools.gnu-tools-for-stm32.7-2018-q2-update.macos64_1.0.0.201904181610/tools/bin/../lib/gcc/arm-none-eabi/7.3.1/thumb/v7e-m/fpv5/hard/libgcc.a
LOAD /Applications/STM32CubeIDE.app/Contents/Eclipse/plugins/com.st.stm32cube.ide.mcu.externaltools.gnu-tools-for-stm32.7-2018-q2-update.macos64_1.0.0.201904181610/tools/bin/../lib/gcc/arm-none-eabi/7.3.1/../../../../arm-none-eabi/lib/thumb/v7e-m/fpv5/hard/libc_nano.a
LOAD /Applications/STM32CubeIDE.app/Contents/Eclipse/plugins/com.st.stm32cube.ide.mcu.externaltools.gnu-tools-for-stm32.7-2018-q2-update.macos64_1.0.0.201904181610/tools/bin/../lib/gcc/arm-none-eabi/7.3.1/../../../../arm-none-eabi/lib/thumb/v7e-m/fpv5/hard/libnosys.a
END GROUP
LOAD /Applications/STM32CubeIDE.app/Contents/Eclipse/plugins/com.st.stm32cube.ide.mcu.externaltools.gnu-tools-for-stm32.7-2018-q2-update.macos64_1.0.0.201904181610/tools/bin/../lib/gcc/arm-none-eabi/7.3.1/thumb/v7e-m/fpv5/hard/crtend.o
LOAD /Applications/STM32CubeIDE.app/Contents/Eclipse/plugins/com.st.stm32cube.ide.mcu.externaltools.gnu-tools-for-stm32.7-2018-q2-update.macos64_1.0.0.201904181610/tools/bin/../lib/gcc/arm-none-eabi/7.3.1/thumb/v7e-m/fpv5/hard/crtn.o
                0x0000000020080000                _estack = 0x20080000
                0x0000000000000200                _Min_Heap_Size = 0x200
                0x0000000000000400                _Min_Stack_Size = 0x400

.shared         0x0000000020000000       0x40
                0x0000000020000000                . = ALIGN (0x4)
                0x0000000020000000                _sshared = .
                0x0000000020000000                __shared_start__ = _sshared
 *(.shared)
 .shared        0x0000000020000000       0x40 Core/Src/shared_params.o
 *(.shared.*)
 *(.shared)
                0x0000000020000040                . = ALIGN (0x4)
                0x0000000020000040                _eshared = .
                0x0000000020000040                __shared_end__ = _eshared

.isr_vector     0x0000000008008000      0x1fc
                0x0000000008008000                . = ALIGN (0x4)
 *(.isr_vector)
 .isr_vector    0x0000000008008000      0x1fc Core/Startup/startup_stm32f767zitx.o
                0x0000000008008000                g_pfnVectors
                0x00000000080081fc                . = ALIGN (0x4)

.text           0x00000000080081fc     0x3fa8
                0x00000000080081fc                . = ALIGN (0x4)
 *(.text)
 .text          0x00000000080081fc       0x40 /Applications/STM32CubeIDE.app/Contents/Eclipse/plugins/com.st.stm32cube.ide.mcu.externaltools.gnu-tools-for-stm32.7-2018-q2-update.macos64_1.0.0.201904181610/tools/bin/../lib/gcc/arm-none-eabi/7.3.1/thumb/v7e-m/fpv5/hard/crtbegin.o
 .text          0x000000000800823c       0x30 /Applications/STM32CubeIDE.app/Contents/Eclipse/plugins/com.st.stm32cube.ide.mcu.externaltools.gnu-tools-for-stm32.7-2018-q2-update.macos64_1.0.0.201904181610/tools/bin/../lib/gcc/arm-none-eabi/7.3.1/thumb/v7e-m/fpv5/hard/libgcc.a(_aeabi_uldivmod.o)
                0x000000000800823c                __aeabi_uldivmod
 .text          0x000000000800826c      0x2cc /Applications/STM32CubeIDE.app/Contents/Eclipse/plugins/com.st.stm32cube.ide.mcu.externaltools.gnu-tools-for-stm32.7-2018-q2-update.macos64_1.0.0.201904181610/tools/bin/../lib/gcc/arm-none-eabi/7.3.1/thumb/v7e-m/fpv5/hard/libgcc.a(_udivmoddi4.o)
                0x000000000800826c                __udivmoddi4
 .text          0x0000000008008538        0x4 /Applications/STM32CubeIDE.app/Contents/Eclipse/plugins/com.st.stm32cube.ide.mcu.externaltools.gnu-tools-for-stm32.7-2018-q2-update.macos64_1.0.0.201904181610/tools/bin/../lib/gcc/arm-none-eabi/7.3.1/thumb/v7e-m/fpv5/hard/libgcc.a(_dvmd_tls.o)
                0x0000000008008538                __aeabi_ldiv0
                0x0000000008008538                __aeabi_idiv0
 *(.text*)
 .text.__NVIC_SystemReset
                0x000000000800853c       0x28 Core/Src/boot.o
 .text.BootActivate
                0x0000000008008564        0x8 Core/Src/boot.o
                0x0000000008008564                BootActivate
 .text.main     0x000000000800856c       0x7c Core/Src/main.o
                0x000000000800856c                main
 .text.SystemClock_Config
                0x00000000080085e8      0x12c Core/Src/main.o
                0x00000000080085e8                SystemClock_Config
 .text.MX_ETH_Init
                0x0000000008008714       0x80 Core/Src/main.o
 .text.MX_USART3_UART_Init
                0x0000000008008794       0x60 Core/Src/main.o
 .text.MX_USB_OTG_FS_PCD_Init
                0x00000000080087f4       0x5c Core/Src/main.o
 .text.MX_GPIO_Init
                0x0000000008008850      0x144 Core/Src/main.o
 .text.VectorBase_Config
                0x0000000008008994       0x1c Core/Src/main.o
 .text.Error_Handler
                0x00000000080089b0        0xe Core/Src/main.o
                0x00000000080089b0                Error_Handler
 *fill*         0x00000000080089be        0x2 
 .text.SharedParamsWriteByIndex
                0x00000000080089c0       0x44 Core/Src/shared_params.o
                0x00000000080089c0                SharedParamsWriteByIndex
 .text.SharedParamsValidateBuffer
                0x0000000008008a04       0x34 Core/Src/shared_params.o
 .text.SharedParamsWriteChecksum
                0x0000000008008a38       0x18 Core/Src/shared_params.o
 .text.SharedParamsVerifyChecksum
                0x0000000008008a50       0x2c Core/Src/shared_params.o
 .text.SharedParamsCalculateChecksum
                0x0000000008008a7c       0x8c Core/Src/shared_params.o
 .text.HAL_MspInit
                0x0000000008008b08       0x48 Core/Src/stm32f7xx_hal_msp.o
                0x0000000008008b08                HAL_MspInit
 .text.HAL_ETH_MspInit
                0x0000000008008b50      0x170 Core/Src/stm32f7xx_hal_msp.o
                0x0000000008008b50                HAL_ETH_MspInit
 .text.HAL_UART_MspInit
                0x0000000008008cc0       0x88 Core/Src/stm32f7xx_hal_msp.o
                0x0000000008008cc0                HAL_UART_MspInit
 .text.HAL_PCD_MspInit
                0x0000000008008d48       0xb8 Core/Src/stm32f7xx_hal_msp.o
                0x0000000008008d48                HAL_PCD_MspInit
 .text.NMI_Handler
                0x0000000008008e00        0xe Core/Src/stm32f7xx_it.o
                0x0000000008008e00                NMI_Handler
 .text.HardFault_Handler
                0x0000000008008e0e        0x6 Core/Src/stm32f7xx_it.o
                0x0000000008008e0e                HardFault_Handler
 .text.MemManage_Handler
                0x0000000008008e14        0x6 Core/Src/stm32f7xx_it.o
                0x0000000008008e14                MemManage_Handler
 .text.BusFault_Handler
                0x0000000008008e1a        0x6 Core/Src/stm32f7xx_it.o
                0x0000000008008e1a                BusFault_Handler
 .text.UsageFault_Handler
                0x0000000008008e20        0x6 Core/Src/stm32f7xx_it.o
                0x0000000008008e20                UsageFault_Handler
 .text.SVC_Handler
                0x0000000008008e26        0xe Core/Src/stm32f7xx_it.o
                0x0000000008008e26                SVC_Handler
 .text.DebugMon_Handler
                0x0000000008008e34        0xe Core/Src/stm32f7xx_it.o
                0x0000000008008e34                DebugMon_Handler
 .text.PendSV_Handler
                0x0000000008008e42        0xe Core/Src/stm32f7xx_it.o
                0x0000000008008e42                PendSV_Handler
 .text.SysTick_Handler
                0x0000000008008e50        0xc Core/Src/stm32f7xx_it.o
                0x0000000008008e50                SysTick_Handler
 .text.SystemInit
                0x0000000008008e5c       0x2c Core/Src/system_stm32f7xx.o
                0x0000000008008e5c                SystemInit
 .text.Reset_Handler
                0x0000000008008e88       0x50 Core/Startup/startup_stm32f767zitx.o
                0x0000000008008e88                Reset_Handler
 .text.Default_Handler
                0x0000000008008ed8        0x2 Core/Startup/startup_stm32f767zitx.o
                0x0000000008008ed8                DMA1_Stream3_IRQHandler
                0x0000000008008ed8                EXTI2_IRQHandler
                0x0000000008008ed8                TIM8_CC_IRQHandler
                0x0000000008008ed8                UART8_IRQHandler
                0x0000000008008ed8                SPI4_IRQHandler
                0x0000000008008ed8                TIM1_CC_IRQHandler
                0x0000000008008ed8                DMA2_Stream5_IRQHandler
                0x0000000008008ed8                JPEG_IRQHandler
                0x0000000008008ed8                DMA1_Stream5_IRQHandler
                0x0000000008008ed8                CAN3_RX1_IRQHandler
                0x0000000008008ed8                PVD_IRQHandler
                0x0000000008008ed8                TAMP_STAMP_IRQHandler
                0x0000000008008ed8                CAN2_RX1_IRQHandler
                0x0000000008008ed8                EXTI3_IRQHandler
                0x0000000008008ed8                TIM8_TRG_COM_TIM14_IRQHandler
                0x0000000008008ed8                DFSDM1_FLT1_IRQHandler
                0x0000000008008ed8                TIM1_UP_TIM10_IRQHandler
                0x0000000008008ed8                TIM8_UP_TIM13_IRQHandler
                0x0000000008008ed8                I2C3_ER_IRQHandler
                0x0000000008008ed8                DFSDM1_FLT2_IRQHandler
                0x0000000008008ed8                EXTI0_IRQHandler
                0x0000000008008ed8                I2C2_EV_IRQHandler
                0x0000000008008ed8                DMA1_Stream2_IRQHandler
                0x0000000008008ed8                CAN1_RX0_IRQHandler
                0x0000000008008ed8                FPU_IRQHandler
                0x0000000008008ed8                OTG_HS_WKUP_IRQHandler
                0x0000000008008ed8                CAN3_SCE_IRQHandler
                0x0000000008008ed8                LTDC_ER_IRQHandler
                0x0000000008008ed8                CAN2_SCE_IRQHandler
                0x0000000008008ed8                DMA2_Stream2_IRQHandler
                0x0000000008008ed8                SPI1_IRQHandler
                0x0000000008008ed8                TIM6_DAC_IRQHandler
                0x0000000008008ed8                TIM1_BRK_TIM9_IRQHandler
                0x0000000008008ed8                DCMI_IRQHandler
                0x0000000008008ed8                CAN2_RX0_IRQHandler
                0x0000000008008ed8                DMA2_Stream3_IRQHandler
                0x0000000008008ed8                SAI2_IRQHandler
                0x0000000008008ed8                DFSDM1_FLT3_IRQHandler
                0x0000000008008ed8                USART6_IRQHandler
                0x0000000008008ed8                CAN3_RX0_IRQHandler
                0x0000000008008ed8                USART3_IRQHandler
                0x0000000008008ed8                CAN1_RX1_IRQHandler
                0x0000000008008ed8                UART5_IRQHandler
                0x0000000008008ed8                DMA2_Stream0_IRQHandler
                0x0000000008008ed8                TIM4_IRQHandler
                0x0000000008008ed8                QUADSPI_IRQHandler
                0x0000000008008ed8                I2C1_EV_IRQHandler
                0x0000000008008ed8                DMA1_Stream6_IRQHandler
                0x0000000008008ed8                DMA1_Stream1_IRQHandler
                0x0000000008008ed8                UART4_IRQHandler
                0x0000000008008ed8                TIM3_IRQHandler
                0x0000000008008ed8                RCC_IRQHandler
                0x0000000008008ed8                TIM8_BRK_TIM12_IRQHandler
                0x0000000008008ed8                Default_Handler
                0x0000000008008ed8                CEC_IRQHandler
                0x0000000008008ed8                EXTI15_10_IRQHandler
                0x0000000008008ed8                ADC_IRQHandler
                0x0000000008008ed8                DMA1_Stream7_IRQHandler
                0x0000000008008ed8                SPI5_IRQHandler
                0x0000000008008ed8                TIM7_IRQHandler
                0x0000000008008ed8                SDMMC1_IRQHandler
                0x0000000008008ed8                CAN2_TX_IRQHandler
                0x0000000008008ed8                TIM5_IRQHandler
                0x0000000008008ed8                DMA2_Stream7_IRQHandler
                0x0000000008008ed8                I2C3_EV_IRQHandler
                0x0000000008008ed8                EXTI9_5_IRQHandler
                0x0000000008008ed8                RTC_WKUP_IRQHandler
                0x0000000008008ed8                LTDC_IRQHandler
                0x0000000008008ed8                ETH_WKUP_IRQHandler
                0x0000000008008ed8                SPDIF_RX_IRQHandler
                0x0000000008008ed8                SPI2_IRQHandler
                0x0000000008008ed8                OTG_HS_EP1_IN_IRQHandler
                0x0000000008008ed8                DMA1_Stream0_IRQHandler
                0x0000000008008ed8                CAN1_TX_IRQHandler
                0x0000000008008ed8                EXTI4_IRQHandler
                0x0000000008008ed8                RNG_IRQHandler
                0x0000000008008ed8                ETH_IRQHandler
                0x0000000008008ed8                OTG_HS_EP1_OUT_IRQHandler
                0x0000000008008ed8                WWDG_IRQHandler
                0x0000000008008ed8                SPI6_IRQHandler
                0x0000000008008ed8                MDIOS_IRQHandler
                0x0000000008008ed8                I2C4_EV_IRQHandler
                0x0000000008008ed8                CAN3_TX_IRQHandler
                0x0000000008008ed8                TIM2_IRQHandler
                0x0000000008008ed8                OTG_FS_WKUP_IRQHandler
                0x0000000008008ed8                TIM1_TRG_COM_TIM11_IRQHandler
                0x0000000008008ed8                OTG_HS_IRQHandler
                0x0000000008008ed8                DMA2D_IRQHandler
                0x0000000008008ed8                EXTI1_IRQHandler
                0x0000000008008ed8                SDMMC2_IRQHandler
                0x0000000008008ed8                UART7_IRQHandler
                0x0000000008008ed8                USART2_IRQHandler
                0x0000000008008ed8                DFSDM1_FLT0_IRQHandler
                0x0000000008008ed8                I2C2_ER_IRQHandler
                0x0000000008008ed8                DMA2_Stream1_IRQHandler
                0x0000000008008ed8                CAN1_SCE_IRQHandler
                0x0000000008008ed8                FLASH_IRQHandler
                0x0000000008008ed8                DMA2_Stream4_IRQHandler
                0x0000000008008ed8                USART1_IRQHandler
                0x0000000008008ed8                OTG_FS_IRQHandler
                0x0000000008008ed8                SPI3_IRQHandler
                0x0000000008008ed8                DMA1_Stream4_IRQHandler
                0x0000000008008ed8                I2C1_ER_IRQHandler
                0x0000000008008ed8                FMC_IRQHandler
                0x0000000008008ed8                LPTIM1_IRQHandler
                0x0000000008008ed8                I2C4_ER_IRQHandler
                0x0000000008008ed8                DMA2_Stream6_IRQHandler
                0x0000000008008ed8                SAI1_IRQHandler
                0x0000000008008ed8                RTC_Alarm_IRQHandler
 .text.HAL_Init
                0x0000000008008eda       0x1a Drivers/STM32F7xx_HAL_Driver/Src/stm32f7xx_hal.o
                0x0000000008008eda                HAL_Init
 .text.HAL_InitTick
                0x0000000008008ef4       0x60 Drivers/STM32F7xx_HAL_Driver/Src/stm32f7xx_hal.o
                0x0000000008008ef4                HAL_InitTick
 .text.HAL_IncTick
                0x0000000008008f54       0x28 Drivers/STM32F7xx_HAL_Driver/Src/stm32f7xx_hal.o
                0x0000000008008f54                HAL_IncTick
 .text.HAL_GetTick
                0x0000000008008f7c       0x18 Drivers/STM32F7xx_HAL_Driver/Src/stm32f7xx_hal.o
                0x0000000008008f7c                HAL_GetTick
 .text.HAL_Delay
                0x0000000008008f94       0x44 Drivers/STM32F7xx_HAL_Driver/Src/stm32f7xx_hal.o
                0x0000000008008f94                HAL_Delay
 .text.__NVIC_SetPriorityGrouping
                0x0000000008008fd8       0x48 Drivers/STM32F7xx_HAL_Driver/Src/stm32f7xx_hal_cortex.o
 .text.__NVIC_GetPriorityGrouping
                0x0000000008009020       0x1c Drivers/STM32F7xx_HAL_Driver/Src/stm32f7xx_hal_cortex.o
 .text.__NVIC_SetPriority
                0x000000000800903c       0x54 Drivers/STM32F7xx_HAL_Driver/Src/stm32f7xx_hal_cortex.o
 .text.NVIC_EncodePriority
                0x0000000008009090       0x66 Drivers/STM32F7xx_HAL_Driver/Src/stm32f7xx_hal_cortex.o
 *fill*         0x00000000080090f6        0x2 
 .text.SysTick_Config
                0x00000000080090f8       0x44 Drivers/STM32F7xx_HAL_Driver/Src/stm32f7xx_hal_cortex.o
 .text.HAL_NVIC_SetPriorityGrouping
                0x000000000800913c       0x16 Drivers/STM32F7xx_HAL_Driver/Src/stm32f7xx_hal_cortex.o
                0x000000000800913c                HAL_NVIC_SetPriorityGrouping
 .text.HAL_NVIC_SetPriority
                0x0000000008009152       0x38 Drivers/STM32F7xx_HAL_Driver/Src/stm32f7xx_hal_cortex.o
                0x0000000008009152                HAL_NVIC_SetPriority
 .text.HAL_SYSTICK_Config
                0x000000000800918a       0x18 Drivers/STM32F7xx_HAL_Driver/Src/stm32f7xx_hal_cortex.o
                0x000000000800918a                HAL_SYSTICK_Config
 *fill*         0x00000000080091a2        0x2 
 .text.HAL_ETH_Init
                0x00000000080091a4      0x338 Drivers/STM32F7xx_HAL_Driver/Src/stm32f7xx_hal_eth.o
                0x00000000080091a4                HAL_ETH_Init
 .text.HAL_ETH_ReadPHYRegister
                0x00000000080094dc       0xd0 Drivers/STM32F7xx_HAL_Driver/Src/stm32f7xx_hal_eth.o
                0x00000000080094dc                HAL_ETH_ReadPHYRegister
 .text.HAL_ETH_WritePHYRegister
                0x00000000080095ac       0xcc Drivers/STM32F7xx_HAL_Driver/Src/stm32f7xx_hal_eth.o
                0x00000000080095ac                HAL_ETH_WritePHYRegister
 .text.ETH_MACDMAConfig
                0x0000000008009678      0x394 Drivers/STM32F7xx_HAL_Driver/Src/stm32f7xx_hal_eth.o
 .text.ETH_MACAddressConfig
                0x0000000008009a0c       0x70 Drivers/STM32F7xx_HAL_Driver/Src/stm32f7xx_hal_eth.o
 .text.HAL_GPIO_Init
                0x0000000008009a7c      0x354 Drivers/STM32F7xx_HAL_Driver/Src/stm32f7xx_hal_gpio.o
                0x0000000008009a7c                HAL_GPIO_Init
 .text.HAL_GPIO_WritePin
                0x0000000008009dd0       0x32 Drivers/STM32F7xx_HAL_Driver/Src/stm32f7xx_hal_gpio.o
                0x0000000008009dd0                HAL_GPIO_WritePin
 .text.HAL_GPIO_TogglePin
                0x0000000008009e02       0x34 Drivers/STM32F7xx_HAL_Driver/Src/stm32f7xx_hal_gpio.o
                0x0000000008009e02                HAL_GPIO_TogglePin
 .text.HAL_PCD_Init
                0x0000000008009e36      0x248 Drivers/STM32F7xx_HAL_Driver/Src/stm32f7xx_hal_pcd.o
                0x0000000008009e36                HAL_PCD_Init
 *fill*         0x000000000800a07e        0x2 
 .text.HAL_PCDEx_ActivateLPM
                0x000000000800a080       0x48 Drivers/STM32F7xx_HAL_Driver/Src/stm32f7xx_hal_pcd_ex.o
                0x000000000800a080                HAL_PCDEx_ActivateLPM
 .text.HAL_PWR_EnableBkUpAccess
                0x000000000800a0c8       0x20 Drivers/STM32F7xx_HAL_Driver/Src/stm32f7xx_hal_pwr.o
                0x000000000800a0c8                HAL_PWR_EnableBkUpAccess
 .text.HAL_PWREx_EnableOverDrive
                0x000000000800a0e8       0xa0 Drivers/STM32F7xx_HAL_Driver/Src/stm32f7xx_hal_pwr_ex.o
                0x000000000800a0e8                HAL_PWREx_EnableOverDrive
 .text.HAL_RCC_OscConfig
                0x000000000800a188      0x55c Drivers/STM32F7xx_HAL_Driver/Src/stm32f7xx_hal_rcc.o
                0x000000000800a188                HAL_RCC_OscConfig
 .text.HAL_RCC_ClockConfig
                0x000000000800a6e4      0x1d8 Drivers/STM32F7xx_HAL_Driver/Src/stm32f7xx_hal_rcc.o
                0x000000000800a6e4                HAL_RCC_ClockConfig
 .text.HAL_RCC_GetSysClockFreq
                0x000000000800a8bc      0x1b0 Drivers/STM32F7xx_HAL_Driver/Src/stm32f7xx_hal_rcc.o
                0x000000000800a8bc                HAL_RCC_GetSysClockFreq
 .text.HAL_RCC_GetHCLKFreq
                0x000000000800aa6c       0x18 Drivers/STM32F7xx_HAL_Driver/Src/stm32f7xx_hal_rcc.o
                0x000000000800aa6c                HAL_RCC_GetHCLKFreq
 .text.HAL_RCC_GetPCLK1Freq
                0x000000000800aa84       0x28 Drivers/STM32F7xx_HAL_Driver/Src/stm32f7xx_hal_rcc.o
                0x000000000800aa84                HAL_RCC_GetPCLK1Freq
 .text.HAL_RCC_GetPCLK2Freq
                0x000000000800aaac       0x28 Drivers/STM32F7xx_HAL_Driver/Src/stm32f7xx_hal_rcc.o
                0x000000000800aaac                HAL_RCC_GetPCLK2Freq
 .text.HAL_RCCEx_PeriphCLKConfig
                0x000000000800aad4      0x84c Drivers/STM32F7xx_HAL_Driver/Src/stm32f7xx_hal_rcc_ex.o
                0x000000000800aad4                HAL_RCCEx_PeriphCLKConfig
 .text.HAL_UART_Init
                0x000000000800b320       0x9c Drivers/STM32F7xx_HAL_Driver/Src/stm32f7xx_hal_uart.o
                0x000000000800b320                HAL_UART_Init
 .text.UART_SetConfig
                0x000000000800b3bc      0x554 Drivers/STM32F7xx_HAL_Driver/Src/stm32f7xx_hal_uart.o
                0x000000000800b3bc                UART_SetConfig
 .text.UART_AdvFeatureConfig
                0x000000000800b910      0x144 Drivers/STM32F7xx_HAL_Driver/Src/stm32f7xx_hal_uart.o
                0x000000000800b910                UART_AdvFeatureConfig
 .text.UART_CheckIdleState
                0x000000000800ba54       0x8a Drivers/STM32F7xx_HAL_Driver/Src/stm32f7xx_hal_uart.o
                0x000000000800ba54                UART_CheckIdleState
 .text.UART_WaitOnFlagUntilTimeout
                0x000000000800bade       0xf6 Drivers/STM32F7xx_HAL_Driver/Src/stm32f7xx_hal_uart.o
                0x000000000800bade                UART_WaitOnFlagUntilTimeout
 .text.USB_CoreInit
                0x000000000800bbd4       0xb0 Drivers/STM32F7xx_HAL_Driver/Src/stm32f7xx_ll_usb.o
                0x000000000800bbd4                USB_CoreInit
 .text.USB_DisableGlobalInt
                0x000000000800bc84       0x22 Drivers/STM32F7xx_HAL_Driver/Src/stm32f7xx_ll_usb.o
                0x000000000800bc84                USB_DisableGlobalInt
 .text.USB_SetCurrentMode
                0x000000000800bca6       0x54 Drivers/STM32F7xx_HAL_Driver/Src/stm32f7xx_ll_usb.o
                0x000000000800bca6                USB_SetCurrentMode
 *fill*         0x000000000800bcfa        0x2 
 .text.USB_DevInit
                0x000000000800bcfc      0x2dc Drivers/STM32F7xx_HAL_Driver/Src/stm32f7xx_ll_usb.o
                0x000000000800bcfc                USB_DevInit
 .text.USB_FlushTxFifo
                0x000000000800bfd8       0x4c Drivers/STM32F7xx_HAL_Driver/Src/stm32f7xx_ll_usb.o
                0x000000000800bfd8                USB_FlushTxFifo
 .text.USB_FlushRxFifo
                0x000000000800c024       0x44 Drivers/STM32F7xx_HAL_Driver/Src/stm32f7xx_ll_usb.o
                0x000000000800c024                USB_FlushRxFifo
 .text.USB_SetDevSpeed
                0x000000000800c068       0x32 Drivers/STM32F7xx_HAL_Driver/Src/stm32f7xx_ll_usb.o
                0x000000000800c068                USB_SetDevSpeed
 .text.USB_DevDisconnect
                0x000000000800c09a       0x30 Drivers/STM32F7xx_HAL_Driver/Src/stm32f7xx_ll_usb.o
                0x000000000800c09a                USB_DevDisconnect
 *fill*         0x000000000800c0ca        0x2 
 .text.USB_CoreReset
                0x000000000800c0cc       0x68 Drivers/STM32F7xx_HAL_Driver/Src/stm32f7xx_ll_usb.o
 .text.__libc_init_array
                0x000000000800c134       0x48 /Applications/STM32CubeIDE.app/Contents/Eclipse/plugins/com.st.stm32cube.ide.mcu.externaltools.gnu-tools-for-stm32.7-2018-q2-update.macos64_1.0.0.201904181610/tools/bin/../lib/gcc/arm-none-eabi/7.3.1/../../../../arm-none-eabi/lib/thumb/v7e-m/fpv5/hard/libc_nano.a(lib_a-init.o)
                0x000000000800c134                __libc_init_array
 .text.memset   0x000000000800c17c       0x10 /Applications/STM32CubeIDE.app/Contents/Eclipse/plugins/com.st.stm32cube.ide.mcu.externaltools.gnu-tools-for-stm32.7-2018-q2-update.macos64_1.0.0.201904181610/tools/bin/../lib/gcc/arm-none-eabi/7.3.1/../../../../arm-none-eabi/lib/thumb/v7e-m/fpv5/hard/libc_nano.a(lib_a-memset.o)
                0x000000000800c17c                memset
 *(.glue_7)
 .glue_7        0x000000000800c18c        0x0 linker stubs
 *(.glue_7t)
 .glue_7t       0x000000000800c18c        0x0 linker stubs
 *(.eh_frame)
 .eh_frame      0x000000000800c18c        0x0 /Applications/STM32CubeIDE.app/Contents/Eclipse/plugins/com.st.stm32cube.ide.mcu.externaltools.gnu-tools-for-stm32.7-2018-q2-update.macos64_1.0.0.201904181610/tools/bin/../lib/gcc/arm-none-eabi/7.3.1/thumb/v7e-m/fpv5/hard/crtbegin.o
 *(.init)
 .init          0x000000000800c18c        0x4 /Applications/STM32CubeIDE.app/Contents/Eclipse/plugins/com.st.stm32cube.ide.mcu.externaltools.gnu-tools-for-stm32.7-2018-q2-update.macos64_1.0.0.201904181610/tools/bin/../lib/gcc/arm-none-eabi/7.3.1/thumb/v7e-m/fpv5/hard/crti.o
                0x000000000800c18c                _init
 .init          0x000000000800c190        0x8 /Applications/STM32CubeIDE.app/Contents/Eclipse/plugins/com.st.stm32cube.ide.mcu.externaltools.gnu-tools-for-stm32.7-2018-q2-update.macos64_1.0.0.201904181610/tools/bin/../lib/gcc/arm-none-eabi/7.3.1/thumb/v7e-m/fpv5/hard/crtn.o
 *(.fini)
 .fini          0x000000000800c198        0x4 /Applications/STM32CubeIDE.app/Contents/Eclipse/plugins/com.st.stm32cube.ide.mcu.externaltools.gnu-tools-for-stm32.7-2018-q2-update.macos64_1.0.0.201904181610/tools/bin/../lib/gcc/arm-none-eabi/7.3.1/thumb/v7e-m/fpv5/hard/crti.o
                0x000000000800c198                _fini
 .fini          0x000000000800c19c        0x8 /Applications/STM32CubeIDE.app/Contents/Eclipse/plugins/com.st.stm32cube.ide.mcu.externaltools.gnu-tools-for-stm32.7-2018-q2-update.macos64_1.0.0.201904181610/tools/bin/../lib/gcc/arm-none-eabi/7.3.1/thumb/v7e-m/fpv5/hard/crtn.o
                0x000000000800c1a4                . = ALIGN (0x4)
                0x000000000800c1a4                _etext = .

.vfp11_veneer   0x000000000800c1a4        0x0
 .vfp11_veneer  0x000000000800c1a4        0x0 linker stubs

.v4_bx          0x000000000800c1a4        0x0
 .v4_bx         0x000000000800c1a4        0x0 linker stubs

.iplt           0x000000000800c1a4        0x0
 .iplt          0x000000000800c1a4        0x0 /Applications/STM32CubeIDE.app/Contents/Eclipse/plugins/com.st.stm32cube.ide.mcu.externaltools.gnu-tools-for-stm32.7-2018-q2-update.macos64_1.0.0.201904181610/tools/bin/../lib/gcc/arm-none-eabi/7.3.1/thumb/v7e-m/fpv5/hard/crtbegin.o

.rodata         0x000000000800c1a4       0x18
                0x000000000800c1a4                . = ALIGN (0x4)
 *(.rodata)
 *(.rodata*)
 .rodata.AHBPrescTable
                0x000000000800c1a4       0x10 Core/Src/system_stm32f7xx.o
                0x000000000800c1a4                AHBPrescTable
 .rodata.APBPrescTable
                0x000000000800c1b4        0x8 Core/Src/system_stm32f7xx.o
                0x000000000800c1b4                APBPrescTable
                0x000000000800c1bc                . = ALIGN (0x4)

.ARM.extab
 *(.ARM.extab* .gnu.linkonce.armextab.*)

.ARM            0x000000000800c1bc        0x8
                0x000000000800c1bc                __exidx_start = .
 *(.ARM.exidx*)
 .ARM.exidx     0x000000000800c1bc        0x8 /Applications/STM32CubeIDE.app/Contents/Eclipse/plugins/com.st.stm32cube.ide.mcu.externaltools.gnu-tools-for-stm32.7-2018-q2-update.macos64_1.0.0.201904181610/tools/bin/../lib/gcc/arm-none-eabi/7.3.1/thumb/v7e-m/fpv5/hard/libgcc.a(_udivmoddi4.o)
                0x000000000800c1c4                __exidx_end = .

.rel.dyn        0x000000000800c1c4        0x0
 .rel.iplt      0x000000000800c1c4        0x0 /Applications/STM32CubeIDE.app/Contents/Eclipse/plugins/com.st.stm32cube.ide.mcu.externaltools.gnu-tools-for-stm32.7-2018-q2-update.macos64_1.0.0.201904181610/tools/bin/../lib/gcc/arm-none-eabi/7.3.1/thumb/v7e-m/fpv5/hard/crtbegin.o

.preinit_array  0x000000000800c1c4        0x0
                0x000000000800c1c4                PROVIDE (__preinit_array_start = .)
 *(.preinit_array*)
                0x000000000800c1c4                PROVIDE (__preinit_array_end = .)

.init_array     0x000000000800c1c4        0x4
                0x000000000800c1c4                PROVIDE (__init_array_start = .)
 *(SORT_BY_NAME(.init_array.*))
 *(.init_array*)
 .init_array    0x000000000800c1c4        0x4 /Applications/STM32CubeIDE.app/Contents/Eclipse/plugins/com.st.stm32cube.ide.mcu.externaltools.gnu-tools-for-stm32.7-2018-q2-update.macos64_1.0.0.201904181610/tools/bin/../lib/gcc/arm-none-eabi/7.3.1/thumb/v7e-m/fpv5/hard/crtbegin.o
                0x000000000800c1c8                PROVIDE (__init_array_end = .)

.fini_array     0x000000000800c1c8        0x4
                [!provide]                        PROVIDE (__fini_array_start = .)
 *(SORT_BY_NAME(.fini_array.*))
 *(.fini_array*)
 .fini_array    0x000000000800c1c8        0x4 /Applications/STM32CubeIDE.app/Contents/Eclipse/plugins/com.st.stm32cube.ide.mcu.externaltools.gnu-tools-for-stm32.7-2018-q2-update.macos64_1.0.0.201904181610/tools/bin/../lib/gcc/arm-none-eabi/7.3.1/thumb/v7e-m/fpv5/hard/crtbegin.o
                [!provide]                        PROVIDE (__fini_array_end = .)
                0x000000000800c1cc                _sidata = LOADADDR (.data)

.data           0x0000000020000040        0xc load address 0x000000000800c1cc
                0x0000000020000040                . = ALIGN (0x4)
                0x0000000020000040                _sdata = .
 *(.data)
 *(.data*)
 .data.SystemCoreClock
                0x0000000020000040        0x4 Core/Src/system_stm32f7xx.o
                0x0000000020000040                SystemCoreClock
 .data.uwTickPrio
                0x0000000020000044        0x4 Drivers/STM32F7xx_HAL_Driver/Src/stm32f7xx_hal.o
                0x0000000020000044                uwTickPrio
 .data.uwTickFreq
                0x0000000020000048        0x1 Drivers/STM32F7xx_HAL_Driver/Src/stm32f7xx_hal.o
                0x0000000020000048                uwTickFreq
                0x000000002000004c                . = ALIGN (0x4)
 *fill*         0x0000000020000049        0x3 
                0x000000002000004c                _edata = .

.igot.plt       0x000000002000004c        0x0 load address 0x000000000800c1d8
 .igot.plt      0x000000002000004c        0x0 /Applications/STM32CubeIDE.app/Contents/Eclipse/plugins/com.st.stm32cube.ide.mcu.externaltools.gnu-tools-for-stm32.7-2018-q2-update.macos64_1.0.0.201904181610/tools/bin/../lib/gcc/arm-none-eabi/7.3.1/thumb/v7e-m/fpv5/hard/crtbegin.o
                0x000000002000004c                . = ALIGN (0x4)

.bss            0x000000002000004c      0x4ec load address 0x000000000800c1d8
                0x000000002000004c                _sbss = .
                0x000000002000004c                __bss_start__ = _sbss
 *(.bss)
 .bss           0x000000002000004c       0x1c /Applications/STM32CubeIDE.app/Contents/Eclipse/plugins/com.st.stm32cube.ide.mcu.externaltools.gnu-tools-for-stm32.7-2018-q2-update.macos64_1.0.0.201904181610/tools/bin/../lib/gcc/arm-none-eabi/7.3.1/thumb/v7e-m/fpv5/hard/crtbegin.o
 *(.bss*)
 *(COMMON)
 COMMON         0x0000000020000068      0x4cc Core/Src/main.o
                0x0000000020000068                huart3
                0x00000000200000e8                hpcd_USB_OTG_FS
                0x00000000200004ec                heth
 COMMON         0x0000000020000534        0x4 Drivers/STM32F7xx_HAL_Driver/Src/stm32f7xx_hal.o
                0x0000000020000534                uwTick
                0x0000000020000538                . = ALIGN (0x4)
                0x0000000020000538                _ebss = .
                0x0000000020000538                __bss_end__ = _ebss

._user_heap_stack
                0x0000000020000538      0x600 load address 0x000000000800c1d8
                0x0000000020000538                . = ALIGN (0x4)
                0x0000000020000538                PROVIDE (end = .)
                [!provide]                        PROVIDE (_end = .)
                0x0000000020000738                . = (. + _Min_Heap_Size)
 *fill*         0x0000000020000538      0x200 
                0x0000000020000b38                . = (. + _Min_Stack_Size)
 *fill*         0x0000000020000738      0x400 
                0x0000000020000b38                . = ALIGN (0x4)

/DISCARD/
 libc.a(*)
 libm.a(*)
 libgcc.a(*)

.ARM.attributes
                0x0000000000000000       0x2e
 *(.ARM.attributes)
 .ARM.attributes
                0x0000000000000000       0x20 /Applications/STM32CubeIDE.app/Contents/Eclipse/plugins/com.st.stm32cube.ide.mcu.externaltools.gnu-tools-for-stm32.7-2018-q2-update.macos64_1.0.0.201904181610/tools/bin/../lib/gcc/arm-none-eabi/7.3.1/thumb/v7e-m/fpv5/hard/crti.o
 .ARM.attributes
                0x0000000000000020       0x32 /Applications/STM32CubeIDE.app/Contents/Eclipse/plugins/com.st.stm32cube.ide.mcu.externaltools.gnu-tools-for-stm32.7-2018-q2-update.macos64_1.0.0.201904181610/tools/bin/../lib/gcc/arm-none-eabi/7.3.1/thumb/v7e-m/fpv5/hard/crtbegin.o
 .ARM.attributes
                0x0000000000000052       0x37 Core/Src/boot.o
 .ARM.attributes
                0x0000000000000089       0x37 Core/Src/main.o
 .ARM.attributes
                0x00000000000000c0       0x37 Core/Src/shared_params.o
 .ARM.attributes
                0x00000000000000f7       0x37 Core/Src/stm32f7xx_hal_msp.o
 .ARM.attributes
                0x000000000000012e       0x37 Core/Src/stm32f7xx_it.o
 .ARM.attributes
                0x0000000000000165       0x37 Core/Src/system_stm32f7xx.o
 .ARM.attributes
                0x000000000000019c       0x21 Core/Startup/startup_stm32f767zitx.o
 .ARM.attributes
                0x00000000000001bd       0x37 Drivers/STM32F7xx_HAL_Driver/Src/stm32f7xx_hal.o
 .ARM.attributes
                0x00000000000001f4       0x37 Drivers/STM32F7xx_HAL_Driver/Src/stm32f7xx_hal_cortex.o
 .ARM.attributes
                0x000000000000022b       0x37 Drivers/STM32F7xx_HAL_Driver/Src/stm32f7xx_hal_eth.o
 .ARM.attributes
                0x0000000000000262       0x37 Drivers/STM32F7xx_HAL_Driver/Src/stm32f7xx_hal_gpio.o
 .ARM.attributes
                0x0000000000000299       0x37 Drivers/STM32F7xx_HAL_Driver/Src/stm32f7xx_hal_pcd.o
 .ARM.attributes
                0x00000000000002d0       0x37 Drivers/STM32F7xx_HAL_Driver/Src/stm32f7xx_hal_pcd_ex.o
 .ARM.attributes
                0x0000000000000307       0x37 Drivers/STM32F7xx_HAL_Driver/Src/stm32f7xx_hal_pwr.o
 .ARM.attributes
                0x000000000000033e       0x37 Drivers/STM32F7xx_HAL_Driver/Src/stm32f7xx_hal_pwr_ex.o
 .ARM.attributes
                0x0000000000000375       0x37 Drivers/STM32F7xx_HAL_Driver/Src/stm32f7xx_hal_rcc.o
 .ARM.attributes
                0x00000000000003ac       0x37 Drivers/STM32F7xx_HAL_Driver/Src/stm32f7xx_hal_rcc_ex.o
 .ARM.attributes
                0x00000000000003e3       0x37 Drivers/STM32F7xx_HAL_Driver/Src/stm32f7xx_hal_uart.o
 .ARM.attributes
                0x000000000000041a       0x37 Drivers/STM32F7xx_HAL_Driver/Src/stm32f7xx_ll_usb.o
 .ARM.attributes
                0x0000000000000451       0x32 /Applications/STM32CubeIDE.app/Contents/Eclipse/plugins/com.st.stm32cube.ide.mcu.externaltools.gnu-tools-for-stm32.7-2018-q2-update.macos64_1.0.0.201904181610/tools/bin/../lib/gcc/arm-none-eabi/7.3.1/../../../../arm-none-eabi/lib/thumb/v7e-m/fpv5/hard/libc_nano.a(lib_a-init.o)
 .ARM.attributes
                0x0000000000000483       0x32 /Applications/STM32CubeIDE.app/Contents/Eclipse/plugins/com.st.stm32cube.ide.mcu.externaltools.gnu-tools-for-stm32.7-2018-q2-update.macos64_1.0.0.201904181610/tools/bin/../lib/gcc/arm-none-eabi/7.3.1/../../../../arm-none-eabi/lib/thumb/v7e-m/fpv5/hard/libc_nano.a(lib_a-memset.o)
 .ARM.attributes
                0x00000000000004b5       0x20 /Applications/STM32CubeIDE.app/Contents/Eclipse/plugins/com.st.stm32cube.ide.mcu.externaltools.gnu-tools-for-stm32.7-2018-q2-update.macos64_1.0.0.201904181610/tools/bin/../lib/gcc/arm-none-eabi/7.3.1/thumb/v7e-m/fpv5/hard/libgcc.a(_aeabi_uldivmod.o)
 .ARM.attributes
                0x00000000000004d5       0x32 /Applications/STM32CubeIDE.app/Contents/Eclipse/plugins/com.st.stm32cube.ide.mcu.externaltools.gnu-tools-for-stm32.7-2018-q2-update.macos64_1.0.0.201904181610/tools/bin/../lib/gcc/arm-none-eabi/7.3.1/thumb/v7e-m/fpv5/hard/libgcc.a(_udivmoddi4.o)
 .ARM.attributes
                0x0000000000000507       0x20 /Applications/STM32CubeIDE.app/Contents/Eclipse/plugins/com.st.stm32cube.ide.mcu.externaltools.gnu-tools-for-stm32.7-2018-q2-update.macos64_1.0.0.201904181610/tools/bin/../lib/gcc/arm-none-eabi/7.3.1/thumb/v7e-m/fpv5/hard/libgcc.a(_dvmd_tls.o)
 .ARM.attributes
                0x0000000000000527       0x20 /Applications/STM32CubeIDE.app/Contents/Eclipse/plugins/com.st.stm32cube.ide.mcu.externaltools.gnu-tools-for-stm32.7-2018-q2-update.macos64_1.0.0.201904181610/tools/bin/../lib/gcc/arm-none-eabi/7.3.1/thumb/v7e-m/fpv5/hard/crtn.o
OUTPUT(updating_test.elf elf32-littlearm)

.debug_info     0x0000000000000000     0xf0ef
 .debug_info    0x0000000000000000      0xbab Core/Src/boot.o
 .debug_info    0x0000000000000bab     0x1d62 Core/Src/main.o
 .debug_info    0x000000000000290d      0x265 Core/Src/shared_params.o
 .debug_info    0x0000000000002b72     0x169c Core/Src/stm32f7xx_hal_msp.o
 .debug_info    0x000000000000420e      0x20a Core/Src/stm32f7xx_it.o
 .debug_info    0x0000000000004418      0x73d Core/Src/system_stm32f7xx.o
 .debug_info    0x0000000000004b55       0x22 Core/Startup/startup_stm32f767zitx.o
 .debug_info    0x0000000000004b77      0xa46 Drivers/STM32F7xx_HAL_Driver/Src/stm32f7xx_hal.o
 .debug_info    0x00000000000055bd     0x108c Drivers/STM32F7xx_HAL_Driver/Src/stm32f7xx_hal_cortex.o
 .debug_info    0x0000000000006649     0x14a9 Drivers/STM32F7xx_HAL_Driver/Src/stm32f7xx_hal_eth.o
 .debug_info    0x0000000000007af2      0x7e9 Drivers/STM32F7xx_HAL_Driver/Src/stm32f7xx_hal_gpio.o
 .debug_info    0x00000000000082db     0x1147 Drivers/STM32F7xx_HAL_Driver/Src/stm32f7xx_hal_pcd.o
 .debug_info    0x0000000000009422      0x810 Drivers/STM32F7xx_HAL_Driver/Src/stm32f7xx_hal_pcd_ex.o
 .debug_info    0x0000000000009c32      0x9b4 Drivers/STM32F7xx_HAL_Driver/Src/stm32f7xx_hal_pwr.o
 .debug_info    0x000000000000a5e6      0x96b Drivers/STM32F7xx_HAL_Driver/Src/stm32f7xx_hal_pwr_ex.o
 .debug_info    0x000000000000af51      0x996 Drivers/STM32F7xx_HAL_Driver/Src/stm32f7xx_hal_rcc.o
 .debug_info    0x000000000000b8e7      0x7d1 Drivers/STM32F7xx_HAL_Driver/Src/stm32f7xx_hal_rcc_ex.o
 .debug_info    0x000000000000c0b8     0x16f7 Drivers/STM32F7xx_HAL_Driver/Src/stm32f7xx_hal_uart.o
 .debug_info    0x000000000000d7af     0x1940 Drivers/STM32F7xx_HAL_Driver/Src/stm32f7xx_ll_usb.o

.debug_abbrev   0x0000000000000000     0x22b8
 .debug_abbrev  0x0000000000000000      0x216 Core/Src/boot.o
 .debug_abbrev  0x0000000000000216      0x279 Core/Src/main.o
 .debug_abbrev  0x000000000000048f      0x12d Core/Src/shared_params.o
 .debug_abbrev  0x00000000000005bc      0x216 Core/Src/stm32f7xx_hal_msp.o
 .debug_abbrev  0x00000000000007d2       0xc6 Core/Src/stm32f7xx_it.o
 .debug_abbrev  0x0000000000000898      0x147 Core/Src/system_stm32f7xx.o
 .debug_abbrev  0x00000000000009df       0x12 Core/Startup/startup_stm32f767zitx.o
 .debug_abbrev  0x00000000000009f1      0x1c7 Drivers/STM32F7xx_HAL_Driver/Src/stm32f7xx_hal.o
 .debug_abbrev  0x0000000000000bb8      0x2fa Drivers/STM32F7xx_HAL_Driver/Src/stm32f7xx_hal_cortex.o
 .debug_abbrev  0x0000000000000eb2      0x23e Drivers/STM32F7xx_HAL_Driver/Src/stm32f7xx_hal_eth.o
 .debug_abbrev  0x00000000000010f0      0x1c9 Drivers/STM32F7xx_HAL_Driver/Src/stm32f7xx_hal_gpio.o
 .debug_abbrev  0x00000000000012b9      0x266 Drivers/STM32F7xx_HAL_Driver/Src/stm32f7xx_hal_pcd.o
 .debug_abbrev  0x000000000000151f      0x1c0 Drivers/STM32F7xx_HAL_Driver/Src/stm32f7xx_hal_pcd_ex.o
 .debug_abbrev  0x00000000000016df      0x1b6 Drivers/STM32F7xx_HAL_Driver/Src/stm32f7xx_hal_pwr.o
 .debug_abbrev  0x0000000000001895      0x1b8 Drivers/STM32F7xx_HAL_Driver/Src/stm32f7xx_hal_pwr_ex.o
 .debug_abbrev  0x0000000000001a4d      0x268 Drivers/STM32F7xx_HAL_Driver/Src/stm32f7xx_hal_rcc.o
 .debug_abbrev  0x0000000000001cb5      0x1ad Drivers/STM32F7xx_HAL_Driver/Src/stm32f7xx_hal_rcc_ex.o
 .debug_abbrev  0x0000000000001e62      0x205 Drivers/STM32F7xx_HAL_Driver/Src/stm32f7xx_hal_uart.o
 .debug_abbrev  0x0000000000002067      0x251 Drivers/STM32F7xx_HAL_Driver/Src/stm32f7xx_ll_usb.o

.debug_aranges  0x0000000000000000      0xca8
 .debug_aranges
                0x0000000000000000       0x50 Core/Src/boot.o
 .debug_aranges
                0x0000000000000050       0x58 Core/Src/main.o
 .debug_aranges
                0x00000000000000a8       0x50 Core/Src/shared_params.o
 .debug_aranges
                0x00000000000000f8       0x50 Core/Src/stm32f7xx_hal_msp.o
 .debug_aranges
                0x0000000000000148       0x60 Core/Src/stm32f7xx_it.o
 .debug_aranges
                0x00000000000001a8       0x28 Core/Src/system_stm32f7xx.o
 .debug_aranges
                0x00000000000001d0       0x28 Core/Startup/startup_stm32f767zitx.o
 .debug_aranges
                0x00000000000001f8      0x110 Drivers/STM32F7xx_HAL_Driver/Src/stm32f7xx_hal.o
 .debug_aranges
                0x0000000000000308      0x118 Drivers/STM32F7xx_HAL_Driver/Src/stm32f7xx_hal_cortex.o
 .debug_aranges
                0x0000000000000420      0x110 Drivers/STM32F7xx_HAL_Driver/Src/stm32f7xx_hal_eth.o
 .debug_aranges
                0x0000000000000530       0x58 Drivers/STM32F7xx_HAL_Driver/Src/stm32f7xx_hal_gpio.o
 .debug_aranges
                0x0000000000000588      0x130 Drivers/STM32F7xx_HAL_Driver/Src/stm32f7xx_hal_pcd.o
 .debug_aranges
                0x00000000000006b8       0x48 Drivers/STM32F7xx_HAL_Driver/Src/stm32f7xx_hal_pcd_ex.o
 .debug_aranges
                0x0000000000000700       0xa0 Drivers/STM32F7xx_HAL_Driver/Src/stm32f7xx_hal_pwr.o
 .debug_aranges
                0x00000000000007a0       0x80 Drivers/STM32F7xx_HAL_Driver/Src/stm32f7xx_hal_pwr_ex.o
 .debug_aranges
                0x0000000000000820       0x88 Drivers/STM32F7xx_HAL_Driver/Src/stm32f7xx_hal_rcc.o
 .debug_aranges
                0x00000000000008a8       0x50 Drivers/STM32F7xx_HAL_Driver/Src/stm32f7xx_hal_rcc_ex.o
 .debug_aranges
                0x00000000000008f8      0x218 Drivers/STM32F7xx_HAL_Driver/Src/stm32f7xx_hal_uart.o
 .debug_aranges
                0x0000000000000b10      0x198 Drivers/STM32F7xx_HAL_Driver/Src/stm32f7xx_ll_usb.o

.debug_ranges   0x0000000000000000      0xb80
 .debug_ranges  0x0000000000000000       0x40 Core/Src/boot.o
 .debug_ranges  0x0000000000000040       0x48 Core/Src/main.o
 .debug_ranges  0x0000000000000088       0x40 Core/Src/shared_params.o
 .debug_ranges  0x00000000000000c8       0x40 Core/Src/stm32f7xx_hal_msp.o
 .debug_ranges  0x0000000000000108       0x50 Core/Src/stm32f7xx_it.o
 .debug_ranges  0x0000000000000158       0x18 Core/Src/system_stm32f7xx.o
 .debug_ranges  0x0000000000000170       0x20 Core/Startup/startup_stm32f767zitx.o
 .debug_ranges  0x0000000000000190      0x100 Drivers/STM32F7xx_HAL_Driver/Src/stm32f7xx_hal.o
 .debug_ranges  0x0000000000000290      0x108 Drivers/STM32F7xx_HAL_Driver/Src/stm32f7xx_hal_cortex.o
 .debug_ranges  0x0000000000000398      0x100 Drivers/STM32F7xx_HAL_Driver/Src/stm32f7xx_hal_eth.o
 .debug_ranges  0x0000000000000498       0x48 Drivers/STM32F7xx_HAL_Driver/Src/stm32f7xx_hal_gpio.o
 .debug_ranges  0x00000000000004e0      0x120 Drivers/STM32F7xx_HAL_Driver/Src/stm32f7xx_hal_pcd.o
 .debug_ranges  0x0000000000000600       0x38 Drivers/STM32F7xx_HAL_Driver/Src/stm32f7xx_hal_pcd_ex.o
 .debug_ranges  0x0000000000000638       0x90 Drivers/STM32F7xx_HAL_Driver/Src/stm32f7xx_hal_pwr.o
 .debug_ranges  0x00000000000006c8       0x70 Drivers/STM32F7xx_HAL_Driver/Src/stm32f7xx_hal_pwr_ex.o
 .debug_ranges  0x0000000000000738       0x78 Drivers/STM32F7xx_HAL_Driver/Src/stm32f7xx_hal_rcc.o
 .debug_ranges  0x00000000000007b0       0x40 Drivers/STM32F7xx_HAL_Driver/Src/stm32f7xx_hal_rcc_ex.o
 .debug_ranges  0x00000000000007f0      0x208 Drivers/STM32F7xx_HAL_Driver/Src/stm32f7xx_hal_uart.o
 .debug_ranges  0x00000000000009f8      0x188 Drivers/STM32F7xx_HAL_Driver/Src/stm32f7xx_ll_usb.o

.debug_macro    0x0000000000000000    0x27c66
 .debug_macro   0x0000000000000000      0x239 Core/Src/boot.o
 .debug_macro   0x0000000000000239      0xa66 Core/Src/boot.o
 .debug_macro   0x0000000000000c9f       0xe0 Core/Src/boot.o
 .debug_macro   0x0000000000000d7f       0x2e Core/Src/boot.o
 .debug_macro   0x0000000000000dad       0x3b Core/Src/boot.o
 .debug_macro   0x0000000000000de8       0x22 Core/Src/boot.o
 .debug_macro   0x0000000000000e0a       0x8e Core/Src/boot.o
 .debug_macro   0x0000000000000e98       0x51 Core/Src/boot.o
 .debug_macro   0x0000000000000ee9       0xef Core/Src/boot.o
 .debug_macro   0x0000000000000fd8       0x6a Core/Src/boot.o
 .debug_macro   0x0000000000001042      0x1df Core/Src/boot.o
 .debug_macro   0x0000000000001221       0x1c Core/Src/boot.o
 .debug_macro   0x000000000000123d       0x22 Core/Src/boot.o
 .debug_macro   0x000000000000125f       0xdf Core/Src/boot.o
 .debug_macro   0x000000000000133e     0x12cd Core/Src/boot.o
 .debug_macro   0x000000000000260b      0x11f Core/Src/boot.o
 .debug_macro   0x000000000000272a       0x19 Core/Src/boot.o
 .debug_macro   0x0000000000002743    0x1a9b4 Core/Src/boot.o
 .debug_macro   0x000000000001d0f7       0x43 Core/Src/boot.o
 .debug_macro   0x000000000001d13a      0x19d Core/Src/boot.o
 .debug_macro   0x000000000001d2d7     0x36b4 Core/Src/boot.o
 .debug_macro   0x000000000002098b      0x174 Core/Src/boot.o
 .debug_macro   0x0000000000020aff       0x61 Core/Src/boot.o
 .debug_macro   0x0000000000020b60     0x1add Core/Src/boot.o
 .debug_macro   0x000000000002263d      0x6c4 Core/Src/boot.o
 .debug_macro   0x0000000000022d01      0x18b Core/Src/boot.o
 .debug_macro   0x0000000000022e8c      0x117 Core/Src/boot.o
 .debug_macro   0x0000000000022fa3      0x26f Core/Src/boot.o
 .debug_macro   0x0000000000023212       0x27 Core/Src/boot.o
 .debug_macro   0x0000000000023239      0x24f Core/Src/boot.o
 .debug_macro   0x0000000000023488       0x71 Core/Src/boot.o
 .debug_macro   0x00000000000234f9       0x58 Core/Src/boot.o
 .debug_macro   0x0000000000023551      0x236 Core/Src/boot.o
 .debug_macro   0x0000000000023787      0xccf Core/Src/boot.o
 .debug_macro   0x0000000000024456      0x14f Core/Src/boot.o
 .debug_macro   0x00000000000245a5      0x3dc Core/Src/boot.o
 .debug_macro   0x0000000000024981       0x12 Core/Src/boot.o
 .debug_macro   0x0000000000024993      0x22c Core/Src/boot.o
 .debug_macro   0x0000000000024bbf       0x61 Core/Src/boot.o
 .debug_macro   0x0000000000024c20       0xa5 Core/Src/boot.o
 .debug_macro   0x0000000000024cc5      0x12f Core/Src/boot.o
 .debug_macro   0x0000000000024df4      0x108 Core/Src/boot.o
 .debug_macro   0x0000000000024efc       0x35 Core/Src/boot.o
 .debug_macro   0x0000000000024f31      0x589 Core/Src/boot.o
 .debug_macro   0x00000000000254ba       0x44 Core/Src/boot.o
 .debug_macro   0x00000000000254fe      0x233 Core/Src/boot.o
 .debug_macro   0x0000000000025731       0xba Core/Src/boot.o
 .debug_macro   0x00000000000257eb      0x15c Core/Src/boot.o
 .debug_macro   0x0000000000025947       0x22 Core/Src/boot.o
 .debug_macro   0x0000000000025969      0x242 Core/Src/main.o
 .debug_macro   0x0000000000025bab      0x13c Core/Src/main.o
 .debug_macro   0x0000000000025ce7       0x8b Core/Src/shared_params.o
 .debug_macro   0x0000000000025d72      0x20c Core/Src/stm32f7xx_hal_msp.o
 .debug_macro   0x0000000000025f7e      0x216 Core/Src/stm32f7xx_it.o
 .debug_macro   0x0000000000026194      0x203 Core/Src/system_stm32f7xx.o
 .debug_macro   0x0000000000026397      0x221 Drivers/STM32F7xx_HAL_Driver/Src/stm32f7xx_hal.o
 .debug_macro   0x00000000000265b8      0x1fd Drivers/STM32F7xx_HAL_Driver/Src/stm32f7xx_hal_cortex.o
 .debug_macro   0x00000000000267b5      0x213 Drivers/STM32F7xx_HAL_Driver/Src/stm32f7xx_hal_eth.o
 .debug_macro   0x00000000000269c8      0x233 Drivers/STM32F7xx_HAL_Driver/Src/stm32f7xx_hal_gpio.o
 .debug_macro   0x0000000000026bfb      0x209 Drivers/STM32F7xx_HAL_Driver/Src/stm32f7xx_hal_pcd.o
 .debug_macro   0x0000000000026e04      0x1fd Drivers/STM32F7xx_HAL_Driver/Src/stm32f7xx_hal_pcd_ex.o
 .debug_macro   0x0000000000027001      0x21b Drivers/STM32F7xx_HAL_Driver/Src/stm32f7xx_hal_pwr.o
 .debug_macro   0x000000000002721c      0x215 Drivers/STM32F7xx_HAL_Driver/Src/stm32f7xx_hal_pwr_ex.o
 .debug_macro   0x0000000000027431      0x221 Drivers/STM32F7xx_HAL_Driver/Src/stm32f7xx_hal_rcc.o
 .debug_macro   0x0000000000027652      0x1fd Drivers/STM32F7xx_HAL_Driver/Src/stm32f7xx_hal_rcc_ex.o
 .debug_macro   0x000000000002784f      0x21a Drivers/STM32F7xx_HAL_Driver/Src/stm32f7xx_hal_uart.o
 .debug_macro   0x0000000000027a69      0x1fd Drivers/STM32F7xx_HAL_Driver/Src/stm32f7xx_ll_usb.o

.debug_line     0x0000000000000000     0xb3a6
 .debug_line    0x0000000000000000      0x83a Core/Src/boot.o
 .debug_line    0x000000000000083a      0x896 Core/Src/main.o
 .debug_line    0x00000000000010d0      0x4ac Core/Src/shared_params.o
 .debug_line    0x000000000000157c      0x7fb Core/Src/stm32f7xx_hal_msp.o
 .debug_line    0x0000000000001d77      0x7ed Core/Src/stm32f7xx_it.o
 .debug_line    0x0000000000002564      0x762 Core/Src/system_stm32f7xx.o
 .debug_line    0x0000000000002cc6       0x86 Core/Startup/startup_stm32f767zitx.o
 .debug_line    0x0000000000002d4c      0x995 Drivers/STM32F7xx_HAL_Driver/Src/stm32f7xx_hal.o
 .debug_line    0x00000000000036e1      0xa72 Drivers/STM32F7xx_HAL_Driver/Src/stm32f7xx_hal_cortex.o
 .debug_line    0x0000000000004153      0xe1f Drivers/STM32F7xx_HAL_Driver/Src/stm32f7xx_hal_eth.o
 .debug_line    0x0000000000004f72      0x956 Drivers/STM32F7xx_HAL_Driver/Src/stm32f7xx_hal_gpio.o
 .debug_line    0x00000000000058c8      0xcc6 Drivers/STM32F7xx_HAL_Driver/Src/stm32f7xx_hal_pcd.o
 .debug_line    0x000000000000658e      0x7d4 Drivers/STM32F7xx_HAL_Driver/Src/stm32f7xx_hal_pcd_ex.o
 .debug_line    0x0000000000006d62      0x8b6 Drivers/STM32F7xx_HAL_Driver/Src/stm32f7xx_hal_pwr.o
 .debug_line    0x0000000000007618      0x892 Drivers/STM32F7xx_HAL_Driver/Src/stm32f7xx_hal_pwr_ex.o
 .debug_line    0x0000000000007eaa      0x9fb Drivers/STM32F7xx_HAL_Driver/Src/stm32f7xx_hal_rcc.o
 .debug_line    0x00000000000088a5      0x972 Drivers/STM32F7xx_HAL_Driver/Src/stm32f7xx_hal_rcc_ex.o
 .debug_line    0x0000000000009217     0x1315 Drivers/STM32F7xx_HAL_Driver/Src/stm32f7xx_hal_uart.o
 .debug_line    0x000000000000a52c      0xe7a Drivers/STM32F7xx_HAL_Driver/Src/stm32f7xx_ll_usb.o

.debug_str      0x0000000000000000    0xf8847
 .debug_str     0x0000000000000000    0xf3e9d Core/Src/boot.o
                                      0xf45c1 (size before relaxing)
 .debug_str     0x00000000000f3e9d     0x11f8 Core/Src/main.o
                                      0xf5715 (size before relaxing)
 .debug_str     0x00000000000f5095      0x14c Core/Src/shared_params.o
                                       0x414f (size before relaxing)
 .debug_str     0x00000000000f51e1       0x9f Core/Src/stm32f7xx_hal_msp.o
                                      0xf4d3a (size before relaxing)
 .debug_str     0x00000000000f5280       0xbd Core/Src/stm32f7xx_it.o
                                      0xf3ff2 (size before relaxing)
 .debug_str     0x00000000000f533d       0x70 Core/Src/system_stm32f7xx.o
                                      0xf3ce9 (size before relaxing)
 .debug_str     0x00000000000f53ad       0x36 Core/Startup/startup_stm32f767zitx.o
                                         0x8f (size before relaxing)
 .debug_str     0x00000000000f53e3      0x9df Drivers/STM32F7xx_HAL_Driver/Src/stm32f7xx_hal.o
                                      0xf4672 (size before relaxing)
 .debug_str     0x00000000000f5dc2      0x384 Drivers/STM32F7xx_HAL_Driver/Src/stm32f7xx_hal_cortex.o
                                      0xf46de (size before relaxing)
 .debug_str     0x00000000000f6146      0x74e Drivers/STM32F7xx_HAL_Driver/Src/stm32f7xx_hal_eth.o
                                      0xf47f5 (size before relaxing)
 .debug_str     0x00000000000f6894      0x244 Drivers/STM32F7xx_HAL_Driver/Src/stm32f7xx_hal_gpio.o
                                      0xf3ebf (size before relaxing)
 .debug_str     0x00000000000f6ad8      0x530 Drivers/STM32F7xx_HAL_Driver/Src/stm32f7xx_hal_pcd.o
                                      0xf43ce (size before relaxing)
 .debug_str     0x00000000000f7008      0x16d Drivers/STM32F7xx_HAL_Driver/Src/stm32f7xx_hal_pcd_ex.o
                                      0xf3ff6 (size before relaxing)
 .debug_str     0x00000000000f7175      0x2c5 Drivers/STM32F7xx_HAL_Driver/Src/stm32f7xx_hal_pwr.o
                                      0xf3fa1 (size before relaxing)
 .debug_str     0x00000000000f743a      0x1b5 Drivers/STM32F7xx_HAL_Driver/Src/stm32f7xx_hal_pwr_ex.o
                                      0xf3f63 (size before relaxing)
 .debug_str     0x00000000000f75ef      0x27f Drivers/STM32F7xx_HAL_Driver/Src/stm32f7xx_hal_rcc.o
                                      0xf401d (size before relaxing)
 .debug_str     0x00000000000f786e      0x161 Drivers/STM32F7xx_HAL_Driver/Src/stm32f7xx_hal_rcc_ex.o
                                      0xf3fd2 (size before relaxing)
 .debug_str     0x00000000000f79cf      0x7fe Drivers/STM32F7xx_HAL_Driver/Src/stm32f7xx_hal_uart.o
                                      0xf4862 (size before relaxing)
 .debug_str     0x00000000000f81cd      0x67a Drivers/STM32F7xx_HAL_Driver/Src/stm32f7xx_ll_usb.o
                                      0xf451a (size before relaxing)

.comment        0x0000000000000000       0x7b
 .comment       0x0000000000000000       0x7b Core/Src/boot.o
                                         0x7c (size before relaxing)
 .comment       0x000000000000007b       0x7c Core/Src/main.o
 .comment       0x000000000000007b       0x7c Core/Src/shared_params.o
 .comment       0x000000000000007b       0x7c Core/Src/stm32f7xx_hal_msp.o
 .comment       0x000000000000007b       0x7c Core/Src/stm32f7xx_it.o
 .comment       0x000000000000007b       0x7c Core/Src/system_stm32f7xx.o
 .comment       0x000000000000007b       0x7c Drivers/STM32F7xx_HAL_Driver/Src/stm32f7xx_hal.o
 .comment       0x000000000000007b       0x7c Drivers/STM32F7xx_HAL_Driver/Src/stm32f7xx_hal_cortex.o
 .comment       0x000000000000007b       0x7c Drivers/STM32F7xx_HAL_Driver/Src/stm32f7xx_hal_eth.o
 .comment       0x000000000000007b       0x7c Drivers/STM32F7xx_HAL_Driver/Src/stm32f7xx_hal_gpio.o
 .comment       0x000000000000007b       0x7c Drivers/STM32F7xx_HAL_Driver/Src/stm32f7xx_hal_pcd.o
 .comment       0x000000000000007b       0x7c Drivers/STM32F7xx_HAL_Driver/Src/stm32f7xx_hal_pcd_ex.o
 .comment       0x000000000000007b       0x7c Drivers/STM32F7xx_HAL_Driver/Src/stm32f7xx_hal_pwr.o
 .comment       0x000000000000007b       0x7c Drivers/STM32F7xx_HAL_Driver/Src/stm32f7xx_hal_pwr_ex.o
 .comment       0x000000000000007b       0x7c Drivers/STM32F7xx_HAL_Driver/Src/stm32f7xx_hal_rcc.o
 .comment       0x000000000000007b       0x7c Drivers/STM32F7xx_HAL_Driver/Src/stm32f7xx_hal_rcc_ex.o
 .comment       0x000000000000007b       0x7c Drivers/STM32F7xx_HAL_Driver/Src/stm32f7xx_hal_uart.o
 .comment       0x000000000000007b       0x7c Drivers/STM32F7xx_HAL_Driver/Src/stm32f7xx_ll_usb.o

.debug_frame    0x0000000000000000     0x3338
 .debug_frame   0x0000000000000000       0xd8 Core/Src/boot.o
 .debug_frame   0x00000000000000d8      0x110 Core/Src/main.o
 .debug_frame   0x00000000000001e8      0x108 Core/Src/shared_params.o
 .debug_frame   0x00000000000002f0      0x110 Core/Src/stm32f7xx_hal_msp.o
 .debug_frame   0x0000000000000400      0x10c Core/Src/stm32f7xx_it.o
 .debug_frame   0x000000000000050c       0x58 Core/Src/system_stm32f7xx.o
 .debug_frame   0x0000000000000564      0x3f4 Drivers/STM32F7xx_HAL_Driver/Src/stm32f7xx_hal.o
 .debug_frame   0x0000000000000958      0x498 Drivers/STM32F7xx_HAL_Driver/Src/stm32f7xx_hal_cortex.o
 .debug_frame   0x0000000000000df0      0x4b4 Drivers/STM32F7xx_HAL_Driver/Src/stm32f7xx_hal_eth.o
 .debug_frame   0x00000000000012a4      0x14c Drivers/STM32F7xx_HAL_Driver/Src/stm32f7xx_hal_gpio.o
 .debug_frame   0x00000000000013f0      0x54c Drivers/STM32F7xx_HAL_Driver/Src/stm32f7xx_hal_pcd.o
 .debug_frame   0x000000000000193c      0x100 Drivers/STM32F7xx_HAL_Driver/Src/stm32f7xx_hal_pcd_ex.o
 .debug_frame   0x0000000000001a3c      0x254 Drivers/STM32F7xx_HAL_Driver/Src/stm32f7xx_hal_pwr.o
 .debug_frame   0x0000000000001c90      0x1c8 Drivers/STM32F7xx_HAL_Driver/Src/stm32f7xx_hal_pwr_ex.o
 .debug_frame   0x0000000000001e58      0x1f4 Drivers/STM32F7xx_HAL_Driver/Src/stm32f7xx_hal_rcc.o
 .debug_frame   0x000000000000204c      0x118 Drivers/STM32F7xx_HAL_Driver/Src/stm32f7xx_hal_rcc_ex.o
 .debug_frame   0x0000000000002164      0x998 Drivers/STM32F7xx_HAL_Driver/Src/stm32f7xx_hal_uart.o
 .debug_frame   0x0000000000002afc      0x790 Drivers/STM32F7xx_HAL_Driver/Src/stm32f7xx_ll_usb.o
 .debug_frame   0x000000000000328c       0x2c /Applications/STM32CubeIDE.app/Contents/Eclipse/plugins/com.st.stm32cube.ide.mcu.externaltools.gnu-tools-for-stm32.7-2018-q2-update.macos64_1.0.0.201904181610/tools/bin/../lib/gcc/arm-none-eabi/7.3.1/../../../../arm-none-eabi/lib/thumb/v7e-m/fpv5/hard/libc_nano.a(lib_a-init.o)
 .debug_frame   0x00000000000032b8       0x20 /Applications/STM32CubeIDE.app/Contents/Eclipse/plugins/com.st.stm32cube.ide.mcu.externaltools.gnu-tools-for-stm32.7-2018-q2-update.macos64_1.0.0.201904181610/tools/bin/../lib/gcc/arm-none-eabi/7.3.1/../../../../arm-none-eabi/lib/thumb/v7e-m/fpv5/hard/libc_nano.a(lib_a-memset.o)
 .debug_frame   0x00000000000032d8       0x2c /Applications/STM32CubeIDE.app/Contents/Eclipse/plugins/com.st.stm32cube.ide.mcu.externaltools.gnu-tools-for-stm32.7-2018-q2-update.macos64_1.0.0.201904181610/tools/bin/../lib/gcc/arm-none-eabi/7.3.1/thumb/v7e-m/fpv5/hard/libgcc.a(_aeabi_uldivmod.o)
 .debug_frame   0x0000000000003304       0x34 /Applications/STM32CubeIDE.app/Contents/Eclipse/plugins/com.st.stm32cube.ide.mcu.externaltools.gnu-tools-for-stm32.7-2018-q2-update.macos64_1.0.0.201904181610/tools/bin/../lib/gcc/arm-none-eabi/7.3.1/thumb/v7e-m/fpv5/hard/libgcc.a(_udivmoddi4.o)
