stm32f7xx_ll_rcc.c:180:13:LL_RCC_DeInit	0	static
stm32f7xx_ll_rcc.c:1011:10:LL_RCC_GetCECClockFreq	0	static
stm32f7xx_ll_rcc.c:1269:10:RCC_GetHCLKClockFreq	0	static
stm32f7xx_ll_rcc.c:1280:10:RCC_GetPCLK1ClockFreq	0	static
stm32f7xx_ll_rcc.c:1291:10:RCC_GetPCLK2ClockFreq	0	static
stm32f7xx_ll_rcc.c:1301:10:RCC_PLL_GetFreqDomain_SYS	0	static
stm32f7xx_ll_rcc.c:1237:10:RCC_GetSystemClockFreq	8	static
stm32f7xx_ll_rcc.c:272:6:LL_RCC_GetSystemClocksFreq	8	static
stm32f7xx_ll_rcc.c:297:10:LL_RCC_GetUSARTClockFreq	8	static
stm32f7xx_ll_rcc.c:436:10:LL_RCC_GetUARTClockFreq	8	static
stm32f7xx_ll_rcc.c:577:10:LL_RCC_GetI2CClockFreq	8	static
stm32f7xx_ll_rcc.c:724:10:LL_RCC_GetLPTIMClockFreq	8	static
stm32f7xx_ll_rcc.c:1083:10:LL_RCC_GetDFSDMClockFreq	8	static
stm32f7xx_ll_rcc.c:1332:10:RCC_PLL_GetFreqDomain_48M	0	static
stm32f7xx_ll_rcc.c:1393:10:RCC_PLLSAI_GetFreqDomain_SAI	0	static
stm32f7xx_ll_rcc.c:1424:10:RCC_PLLSAI_GetFreqDomain_48M	0	static
stm32f7xx_ll_rcc.c:892:10:LL_RCC_GetSDMMCClockFreq	8	static
stm32f7xx_ll_rcc.c:974:10:LL_RCC_GetRNGClockFreq	8	static
stm32f7xx_ll_rcc.c:1047:10:LL_RCC_GetUSBClockFreq	8	static
stm32f7xx_ll_rcc.c:1456:10:RCC_PLLSAI_GetFreqDomain_LTDC	0	static
stm32f7xx_ll_rcc.c:1181:10:LL_RCC_GetLTDCClockFreq	8	static
stm32f7xx_ll_rcc.c:1488:10:RCC_PLLI2S_GetFreqDomain_SAI	0	static
stm32f7xx_ll_rcc.c:776:10:LL_RCC_GetSAIClockFreq	8	static
stm32f7xx_ll_rcc.c:1113:10:LL_RCC_GetDFSDMAudioClockFreq	8	static
stm32f7xx_ll_rcc.c:1520:10:RCC_PLLI2S_GetFreqDomain_SPDIFRX	0	static
stm32f7xx_ll_rcc.c:1205:10:LL_RCC_GetSPDIFRXClockFreq	8	static
stm32f7xx_ll_rcc.c:1553:10:RCC_PLLI2S_GetFreqDomain_I2S	0	static
stm32f7xx_ll_rcc.c:688:10:LL_RCC_GetI2SClockFreq	8	static
