stm32f769i_discovery_lcd.c:1446:13:FillTriangle	112	static
stm32f769i_discovery_lcd.c:378:6:BSP_LCD_Reset	48	static
stm32f769i_discovery_lcd.c:408:10:BSP_LCD_GetXSize	0	static
stm32f769i_discovery_lcd.c:417:10:BSP_LCD_GetYSize	0	static
stm32f769i_discovery_lcd.c:427:6:BSP_LCD_SetXSize	0	static
stm32f769i_discovery_lcd.c:436:6:BSP_LCD_SetYSize	0	static
stm32f769i_discovery_lcd.c:448:6:BSP_LCD_LayerDefaultInit	80	static
stm32f769i_discovery_lcd.c:481:6:BSP_LCD_SelectLayer	0	static
stm32f769i_discovery_lcd.c:494:6:BSP_LCD_SetLayerVisible	0	static
stm32f769i_discovery_lcd.c:514:6:BSP_LCD_SetTransparency	0	static
stm32f769i_discovery_lcd.c:526:6:BSP_LCD_SetLayerAddress	0	static
stm32f769i_discovery_lcd.c:541:6:BSP_LCD_SetLayerWindow	24	static
stm32f769i_discovery_lcd.c:556:6:BSP_LCD_SetColorKeying	16	static
stm32f769i_discovery_lcd.c:567:6:BSP_LCD_ResetColorKeying	0	static
stm32f769i_discovery_lcd.c:577:6:BSP_LCD_SetTextColor	0	static
stm32f769i_discovery_lcd.c:586:10:BSP_LCD_GetTextColor	0	static
stm32f769i_discovery_lcd.c:595:6:BSP_LCD_SetBackColor	0	static
stm32f769i_discovery_lcd.c:604:10:BSP_LCD_GetBackColor	0	static
stm32f769i_discovery_lcd.c:613:6:BSP_LCD_SetFont	0	static
stm32f769i_discovery_lcd.c:622:8:BSP_LCD_GetFont	0	static
stm32f769i_discovery_lcd.c:633:10:BSP_LCD_ReadPixel	12	static
stm32f769i_discovery_lcd.c:667:6:BSP_LCD_Clear	40	static
stm32f769i_discovery_lcd.c:677:6:BSP_LCD_ClearStringLine	56	static
stm32f769i_discovery_lcd.c:696:6:BSP_LCD_DisplayChar	64	static
stm32f769i_discovery_lcd.c:713:6:BSP_LCD_DisplayStringAt	32	static
stm32f769i_discovery_lcd.c:775:6:BSP_LCD_DisplayStringAtLine	32	static
stm32f769i_discovery_lcd.c:786:6:BSP_LCD_DrawHLine	48	static
stm32f769i_discovery_lcd.c:803:6:BSP_LCD_DrawVLine	48	static
stm32f769i_discovery_lcd.c:821:6:BSP_LCD_DrawLine	56	static
stm32f769i_discovery_lcd.c:895:6:BSP_LCD_DrawRect	64	static
stm32f769i_discovery_lcd.c:912:6:BSP_LCD_DrawCircle	72	static
stm32f769i_discovery_lcd.c:958:6:BSP_LCD_DrawPolygon	72	static
stm32f769i_discovery_lcd.c:985:6:BSP_LCD_DrawEllipse	48	static
stm32f769i_discovery_lcd.c:1017:6:BSP_LCD_DrawBitmap	56	static
stm32f769i_discovery_lcd.c:1077:6:BSP_LCD_FillRect	56	static
stm32f769i_discovery_lcd.c:1097:6:BSP_LCD_FillCircle	80	static
stm32f769i_discovery_lcd.c:1144:6:BSP_LCD_FillPolygon	56	static
stm32f769i_discovery_lcd.c:1211:6:BSP_LCD_FillEllipse	88	static
stm32f769i_discovery_lcd.c:1241:6:BSP_LCD_DisplayOn	16	static
stm32f769i_discovery_lcd.c:1256:6:BSP_LCD_DisplayOff	16	static
stm32f769i_discovery_lcd.c:1271:6:BSP_LCD_SetBrightness	24	static
stm32f769i_discovery_lcd.c:1288:6:DSI_IO_WriteCmd	16	static
stm32f769i_discovery_lcd.c:1307:13:BSP_LCD_MspDeInit	8	static
stm32f769i_discovery_lcd.c:1333:13:BSP_LCD_MspInit	24	static
stm32f769i_discovery_lcd.c:187:9:BSP_LCD_InitEx	56	static
stm32f769i_discovery_lcd.c:172:9:BSP_LCD_Init	0	static
stm32f769i_discovery_lcd.c:1375:6:BSP_LCD_DrawPixel	12	static
