stm32f4xx_hal_msp.c:64:6:HAL_MspInit	16	static
stm32f4xx_hal_msp.c:86:6:HAL_CRC_MspInit	24	static
stm32f4xx_hal_msp.c:108:6:HAL_CRC_MspDeInit	16	static
stm32f4xx_hal_msp.c:130:6:HAL_DMA2D_MspInit	24	static
stm32f4xx_hal_msp.c:155:6:HAL_DMA2D_MspDeInit	16	static
stm32f4xx_hal_msp.c:180:6:HAL_DSI_MspInit	48	static
stm32f4xx_hal_msp.c:218:6:HAL_DSI_MspDeInit	16	static
stm32f4xx_hal_msp.c:248:6:HAL_I2C_MspInit	56	static
stm32f4xx_hal_msp.c:308:6:HAL_I2C_MspDeInit	16	static
stm32f4xx_hal_msp.c:355:6:HAL_LTDC_MspInit	24	static
stm32f4xx_hal_msp.c:380:6:HAL_LTDC_MspDeInit	16	static
stm32f4xx_hal_msp.c:405:6:HAL_QSPI_MspInit	48	static
stm32f4xx_hal_msp.c:460:6:HAL_QSPI_MspDeInit	16	static
stm32f4xx_hal_msp.c:496:6:HAL_SD_MspInit	48	static
stm32f4xx_hal_msp.c:545:6:HAL_SD_MspDeInit	16	static
stm32f4xx_hal_msp.c:581:6:HAL_TIM_Base_MspInit	24	static
stm32f4xx_hal_msp.c:603:6:HAL_TIM_Base_MspDeInit	16	static
stm32f4xx_hal_msp.c:625:6:HAL_UART_MspInit	56	static
stm32f4xx_hal_msp.c:685:6:HAL_UART_MspDeInit	16	static
stm32f4xx_hal_msp.c:728:13:HAL_FMC_MspInit	32	static
stm32f4xx_hal_msp.c:862:6:HAL_SDRAM_MspInit	16	static
stm32f4xx_hal_msp.c:874:13:HAL_FMC_MspDeInit	8	static
stm32f4xx_hal_msp.c:972:6:HAL_SDRAM_MspDeInit	16	static
stm32f4xx_hal_msp.c:984:6:HAL_SAI_MspInit	40	static
stm32f4xx_hal_msp.c:1028:6:HAL_SAI_MspDeInit	16	static
