HW_Init.c:534:13:HAL_FMC_MspInit	48	static
HW_Init.c:681:13:HAL_FMC_MspDeInit	8	static
HW_Init.c:83:6:MX_DMA2D_Init	8	static
HW_Init.c:111:6:MX_LCD_Init	64	static
HW_Init.c:165:6:MX_FMC_Init	40	static
HW_Init.c:216:6:MX_SDRAM_InitEx	40	static
HW_Init.c:272:6:MX_DSI_Init	192	static
HW_Init.c:401:6:HAL_LTDC_MspInit	16	static
HW_Init.c:420:6:HAL_LTDC_MspDeInit	8	static
HW_Init.c:439:6:HAL_DSI_MspInit	40	static
HW_Init.c:470:6:HAL_DSI_MspDeInit	8	static
HW_Init.c:494:6:HAL_DMA2D_MspInit	16	static
HW_Init.c:513:6:HAL_DMA2D_MspDeInit	8	static
HW_Init.c:669:6:HAL_SDRAM_MspInit	8	static
HW_Init.c:779:6:HAL_SDRAM_MspDeInit	8	static
