main.c:85:5:main	56	static
main.c:175:6:SystemClock_Config	232	static
main.c:238:13:MX_TIM3_Init	40	static
main.c:283:13:MX_USART1_UART_Init	8	static
main.c:318:13:MX_USART3_UART_Init	8	static
main.c:353:13:MX_USB_OTG_FS_PCD_Init	8	static
main.c:386:13:MX_DMA_Init	16	static
main.c:404:13:MX_GPIO_Init	56	static
main.c:451:13:VectorBase_Config	4	static
main.c:477:1:recv_callback	80	static
main.c:492:1:accept_callback	24	static
main.c:507:6:StartDefaultTask	32	static
main.c:557:6:Error_Handler	4	static
