Archive member included to satisfy reference by file (symbol)

/Applications/STM32CubeIDE.app/Contents/Eclipse/plugins/com.st.stm32cube.ide.mcu.externaltools.gnu-tools-for-stm32.7-2018-q2-update.macos64_1.4.0.202007081208/tools/bin/../lib/gcc/arm-none-eabi/7.3.1/../../../../arm-none-eabi/lib/thumb/v7e-m/fpv4-sp/hard/libc_nano.a(lib_a-errno.o)
                              Core/Src/syscalls.o (__errno)
/Applications/STM32CubeIDE.app/Contents/Eclipse/plugins/com.st.stm32cube.ide.mcu.externaltools.gnu-tools-for-stm32.7-2018-q2-update.macos64_1.4.0.202007081208/tools/bin/../lib/gcc/arm-none-eabi/7.3.1/../../../../arm-none-eabi/lib/thumb/v7e-m/fpv4-sp/hard/libc_nano.a(lib_a-exit.o)
                              /Applications/STM32CubeIDE.app/Contents/Eclipse/plugins/com.st.stm32cube.ide.mcu.externaltools.gnu-tools-for-stm32.7-2018-q2-update.macos64_1.4.0.202007081208/tools/bin/../lib/gcc/arm-none-eabi/7.3.1/../../../../arm-none-eabi/lib/thumb/v7e-m/fpv4-sp/hard/crt0.o (exit)
/Applications/STM32CubeIDE.app/Contents/Eclipse/plugins/com.st.stm32cube.ide.mcu.externaltools.gnu-tools-for-stm32.7-2018-q2-update.macos64_1.4.0.202007081208/tools/bin/../lib/gcc/arm-none-eabi/7.3.1/../../../../arm-none-eabi/lib/thumb/v7e-m/fpv4-sp/hard/libc_nano.a(lib_a-impure.o)
                              /Applications/STM32CubeIDE.app/Contents/Eclipse/plugins/com.st.stm32cube.ide.mcu.externaltools.gnu-tools-for-stm32.7-2018-q2-update.macos64_1.4.0.202007081208/tools/bin/../lib/gcc/arm-none-eabi/7.3.1/../../../../arm-none-eabi/lib/thumb/v7e-m/fpv4-sp/hard/libc_nano.a(lib_a-exit.o) (_global_impure_ptr)
/Applications/STM32CubeIDE.app/Contents/Eclipse/plugins/com.st.stm32cube.ide.mcu.externaltools.gnu-tools-for-stm32.7-2018-q2-update.macos64_1.4.0.202007081208/tools/bin/../lib/gcc/arm-none-eabi/7.3.1/../../../../arm-none-eabi/lib/thumb/v7e-m/fpv4-sp/hard/libc_nano.a(lib_a-init.o)
                              /Applications/STM32CubeIDE.app/Contents/Eclipse/plugins/com.st.stm32cube.ide.mcu.externaltools.gnu-tools-for-stm32.7-2018-q2-update.macos64_1.4.0.202007081208/tools/bin/../lib/gcc/arm-none-eabi/7.3.1/../../../../arm-none-eabi/lib/thumb/v7e-m/fpv4-sp/hard/crt0.o (__libc_init_array)
/Applications/STM32CubeIDE.app/Contents/Eclipse/plugins/com.st.stm32cube.ide.mcu.externaltools.gnu-tools-for-stm32.7-2018-q2-update.macos64_1.4.0.202007081208/tools/bin/../lib/gcc/arm-none-eabi/7.3.1/../../../../arm-none-eabi/lib/thumb/v7e-m/fpv4-sp/hard/libc_nano.a(lib_a-itoa.o)
                              Core/Src/core/xcp.o (itoa)
/Applications/STM32CubeIDE.app/Contents/Eclipse/plugins/com.st.stm32cube.ide.mcu.externaltools.gnu-tools-for-stm32.7-2018-q2-update.macos64_1.4.0.202007081208/tools/bin/../lib/gcc/arm-none-eabi/7.3.1/../../../../arm-none-eabi/lib/thumb/v7e-m/fpv4-sp/hard/libc_nano.a(lib_a-memset.o)
                              /Applications/STM32CubeIDE.app/Contents/Eclipse/plugins/com.st.stm32cube.ide.mcu.externaltools.gnu-tools-for-stm32.7-2018-q2-update.macos64_1.4.0.202007081208/tools/bin/../lib/gcc/arm-none-eabi/7.3.1/../../../../arm-none-eabi/lib/thumb/v7e-m/fpv4-sp/hard/crt0.o (memset)
/Applications/STM32CubeIDE.app/Contents/Eclipse/plugins/com.st.stm32cube.ide.mcu.externaltools.gnu-tools-for-stm32.7-2018-q2-update.macos64_1.4.0.202007081208/tools/bin/../lib/gcc/arm-none-eabi/7.3.1/../../../../arm-none-eabi/lib/thumb/v7e-m/fpv4-sp/hard/libc_nano.a(lib_a-utoa.o)
                              /Applications/STM32CubeIDE.app/Contents/Eclipse/plugins/com.st.stm32cube.ide.mcu.externaltools.gnu-tools-for-stm32.7-2018-q2-update.macos64_1.4.0.202007081208/tools/bin/../lib/gcc/arm-none-eabi/7.3.1/../../../../arm-none-eabi/lib/thumb/v7e-m/fpv4-sp/hard/libc_nano.a(lib_a-itoa.o) (__utoa)
/Applications/STM32CubeIDE.app/Contents/Eclipse/plugins/com.st.stm32cube.ide.mcu.externaltools.gnu-tools-for-stm32.7-2018-q2-update.macos64_1.4.0.202007081208/tools/bin/../lib/gcc/arm-none-eabi/7.3.1/thumb/v7e-m/fpv4-sp/hard/libgcc.a(_aeabi_uldivmod.o)
                              Drivers/STM32F4xx_HAL_Driver/Src/stm32f4xx_hal_rcc.o (__aeabi_uldivmod)
/Applications/STM32CubeIDE.app/Contents/Eclipse/plugins/com.st.stm32cube.ide.mcu.externaltools.gnu-tools-for-stm32.7-2018-q2-update.macos64_1.4.0.202007081208/tools/bin/../lib/gcc/arm-none-eabi/7.3.1/thumb/v7e-m/fpv4-sp/hard/libgcc.a(_udivmoddi4.o)
                              /Applications/STM32CubeIDE.app/Contents/Eclipse/plugins/com.st.stm32cube.ide.mcu.externaltools.gnu-tools-for-stm32.7-2018-q2-update.macos64_1.4.0.202007081208/tools/bin/../lib/gcc/arm-none-eabi/7.3.1/thumb/v7e-m/fpv4-sp/hard/libgcc.a(_aeabi_uldivmod.o) (__udivmoddi4)
/Applications/STM32CubeIDE.app/Contents/Eclipse/plugins/com.st.stm32cube.ide.mcu.externaltools.gnu-tools-for-stm32.7-2018-q2-update.macos64_1.4.0.202007081208/tools/bin/../lib/gcc/arm-none-eabi/7.3.1/thumb/v7e-m/fpv4-sp/hard/libgcc.a(_dvmd_tls.o)
[...]
Memory Configuration

Name             Origin             Length             Attributes
CCMRAM           0x0000000010000000 0x0000000000010000 xrw
RAM              0x0000000020000000 0x0000000000050000 xrw
FLASH            0x0000000008000000 0x0000000000200000 xr
*default*        0x0000000000000000 0xffffffffffffffff

Linker script and memory map

LOAD /Applications/STM32CubeIDE.app/Contents/Eclipse/plugins/com.st.stm32cube.ide.mcu.externaltools.gnu-tools-for-stm32.7-2018-q2-update.macos64_1.4.0.202007081208/tools/bin/../lib/gcc/arm-none-eabi/7.3.1/thumb/v7e-m/fpv4-sp/hard/crti.o
LOAD /Applications/STM32CubeIDE.app/Contents/Eclipse/plugins/com.st.stm32cube.ide.mcu.externaltools.gnu-tools-for-stm32.7-2018-q2-update.macos64_1.4.0.202007081208/tools/bin/../lib/gcc/arm-none-eabi/7.3.1/thumb/v7e-m/fpv4-sp/hard/crtbegin.o
LOAD /Applications/STM32CubeIDE.app/Contents/Eclipse/plugins/com.st.stm32cube.ide.mcu.externaltools.gnu-tools-for-stm32.7-2018-q2-update.macos64_1.4.0.202007081208/tools/bin/../lib/gcc/arm-none-eabi/7.3.1/../../../../arm-none-eabi/lib/thumb/v7e-m/fpv4-sp/hard/crt0.o
LOAD Core/Src/core/ARMCM4_STM32F4/GCC/cpu_comp.o
LOAD Core/Src/core/ARMCM4_STM32F4/can.o
LOAD Core/Src/core/ARMCM4_STM32F4/cpu.o
LOAD Core/Src/core/ARMCM4_STM32F4/flash.o
LOAD Core/Src/core/ARMCM4_STM32F4/nvm.o
LOAD Core/Src/core/ARMCM4_STM32F4/rs232.o
LOAD Core/Src/core/ARMCM4_STM32F4/timer.o
LOAD Core/Src/core/ARMCM4_STM32F4/usb.o
LOAD Core/Src/core/assert.o
LOAD Core/Src/core/backdoor.o
LOAD Core/Src/core/boot.o
LOAD Core/Src/core/com.o
LOAD Core/Src/core/cop.o
LOAD Core/Src/core/file.o
LOAD Core/Src/core/xcp.o
LOAD Core/Src/hooks.o
LOAD Core/Src/led.o
LOAD Core/Src/main.o
LOAD Core/Src/otm8009a.o
LOAD Core/Src/shared_params.o
LOAD Core/Src/stm32469i_discovery.o
LOAD Core/Src/stm32469i_discovery_lcd.o
LOAD Core/Src/stm32469i_discovery_sdram.o
LOAD Core/Src/stm32f4xx_hal_msp.o
LOAD Core/Src/stm32f4xx_it.o
LOAD Core/Src/syscalls.o
LOAD Core/Src/sysmem.o
LOAD Core/Src/system_stm32f4xx.o
LOAD Core/Startup/startup_stm32f469nihx.o
LOAD Drivers/STM32F4xx_HAL_Driver/Src/stm32f4xx_hal.o
LOAD Drivers/STM32F4xx_HAL_Driver/Src/stm32f4xx_hal_cortex.o
LOAD Drivers/STM32F4xx_HAL_Driver/Src/stm32f4xx_hal_crc.o
LOAD Drivers/STM32F4xx_HAL_Driver/Src/stm32f4xx_hal_dcmi.o
LOAD Drivers/STM32F4xx_HAL_Driver/Src/stm32f4xx_hal_dcmi_ex.o
LOAD Drivers/STM32F4xx_HAL_Driver/Src/stm32f4xx_hal_dma.o
LOAD Drivers/STM32F4xx_HAL_Driver/Src/stm32f4xx_hal_dma2d.o
LOAD Drivers/STM32F4xx_HAL_Driver/Src/stm32f4xx_hal_dma_ex.o
LOAD Drivers/STM32F4xx_HAL_Driver/Src/stm32f4xx_hal_dsi.o
LOAD Drivers/STM32F4xx_HAL_Driver/Src/stm32f4xx_hal_exti.o
LOAD Drivers/STM32F4xx_HAL_Driver/Src/stm32f4xx_hal_flash.o
LOAD Drivers/STM32F4xx_HAL_Driver/Src/stm32f4xx_hal_flash_ex.o
LOAD Drivers/STM32F4xx_HAL_Driver/Src/stm32f4xx_hal_flash_ramfunc.o
LOAD Drivers/STM32F4xx_HAL_Driver/Src/stm32f4xx_hal_gpio.o
LOAD Drivers/STM32F4xx_HAL_Driver/Src/stm32f4xx_hal_i2c.o
LOAD Drivers/STM32F4xx_HAL_Driver/Src/stm32f4xx_hal_i2c_ex.o
LOAD Drivers/STM32F4xx_HAL_Driver/Src/stm32f4xx_hal_ltdc.o
LOAD Drivers/STM32F4xx_HAL_Driver/Src/stm32f4xx_hal_ltdc_ex.o
LOAD Drivers/STM32F4xx_HAL_Driver/Src/stm32f4xx_hal_nor.o
LOAD Drivers/STM32F4xx_HAL_Driver/Src/stm32f4xx_hal_pwr.o
LOAD Drivers/STM32F4xx_HAL_Driver/Src/stm32f4xx_hal_pwr_ex.o
LOAD Drivers/STM32F4xx_HAL_Driver/Src/stm32f4xx_hal_qspi.o
LOAD Drivers/STM32F4xx_HAL_Driver/Src/stm32f4xx_hal_rcc.o
LOAD Drivers/STM32F4xx_HAL_Driver/Src/stm32f4xx_hal_rcc_ex.o
LOAD Drivers/STM32F4xx_HAL_Driver/Src/stm32f4xx_hal_sdram.o
LOAD Drivers/STM32F4xx_HAL_Driver/Src/stm32f4xx_hal_sram.o
LOAD Drivers/STM32F4xx_HAL_Driver/Src/stm32f4xx_hal_tim.o
LOAD Drivers/STM32F4xx_HAL_Driver/Src/stm32f4xx_hal_tim_ex.o
LOAD Drivers/STM32F4xx_HAL_Driver/Src/stm32f4xx_hal_uart.o
LOAD Drivers/STM32F4xx_HAL_Driver/Src/stm32f4xx_ll_fmc.o
LOAD Drivers/STM32F4xx_HAL_Driver/Src/stm32f4xx_ll_rcc.o
LOAD Drivers/STM32F4xx_HAL_Driver/Src/stm32f4xx_ll_usart.o
START GROUP
LOAD /Applications/STM32CubeIDE.app/Contents/Eclipse/plugins/com.st.stm32cube.ide.mcu.externaltools.gnu-tools-for-stm32.7-2018-q2-update.macos64_1.4.0.202007081208/tools/bin/../lib/gcc/arm-none-eabi/7.3.1/../../../../arm-none-eabi/lib/thumb/v7e-m/fpv4-sp/hard/libc_nano.a
LOAD /Applications/STM32CubeIDE.app/Contents/Eclipse/plugins/com.st.stm32cube.ide.mcu.externaltools.gnu-tools-for-stm32.7-2018-q2-update.macos64_1.4.0.202007081208/tools/bin/../lib/gcc/arm-none-eabi/7.3.1/../../../../arm-none-eabi/lib/thumb/v7e-m/fpv4-sp/hard/libm.a
END GROUP
START GROUP
LOAD /Applications/STM32CubeIDE.app/Contents/Eclipse/plugins/com.st.stm32cube.ide.mcu.externaltools.gnu-tools-for-stm32.7-2018-q2-update.macos64_1.4.0.202007081208/tools/bin/../lib/gcc/arm-none-eabi/7.3.1/thumb/v7e-m/fpv4-sp/hard/libgcc.a
LOAD /Applications/STM32CubeIDE.app/Contents/Eclipse/plugins/com.st.stm32cube.ide.mcu.externaltools.gnu-tools-for-stm32.7-2018-q2-update.macos64_1.4.0.202007081208/tools/bin/../lib/gcc/arm-none-eabi/7.3.1/../../../../arm-none-eabi/lib/thumb/v7e-m/fpv4-sp/hard/libc_nano.a
END GROUP
START GROUP
LOAD /Applications/STM32CubeIDE.app/Contents/Eclipse/plugins/com.st.stm32cube.ide.mcu.externaltools.gnu-tools-for-stm32.7-2018-q2-update.macos64_1.4.0.202007081208/tools/bin/../lib/gcc/arm-none-eabi/7.3.1/thumb/v7e-m/fpv4-sp/hard/libgcc.a
LOAD /Applications/STM32CubeIDE.app/Contents/Eclipse/plugins/com.st.stm32cube.ide.mcu.externaltools.gnu-tools-for-stm32.7-2018-q2-update.macos64_1.4.0.202007081208/tools/bin/../lib/gcc/arm-none-eabi/7.3.1/../../../../arm-none-eabi/lib/thumb/v7e-m/fpv4-sp/hard/libc_nano.a
LOAD /Applications/STM32CubeIDE.app/Contents/Eclipse/plugins/com.st.stm32cube.ide.mcu.externaltools.gnu-tools-for-stm32.7-2018-q2-update.macos64_1.4.0.202007081208/tools/bin/../lib/gcc/arm-none-eabi/7.3.1/../../../../arm-none-eabi/lib/thumb/v7e-m/fpv4-sp/hard/libnosys.a
END GROUP
START GROUP
LOAD /Applications/STM32CubeIDE.app/Contents/Eclipse/plugins/com.st.stm32cube.ide.mcu.externaltools.gnu-tools-for-stm32.7-2018-q2-update.macos64_1.4.0.202007081208/tools/bin/../lib/gcc/arm-none-eabi/7.3.1/thumb/v7e-m/fpv4-sp/hard/libgcc.a
LOAD /Applications/STM32CubeIDE.app/Contents/Eclipse/plugins/com.st.stm32cube.ide.mcu.externaltools.gnu-tools-for-stm32.7-2018-q2-update.macos64_1.4.0.202007081208/tools/bin/../lib/gcc/arm-none-eabi/7.3.1/../../../../arm-none-eabi/lib/thumb/v7e-m/fpv4-sp/hard/libc_nano.a
LOAD /Applications/STM32CubeIDE.app/Contents/Eclipse/plugins/com.st.stm32cube.ide.mcu.externaltools.gnu-tools-for-stm32.7-2018-q2-update.macos64_1.4.0.202007081208/tools/bin/../lib/gcc/arm-none-eabi/7.3.1/../../../../arm-none-eabi/lib/thumb/v7e-m/fpv4-sp/hard/libnosys.a
END GROUP
LOAD /Applications/STM32CubeIDE.app/Contents/Eclipse/plugins/com.st.stm32cube.ide.mcu.externaltools.gnu-tools-for-stm32.7-2018-q2-update.macos64_1.4.0.202007081208/tools/bin/../lib/gcc/arm-none-eabi/7.3.1/thumb/v7e-m/fpv4-sp/hard/crtend.o
LOAD /Applications/STM32CubeIDE.app/Contents/Eclipse/plugins/com.st.stm32cube.ide.mcu.externaltools.gnu-tools-for-stm32.7-2018-q2-update.macos64_1.4.0.202007081208/tools/bin/../lib/gcc/arm-none-eabi/7.3.1/thumb/v7e-m/fpv4-sp/hard/crtn.o
                0x0000000020050000                _estack = (ORIGIN (RAM) + LENGTH (RAM))
                0x0000000000000200                _Min_Heap_Size = 0x200
                0x0000000000000400                _Min_Stack_Size = 0x400

.isr_vector     0x0000000008000000      0x1b4
                0x0000000008000000                . = ALIGN (0x4)
 *(.isr_vector)
 .isr_vector    0x0000000008000000      0x1b4 Core/Startup/startup_stm32f469nihx.o
                0x0000000008000000                g_pfnVectors
                0x00000000080001b4                . = ALIGN (0x4)

.text           0x00000000080001b4     0x718c
                0x00000000080001b4                . = ALIGN (0x4)
 *(.text)
 .text          0x00000000080001b4       0x40 /Applications/STM32CubeIDE.app/Contents/Eclipse/plugins/com.st.stm32cube.ide.mcu.externaltools.gnu-tools-for-stm32.7-2018-q2-update.macos64_1.4.0.202007081208/tools/bin/../lib/gcc/arm-none-eabi/7.3.1/thumb/v7e-m/fpv4-sp/hard/crtbegin.o
 .text          0x00000000080001f4       0x30 /Applications/STM32CubeIDE.app/Contents/Eclipse/plugins/com.st.stm32cube.ide.mcu.externaltools.gnu-tools-for-stm32.7-2018-q2-update.macos64_1.4.0.202007081208/tools/bin/../lib/gcc/arm-none-eabi/7.3.1/thumb/v7e-m/fpv4-sp/hard/libgcc.a(_aeabi_uldivmod.o)
                0x00000000080001f4                __aeabi_uldivmod
 .text          0x0000000008000224      0x2cc /Applications/STM32CubeIDE.app/Contents/Eclipse/plugins/com.st.stm32cube.ide.mcu.externaltools.gnu-tools-for-stm32.7-2018-q2-update.macos64_1.4.0.202007081208/tools/bin/../lib/gcc/arm-none-eabi/7.3.1/thumb/v7e-m/fpv4-sp/hard/libgcc.a(_udivmoddi4.o)
                0x0000000008000224                __udivmoddi4
 .text          0x00000000080004f0        0x4 /Applications/STM32CubeIDE.app/Contents/Eclipse/plugins/com.st.stm32cube.ide.mcu.externaltools.gnu-tools-for-stm32.7-2018-q2-update.macos64_1.4.0.202007081208/tools/bin/../lib/gcc/arm-none-eabi/7.3.1/thumb/v7e-m/fpv4-sp/hard/libgcc.a(_dvmd_tls.o)
                0x00000000080004f0                __aeabi_ldiv0
                0x00000000080004f0                __aeabi_idiv0
 *(.text*)
 .text.CpuIrqDisable
                0x00000000080004f4       0x10 Core/Src/core/ARMCM4_STM32F4/GCC/cpu_comp.o
                0x00000000080004f4                CpuIrqDisable
 .text.CpuIrqEnable
                0x0000000008000504       0x10 Core/Src/core/ARMCM4_STM32F4/GCC/cpu_comp.o
                0x0000000008000504                CpuIrqEnable
 .text.CpuInit  0x0000000008000514        0xc Core/Src/core/ARMCM4_STM32F4/cpu.o
                0x0000000008000514                CpuInit
 .text.CpuStartUserProgram
                0x0000000008000520       0x84 Core/Src/core/ARMCM4_STM32F4/cpu.o
                0x0000000008000520                CpuStartUserProgram
 .text.CpuMemCopy
                0x00000000080005a4       0x3e Core/Src/core/ARMCM4_STM32F4/cpu.o
                0x00000000080005a4                CpuMemCopy
 *fill*         0x00000000080005e2        0x2 
 .text.FlashInit
                0x00000000080005e4       0x28 Core/Src/core/ARMCM4_STM32F4/flash.o
                0x00000000080005e4                FlashInit
 .text.FlashWrite
                0x000000000800060c       0x98 Core/Src/core/ARMCM4_STM32F4/flash.o
                0x000000000800060c                FlashWrite
 .text.FlashErase
                0x00000000080006a4       0x6c Core/Src/core/ARMCM4_STM32F4/flash.o
                0x00000000080006a4                FlashErase
 .text.FlashWriteChecksum
                0x0000000008000710       0xa8 Core/Src/core/ARMCM4_STM32F4/flash.o
                0x0000000008000710                FlashWriteChecksum
 .text.FlashVerifyChecksum
                0x00000000080007b8       0x88 Core/Src/core/ARMCM4_STM32F4/flash.o
                0x00000000080007b8                FlashVerifyChecksum
 .text.FlashDone
                0x0000000008000840       0x48 Core/Src/core/ARMCM4_STM32F4/flash.o
                0x0000000008000840                FlashDone
 .text.FlashGetUserProgBaseAddress
                0x0000000008000888       0x14 Core/Src/core/ARMCM4_STM32F4/flash.o
                0x0000000008000888                FlashGetUserProgBaseAddress
 .text.FlashInitBlock
                0x000000000800089c       0x46 Core/Src/core/ARMCM4_STM32F4/flash.o
 *fill*         0x00000000080008e2        0x2 
 .text.FlashSwitchBlock
                0x00000000080008e4       0x64 Core/Src/core/ARMCM4_STM32F4/flash.o
 .text.FlashAddToBlock
                0x0000000008000948       0xc4 Core/Src/core/ARMCM4_STM32F4/flash.o
 .text.FlashWriteBlock
                0x0000000008000a0c       0x7c Core/Src/core/ARMCM4_STM32F4/flash.o
 .text.FlashEraseSectors
                0x0000000008000a88       0xaa Core/Src/core/ARMCM4_STM32F4/flash.o
 *fill*         0x0000000008000b32        0x2 
 .text.FlashGetSector
                0x0000000008000b34       0x88 Core/Src/core/ARMCM4_STM32F4/flash.o
 .text.NvmInit  0x0000000008000bbc        0xc Core/Src/core/ARMCM4_STM32F4/nvm.o
                0x0000000008000bbc                NvmInit
 .text.NvmWrite
                0x0000000008000bc8       0x20 Core/Src/core/ARMCM4_STM32F4/nvm.o
                0x0000000008000bc8                NvmWrite
 .text.NvmErase
                0x0000000008000be8       0x1c Core/Src/core/ARMCM4_STM32F4/nvm.o
                0x0000000008000be8                NvmErase
 .text.NvmVerifyChecksum
                0x0000000008000c04        0xe Core/Src/core/ARMCM4_STM32F4/nvm.o
                0x0000000008000c04                NvmVerifyChecksum
 .text.NvmGetUserProgBaseAddress
                0x0000000008000c12        0xe Core/Src/core/ARMCM4_STM32F4/nvm.o
                0x0000000008000c12                NvmGetUserProgBaseAddress
 .text.NvmDone  0x0000000008000c20       0x1c Core/Src/core/ARMCM4_STM32F4/nvm.o
                0x0000000008000c20                NvmDone
 .text.LL_USART_Enable
                0x0000000008000c3c       0x20 Core/Src/core/ARMCM4_STM32F4/rs232.o
 .text.LL_USART_IsActiveFlag_RXNE
                0x0000000008000c5c       0x26 Core/Src/core/ARMCM4_STM32F4/rs232.o
 .text.LL_USART_IsActiveFlag_TXE
                0x0000000008000c82       0x26 Core/Src/core/ARMCM4_STM32F4/rs232.o
 .text.LL_USART_ReceiveData8
                0x0000000008000ca8       0x1a Core/Src/core/ARMCM4_STM32F4/rs232.o
 .text.LL_USART_TransmitData8
                0x0000000008000cc2       0x1e Core/Src/core/ARMCM4_STM32F4/rs232.o
 .text.Rs232Init
                0x0000000008000ce0       0x40 Core/Src/core/ARMCM4_STM32F4/rs232.o
                0x0000000008000ce0                Rs232Init
 .text.Rs232TransmitPacket
                0x0000000008000d20       0x58 Core/Src/core/ARMCM4_STM32F4/rs232.o
                0x0000000008000d20                Rs232TransmitPacket
 .text.Rs232ReceivePacket
                0x0000000008000d78       0xcc Core/Src/core/ARMCM4_STM32F4/rs232.o
                0x0000000008000d78                Rs232ReceivePacket
 .text.Rs232ReceiveByte
                0x0000000008000e44       0x34 Core/Src/core/ARMCM4_STM32F4/rs232.o
 .text.Rs232TransmitByte
                0x0000000008000e78       0x4c Core/Src/core/ARMCM4_STM32F4/rs232.o
 .text.TimerInit
                0x0000000008000ec4       0x30 Core/Src/core/ARMCM4_STM32F4/timer.o
                0x0000000008000ec4                TimerInit
 .text.TimerReset
                0x0000000008000ef4       0x18 Core/Src/core/ARMCM4_STM32F4/timer.o
                0x0000000008000ef4                TimerReset
 .text.TimerUpdate
                0x0000000008000f0c       0x2c Core/Src/core/ARMCM4_STM32F4/timer.o
                0x0000000008000f0c                TimerUpdate
 .text.TimerGet
                0x0000000008000f38       0x14 Core/Src/core/ARMCM4_STM32F4/timer.o
                0x0000000008000f38                TimerGet
 .text.HAL_GetTick
                0x0000000008000f4c        0xe Core/Src/core/ARMCM4_STM32F4/timer.o
                0x0000000008000f4c                HAL_GetTick
 .text.AssertFailure
                0x0000000008000f5a       0x10 Core/Src/core/assert.o
                0x0000000008000f5a                AssertFailure
 *fill*         0x0000000008000f6a        0x2 
 .text.BackDoorInit
                0x0000000008000f6c       0x1c Core/Src/core/backdoor.o
                0x0000000008000f6c                BackDoorInit
 .text.BackDoorCheck
                0x0000000008000f88       0xb0 Core/Src/core/backdoor.o
                0x0000000008000f88                BackDoorCheck
 .text.BackDoorRestartTimer
                0x0000000008001038       0x24 Core/Src/core/backdoor.o
                0x0000000008001038                BackDoorRestartTimer
 .text.BootInit
                0x000000000800105c       0x20 Core/Src/core/boot.o
                0x000000000800105c                BootInit
 .text.BootTask
                0x000000000800107c       0x18 Core/Src/core/boot.o
                0x000000000800107c                BootTask
 .text.ComInit  0x0000000008001094       0x1c Core/Src/core/com.o
                0x0000000008001094                ComInit
 .text.ComTask  0x00000000080010b0       0x38 Core/Src/core/com.o
                0x00000000080010b0                ComTask
 .text.ComFree  0x00000000080010e8        0xe Core/Src/core/com.o
                0x00000000080010e8                ComFree
 *fill*         0x00000000080010f6        0x2 
 .text.ComTransmitPacket
                0x00000000080010f8       0x30 Core/Src/core/com.o
                0x00000000080010f8                ComTransmitPacket
 .text.ComGetActiveInterfaceMaxRxLen
                0x0000000008001128       0x54 Core/Src/core/com.o
                0x0000000008001128                ComGetActiveInterfaceMaxRxLen
 .text.ComGetActiveInterfaceMaxTxLen
                0x000000000800117c       0x54 Core/Src/core/com.o
                0x000000000800117c                ComGetActiveInterfaceMaxTxLen
 .text.ComIsConnected
                0x00000000080011d0       0x22 Core/Src/core/com.o
                0x00000000080011d0                ComIsConnected
 .text.ComDeferredInit
                0x00000000080011f2        0xc Core/Src/core/com.o
                0x00000000080011f2                ComDeferredInit
 .text.CopInit  0x00000000080011fe        0xc Core/Src/core/cop.o
                0x00000000080011fe                CopInit
 .text.CopService
                0x000000000800120a        0xc Core/Src/core/cop.o
                0x000000000800120a                CopService
 *fill*         0x0000000008001216        0x2 
 .text.XcpInit  0x0000000008001218       0x3c Core/Src/core/xcp.o
                0x0000000008001218                XcpInit
 .text.XcpIsConnected
                0x0000000008001254       0x20 Core/Src/core/xcp.o
                0x0000000008001254                XcpIsConnected
 .text.XcpPacketTransmitted
                0x0000000008001274       0x1c Core/Src/core/xcp.o
                0x0000000008001274                XcpPacketTransmitted
 .text.XcpPacketReceived
                0x0000000008001290      0x184 Core/Src/core/xcp.o
                0x0000000008001290                XcpPacketReceived
 .text.XcpTransmitPacket
                0x0000000008001414       0x1e Core/Src/core/xcp.o
 *fill*         0x0000000008001432        0x2 
 .text.progress
                0x0000000008001434       0xbc Core/Src/core/xcp.o
 .text.XcpComputeChecksum
                0x00000000080014f0       0x40 Core/Src/core/xcp.o
 .text.XcpProtectResources
                0x0000000008001530       0x18 Core/Src/core/xcp.o
 .text.XcpSetCtoError
                0x0000000008001548       0x30 Core/Src/core/xcp.o
 .text.XcpCmdConnect
                0x0000000008001578       0x88 Core/Src/core/xcp.o
 .text.XcpCmdDisconnect
                0x0000000008001600       0x2c Core/Src/core/xcp.o
 .text.XcpCmdGetStatus
                0x000000000800162c       0x48 Core/Src/core/xcp.o
 .text.XcpCmdSynch
                0x0000000008001674       0x16 Core/Src/core/xcp.o
 *fill*         0x000000000800168a        0x2 
 .text.XcpCmdGetId
                0x000000000800168c       0x4c Core/Src/core/xcp.o
 .text.XcpCmdSetMta
                0x00000000080016d8       0x30 Core/Src/core/xcp.o
 .text.XcpCmdUpload
                0x0000000008001708       0x78 Core/Src/core/xcp.o
 .text.XcpCmdShortUpload
                0x0000000008001780       0x80 Core/Src/core/xcp.o
 .text.XcpCmdBuildCheckSum
                0x0000000008001800       0x4c Core/Src/core/xcp.o
 .text.XcpCmdProgramStart
                0x000000000800184c       0x4c Core/Src/core/xcp.o
 .text.XcpCmdProgramMax
                0x0000000008001898       0x5c Core/Src/core/xcp.o
 .text.XcpCmdProgram
                0x00000000080018f4       0x90 Core/Src/core/xcp.o
 .text.XcpCmdProgramClear
                0x0000000008001984       0x40 Core/Src/core/xcp.o
 .text.XcpCmdProgramReset
                0x00000000080019c4       0x28 Core/Src/core/xcp.o
 .text.XcpCmdProgramPrepare
                0x00000000080019ec       0x16 Core/Src/core/xcp.o
 *fill*         0x0000000008001a02        0x2 
 .text.CpuUserProgramStartHook
                0x0000000008001a04       0x28 Core/Src/hooks.o
                0x0000000008001a04                CpuUserProgramStartHook
 .text.CopInitHook
                0x0000000008001a2c        0xe Core/Src/hooks.o
                0x0000000008001a2c                CopInitHook
 .text.CopServiceHook
                0x0000000008001a3a        0xc Core/Src/hooks.o
                0x0000000008001a3a                CopServiceHook
 *fill*         0x0000000008001a46        0x2 
 .text.LedBlinkInit
                0x0000000008001a48       0x20 Core/Src/led.o
                0x0000000008001a48                LedBlinkInit
 .text.LedBlinkTask
                0x0000000008001a68       0x60 Core/Src/led.o
                0x0000000008001a68                LedBlinkTask
 .text.LedBlinkExit
                0x0000000008001ac8       0x18 Core/Src/led.o
                0x0000000008001ac8                LedBlinkExit
 .text.main     0x0000000008001ae0       0x88 Core/Src/main.o
                0x0000000008001ae0                main
 .text.Init     0x0000000008001b68       0x10 Core/Src/main.o
 .text.SystemClock_Config
                0x0000000008001b78       0xe0 Core/Src/main.o
                0x0000000008001b78                SystemClock_Config
 .text.HAL_MspInit
                0x0000000008001c58      0x17c Core/Src/main.o
                0x0000000008001c58                HAL_MspInit
 .text.OTM8009A_Init
                0x0000000008001dd4      0x4ac Core/Src/otm8009a.o
                0x0000000008001dd4                OTM8009A_Init
 .text.SharedParamsInit
                0x0000000008002280       0x50 Core/Src/shared_params.o
                0x0000000008002280                SharedParamsInit
 .text.SharedParamsReadByIndex
                0x00000000080022d0       0x44 Core/Src/shared_params.o
                0x00000000080022d0                SharedParamsReadByIndex
 .text.SharedParamsValidateBuffer
                0x0000000008002314       0x34 Core/Src/shared_params.o
 .text.SharedParamsWriteChecksum
                0x0000000008002348       0x18 Core/Src/shared_params.o
 .text.SharedParamsVerifyChecksum
                0x0000000008002360       0x2c Core/Src/shared_params.o
 .text.SharedParamsCalculateChecksum
                0x000000000800238c       0x8c Core/Src/shared_params.o
 .text.OTM8009A_IO_Delay
                0x0000000008002418       0x16 Core/Src/stm32469i_discovery.o
                0x0000000008002418                OTM8009A_IO_Delay
 .text.BSP_LCD_Init
                0x000000000800242e       0x10 Core/Src/stm32469i_discovery_lcd.o
                0x000000000800242e                BSP_LCD_Init
 *fill*         0x000000000800243e        0x2 
 .text.BSP_LCD_InitEx
                0x0000000008002440      0x294 Core/Src/stm32469i_discovery_lcd.o
                0x0000000008002440                BSP_LCD_InitEx
 .text.BSP_LCD_Reset
                0x00000000080026d4       0x6c Core/Src/stm32469i_discovery_lcd.o
                0x00000000080026d4                BSP_LCD_Reset
 .text.BSP_LCD_GetXSize
                0x0000000008002740       0x18 Core/Src/stm32469i_discovery_lcd.o
                0x0000000008002740                BSP_LCD_GetXSize
 .text.BSP_LCD_GetYSize
                0x0000000008002758       0x18 Core/Src/stm32469i_discovery_lcd.o
                0x0000000008002758                BSP_LCD_GetYSize
 .text.BSP_LCD_LayerDefaultInit
                0x0000000008002770       0xc0 Core/Src/stm32469i_discovery_lcd.o
                0x0000000008002770                BSP_LCD_LayerDefaultInit
 .text.BSP_LCD_SetTextColor
                0x0000000008002830       0x30 Core/Src/stm32469i_discovery_lcd.o
                0x0000000008002830                BSP_LCD_SetTextColor
 .text.BSP_LCD_SetBackColor
                0x0000000008002860       0x34 Core/Src/stm32469i_discovery_lcd.o
                0x0000000008002860                BSP_LCD_SetBackColor
 .text.BSP_LCD_SetFont
                0x0000000008002894       0x34 Core/Src/stm32469i_discovery_lcd.o
                0x0000000008002894                BSP_LCD_SetFont
 .text.BSP_LCD_Clear
                0x00000000080028c8       0x50 Core/Src/stm32469i_discovery_lcd.o
                0x00000000080028c8                BSP_LCD_Clear
 .text.BSP_LCD_DisplayChar
                0x0000000008002918       0x88 Core/Src/stm32469i_discovery_lcd.o
                0x0000000008002918                BSP_LCD_DisplayChar
 .text.BSP_LCD_DisplayStringAt
                0x00000000080029a0      0x188 Core/Src/stm32469i_discovery_lcd.o
                0x00000000080029a0                BSP_LCD_DisplayStringAt
 .text.BSP_LCD_DrawHLine
                0x0000000008002b28       0x7c Core/Src/stm32469i_discovery_lcd.o
                0x0000000008002b28                BSP_LCD_DrawHLine
 .text.DSI_IO_WriteCmd
                0x0000000008002ba4       0x54 Core/Src/stm32469i_discovery_lcd.o
                0x0000000008002ba4                DSI_IO_WriteCmd
 .text.BSP_LCD_MspInit
                0x0000000008002bf8       0xe0 Core/Src/stm32469i_discovery_lcd.o
                0x0000000008002bf8                BSP_LCD_MspInit
 .text.BSP_LCD_DrawPixel
                0x0000000008002cd8       0x4c Core/Src/stm32469i_discovery_lcd.o
                0x0000000008002cd8                BSP_LCD_DrawPixel
 .text.DrawChar
                0x0000000008002d24      0x170 Core/Src/stm32469i_discovery_lcd.o
 .text.LL_FillBuffer
                0x0000000008002e94       0x70 Core/Src/stm32469i_discovery_lcd.o
 .text.BSP_SDRAM_Init
                0x0000000008002f04       0xbc Core/Src/stm32469i_discovery_sdram.o
                0x0000000008002f04                BSP_SDRAM_Init
 .text.BSP_SDRAM_Initialization_sequence
                0x0000000008002fc0       0xc0 Core/Src/stm32469i_discovery_sdram.o
                0x0000000008002fc0                BSP_SDRAM_Initialization_sequence
 .text.BSP_SDRAM_MspInit
                0x0000000008003080      0x24c Core/Src/stm32469i_discovery_sdram.o
                0x0000000008003080                BSP_SDRAM_MspInit
 .text.NMI_Handler
                0x00000000080032cc        0xe Core/Src/stm32f4xx_it.o
                0x00000000080032cc                NMI_Handler
 .text.HardFault_Handler
                0x00000000080032da        0x6 Core/Src/stm32f4xx_it.o
                0x00000000080032da                HardFault_Handler
 .text.MemManage_Handler
                0x00000000080032e0        0x6 Core/Src/stm32f4xx_it.o
                0x00000000080032e0                MemManage_Handler
 .text.BusFault_Handler
                0x00000000080032e6        0x6 Core/Src/stm32f4xx_it.o
                0x00000000080032e6                BusFault_Handler
 .text.UsageFault_Handler
                0x00000000080032ec        0x6 Core/Src/stm32f4xx_it.o
                0x00000000080032ec                UsageFault_Handler
 .text.SVC_Handler
                0x00000000080032f2        0xe Core/Src/stm32f4xx_it.o
                0x00000000080032f2                SVC_Handler
 .text.DebugMon_Handler
                0x0000000008003300        0xe Core/Src/stm32f4xx_it.o
                0x0000000008003300                DebugMon_Handler
 .text.PendSV_Handler
                0x000000000800330e        0xe Core/Src/stm32f4xx_it.o
                0x000000000800330e                PendSV_Handler
 .text.SysTick_Handler
                0x000000000800331c        0xe Core/Src/stm32f4xx_it.o
                0x000000000800331c                SysTick_Handler
 *fill*         0x000000000800332a        0x2 
 .text.SystemInit
                0x000000000800332c       0x2c Core/Src/system_stm32f4xx.o
                0x000000000800332c                SystemInit
 .text.Reset_Handler
                0x0000000008003358       0x50 Core/Startup/startup_stm32f469nihx.o
                0x0000000008003358                Reset_Handler
 .text.Default_Handler
                0x00000000080033a8        0x2 Core/Startup/startup_stm32f469nihx.o
                0x00000000080033a8                DMA1_Stream3_IRQHandler
                0x00000000080033a8                HASH_RNG_IRQHandler
                0x00000000080033a8                EXTI2_IRQHandler
                0x00000000080033a8                TIM8_CC_IRQHandler
                0x00000000080033a8                UART8_IRQHandler
                0x00000000080033a8                SPI4_IRQHandler
                0x00000000080033a8                TIM1_CC_IRQHandler
                0x00000000080033a8                DMA2_Stream5_IRQHandler
                0x00000000080033a8                DMA1_Stream5_IRQHandler
                0x00000000080033a8                PVD_IRQHandler
                0x00000000080033a8                SDIO_IRQHandler
                0x00000000080033a8                TAMP_STAMP_IRQHandler
                0x00000000080033a8                CAN2_RX1_IRQHandler
                0x00000000080033a8                EXTI3_IRQHandler
                0x00000000080033a8                TIM8_TRG_COM_TIM14_IRQHandler
                0x00000000080033a8                TIM1_UP_TIM10_IRQHandler
                0x00000000080033a8                TIM8_UP_TIM13_IRQHandler
                0x00000000080033a8                I2C3_ER_IRQHandler
                0x00000000080033a8                EXTI0_IRQHandler
                0x00000000080033a8                I2C2_EV_IRQHandler
                0x00000000080033a8                DMA1_Stream2_IRQHandler
                0x00000000080033a8                CAN1_RX0_IRQHandler
                0x00000000080033a8                FPU_IRQHandler
                0x00000000080033a8                OTG_HS_WKUP_IRQHandler
                0x00000000080033a8                LTDC_ER_IRQHandler
                0x00000000080033a8                CAN2_SCE_IRQHandler
                0x00000000080033a8                DMA2_Stream2_IRQHandler
                0x00000000080033a8                SPI1_IRQHandler
                0x00000000080033a8                TIM6_DAC_IRQHandler
                0x00000000080033a8                TIM1_BRK_TIM9_IRQHandler
                0x00000000080033a8                DCMI_IRQHandler
                0x00000000080033a8                CAN2_RX0_IRQHandler
                0x00000000080033a8                DMA2_Stream3_IRQHandler
                0x00000000080033a8                USART6_IRQHandler
                0x00000000080033a8                USART3_IRQHandler
                0x00000000080033a8                CAN1_RX1_IRQHandler
                0x00000000080033a8                UART5_IRQHandler
                0x00000000080033a8                DMA2_Stream0_IRQHandler
                0x00000000080033a8                TIM4_IRQHandler
                0x00000000080033a8                QUADSPI_IRQHandler
                0x00000000080033a8                I2C1_EV_IRQHandler
                0x00000000080033a8                DMA1_Stream6_IRQHandler
                0x00000000080033a8                DMA1_Stream1_IRQHandler
                0x00000000080033a8                UART4_IRQHandler
                0x00000000080033a8                TIM3_IRQHandler
                0x00000000080033a8                RCC_IRQHandler
                0x00000000080033a8                TIM8_BRK_TIM12_IRQHandler
                0x00000000080033a8                Default_Handler
                0x00000000080033a8                EXTI15_10_IRQHandler
                0x00000000080033a8                ADC_IRQHandler
                0x00000000080033a8                DMA1_Stream7_IRQHandler
                0x00000000080033a8                SPI5_IRQHandler
                0x00000000080033a8                TIM7_IRQHandler
                0x00000000080033a8                CAN2_TX_IRQHandler
                0x00000000080033a8                TIM5_IRQHandler
                0x00000000080033a8                DMA2_Stream7_IRQHandler
                0x00000000080033a8                I2C3_EV_IRQHandler
                0x00000000080033a8                EXTI9_5_IRQHandler
                0x00000000080033a8                RTC_WKUP_IRQHandler
                0x00000000080033a8                LTDC_IRQHandler
                0x00000000080033a8                ETH_WKUP_IRQHandler
                0x00000000080033a8                SPI2_IRQHandler
                0x00000000080033a8                OTG_HS_EP1_IN_IRQHandler
                0x00000000080033a8                DMA1_Stream0_IRQHandler
                0x00000000080033a8                CAN1_TX_IRQHandler
                0x00000000080033a8                EXTI4_IRQHandler
                0x00000000080033a8                DSI_IRQHandler
                0x00000000080033a8                ETH_IRQHandler
                0x00000000080033a8                OTG_HS_EP1_OUT_IRQHandler
                0x00000000080033a8                WWDG_IRQHandler
                0x00000000080033a8                SPI6_IRQHandler
                0x00000000080033a8                TIM2_IRQHandler
                0x00000000080033a8                OTG_FS_WKUP_IRQHandler
                0x00000000080033a8                TIM1_TRG_COM_TIM11_IRQHandler
                0x00000000080033a8                OTG_HS_IRQHandler
                0x00000000080033a8                DMA2D_IRQHandler
                0x00000000080033a8                EXTI1_IRQHandler
                0x00000000080033a8                UART7_IRQHandler
                0x00000000080033a8                USART2_IRQHandler
                0x00000000080033a8                I2C2_ER_IRQHandler
                0x00000000080033a8                DMA2_Stream1_IRQHandler
                0x00000000080033a8                CAN1_SCE_IRQHandler
                0x00000000080033a8                FLASH_IRQHandler
                0x00000000080033a8                DMA2_Stream4_IRQHandler
                0x00000000080033a8                USART1_IRQHandler
                0x00000000080033a8                OTG_FS_IRQHandler
                0x00000000080033a8                SPI3_IRQHandler
                0x00000000080033a8                DMA1_Stream4_IRQHandler
                0x00000000080033a8                I2C1_ER_IRQHandler
                0x00000000080033a8                FMC_IRQHandler
                0x00000000080033a8                DMA2_Stream6_IRQHandler
                0x00000000080033a8                SAI1_IRQHandler
                0x00000000080033a8                RTC_Alarm_IRQHandler
 *fill*         0x00000000080033aa        0x2 
 .text.HAL_Init
                0x00000000080033ac       0x44 Drivers/STM32F4xx_HAL_Driver/Src/stm32f4xx_hal.o
                0x00000000080033ac                HAL_Init
 .text.HAL_DeInit
                0x00000000080033f0       0x58 Drivers/STM32F4xx_HAL_Driver/Src/stm32f4xx_hal.o
                0x00000000080033f0                HAL_DeInit
 .text.HAL_MspDeInit
                0x0000000008003448        0xe Drivers/STM32F4xx_HAL_Driver/Src/stm32f4xx_hal.o
                0x0000000008003448                HAL_MspDeInit
 *fill*         0x0000000008003456        0x2 
 .text.HAL_InitTick
                0x0000000008003458       0x60 Drivers/STM32F4xx_HAL_Driver/Src/stm32f4xx_hal.o
                0x0000000008003458                HAL_InitTick
 .text.HAL_Delay
                0x00000000080034b8       0x44 Drivers/STM32F4xx_HAL_Driver/Src/stm32f4xx_hal.o
                0x00000000080034b8                HAL_Delay
 .text.__NVIC_SetPriorityGrouping
                0x00000000080034fc       0x48 Drivers/STM32F4xx_HAL_Driver/Src/stm32f4xx_hal_cortex.o
 .text.__NVIC_GetPriorityGrouping
                0x0000000008003544       0x1c Drivers/STM32F4xx_HAL_Driver/Src/stm32f4xx_hal_cortex.o
 .text.__NVIC_EnableIRQ
                0x0000000008003560       0x3c Drivers/STM32F4xx_HAL_Driver/Src/stm32f4xx_hal_cortex.o
 .text.__NVIC_SetPriority
                0x000000000800359c       0x54 Drivers/STM32F4xx_HAL_Driver/Src/stm32f4xx_hal_cortex.o
 .text.NVIC_EncodePriority
                0x00000000080035f0       0x66 Drivers/STM32F4xx_HAL_Driver/Src/stm32f4xx_hal_cortex.o
 *fill*         0x0000000008003656        0x2 
 .text.SysTick_Config
                0x0000000008003658       0x44 Drivers/STM32F4xx_HAL_Driver/Src/stm32f4xx_hal_cortex.o
 .text.HAL_NVIC_SetPriorityGrouping
                0x000000000800369c       0x16 Drivers/STM32F4xx_HAL_Driver/Src/stm32f4xx_hal_cortex.o
                0x000000000800369c                HAL_NVIC_SetPriorityGrouping
 .text.HAL_NVIC_SetPriority
                0x00000000080036b2       0x38 Drivers/STM32F4xx_HAL_Driver/Src/stm32f4xx_hal_cortex.o
                0x00000000080036b2                HAL_NVIC_SetPriority
 .text.HAL_NVIC_EnableIRQ
                0x00000000080036ea       0x1c Drivers/STM32F4xx_HAL_Driver/Src/stm32f4xx_hal_cortex.o
                0x00000000080036ea                HAL_NVIC_EnableIRQ
 .text.HAL_SYSTICK_Config
                0x0000000008003706       0x18 Drivers/STM32F4xx_HAL_Driver/Src/stm32f4xx_hal_cortex.o
                0x0000000008003706                HAL_SYSTICK_Config
 *fill*         0x000000000800371e        0x2 
 .text.HAL_DMA_Init
                0x0000000008003720      0x15c Drivers/STM32F4xx_HAL_Driver/Src/stm32f4xx_hal_dma.o
                0x0000000008003720                HAL_DMA_Init
 .text.HAL_DMA_DeInit
                0x000000000800387c       0xbc Drivers/STM32F4xx_HAL_Driver/Src/stm32f4xx_hal_dma.o
                0x000000000800387c                HAL_DMA_DeInit
 .text.DMA_CalcBaseAndBitshift
                0x0000000008003938       0x6c Drivers/STM32F4xx_HAL_Driver/Src/stm32f4xx_hal_dma.o
 .text.DMA_CheckFifoParam
                0x00000000080039a4       0xf4 Drivers/STM32F4xx_HAL_Driver/Src/stm32f4xx_hal_dma.o
 .text.HAL_DMA2D_Init
                0x0000000008003a98       0x92 Drivers/STM32F4xx_HAL_Driver/Src/stm32f4xx_hal_dma2d.o
                0x0000000008003a98                HAL_DMA2D_Init
 .text.HAL_DMA2D_MspInit
                0x0000000008003b2a       0x14 Drivers/STM32F4xx_HAL_Driver/Src/stm32f4xx_hal_dma2d.o
                0x0000000008003b2a                HAL_DMA2D_MspInit
 .text.HAL_DMA2D_Start
                0x0000000008003b3e       0x56 Drivers/STM32F4xx_HAL_Driver/Src/stm32f4xx_hal_dma2d.o
                0x0000000008003b3e                HAL_DMA2D_Start
 .text.HAL_DMA2D_PollForTransfer
                0x0000000008003b94      0x1d2 Drivers/STM32F4xx_HAL_Driver/Src/stm32f4xx_hal_dma2d.o
                0x0000000008003b94                HAL_DMA2D_PollForTransfer
 *fill*         0x0000000008003d66        0x2 
 .text.HAL_DMA2D_ConfigLayer
                0x0000000008003d68      0x124 Drivers/STM32F4xx_HAL_Driver/Src/stm32f4xx_hal_dma2d.o
                0x0000000008003d68                HAL_DMA2D_ConfigLayer
 .text.DMA2D_SetConfig
                0x0000000008003e8c      0x138 Drivers/STM32F4xx_HAL_Driver/Src/stm32f4xx_hal_dma2d.o
 .text.DSI_ConfigPacketHeader
                0x0000000008003fc4       0x32 Drivers/STM32F4xx_HAL_Driver/Src/stm32f4xx_hal_dsi.o
 .text.DSI_ShortWrite
                0x0000000008003ff6       0x5e Drivers/STM32F4xx_HAL_Driver/Src/stm32f4xx_hal_dsi.o
 .text.HAL_DSI_Init
                0x0000000008004054      0x234 Drivers/STM32F4xx_HAL_Driver/Src/stm32f4xx_hal_dsi.o
                0x0000000008004054                HAL_DSI_Init
 .text.HAL_DSI_DeInit
                0x0000000008004288       0xe8 Drivers/STM32F4xx_HAL_Driver/Src/stm32f4xx_hal_dsi.o
                0x0000000008004288                HAL_DSI_DeInit
 .text.HAL_DSI_MspInit
                0x0000000008004370       0x14 Drivers/STM32F4xx_HAL_Driver/Src/stm32f4xx_hal_dsi.o
                0x0000000008004370                HAL_DSI_MspInit
 .text.HAL_DSI_MspDeInit
                0x0000000008004384       0x14 Drivers/STM32F4xx_HAL_Driver/Src/stm32f4xx_hal_dsi.o
                0x0000000008004384                HAL_DSI_MspDeInit
 .text.HAL_DSI_ConfigVideoMode
                0x0000000008004398      0x410 Drivers/STM32F4xx_HAL_Driver/Src/stm32f4xx_hal_dsi.o
                0x0000000008004398                HAL_DSI_ConfigVideoMode
 .text.HAL_DSI_ConfigPhyTimer
                0x00000000080047a8       0xd4 Drivers/STM32F4xx_HAL_Driver/Src/stm32f4xx_hal_dsi.o
                0x00000000080047a8                HAL_DSI_ConfigPhyTimer
 .text.HAL_DSI_Start
                0x000000000800487c       0x78 Drivers/STM32F4xx_HAL_Driver/Src/stm32f4xx_hal_dsi.o
                0x000000000800487c                HAL_DSI_Start
 .text.HAL_DSI_ShortWrite
                0x00000000080048f4       0x44 Drivers/STM32F4xx_HAL_Driver/Src/stm32f4xx_hal_dsi.o
                0x00000000080048f4                HAL_DSI_ShortWrite
 .text.HAL_DSI_LongWrite
                0x0000000008004938      0x130 Drivers/STM32F4xx_HAL_Driver/Src/stm32f4xx_hal_dsi.o
                0x0000000008004938                HAL_DSI_LongWrite
 .text.HAL_FLASH_Program
                0x0000000008004a68       0xa8 Drivers/STM32F4xx_HAL_Driver/Src/stm32f4xx_hal_flash.o
                0x0000000008004a68                HAL_FLASH_Program
 .text.HAL_FLASH_Unlock
                0x0000000008004b10       0x44 Drivers/STM32F4xx_HAL_Driver/Src/stm32f4xx_hal_flash.o
                0x0000000008004b10                HAL_FLASH_Unlock
 .text.HAL_FLASH_Lock
                0x0000000008004b54       0x20 Drivers/STM32F4xx_HAL_Driver/Src/stm32f4xx_hal_flash.o
                0x0000000008004b54                HAL_FLASH_Lock
 .text.FLASH_WaitForLastOperation
                0x0000000008004b74       0x80 Drivers/STM32F4xx_HAL_Driver/Src/stm32f4xx_hal_flash.o
                0x0000000008004b74                FLASH_WaitForLastOperation
 .text.FLASH_Program_DoubleWord
                0x0000000008004bf4       0x60 Drivers/STM32F4xx_HAL_Driver/Src/stm32f4xx_hal_flash.o
 .text.FLASH_Program_Word
                0x0000000008004c54       0x44 Drivers/STM32F4xx_HAL_Driver/Src/stm32f4xx_hal_flash.o
 .text.FLASH_Program_HalfWord
                0x0000000008004c98       0x48 Drivers/STM32F4xx_HAL_Driver/Src/stm32f4xx_hal_flash.o
 .text.FLASH_Program_Byte
                0x0000000008004ce0       0x44 Drivers/STM32F4xx_HAL_Driver/Src/stm32f4xx_hal_flash.o
 .text.FLASH_SetErrorCode
                0x0000000008004d24       0xcc Drivers/STM32F4xx_HAL_Driver/Src/stm32f4xx_hal_flash.o
 .text.HAL_FLASHEx_Erase
                0x0000000008004df0       0xe4 Drivers/STM32F4xx_HAL_Driver/Src/stm32f4xx_hal_flash_ex.o
                0x0000000008004df0                HAL_FLASHEx_Erase
 .text.FLASH_MassErase
                0x0000000008004ed4       0x74 Drivers/STM32F4xx_HAL_Driver/Src/stm32f4xx_hal_flash_ex.o
 .text.FLASH_Erase_Sector
                0x0000000008004f48       0x9c Drivers/STM32F4xx_HAL_Driver/Src/stm32f4xx_hal_flash_ex.o
                0x0000000008004f48                FLASH_Erase_Sector
 .text.FLASH_FlushCaches
                0x0000000008004fe4       0x8c Drivers/STM32F4xx_HAL_Driver/Src/stm32f4xx_hal_flash_ex.o
                0x0000000008004fe4                FLASH_FlushCaches
 .text.HAL_GPIO_Init
                0x0000000008005070      0x354 Drivers/STM32F4xx_HAL_Driver/Src/stm32f4xx_hal_gpio.o
                0x0000000008005070                HAL_GPIO_Init
 .text.HAL_GPIO_ReadPin
                0x00000000080053c4       0x30 Drivers/STM32F4xx_HAL_Driver/Src/stm32f4xx_hal_gpio.o
                0x00000000080053c4                HAL_GPIO_ReadPin
 .text.HAL_GPIO_WritePin
                0x00000000080053f4       0x32 Drivers/STM32F4xx_HAL_Driver/Src/stm32f4xx_hal_gpio.o
                0x00000000080053f4                HAL_GPIO_WritePin
 *fill*         0x0000000008005426        0x2 
 .text.HAL_LTDC_Init
                0x0000000008005428      0x1a0 Drivers/STM32F4xx_HAL_Driver/Src/stm32f4xx_hal_ltdc.o
                0x0000000008005428                HAL_LTDC_Init
 .text.HAL_LTDC_MspInit
                0x00000000080055c8       0x14 Drivers/STM32F4xx_HAL_Driver/Src/stm32f4xx_hal_ltdc.o
                0x00000000080055c8                HAL_LTDC_MspInit
 .text.HAL_LTDC_ConfigLayer
                0x00000000080055dc       0x7c Drivers/STM32F4xx_HAL_Driver/Src/stm32f4xx_hal_ltdc.o
                0x00000000080055dc                HAL_LTDC_ConfigLayer
 .text.LTDC_SetConfig
                0x0000000008005658      0x32e Drivers/STM32F4xx_HAL_Driver/Src/stm32f4xx_hal_ltdc.o
 .text.HAL_LTDCEx_StructInitFromVideoConfig
                0x0000000008005986       0xa0 Drivers/STM32F4xx_HAL_Driver/Src/stm32f4xx_hal_ltdc_ex.o
                0x0000000008005986                HAL_LTDCEx_StructInitFromVideoConfig
 *fill*         0x0000000008005a26        0x2 
 .text.HAL_PWREx_EnableOverDrive
                0x0000000008005a28       0xa0 Drivers/STM32F4xx_HAL_Driver/Src/stm32f4xx_hal_pwr_ex.o
                0x0000000008005a28                HAL_PWREx_EnableOverDrive
 .text.HAL_RCC_ClockConfig
                0x0000000008005ac8      0x1cc Drivers/STM32F4xx_HAL_Driver/Src/stm32f4xx_hal_rcc.o
                0x0000000008005ac8                HAL_RCC_ClockConfig
 .text.HAL_RCC_GetSysClockFreq
                0x0000000008005c94      0x1b0 Drivers/STM32F4xx_HAL_Driver/Src/stm32f4xx_hal_rcc.o
                0x0000000008005c94                HAL_RCC_GetSysClockFreq
 .text.HAL_RCCEx_PeriphCLKConfig
                0x0000000008005e44      0x47c Drivers/STM32F4xx_HAL_Driver/Src/stm32f4xx_hal_rcc_ex.o
                0x0000000008005e44                HAL_RCCEx_PeriphCLKConfig
 .text.HAL_RCC_OscConfig
                0x00000000080062c0      0x484 Drivers/STM32F4xx_HAL_Driver/Src/stm32f4xx_hal_rcc_ex.o
                0x00000000080062c0                HAL_RCC_OscConfig
 .text.HAL_SDRAM_Init
                0x0000000008006744       0x68 Drivers/STM32F4xx_HAL_Driver/Src/stm32f4xx_hal_sdram.o
                0x0000000008006744                HAL_SDRAM_Init
 .text.HAL_SDRAM_MspInit
                0x00000000080067ac       0x14 Drivers/STM32F4xx_HAL_Driver/Src/stm32f4xx_hal_sdram.o
                0x00000000080067ac                HAL_SDRAM_MspInit
 .text.HAL_SDRAM_SendCommand
                0x00000000080067c0       0x56 Drivers/STM32F4xx_HAL_Driver/Src/stm32f4xx_hal_sdram.o
                0x00000000080067c0                HAL_SDRAM_SendCommand
 .text.HAL_SDRAM_ProgramRefreshRate
                0x0000000008006816       0x40 Drivers/STM32F4xx_HAL_Driver/Src/stm32f4xx_hal_sdram.o
                0x0000000008006816                HAL_SDRAM_ProgramRefreshRate
 .text.FMC_SDRAM_Init
                0x0000000008006856       0xe6 Drivers/STM32F4xx_HAL_Driver/Src/stm32f4xx_ll_fmc.o
                0x0000000008006856                FMC_SDRAM_Init
 .text.FMC_SDRAM_Timing_Init
                0x000000000800693c       0xfe Drivers/STM32F4xx_HAL_Driver/Src/stm32f4xx_ll_fmc.o
                0x000000000800693c                FMC_SDRAM_Timing_Init
 .text.FMC_SDRAM_SendCommand
                0x0000000008006a3a       0x78 Drivers/STM32F4xx_HAL_Driver/Src/stm32f4xx_ll_fmc.o
                0x0000000008006a3a                FMC_SDRAM_SendCommand
 .text.FMC_SDRAM_ProgramRefreshRate
                0x0000000008006ab2       0x26 Drivers/STM32F4xx_HAL_Driver/Src/stm32f4xx_ll_fmc.o
                0x0000000008006ab2                FMC_SDRAM_ProgramRefreshRate
 .text.LL_RCC_GetSysClkSource
                0x0000000008006ad8       0x1c Drivers/STM32F4xx_HAL_Driver/Src/stm32f4xx_ll_rcc.o
 .text.LL_RCC_GetAHBPrescaler
                0x0000000008006af4       0x1c Drivers/STM32F4xx_HAL_Driver/Src/stm32f4xx_ll_rcc.o
 .text.LL_RCC_GetAPB1Prescaler
                0x0000000008006b10       0x1c Drivers/STM32F4xx_HAL_Driver/Src/stm32f4xx_ll_rcc.o
 .text.LL_RCC_GetAPB2Prescaler
                0x0000000008006b2c       0x1c Drivers/STM32F4xx_HAL_Driver/Src/stm32f4xx_ll_rcc.o
 .text.LL_RCC_PLL_GetMainSource
                0x0000000008006b48       0x1c Drivers/STM32F4xx_HAL_Driver/Src/stm32f4xx_ll_rcc.o
 .text.LL_RCC_PLL_GetN
                0x0000000008006b64       0x1c Drivers/STM32F4xx_HAL_Driver/Src/stm32f4xx_ll_rcc.o
 .text.LL_RCC_PLL_GetP
                0x0000000008006b80       0x1c Drivers/STM32F4xx_HAL_Driver/Src/stm32f4xx_ll_rcc.o
 .text.LL_RCC_PLL_GetDivider
                0x0000000008006b9c       0x1c Drivers/STM32F4xx_HAL_Driver/Src/stm32f4xx_ll_rcc.o
 .text.LL_RCC_GetSystemClocksFreq
                0x0000000008006bb8       0x4a Drivers/STM32F4xx_HAL_Driver/Src/stm32f4xx_ll_rcc.o
                0x0000000008006bb8                LL_RCC_GetSystemClocksFreq
 *fill*         0x0000000008006c02        0x2 
 .text.RCC_GetSystemClockFreq
                0x0000000008006c04       0x4c Drivers/STM32F4xx_HAL_Driver/Src/stm32f4xx_ll_rcc.o
                0x0000000008006c04                RCC_GetSystemClockFreq
 .text.RCC_GetHCLKClockFreq
                0x0000000008006c50       0x2c Drivers/STM32F4xx_HAL_Driver/Src/stm32f4xx_ll_rcc.o
                0x0000000008006c50                RCC_GetHCLKClockFreq
 .text.RCC_GetPCLK1ClockFreq
                0x0000000008006c7c       0x28 Drivers/STM32F4xx_HAL_Driver/Src/stm32f4xx_ll_rcc.o
                0x0000000008006c7c                RCC_GetPCLK1ClockFreq
 .text.RCC_GetPCLK2ClockFreq
                0x0000000008006ca4       0x28 Drivers/STM32F4xx_HAL_Driver/Src/stm32f4xx_ll_rcc.o
                0x0000000008006ca4                RCC_GetPCLK2ClockFreq
 .text.RCC_PLL_GetFreqDomain_SYS
                0x0000000008006ccc       0x7c Drivers/STM32F4xx_HAL_Driver/Src/stm32f4xx_ll_rcc.o
                0x0000000008006ccc                RCC_PLL_GetFreqDomain_SYS
 .text.LL_USART_IsEnabled
                0x0000000008006d48       0x28 Drivers/STM32F4xx_HAL_Driver/Src/stm32f4xx_ll_usart.o
 .text.LL_USART_SetStopBitsLength
                0x0000000008006d70       0x26 Drivers/STM32F4xx_HAL_Driver/Src/stm32f4xx_ll_usart.o
 .text.LL_USART_SetHWFlowCtrl
                0x0000000008006d96       0x26 Drivers/STM32F4xx_HAL_Driver/Src/stm32f4xx_ll_usart.o
 .text.LL_USART_SetBaudRate
                0x0000000008006dbc      0x350 Drivers/STM32F4xx_HAL_Driver/Src/stm32f4xx_ll_usart.o
 .text.LL_USART_Init
                0x000000000800710c      0x124 Drivers/STM32F4xx_HAL_Driver/Src/stm32f4xx_ll_usart.o
                0x000000000800710c                LL_USART_Init
 .text.__libc_init_array
                0x0000000008007230       0x48 /Applications/STM32CubeIDE.app/Contents/Eclipse/plugins/com.st.stm32cube.ide.mcu.externaltools.gnu-tools-for-stm32.7-2018-q2-update.macos64_1.4.0.202007081208/tools/bin/../lib/gcc/arm-none-eabi/7.3.1/../../../../arm-none-eabi/lib/thumb/v7e-m/fpv4-sp/hard/libc_nano.a(lib_a-init.o)
                0x0000000008007230                __libc_init_array
 .text.__itoa   0x0000000008007278       0x30 /Applications/STM32CubeIDE.app/Contents/Eclipse/plugins/com.st.stm32cube.ide.mcu.externaltools.gnu-tools-for-stm32.7-2018-q2-update.macos64_1.4.0.202007081208/tools/bin/../lib/gcc/arm-none-eabi/7.3.1/../../../../arm-none-eabi/lib/thumb/v7e-m/fpv4-sp/hard/libc_nano.a(lib_a-itoa.o)
                0x0000000008007278                __itoa
 .text.itoa     0x00000000080072a8        0x4 /Applications/STM32CubeIDE.app/Contents/Eclipse/plugins/com.st.stm32cube.ide.mcu.externaltools.gnu-tools-for-stm32.7-2018-q2-update.macos64_1.4.0.202007081208/tools/bin/../lib/gcc/arm-none-eabi/7.3.1/../../../../arm-none-eabi/lib/thumb/v7e-m/fpv4-sp/hard/libc_nano.a(lib_a-itoa.o)
                0x00000000080072a8                itoa
 .text.__utoa   0x00000000080072ac       0x7c /Applications/STM32CubeIDE.app/Contents/Eclipse/plugins/com.st.stm32cube.ide.mcu.externaltools.gnu-tools-for-stm32.7-2018-q2-update.macos64_1.4.0.202007081208/tools/bin/../lib/gcc/arm-none-eabi/7.3.1/../../../../arm-none-eabi/lib/thumb/v7e-m/fpv4-sp/hard/libc_nano.a(lib_a-utoa.o)
                0x00000000080072ac                __utoa
 *(.glue_7)
 .glue_7        0x0000000008007328        0x0 linker stubs
 *(.glue_7t)
 .glue_7t       0x0000000008007328        0x0 linker stubs
 *(.eh_frame)
 .eh_frame      0x0000000008007328        0x0 /Applications/STM32CubeIDE.app/Contents/Eclipse/plugins/com.st.stm32cube.ide.mcu.externaltools.gnu-tools-for-stm32.7-2018-q2-update.macos64_1.4.0.202007081208/tools/bin/../lib/gcc/arm-none-eabi/7.3.1/thumb/v7e-m/fpv4-sp/hard/crtbegin.o
 *(.init)
 .init          0x0000000008007328        0x4 /Applications/STM32CubeIDE.app/Contents/Eclipse/plugins/com.st.stm32cube.ide.mcu.externaltools.gnu-tools-for-stm32.7-2018-q2-update.macos64_1.4.0.202007081208/tools/bin/../lib/gcc/arm-none-eabi/7.3.1/thumb/v7e-m/fpv4-sp/hard/crti.o
                0x0000000008007328                _init
 .init          0x000000000800732c        0x8 /Applications/STM32CubeIDE.app/Contents/Eclipse/plugins/com.st.stm32cube.ide.mcu.externaltools.gnu-tools-for-stm32.7-2018-q2-update.macos64_1.4.0.202007081208/tools/bin/../lib/gcc/arm-none-eabi/7.3.1/thumb/v7e-m/fpv4-sp/hard/crtn.o
 *(.fini)
 .fini          0x0000000008007334        0x4 /Applications/STM32CubeIDE.app/Contents/Eclipse/plugins/com.st.stm32cube.ide.mcu.externaltools.gnu-tools-for-stm32.7-2018-q2-update.macos64_1.4.0.202007081208/tools/bin/../lib/gcc/arm-none-eabi/7.3.1/thumb/v7e-m/fpv4-sp/hard/crti.o
                0x0000000008007334                _fini
 .fini          0x0000000008007338        0x8 /Applications/STM32CubeIDE.app/Contents/Eclipse/plugins/com.st.stm32cube.ide.mcu.externaltools.gnu-tools-for-stm32.7-2018-q2-update.macos64_1.4.0.202007081208/tools/bin/../lib/gcc/arm-none-eabi/7.3.1/thumb/v7e-m/fpv4-sp/hard/crtn.o
                0x0000000008007340                . = ALIGN (0x4)
                0x0000000008007340                _etext = .

.vfp11_veneer   0x0000000008007340        0x0
 .vfp11_veneer  0x0000000008007340        0x0 linker stubs

.v4_bx          0x0000000008007340        0x0
 .v4_bx         0x0000000008007340        0x0 linker stubs

.iplt           0x0000000008007340        0x0
 .iplt          0x0000000008007340        0x0 /Applications/STM32CubeIDE.app/Contents/Eclipse/plugins/com.st.stm32cube.ide.mcu.externaltools.gnu-tools-for-stm32.7-2018-q2-update.macos64_1.4.0.202007081208/tools/bin/../lib/gcc/arm-none-eabi/7.3.1/thumb/v7e-m/fpv4-sp/hard/crtbegin.o

.rodata         0x0000000008007340     0x1ee0
                0x0000000008007340                . = ALIGN (0x4)
 *(.rodata)
 .rodata        0x0000000008007340       0x1c Core/Src/core/ARMCM4_STM32F4/cpu.o
 .rodata        0x000000000800735c       0x69 Core/Src/core/ARMCM4_STM32F4/rs232.o
 *fill*         0x00000000080073c5        0x3 
 .rodata        0x00000000080073c8       0x43 Core/Src/core/xcp.o
 *fill*         0x000000000800740b        0x1 
 .rodata        0x000000000800740c        0x8 Core/Src/main.o
 *(.rodata*)
 .rodata.flashLayout
                0x0000000008007414       0xf0 Core/Src/core/ARMCM4_STM32F4/flash.o
 .rodata.xcpStationId
                0x0000000008007504        0x8 Core/Src/core/xcp.o
 .rodata.lcdRegData1
                0x000000000800750c        0x4 Core/Src/otm8009a.o
                0x000000000800750c                lcdRegData1
 .rodata.lcdRegData2
                0x0000000008007510        0x3 Core/Src/otm8009a.o
                0x0000000008007510                lcdRegData2
 *fill*         0x0000000008007513        0x1 
 .rodata.lcdRegData3
                0x0000000008007514       0x11 Core/Src/otm8009a.o
                0x0000000008007514                lcdRegData3
 *fill*         0x0000000008007525        0x3 
 .rodata.lcdRegData4
                0x0000000008007528       0x11 Core/Src/otm8009a.o
                0x0000000008007528                lcdRegData4
 *fill*         0x0000000008007539        0x3 
 .rodata.lcdRegData5
                0x000000000800753c        0x3 Core/Src/otm8009a.o
                0x000000000800753c                lcdRegData5
 *fill*         0x000000000800753f        0x1 
 .rodata.lcdRegData6
                0x0000000008007540        0x3 Core/Src/otm8009a.o
                0x0000000008007540                lcdRegData6
 *fill*         0x0000000008007543        0x1 
 .rodata.lcdRegData7
                0x0000000008007544        0x7 Core/Src/otm8009a.o
                0x0000000008007544                lcdRegData7
 *fill*         0x000000000800754b        0x1 
 .rodata.lcdRegData8
                0x000000000800754c        0xf Core/Src/otm8009a.o
                0x000000000800754c                lcdRegData8
 *fill*         0x000000000800755b        0x1 
 .rodata.lcdRegData9
                0x000000000800755c        0xf Core/Src/otm8009a.o
                0x000000000800755c                lcdRegData9
 *fill*         0x000000000800756b        0x1 
 .rodata.lcdRegData10
                0x000000000800756c        0xb Core/Src/otm8009a.o
                0x000000000800756c                lcdRegData10
 *fill*         0x0000000008007577        0x1 
 .rodata.lcdRegData11
                0x0000000008007578        0xb Core/Src/otm8009a.o
                0x0000000008007578                lcdRegData11
 *fill*         0x0000000008007583        0x1 
 .rodata.lcdRegData12
                0x0000000008007584       0x10 Core/Src/otm8009a.o
                0x0000000008007584                lcdRegData12
 .rodata.lcdRegData13
                0x0000000008007594       0x10 Core/Src/otm8009a.o
                0x0000000008007594                lcdRegData13
 .rodata.lcdRegData14
                0x00000000080075a4        0xb Core/Src/otm8009a.o
                0x00000000080075a4                lcdRegData14
 *fill*         0x00000000080075af        0x1 
 .rodata.lcdRegData15
                0x00000000080075b0       0x10 Core/Src/otm8009a.o
                0x00000000080075b0                lcdRegData15
 .rodata.lcdRegData16
                0x00000000080075c0       0x10 Core/Src/otm8009a.o
                0x00000000080075c0                lcdRegData16
 .rodata.lcdRegData17
                0x00000000080075d0        0xb Core/Src/otm8009a.o
                0x00000000080075d0                lcdRegData17
 *fill*         0x00000000080075db        0x1 
 .rodata.lcdRegData18
                0x00000000080075dc        0xb Core/Src/otm8009a.o
                0x00000000080075dc                lcdRegData18
 *fill*         0x00000000080075e7        0x1 
 .rodata.lcdRegData19
                0x00000000080075e8        0xb Core/Src/otm8009a.o
                0x00000000080075e8                lcdRegData19
 *fill*         0x00000000080075f3        0x1 
 .rodata.lcdRegData20
                0x00000000080075f4       0x10 Core/Src/otm8009a.o
                0x00000000080075f4                lcdRegData20
 .rodata.lcdRegData21
                0x0000000008007604       0x10 Core/Src/otm8009a.o
                0x0000000008007604                lcdRegData21
 .rodata.lcdRegData22
                0x0000000008007614        0xb Core/Src/otm8009a.o
                0x0000000008007614                lcdRegData22
 *fill*         0x000000000800761f        0x1 
 .rodata.lcdRegData23
                0x0000000008007620       0x10 Core/Src/otm8009a.o
                0x0000000008007620                lcdRegData23
 .rodata.lcdRegData24
                0x0000000008007630       0x10 Core/Src/otm8009a.o
                0x0000000008007630                lcdRegData24
 .rodata.lcdRegData25
                0x0000000008007640        0x4 Core/Src/otm8009a.o
                0x0000000008007640                lcdRegData25
 .rodata.lcdRegData27
                0x0000000008007644        0x5 Core/Src/otm8009a.o
                0x0000000008007644                lcdRegData27
 *fill*         0x0000000008007649        0x3 
 .rodata.lcdRegData28
                0x000000000800764c        0x5 Core/Src/otm8009a.o
                0x000000000800764c                lcdRegData28
 *fill*         0x0000000008007651        0x3 
 .rodata.ShortRegData1
                0x0000000008007654        0x2 Core/Src/otm8009a.o
                0x0000000008007654                ShortRegData1
 *fill*         0x0000000008007656        0x2 
 .rodata.ShortRegData2
                0x0000000008007658        0x2 Core/Src/otm8009a.o
                0x0000000008007658                ShortRegData2
 *fill*         0x000000000800765a        0x2 
 .rodata.ShortRegData3
                0x000000000800765c        0x2 Core/Src/otm8009a.o
                0x000000000800765c                ShortRegData3
 *fill*         0x000000000800765e        0x2 
 .rodata.ShortRegData4
                0x0000000008007660        0x2 Core/Src/otm8009a.o
                0x0000000008007660                ShortRegData4
 *fill*         0x0000000008007662        0x2 
 .rodata.ShortRegData5
                0x0000000008007664        0x2 Core/Src/otm8009a.o
                0x0000000008007664                ShortRegData5
 *fill*         0x0000000008007666        0x2 
 .rodata.ShortRegData6
                0x0000000008007668        0x2 Core/Src/otm8009a.o
                0x0000000008007668                ShortRegData6
 *fill*         0x000000000800766a        0x2 
 .rodata.ShortRegData7
                0x000000000800766c        0x2 Core/Src/otm8009a.o
                0x000000000800766c                ShortRegData7
 *fill*         0x000000000800766e        0x2 
 .rodata.ShortRegData8
                0x0000000008007670        0x2 Core/Src/otm8009a.o
                0x0000000008007670                ShortRegData8
 *fill*         0x0000000008007672        0x2 
 .rodata.ShortRegData9
                0x0000000008007674        0x2 Core/Src/otm8009a.o
                0x0000000008007674                ShortRegData9
 *fill*         0x0000000008007676        0x2 
 .rodata.ShortRegData10
                0x0000000008007678        0x2 Core/Src/otm8009a.o
                0x0000000008007678                ShortRegData10
 *fill*         0x000000000800767a        0x2 
 .rodata.ShortRegData11
                0x000000000800767c        0x2 Core/Src/otm8009a.o
                0x000000000800767c                ShortRegData11
 *fill*         0x000000000800767e        0x2 
 .rodata.ShortRegData12
                0x0000000008007680        0x2 Core/Src/otm8009a.o
                0x0000000008007680                ShortRegData12
 *fill*         0x0000000008007682        0x2 
 .rodata.ShortRegData13
                0x0000000008007684        0x2 Core/Src/otm8009a.o
                0x0000000008007684                ShortRegData13
 *fill*         0x0000000008007686        0x2 
 .rodata.ShortRegData14
                0x0000000008007688        0x2 Core/Src/otm8009a.o
                0x0000000008007688                ShortRegData14
 *fill*         0x000000000800768a        0x2 
 .rodata.ShortRegData15
                0x000000000800768c        0x2 Core/Src/otm8009a.o
                0x000000000800768c                ShortRegData15
 *fill*         0x000000000800768e        0x2 
 .rodata.ShortRegData16
                0x0000000008007690        0x2 Core/Src/otm8009a.o
                0x0000000008007690                ShortRegData16
 *fill*         0x0000000008007692        0x2 
 .rodata.ShortRegData17
                0x0000000008007694        0x2 Core/Src/otm8009a.o
                0x0000000008007694                ShortRegData17
 *fill*         0x0000000008007696        0x2 
 .rodata.ShortRegData18
                0x0000000008007698        0x2 Core/Src/otm8009a.o
                0x0000000008007698                ShortRegData18
 *fill*         0x000000000800769a        0x2 
 .rodata.ShortRegData19
                0x000000000800769c        0x2 Core/Src/otm8009a.o
                0x000000000800769c                ShortRegData19
 *fill*         0x000000000800769e        0x2 
 .rodata.ShortRegData20
                0x00000000080076a0        0x2 Core/Src/otm8009a.o
                0x00000000080076a0                ShortRegData20
 *fill*         0x00000000080076a2        0x2 
 .rodata.ShortRegData21
                0x00000000080076a4        0x2 Core/Src/otm8009a.o
                0x00000000080076a4                ShortRegData21
 *fill*         0x00000000080076a6        0x2 
 .rodata.ShortRegData22
                0x00000000080076a8        0x2 Core/Src/otm8009a.o
                0x00000000080076a8                ShortRegData22
 *fill*         0x00000000080076aa        0x2 
 .rodata.ShortRegData23
                0x00000000080076ac        0x2 Core/Src/otm8009a.o
                0x00000000080076ac                ShortRegData23
 *fill*         0x00000000080076ae        0x2 
 .rodata.ShortRegData24
                0x00000000080076b0        0x2 Core/Src/otm8009a.o
                0x00000000080076b0                ShortRegData24
 *fill*         0x00000000080076b2        0x2 
 .rodata.ShortRegData25
                0x00000000080076b4        0x2 Core/Src/otm8009a.o
                0x00000000080076b4                ShortRegData25
 *fill*         0x00000000080076b6        0x2 
 .rodata.ShortRegData26
                0x00000000080076b8        0x2 Core/Src/otm8009a.o
                0x00000000080076b8                ShortRegData26
 *fill*         0x00000000080076ba        0x2 
 .rodata.ShortRegData27
                0x00000000080076bc        0x2 Core/Src/otm8009a.o
                0x00000000080076bc                ShortRegData27
 *fill*         0x00000000080076be        0x2 
 .rodata.ShortRegData28
                0x00000000080076c0        0x2 Core/Src/otm8009a.o
                0x00000000080076c0                ShortRegData28
 *fill*         0x00000000080076c2        0x2 
 .rodata.ShortRegData29
                0x00000000080076c4        0x2 Core/Src/otm8009a.o
                0x00000000080076c4                ShortRegData29
 *fill*         0x00000000080076c6        0x2 
 .rodata.ShortRegData30
                0x00000000080076c8        0x2 Core/Src/otm8009a.o
                0x00000000080076c8                ShortRegData30
 *fill*         0x00000000080076ca        0x2 
 .rodata.ShortRegData31
                0x00000000080076cc        0x2 Core/Src/otm8009a.o
                0x00000000080076cc                ShortRegData31
 *fill*         0x00000000080076ce        0x2 
 .rodata.ShortRegData32
                0x00000000080076d0        0x2 Core/Src/otm8009a.o
                0x00000000080076d0                ShortRegData32
 *fill*         0x00000000080076d2        0x2 
 .rodata.ShortRegData33
                0x00000000080076d4        0x2 Core/Src/otm8009a.o
                0x00000000080076d4                ShortRegData33
 *fill*         0x00000000080076d6        0x2 
 .rodata.ShortRegData34
                0x00000000080076d8        0x2 Core/Src/otm8009a.o
                0x00000000080076d8                ShortRegData34
 *fill*         0x00000000080076da        0x2 
 .rodata.ShortRegData35
                0x00000000080076dc        0x2 Core/Src/otm8009a.o
                0x00000000080076dc                ShortRegData35
 *fill*         0x00000000080076de        0x2 
 .rodata.ShortRegData36
                0x00000000080076e0        0x2 Core/Src/otm8009a.o
                0x00000000080076e0                ShortRegData36
 *fill*         0x00000000080076e2        0x2 
 .rodata.ShortRegData37
                0x00000000080076e4        0x2 Core/Src/otm8009a.o
                0x00000000080076e4                ShortRegData37
 *fill*         0x00000000080076e6        0x2 
 .rodata.ShortRegData38
                0x00000000080076e8        0x2 Core/Src/otm8009a.o
                0x00000000080076e8                ShortRegData38
 *fill*         0x00000000080076ea        0x2 
 .rodata.ShortRegData39
                0x00000000080076ec        0x2 Core/Src/otm8009a.o
                0x00000000080076ec                ShortRegData39
 *fill*         0x00000000080076ee        0x2 
 .rodata.ShortRegData40
                0x00000000080076f0        0x2 Core/Src/otm8009a.o
                0x00000000080076f0                ShortRegData40
 *fill*         0x00000000080076f2        0x2 
 .rodata.ShortRegData41
                0x00000000080076f4        0x2 Core/Src/otm8009a.o
                0x00000000080076f4                ShortRegData41
 *fill*         0x00000000080076f6        0x2 
 .rodata.ShortRegData42
                0x00000000080076f8        0x2 Core/Src/otm8009a.o
                0x00000000080076f8                ShortRegData42
 *fill*         0x00000000080076fa        0x2 
 .rodata.ShortRegData43
                0x00000000080076fc        0x2 Core/Src/otm8009a.o
                0x00000000080076fc                ShortRegData43
 *fill*         0x00000000080076fe        0x2 
 .rodata.ShortRegData44
                0x0000000008007700        0x2 Core/Src/otm8009a.o
                0x0000000008007700                ShortRegData44
 *fill*         0x0000000008007702        0x2 
 .rodata.ShortRegData45
                0x0000000008007704        0x2 Core/Src/otm8009a.o
                0x0000000008007704                ShortRegData45
 *fill*         0x0000000008007706        0x2 
 .rodata.ShortRegData46
                0x0000000008007708        0x2 Core/Src/otm8009a.o
                0x0000000008007708                ShortRegData46
 *fill*         0x000000000800770a        0x2 
 .rodata.ShortRegData47
                0x000000000800770c        0x2 Core/Src/otm8009a.o
                0x000000000800770c                ShortRegData47
 *fill*         0x000000000800770e        0x2 
 .rodata.ShortRegData48
                0x0000000008007710        0x2 Core/Src/otm8009a.o
                0x0000000008007710                ShortRegData48
 *fill*         0x0000000008007712        0x2 
 .rodata.ShortRegData49
                0x0000000008007714        0x2 Core/Src/otm8009a.o
                0x0000000008007714                ShortRegData49
 *fill*         0x0000000008007716        0x2 
 .rodata.ShortRegData50
                0x0000000008007718        0x2 Core/Src/otm8009a.o
                0x0000000008007718                ShortRegData50
 *fill*         0x000000000800771a        0x2 
 .rodata.ShortRegData51
                0x000000000800771c        0x2 Core/Src/otm8009a.o
                0x000000000800771c                ShortRegData51
 *fill*         0x000000000800771e        0x2 
 .rodata.Font24_Table
                0x0000000008007720     0x1ab8 Core/Src/stm32469i_discovery_lcd.o
                0x0000000008007720                Font24_Table
 .rodata.AHBPrescTable
                0x00000000080091d8       0x10 Core/Src/system_stm32f4xx.o
                0x00000000080091d8                AHBPrescTable
 .rodata.APBPrescTable
                0x00000000080091e8        0x8 Core/Src/system_stm32f4xx.o
                0x00000000080091e8                APBPrescTable
 .rodata.flagBitshiftOffset.9826
                0x00000000080091f0        0x8 Drivers/STM32F4xx_HAL_Driver/Src/stm32f4xx_hal_dma.o
 .rodata.__utoa.str1.1
                0x00000000080091f8       0x25 /Applications/STM32CubeIDE.app/Contents/Eclipse/plugins/com.st.stm32cube.ide.mcu.externaltools.gnu-tools-for-stm32.7-2018-q2-update.macos64_1.4.0.202007081208/tools/bin/../lib/gcc/arm-none-eabi/7.3.1/../../../../arm-none-eabi/lib/thumb/v7e-m/fpv4-sp/hard/libc_nano.a(lib_a-utoa.o)
                0x0000000008009220                . = ALIGN (0x4)
 *fill*         0x000000000800921d        0x3 

.ARM.extab      0x0000000008009220        0x0
                0x0000000008009220                . = ALIGN (0x4)
 *(.ARM.extab* .gnu.linkonce.armextab.*)
                0x0000000008009220                . = ALIGN (0x4)

.ARM            0x0000000008009220        0x8
                0x0000000008009220                . = ALIGN (0x4)
                0x0000000008009220                __exidx_start = .
 *(.ARM.exidx*)
 .ARM.exidx     0x0000000008009220        0x8 /Applications/STM32CubeIDE.app/Contents/Eclipse/plugins/com.st.stm32cube.ide.mcu.externaltools.gnu-tools-for-stm32.7-2018-q2-update.macos64_1.4.0.202007081208/tools/bin/../lib/gcc/arm-none-eabi/7.3.1/thumb/v7e-m/fpv4-sp/hard/libgcc.a(_udivmoddi4.o)
                0x0000000008009228                __exidx_end = .
                0x0000000008009228                . = ALIGN (0x4)

.rel.dyn        0x0000000008009228        0x0
 .rel.iplt      0x0000000008009228        0x0 /Applications/STM32CubeIDE.app/Contents/Eclipse/plugins/com.st.stm32cube.ide.mcu.externaltools.gnu-tools-for-stm32.7-2018-q2-update.macos64_1.4.0.202007081208/tools/bin/../lib/gcc/arm-none-eabi/7.3.1/thumb/v7e-m/fpv4-sp/hard/crtbegin.o

.preinit_array  0x0000000008009228        0x0
                0x0000000008009228                . = ALIGN (0x4)
                0x0000000008009228                PROVIDE (__preinit_array_start = .)
 *(.preinit_array*)
                0x0000000008009228                PROVIDE (__preinit_array_end = .)
                0x0000000008009228                . = ALIGN (0x4)

.init_array     0x0000000008009228        0x4
                0x0000000008009228                . = ALIGN (0x4)
                0x0000000008009228                PROVIDE (__init_array_start = .)
 *(SORT_BY_NAME(.init_array.*))
 *(.init_array*)
 .init_array    0x0000000008009228        0x4 /Applications/STM32CubeIDE.app/Contents/Eclipse/plugins/com.st.stm32cube.ide.mcu.externaltools.gnu-tools-for-stm32.7-2018-q2-update.macos64_1.4.0.202007081208/tools/bin/../lib/gcc/arm-none-eabi/7.3.1/thumb/v7e-m/fpv4-sp/hard/crtbegin.o
                0x000000000800922c                PROVIDE (__init_array_end = .)
                0x000000000800922c                . = ALIGN (0x4)

.fini_array     0x000000000800922c        0x4
                0x000000000800922c                . = ALIGN (0x4)
                [!provide]                        PROVIDE (__fini_array_start = .)
 *(SORT_BY_NAME(.fini_array.*))
 *(.fini_array*)
 .fini_array    0x000000000800922c        0x4 /Applications/STM32CubeIDE.app/Contents/Eclipse/plugins/com.st.stm32cube.ide.mcu.externaltools.gnu-tools-for-stm32.7-2018-q2-update.macos64_1.4.0.202007081208/tools/bin/../lib/gcc/arm-none-eabi/7.3.1/thumb/v7e-m/fpv4-sp/hard/crtbegin.o
                [!provide]                        PROVIDE (__fini_array_end = .)
                0x0000000008009230                . = ALIGN (0x4)
                0x0000000008009230                _sidata = LOADADDR (.data)

.data           0x0000000020000000       0x24 load address 0x0000000008009230
                0x0000000020000000                . = ALIGN (0x4)
                0x0000000020000000                _sdata = .
 *(.data)
 *(.data*)
 .data.comActiveInterface
                0x0000000020000000        0x1 Core/Src/core/com.o
 *fill*         0x0000000020000001        0x3 
 .data.Font24   0x0000000020000004        0x8 Core/Src/stm32469i_discovery_lcd.o
                0x0000000020000004                Font24
 .data.lcd_x_size
                0x000000002000000c        0x4 Core/Src/stm32469i_discovery_lcd.o
                0x000000002000000c                lcd_x_size
 .data.lcd_y_size
                0x0000000020000010        0x4 Core/Src/stm32469i_discovery_lcd.o
                0x0000000020000010                lcd_y_size
 .data.sdramstatus.9744
                0x0000000020000014        0x1 Core/Src/stm32469i_discovery_sdram.o
 *fill*         0x0000000020000015        0x3 
 .data.SystemCoreClock
                0x0000000020000018        0x4 Core/Src/system_stm32f4xx.o
                0x0000000020000018                SystemCoreClock
 .data.uwTickPrio
                0x000000002000001c        0x4 Drivers/STM32F4xx_HAL_Driver/Src/stm32f4xx_hal.o
                0x000000002000001c                uwTickPrio
 .data.uwTickFreq
                0x0000000020000020        0x1 Drivers/STM32F4xx_HAL_Driver/Src/stm32f4xx_hal.o
                0x0000000020000020                uwTickFreq
                0x0000000020000024                . = ALIGN (0x4)
 *fill*         0x0000000020000021        0x3 
                0x0000000020000024                _edata = .

.igot.plt       0x0000000020000024        0x0 load address 0x0000000008009254
 .igot.plt      0x0000000020000024        0x0 /Applications/STM32CubeIDE.app/Contents/Eclipse/plugins/com.st.stm32cube.ide.mcu.externaltools.gnu-tools-for-stm32.7-2018-q2-update.macos64_1.4.0.202007081208/tools/bin/../lib/gcc/arm-none-eabi/7.3.1/thumb/v7e-m/fpv4-sp/hard/crtbegin.o

.shared         0x0000000020000024       0x40 load address 0x0000000008009254
 .shared        0x0000000020000024       0x40 Core/Src/shared_params.o
                0x0000000020000064                . = ALIGN (0x4)

.bss            0x0000000020000064      0x7c4 load address 0x0000000008009294
                0x0000000020000064                _sbss = .
                0x0000000020000064                __bss_start__ = _sbss
 *(.bss)
 .bss           0x0000000020000064       0x1c /Applications/STM32CubeIDE.app/Contents/Eclipse/plugins/com.st.stm32cube.ide.mcu.externaltools.gnu-tools-for-stm32.7-2018-q2-update.macos64_1.4.0.202007081208/tools/bin/../lib/gcc/arm-none-eabi/7.3.1/thumb/v7e-m/fpv4-sp/hard/crtbegin.o
 *(.bss*)
 .bss.blockInfo
                0x0000000020000080      0x204 Core/Src/core/ARMCM4_STM32F4/flash.o
 .bss.bootBlockInfo
                0x0000000020000284      0x204 Core/Src/core/ARMCM4_STM32F4/flash.o
 .bss.xcpCtoRxInProgress.10299
                0x0000000020000488        0x1 Core/Src/core/ARMCM4_STM32F4/rs232.o
 *fill*         0x0000000020000489        0x3 
 .bss.xcpCtoReqPacket.10297
                0x000000002000048c       0x41 Core/Src/core/ARMCM4_STM32F4/rs232.o
 *fill*         0x00000000200004cd        0x3 
 .bss.xcpCtoRxStartTime.10300
                0x00000000200004d0        0x4 Core/Src/core/ARMCM4_STM32F4/rs232.o
 .bss.xcpCtoRxLength.10298
                0x00000000200004d4        0x1 Core/Src/core/ARMCM4_STM32F4/rs232.o
 *fill*         0x00000000200004d5        0x3 
 .bss.millisecond_counter
                0x00000000200004d8        0x4 Core/Src/core/ARMCM4_STM32F4/timer.o
 .bss.backdoorOpen
                0x00000000200004dc        0x1 Core/Src/core/backdoor.o
 *fill*         0x00000000200004dd        0x3 
 .bss.backdoorOpenTime
                0x00000000200004e0        0x4 Core/Src/core/backdoor.o
 .bss.backdoorExtensionTime
                0x00000000200004e4        0x4 Core/Src/core/backdoor.o
 .bss.xcpCtoReqPacket.5493
                0x00000000200004e8       0x40 Core/Src/core/com.o
 .bss.xcpInfo   0x0000000020000528       0x4c Core/Src/core/xcp.o
 .bss.ledBlinkIntervalMs
                0x0000000020000574        0x2 Core/Src/led.o
 *fill*         0x0000000020000576        0x2 
 .bss.nextBlinkEvent.9824
                0x0000000020000578        0x4 Core/Src/led.o
 .bss.ledOn.9823
                0x000000002000057c        0x1 Core/Src/led.o
 *fill*         0x000000002000057d        0x3 
 .bss.hdsivideo_handle
                0x0000000020000580       0x6c Core/Src/stm32469i_discovery_lcd.o
 .bss.ActiveLayer
                0x00000000200005ec        0x4 Core/Src/stm32469i_discovery_lcd.o
 .bss.DrawProp  0x00000000200005f0       0x18 Core/Src/stm32469i_discovery_lcd.o
 .bss.PeriphClkInitStruct.10399
                0x0000000020000608       0x3c Core/Src/stm32469i_discovery_lcd.o
 .bss.sdramHandle
                0x0000000020000644       0x34 Core/Src/stm32469i_discovery_sdram.o
 .bss.Timing    0x0000000020000678       0x1c Core/Src/stm32469i_discovery_sdram.o
 .bss.Command   0x0000000020000694       0x10 Core/Src/stm32469i_discovery_sdram.o
 .bss.dma_handle.9783
                0x00000000200006a4       0x60 Core/Src/stm32469i_discovery_sdram.o
 *(COMMON)
 COMMON         0x0000000020000704      0x104 Core/Src/stm32469i_discovery_lcd.o
                0x0000000020000704                hltdc_eval
                0x00000000200007ac                hdsi_eval
                0x00000000200007c8                hdma2d_eval
 COMMON         0x0000000020000808       0x20 Drivers/STM32F4xx_HAL_Driver/Src/stm32f4xx_hal_flash.o
                0x0000000020000808                pFlash
                0x0000000020000828                . = ALIGN (0x4)
                0x0000000020000828                _ebss = .
                0x0000000020000828                __bss_end__ = _ebss

._user_heap_stack
                0x0000000020000828      0x600 load address 0x0000000008009294
                0x0000000020000828                . = ALIGN (0x8)
                [!provide]                        PROVIDE (end = .)
                0x0000000020000828                PROVIDE (_end = .)
                0x0000000020000a28                . = (. + _Min_Heap_Size)
 *fill*         0x0000000020000828      0x200 
                0x0000000020000e28                . = (. + _Min_Stack_Size)
 *fill*         0x0000000020000a28      0x400 
                0x0000000020000e28                . = ALIGN (0x8)

/DISCARD/
 libc.a(*)
 libm.a(*)
 libgcc.a(*)

.ARM.attributes
                0x0000000000000000       0x30
 *(.ARM.attributes)
 .ARM.attributes
                0x0000000000000000       0x22 /Applications/STM32CubeIDE.app/Contents/Eclipse/plugins/com.st.stm32cube.ide.mcu.externaltools.gnu-tools-for-stm32.7-2018-q2-update.macos64_1.4.0.202007081208/tools/bin/../lib/gcc/arm-none-eabi/7.3.1/thumb/v7e-m/fpv4-sp/hard/crti.o
 .ARM.attributes
                0x0000000000000022       0x34 /Applications/STM32CubeIDE.app/Contents/Eclipse/plugins/com.st.stm32cube.ide.mcu.externaltools.gnu-tools-for-stm32.7-2018-q2-update.macos64_1.4.0.202007081208/tools/bin/../lib/gcc/arm-none-eabi/7.3.1/thumb/v7e-m/fpv4-sp/hard/crtbegin.o
 .ARM.attributes
                0x0000000000000056       0x39 Core/Src/core/ARMCM4_STM32F4/GCC/cpu_comp.o
 .ARM.attributes
                0x000000000000008f       0x39 Core/Src/core/ARMCM4_STM32F4/cpu.o
 .ARM.attributes
                0x00000000000000c8       0x39 Core/Src/core/ARMCM4_STM32F4/flash.o
 .ARM.attributes
                0x0000000000000101       0x39 Core/Src/core/ARMCM4_STM32F4/nvm.o
 .ARM.attributes
                0x000000000000013a       0x39 Core/Src/core/ARMCM4_STM32F4/rs232.o
 .ARM.attributes
                0x0000000000000173       0x39 Core/Src/core/ARMCM4_STM32F4/timer.o
 .ARM.attributes
                0x00000000000001ac       0x39 Core/Src/core/assert.o
 .ARM.attributes
                0x00000000000001e5       0x39 Core/Src/core/backdoor.o
 .ARM.attributes
                0x000000000000021e       0x39 Core/Src/core/boot.o
 .ARM.attributes
                0x0000000000000257       0x39 Core/Src/core/com.o
 .ARM.attributes
                0x0000000000000290       0x39 Core/Src/core/cop.o
 .ARM.attributes
                0x00000000000002c9       0x39 Core/Src/core/xcp.o
 .ARM.attributes
                0x0000000000000302       0x39 Core/Src/hooks.o
 .ARM.attributes
                0x000000000000033b       0x39 Core/Src/led.o
 .ARM.attributes
                0x0000000000000374       0x39 Core/Src/main.o
 .ARM.attributes
                0x00000000000003ad       0x39 Core/Src/otm8009a.o
 .ARM.attributes
                0x00000000000003e6       0x39 Core/Src/shared_params.o
 .ARM.attributes
                0x000000000000041f       0x39 Core/Src/stm32469i_discovery.o
 .ARM.attributes
                0x0000000000000458       0x39 Core/Src/stm32469i_discovery_lcd.o
 .ARM.attributes
                0x0000000000000491       0x39 Core/Src/stm32469i_discovery_sdram.o
 .ARM.attributes
                0x00000000000004ca       0x39 Core/Src/stm32f4xx_it.o
 .ARM.attributes
                0x0000000000000503       0x39 Core/Src/system_stm32f4xx.o
 .ARM.attributes
                0x000000000000053c       0x21 Core/Startup/startup_stm32f469nihx.o
 .ARM.attributes
                0x000000000000055d       0x39 Drivers/STM32F4xx_HAL_Driver/Src/stm32f4xx_hal.o
 .ARM.attributes
                0x0000000000000596       0x39 Drivers/STM32F4xx_HAL_Driver/Src/stm32f4xx_hal_cortex.o
 .ARM.attributes
                0x00000000000005cf       0x39 Drivers/STM32F4xx_HAL_Driver/Src/stm32f4xx_hal_dma.o
 .ARM.attributes
                0x0000000000000608       0x39 Drivers/STM32F4xx_HAL_Driver/Src/stm32f4xx_hal_dma2d.o
 .ARM.attributes
                0x0000000000000641       0x39 Drivers/STM32F4xx_HAL_Driver/Src/stm32f4xx_hal_dsi.o
 .ARM.attributes
                0x000000000000067a       0x39 Drivers/STM32F4xx_HAL_Driver/Src/stm32f4xx_hal_flash.o
 .ARM.attributes
                0x00000000000006b3       0x39 Drivers/STM32F4xx_HAL_Driver/Src/stm32f4xx_hal_flash_ex.o
 .ARM.attributes
                0x00000000000006ec       0x39 Drivers/STM32F4xx_HAL_Driver/Src/stm32f4xx_hal_gpio.o
 .ARM.attributes
                0x0000000000000725       0x39 Drivers/STM32F4xx_HAL_Driver/Src/stm32f4xx_hal_ltdc.o
 .ARM.attributes
                0x000000000000075e       0x39 Drivers/STM32F4xx_HAL_Driver/Src/stm32f4xx_hal_ltdc_ex.o
 .ARM.attributes
                0x0000000000000797       0x39 Drivers/STM32F4xx_HAL_Driver/Src/stm32f4xx_hal_pwr_ex.o
 .ARM.attributes
                0x00000000000007d0       0x39 Drivers/STM32F4xx_HAL_Driver/Src/stm32f4xx_hal_rcc.o
 .ARM.attributes
                0x0000000000000809       0x39 Drivers/STM32F4xx_HAL_Driver/Src/stm32f4xx_hal_rcc_ex.o
 .ARM.attributes
                0x0000000000000842       0x39 Drivers/STM32F4xx_HAL_Driver/Src/stm32f4xx_hal_sdram.o
 .ARM.attributes
                0x000000000000087b       0x39 Drivers/STM32F4xx_HAL_Driver/Src/stm32f4xx_ll_fmc.o
 .ARM.attributes
                0x00000000000008b4       0x39 Drivers/STM32F4xx_HAL_Driver/Src/stm32f4xx_ll_rcc.o
 .ARM.attributes
                0x00000000000008ed       0x39 Drivers/STM32F4xx_HAL_Driver/Src/stm32f4xx_ll_usart.o
 .ARM.attributes
                0x0000000000000926       0x34 /Applications/STM32CubeIDE.app/Contents/Eclipse/plugins/com.st.stm32cube.ide.mcu.externaltools.gnu-tools-for-stm32.7-2018-q2-update.macos64_1.4.0.202007081208/tools/bin/../lib/gcc/arm-none-eabi/7.3.1/../../../../arm-none-eabi/lib/thumb/v7e-m/fpv4-sp/hard/libc_nano.a(lib_a-init.o)
 .ARM.attributes
                0x000000000000095a       0x34 /Applications/STM32CubeIDE.app/Contents/Eclipse/plugins/com.st.stm32cube.ide.mcu.externaltools.gnu-tools-for-stm32.7-2018-q2-update.macos64_1.4.0.202007081208/tools/bin/../lib/gcc/arm-none-eabi/7.3.1/../../../../arm-none-eabi/lib/thumb/v7e-m/fpv4-sp/hard/libc_nano.a(lib_a-itoa.o)
 .ARM.attributes
                0x000000000000098e       0x34 /Applications/STM32CubeIDE.app/Contents/Eclipse/plugins/com.st.stm32cube.ide.mcu.externaltools.gnu-tools-for-stm32.7-2018-q2-update.macos64_1.4.0.202007081208/tools/bin/../lib/gcc/arm-none-eabi/7.3.1/../../../../arm-none-eabi/lib/thumb/v7e-m/fpv4-sp/hard/libc_nano.a(lib_a-utoa.o)
 .ARM.attributes
                0x00000000000009c2       0x22 /Applications/STM32CubeIDE.app/Contents/Eclipse/plugins/com.st.stm32cube.ide.mcu.externaltools.gnu-tools-for-stm32.7-2018-q2-update.macos64_1.4.0.202007081208/tools/bin/../lib/gcc/arm-none-eabi/7.3.1/thumb/v7e-m/fpv4-sp/hard/libgcc.a(_aeabi_uldivmod.o)
 .ARM.attributes
                0x00000000000009e4       0x34 /Applications/STM32CubeIDE.app/Contents/Eclipse/plugins/com.st.stm32cube.ide.mcu.externaltools.gnu-tools-for-stm32.7-2018-q2-update.macos64_1.4.0.202007081208/tools/bin/../lib/gcc/arm-none-eabi/7.3.1/thumb/v7e-m/fpv4-sp/hard/libgcc.a(_udivmoddi4.o)
 .ARM.attributes
                0x0000000000000a18       0x22 /Applications/STM32CubeIDE.app/Contents/Eclipse/plugins/com.st.stm32cube.ide.mcu.externaltools.gnu-tools-for-stm32.7-2018-q2-update.macos64_1.4.0.202007081208/tools/bin/../lib/gcc/arm-none-eabi/7.3.1/thumb/v7e-m/fpv4-sp/hard/libgcc.a(_dvmd_tls.o)
 .ARM.attributes
                0x0000000000000a3a       0x22 /Applications/STM32CubeIDE.app/Contents/Eclipse/plugins/com.st.stm32cube.ide.mcu.externaltools.gnu-tools-for-stm32.7-2018-q2-update.macos64_1.4.0.202007081208/tools/bin/../lib/gcc/arm-none-eabi/7.3.1/thumb/v7e-m/fpv4-sp/hard/crtn.o
OUTPUT(DisplayBootloader.elf elf32-littlearm)

.debug_info     0x0000000000000000    0x193cd
 .debug_info    0x0000000000000000       0x84 Core/Src/core/ARMCM4_STM32F4/GCC/cpu_comp.o
 .debug_info    0x0000000000000084     0x1117 Core/Src/core/ARMCM4_STM32F4/cpu.o
 .debug_info    0x000000000000119b      0x652 Core/Src/core/ARMCM4_STM32F4/flash.o
 .debug_info    0x00000000000017ed      0x16f Core/Src/core/ARMCM4_STM32F4/nvm.o
 .debug_info    0x000000000000195c      0x4a4 Core/Src/core/ARMCM4_STM32F4/rs232.o
 .debug_info    0x0000000000001e00      0x240 Core/Src/core/ARMCM4_STM32F4/timer.o
 .debug_info    0x0000000000002040       0xb0 Core/Src/core/assert.o
 .debug_info    0x00000000000020f0      0xf8d Core/Src/core/backdoor.o
 .debug_info    0x000000000000307d       0x84 Core/Src/core/boot.o
 .debug_info    0x0000000000003101      0x1f6 Core/Src/core/com.o
 .debug_info    0x00000000000032f7       0x84 Core/Src/core/cop.o
 .debug_info    0x000000000000337b     0x13c2 Core/Src/core/xcp.o
 .debug_info    0x000000000000473d      0x28a Core/Src/hooks.o
 .debug_info    0x00000000000049c7      0x2e3 Core/Src/led.o
 .debug_info    0x0000000000004caa     0x1d22 Core/Src/main.o
 .debug_info    0x00000000000069cc      0x6fa Core/Src/otm8009a.o
 .debug_info    0x00000000000070c6      0x265 Core/Src/shared_params.o
 .debug_info    0x000000000000732b     0x167b Core/Src/stm32469i_discovery.o
 .debug_info    0x00000000000089a6     0x322a Core/Src/stm32469i_discovery_lcd.o
 .debug_info    0x000000000000bbd0      0xf1b Core/Src/stm32469i_discovery_sdram.o
 .debug_info    0x000000000000caeb      0x20a Core/Src/stm32f4xx_it.o
 .debug_info    0x000000000000ccf5      0x56e Core/Src/system_stm32f4xx.o
 .debug_info    0x000000000000d263       0x22 Core/Startup/startup_stm32f469nihx.o
 .debug_info    0x000000000000d285      0x9c5 Drivers/STM32F4xx_HAL_Driver/Src/stm32f4xx_hal.o
 .debug_info    0x000000000000dc4a      0xe6a Drivers/STM32F4xx_HAL_Driver/Src/stm32f4xx_hal_cortex.o
 .debug_info    0x000000000000eab4      0x968 Drivers/STM32F4xx_HAL_Driver/Src/stm32f4xx_hal_dma.o
 .debug_info    0x000000000000f41c      0xf72 Drivers/STM32F4xx_HAL_Driver/Src/stm32f4xx_hal_dma2d.o
 .debug_info    0x000000000001038e     0x19db Drivers/STM32F4xx_HAL_Driver/Src/stm32f4xx_hal_dsi.o
 .debug_info    0x0000000000011d69      0x622 Drivers/STM32F4xx_HAL_Driver/Src/stm32f4xx_hal_flash.o
 .debug_info    0x000000000001238b      0x92f Drivers/STM32F4xx_HAL_Driver/Src/stm32f4xx_hal_flash_ex.o
 .debug_info    0x0000000000012cba      0x7cf Drivers/STM32F4xx_HAL_Driver/Src/stm32f4xx_hal_gpio.o
 .debug_info    0x0000000000013489     0x1104 Drivers/STM32F4xx_HAL_Driver/Src/stm32f4xx_hal_ltdc.o
 .debug_info    0x000000000001458d      0x79a Drivers/STM32F4xx_HAL_Driver/Src/stm32f4xx_hal_ltdc_ex.o
 .debug_info    0x0000000000014d27      0x747 Drivers/STM32F4xx_HAL_Driver/Src/stm32f4xx_hal_pwr_ex.o
 .debug_info    0x000000000001546e      0x92a Drivers/STM32F4xx_HAL_Driver/Src/stm32f4xx_hal_rcc.o
 .debug_info    0x0000000000015d98      0x8a8 Drivers/STM32F4xx_HAL_Driver/Src/stm32f4xx_hal_rcc_ex.o
 .debug_info    0x0000000000016640      0xc9a Drivers/STM32F4xx_HAL_Driver/Src/stm32f4xx_hal_sdram.o
 .debug_info    0x00000000000172da      0xcbd Drivers/STM32F4xx_HAL_Driver/Src/stm32f4xx_ll_fmc.o
 .debug_info    0x0000000000017f97      0xc4c Drivers/STM32F4xx_HAL_Driver/Src/stm32f4xx_ll_rcc.o
 .debug_info    0x0000000000018be3      0x7ea Drivers/STM32F4xx_HAL_Driver/Src/stm32f4xx_ll_usart.o

.debug_abbrev   0x0000000000000000     0x40cd
 .debug_abbrev  0x0000000000000000       0x45 Core/Src/core/ARMCM4_STM32F4/GCC/cpu_comp.o
 .debug_abbrev  0x0000000000000045      0x225 Core/Src/core/ARMCM4_STM32F4/cpu.o
 .debug_abbrev  0x000000000000026a      0x1ba Core/Src/core/ARMCM4_STM32F4/flash.o
 .debug_abbrev  0x0000000000000424       0xaf Core/Src/core/ARMCM4_STM32F4/nvm.o
 .debug_abbrev  0x00000000000004d3      0x1df Core/Src/core/ARMCM4_STM32F4/rs232.o
 .debug_abbrev  0x00000000000006b2      0x127 Core/Src/core/ARMCM4_STM32F4/timer.o
 .debug_abbrev  0x00000000000007d9       0x6c Core/Src/core/assert.o
 .debug_abbrev  0x0000000000000845      0x226 Core/Src/core/backdoor.o
 .debug_abbrev  0x0000000000000a6b       0x45 Core/Src/core/boot.o
 .debug_abbrev  0x0000000000000ab0      0x145 Core/Src/core/com.o
 .debug_abbrev  0x0000000000000bf5       0x45 Core/Src/core/cop.o
 .debug_abbrev  0x0000000000000c3a      0x2bf Core/Src/core/xcp.o
 .debug_abbrev  0x0000000000000ef9      0x100 Core/Src/hooks.o
 .debug_abbrev  0x0000000000000ff9      0x136 Core/Src/led.o
 .debug_abbrev  0x000000000000112f      0x25c Core/Src/main.o
 .debug_abbrev  0x000000000000138b       0xb2 Core/Src/otm8009a.o
 .debug_abbrev  0x000000000000143d      0x12d Core/Src/shared_params.o
 .debug_abbrev  0x000000000000156a      0x283 Core/Src/stm32469i_discovery.o
 .debug_abbrev  0x00000000000017ed      0x350 Core/Src/stm32469i_discovery_lcd.o
 .debug_abbrev  0x0000000000001b3d      0x21f Core/Src/stm32469i_discovery_sdram.o
 .debug_abbrev  0x0000000000001d5c       0xae Core/Src/stm32f4xx_it.o
 .debug_abbrev  0x0000000000001e0a      0x12b Core/Src/system_stm32f4xx.o
 .debug_abbrev  0x0000000000001f35       0x12 Core/Startup/startup_stm32f469nihx.o
 .debug_abbrev  0x0000000000001f47      0x1c7 Drivers/STM32F4xx_HAL_Driver/Src/stm32f4xx_hal.o
 .debug_abbrev  0x000000000000210e      0x2fa Drivers/STM32F4xx_HAL_Driver/Src/stm32f4xx_hal_cortex.o
 .debug_abbrev  0x0000000000002408      0x229 Drivers/STM32F4xx_HAL_Driver/Src/stm32f4xx_hal_dma.o
 .debug_abbrev  0x0000000000002631      0x211 Drivers/STM32F4xx_HAL_Driver/Src/stm32f4xx_hal_dma2d.o
 .debug_abbrev  0x0000000000002842      0x21b Drivers/STM32F4xx_HAL_Driver/Src/stm32f4xx_hal_dsi.o
 .debug_abbrev  0x0000000000002a5d      0x248 Drivers/STM32F4xx_HAL_Driver/Src/stm32f4xx_hal_flash.o
 .debug_abbrev  0x0000000000002ca5      0x270 Drivers/STM32F4xx_HAL_Driver/Src/stm32f4xx_hal_flash_ex.o
 .debug_abbrev  0x0000000000002f15      0x1c9 Drivers/STM32F4xx_HAL_Driver/Src/stm32f4xx_hal_gpio.o
 .debug_abbrev  0x00000000000030de      0x209 Drivers/STM32F4xx_HAL_Driver/Src/stm32f4xx_hal_ltdc.o
 .debug_abbrev  0x00000000000032e7      0x12d Drivers/STM32F4xx_HAL_Driver/Src/stm32f4xx_hal_ltdc_ex.o
 .debug_abbrev  0x0000000000003414      0x1b8 Drivers/STM32F4xx_HAL_Driver/Src/stm32f4xx_hal_pwr_ex.o
 .debug_abbrev  0x00000000000035cc      0x245 Drivers/STM32F4xx_HAL_Driver/Src/stm32f4xx_hal_rcc.o
 .debug_abbrev  0x0000000000003811      0x19e Drivers/STM32F4xx_HAL_Driver/Src/stm32f4xx_hal_rcc_ex.o
 .debug_abbrev  0x00000000000039af      0x1f7 Drivers/STM32F4xx_HAL_Driver/Src/stm32f4xx_hal_sdram.o
 .debug_abbrev  0x0000000000003ba6      0x18c Drivers/STM32F4xx_HAL_Driver/Src/stm32f4xx_ll_fmc.o
 .debug_abbrev  0x0000000000003d32      0x1d2 Drivers/STM32F4xx_HAL_Driver/Src/stm32f4xx_ll_rcc.o
 .debug_abbrev  0x0000000000003f04      0x1c9 Drivers/STM32F4xx_HAL_Driver/Src/stm32f4xx_ll_usart.o

.debug_aranges  0x0000000000000000     0x16e8
 .debug_aranges
                0x0000000000000000       0x28 Core/Src/core/ARMCM4_STM32F4/GCC/cpu_comp.o
 .debug_aranges
                0x0000000000000028       0x38 Core/Src/core/ARMCM4_STM32F4/cpu.o
 .debug_aranges