stm32f7xx_hal_uart.c:1567:26:UART_Transmit_IT	0	static
stm32f7xx_hal_uart.c:1687:13:UART_EndTxTransfer	0	static
stm32f7xx_hal_uart.c:1702:13:UART_EndRxTransfer	0	static
stm32f7xx_hal_uart.c:625:13:HAL_UART_MspInit	0	static
stm32f7xx_hal_uart.c:640:13:HAL_UART_MspDeInit	0	static
stm32f7xx_hal_uart.c:587:19:HAL_UART_DeInit	16	static
stm32f7xx_hal_uart.c:858:19:HAL_UART_Transmit_IT	0	static
stm32f7xx_hal_uart.c:899:19:HAL_UART_Receive_IT	0	static
stm32f7xx_hal_uart.c:946:19:HAL_UART_Transmit_DMA	16	static
stm32f7xx_hal_uart.c:1011:19:HAL_UART_Receive_DMA	16	static
stm32f7xx_hal_uart.c:1074:19:HAL_UART_DMAPause	0	static
stm32f7xx_hal_uart.c:1107:19:HAL_UART_DMAResume	0	static
stm32f7xx_hal_uart.c:1145:19:HAL_UART_DMAStop	8	static
stm32f7xx_hal_uart.c:1337:19:UART_WaitOnFlagUntilTimeout	24	static
stm32f7xx_hal_uart.c:718:19:HAL_UART_Transmit	32	static
stm32f7xx_hal_uart.c:787:19:HAL_UART_Receive	32	static
stm32f7xx_hal_uart.c:1490:14:HAL_UART_TxCpltCallback	0	static
stm32f7xx_hal_uart.c:1368:13:UART_DMATransmitCplt	8	static
stm32f7xx_hal_uart.c:1615:26:UART_EndTransmit_IT	8	static
stm32f7xx_hal_uart.c:1505:14:HAL_UART_TxHalfCpltCallback	0	static
stm32f7xx_hal_uart.c:1396:13:UART_DMATxHalfCplt	8	static
stm32f7xx_hal_uart.c:1520:13:HAL_UART_RxCpltCallback	0	static
stm32f7xx_hal_uart.c:1408:13:UART_DMAReceiveCplt	8	static
stm32f7xx_hal_uart.c:1635:26:UART_Receive_IT	8	static
stm32f7xx_hal_uart.c:1535:13:HAL_UART_RxHalfCpltCallback	0	static
stm32f7xx_hal_uart.c:1436:13:UART_DMARxHalfCplt	8	static
stm32f7xx_hal_uart.c:1550:14:HAL_UART_ErrorCallback	0	static
stm32f7xx_hal_uart.c:1448:13:UART_DMAError	8	static
stm32f7xx_hal_uart.c:1192:6:HAL_UART_IRQHandler	16	static
stm32f7xx_hal_uart.c:1476:13:UART_DMAAbortOnError	8	static
stm32f7xx_hal_uart.c:1790:6:HAL_MultiProcessor_EnterMuteMode	0	static
stm32f7xx_hal_uart.c:1802:23:HAL_UART_GetState	0	static
stm32f7xx_hal_uart.c:1817:10:HAL_UART_GetError	0	static
stm32f7xx_hal_uart.c:1827:19:UART_SetConfig	16	static
stm32f7xx_hal_uart.c:1938:6:UART_AdvFeatureConfig	0	static
stm32f7xx_hal_uart.c:2013:19:UART_CheckIdleState	16	static
stm32f7xx_hal_uart.c:243:19:HAL_UART_Init	8	static
stm32f7xx_hal_uart.c:306:19:HAL_HalfDuplex_Init	8	static
stm32f7xx_hal_uart.c:366:19:HAL_LIN_Init	16	static
stm32f7xx_hal_uart.c:440:19:HAL_MultiProcessor_Init	16	static
stm32f7xx_hal_uart.c:518:19:HAL_RS485Ex_Init	24	static
stm32f7xx_hal_uart.c:1748:19:HAL_MultiProcessor_EnableMuteMode	8	static
stm32f7xx_hal_uart.c:1769:19:HAL_MultiProcessor_DisableMuteMode	8	static
stm32f7xx_hal_uart.c:2050:19:HAL_HalfDuplex_EnableTransmitter	0	static
stm32f7xx_hal_uart.c:2073:19:HAL_HalfDuplex_EnableReceiver	0	static
stm32f7xx_hal_uart.c:2097:19:HAL_LIN_SendBreak	0	static
stm32f7xx_hal_uart.c:2131:19:HAL_MultiProcessorEx_AddressLength_Set	8	static
