14:22:24 **** Incremental Build of configuration Debug for project Boot ****
make all 
arm-none-eabi-gcc -c "../lib/uip/clock-arch.c" -mcpu=cortex-m7 -std=gnu11 -g3 -DUSE_FULL_LL_DRIVER '-D__weak=__attribute__((weak))' '-D__packed="__attribute__((__packed__))"' -DUSE_HAL_DRIVER -DSTM32F767xx -c -I"/Users/christiansager/klanghabitat_quantum/firmware/openblt_v011000/Target/Demo/ARMCM7_STM32F7_Nucleo_F767ZI_TrueStudio/Boot" -I"/Users/christiansager/klanghabitat_quantum/firmware/openblt_v011000/Target/Demo/ARMCM7_STM32F7_Nucleo_F767ZI_TrueStudio/Boot/lib" -I"/Users/christiansager/klanghabitat_quantum/firmware/openblt_v011000/Target/Demo/ARMCM7_STM32F7_Nucleo_F767ZI_TrueStudio/Boot/lib/CMSIS/Include" -I"/Users/christiansager/klanghabitat_quantum/firmware/openblt_v011000/Target/Demo/ARMCM7_STM32F7_Nucleo_F767ZI_TrueStudio/Boot/lib/CMSIS/Device/ST/STM32F7xx/Include" -I"/Users/christiansager/klanghabitat_quantum/firmware/openblt_v011000/Target/Demo/ARMCM7_STM32F7_Nucleo_F767ZI_TrueStudio/Boot/lib/STM32F7xx_HAL_Driver/Inc" -I"/Users/christiansager/klanghabitat_quantum/firmware/openblt_v011000/Target/Demo/ARMCM7_STM32F7_Nucleo_F767ZI_TrueStudio/Boot/lib/STM32F7xx_HAL_Driver/Inc/Legacy" -I"/Users/christiansager/klanghabitat_quantum/firmware/openblt_v011000/Target/Demo/ARMCM7_STM32F7_Nucleo_F767ZI_TrueStudio/Boot/lib/uip" -I/Users/christiansager/klanghabitat_quantum/firmware/openblt_v011000/Target/Source -I/Users/christiansager/klanghabitat_quantum/firmware/openblt_v011000/Target/Source/third_party/uip/uip -I/Users/christiansager/klanghabitat_quantum/firmware/openblt_v011000/Target/Source/third_party/uip/apps/dhcpc -I/Users/christiansager/klanghabitat_quantum/firmware/openblt_v011000/Target/Source/ARMCM7_STM32F7 -Og -ffunction-sections -fdata-sections -Wall -fstack-usage -MMD -MP -MF"lib/uip/clock-arch.d" -MT"lib/uip/clock-arch.o" --specs=nano.specs -mfpu=fpv5-sp-d16 -mfloat-abi=hard -mthumb -o "lib/uip/clock-arch.o"
arm-none-eabi-gcc -c "../lib/uip/netdev.c" -mcpu=cortex-m7 -std=gnu11 -g3 -DUSE_FULL_LL_DRIVER '-D__weak=__attribute__((weak))' '-D__packed="__attribute__((__packed__))"' -DUSE_HAL_DRIVER -DSTM32F767xx -c -I"/Users/christiansager/klanghabitat_quantum/firmware/openblt_v011000/Target/Demo/ARMCM7_STM32F7_Nucleo_F767ZI_TrueStudio/Boot" -I"/Users/christiansager/klanghabitat_quantum/firmware/openblt_v011000/Target/Demo/ARMCM7_STM32F7_Nucleo_F767ZI_TrueStudio/Boot/lib" -I"/Users/christiansager/klanghabitat_quantum/firmware/openblt_v011000/Target/Demo/ARMCM7_STM32F7_Nucleo_F767ZI_TrueStudio/Boot/lib/CMSIS/Include" -I"/Users/christiansager/klanghabitat_quantum/firmware/openblt_v011000/Target/Demo/ARMCM7_STM32F7_Nucleo_F767ZI_TrueStudio/Boot/lib/CMSIS/Device/ST/STM32F7xx/Include" -I"/Users/christiansager/klanghabitat_quantum/firmware/openblt_v011000/Target/Demo/ARMCM7_STM32F7_Nucleo_F767ZI_TrueStudio/Boot/lib/STM32F7xx_HAL_Driver/Inc" -I"/Users/christiansager/klanghabitat_quantum/firmware/openblt_v011000/Target/Demo/ARMCM7_STM32F7_Nucleo_F767ZI_TrueStudio/Boot/lib/STM32F7xx_HAL_Driver/Inc/Legacy" -I"/Users/christiansager/klanghabitat_quantum/firmware/openblt_v011000/Target/Demo/ARMCM7_STM32F7_Nucleo_F767ZI_TrueStudio/Boot/lib/uip" -I/Users/christiansager/klanghabitat_quantum/firmware/openblt_v011000/Target/Source -I/Users/christiansager/klanghabitat_quantum/firmware/openblt_v011000/Target/Source/third_party/uip/uip -I/Users/christiansager/klanghabitat_quantum/firmware/openblt_v011000/Target/Source/third_party/uip/apps/dhcpc -I/Users/christiansager/klanghabitat_quantum/firmware/openblt_v011000/Target/Source/ARMCM7_STM32F7 -Og -ffunction-sections -fdata-sections -Wall -fstack-usage -MMD -MP -MF"lib/uip/netdev.d" -MT"lib/uip/netdev.o" --specs=nano.specs -mfpu=fpv5-sp-d16 -mfloat-abi=hard -mthumb -o "lib/uip/netdev.o"
arm-none-eabi-gcc -c "../lib/STM32F7xx_HAL_Driver/Src/stm32f7xx_hal.c" -mcpu=cortex-m7 -std=gnu11 -g3 -DUSE_FULL_LL_DRIVER '-D__weak=__attribute__((weak))' '-D__packed="__attribute__((__packed__))"' -DUSE_HAL_DRIVER -DSTM32F767xx -c -I"/Users/christiansager/klanghabitat_quantum/firmware/openblt_v011000/Target/Demo/ARMCM7_STM32F7_Nucleo_F767ZI_TrueStudio/Boot" -I"/Users/christiansager/klanghabitat_quantum/firmware/openblt_v011000/Target/Demo/ARMCM7_STM32F7_Nucleo_F767ZI_TrueStudio/Boot/lib" -I"/Users/christiansager/klanghabitat_quantum/firmware/openblt_v011000/Target/Demo/ARMCM7_STM32F7_Nucleo_F767ZI_TrueStudio/Boot/lib/CMSIS/Include" -I"/Users/christiansager/klanghabitat_quantum/firmware/openblt_v011000/Target/Demo/ARMCM7_STM32F7_Nucleo_F767ZI_TrueStudio/Boot/lib/CMSIS/Device/ST/STM32F7xx/Include" -I"/Users/christiansager/klanghabitat_quantum/firmware/openblt_v011000/Target/Demo/ARMCM7_STM32F7_Nucleo_F767ZI_TrueStudio/Boot/lib/STM32F7xx_HAL_Driver/Inc" -I"/Users/christiansager/klanghabitat_quantum/firmware/openblt_v011000/Target/Demo/ARMCM7_STM32F7_Nucleo_F767ZI_TrueStudio/Boot/lib/STM32F7xx_HAL_Driver/Inc/Legacy" -I"/Users/christiansager/klanghabitat_quantum/firmware/openblt_v011000/Target/Demo/ARMCM7_STM32F7_Nucleo_F767ZI_TrueStudio/Boot/lib/uip" -I/Users/christiansager/klanghabitat_quantum/firmware/openblt_v011000/Target/Source -I/Users/christiansager/klanghabitat_quantum/firmware/openblt_v011000/Target/Source/third_party/uip/uip -I/Users/christiansager/klanghabitat_quantum/firmware/openblt_v011000/Target/Source/third_party/uip/apps/dhcpc -I/Users/christiansager/klanghabitat_quantum/firmware/openblt_v011000/Target/Source/ARMCM7_STM32F7 -Og -ffunction-sections -fdata-sections -Wall -fstack-usage -MMD -MP -MF"lib/STM32F7xx_HAL_Driver/Src/stm32f7xx_hal.d" -MT"lib/STM32F7xx_HAL_Driver/Src/stm32f7xx_hal.o" --specs=nano.specs -mfpu=fpv5-sp-d16 -mfloat-abi=hard -mthumb -o "lib/STM32F7xx_HAL_Driver/Src/stm32f7xx_hal.o"
arm-none-eabi-gcc -c "../lib/STM32F7xx_HAL_Driver/Src/stm32f7xx_hal_cortex.c" -mcpu=cortex-m7 -std=gnu11 -g3 -DUSE_FULL_LL_DRIVER '-D__weak=__attribute__((weak))' '-D__packed="__attribute__((__packed__))"' -DUSE_HAL_DRIVER -DSTM32F767xx -c -I"/Users/christiansager/klanghabitat_quantum/firmware/openblt_v011000/Target/Demo/ARMCM7_STM32F7_Nucleo_F767ZI_TrueStudio/Boot" -I"/Users/christiansager/klanghabitat_quantum/firmware/openblt_v011000/Target/Demo/ARMCM7_STM32F7_Nucleo_F767ZI_TrueStudio/Boot/lib" -I"/Users/christiansager/klanghabitat_quantum/firmware/openblt_v011000/Target/Demo/ARMCM7_STM32F7_Nucleo_F767ZI_TrueStudio/Boot/lib/CMSIS/Include" -I"/Users/christiansager/klanghabitat_quantum/firmware/openblt_v011000/Target/Demo/ARMCM7_STM32F7_Nucleo_F767ZI_TrueStudio/Boot/lib/CMSIS/Device/ST/STM32F7xx/Include" -I"/Users/christiansager/klanghabitat_quantum/firmware/openblt_v011000/Target/Demo/ARMCM7_STM32F7_Nucleo_F767ZI_TrueStudio/Boot/lib/STM32F7xx_HAL_Driver/Inc" -I"/Users/christiansager/klanghabitat_quantum/firmware/openblt_v011000/Target/Demo/ARMCM7_STM32F7_Nucleo_F767ZI_TrueStudio/Boot/lib/STM32F7xx_HAL_Driver/Inc/Legacy" -I"/Users/christiansager/klanghabitat_quantum/firmware/openblt_v011000/Target/Demo/ARMCM7_STM32F7_Nucleo_F767ZI_TrueStudio/Boot/lib/uip" -I/Users/christiansager/klanghabitat_quantum/firmware/openblt_v011000/Target/Source -I/Users/christiansager/klanghabitat_quantum/firmware/openblt_v011000/Target/Source/third_party/uip/uip -I/Users/christiansager/klanghabitat_quantum/firmware/openblt_v011000/Target/Source/third_party/uip/apps/dhcpc -I/Users/christiansager/klanghabitat_quantum/firmware/openblt_v011000/Target/Source/ARMCM7_STM32F7 -Og -ffunction-sections -fdata-sections -Wall -fstack-usage -MMD -MP -MF"lib/STM32F7xx_HAL_Driver/Src/stm32f7xx_hal_cortex.d" -MT"lib/STM32F7xx_HAL_Driver/Src/stm32f7xx_hal_cortex.o" --specs=nano.specs -mfpu=fpv5-sp-d16 -mfloat-abi=hard -mthumb -o "lib/STM32F7xx_HAL_Driver/Src/stm32f7xx_hal_cortex.o"
arm-none-eabi-gcc -c "../lib/STM32F7xx_HAL_Driver/Src/stm32f7xx_hal_dma.c" -mcpu=cortex-m7 -std=gnu11 -g3 -DUSE_FULL_LL_DRIVER '-D__weak=__attribute__((weak))' '-D__packed="__attribute__((__packed__))"' -DUSE_HAL_DRIVER -DSTM32F767xx -c -I"/Users/christiansager/klanghabitat_quantum/firmware/openblt_v011000/Target/Demo/ARMCM7_STM32F7_Nucleo_F767ZI_TrueStudio/Boot" -I"/Users/christiansager/klanghabitat_quantum/firmware/openblt_v011000/Target/Demo/ARMCM7_STM32F7_Nucleo_F767ZI_TrueStudio/Boot/lib" -I"/Users/christiansager/klanghabitat_quantum/firmware/openblt_v011000/Target/Demo/ARMCM7_STM32F7_Nucleo_F767ZI_TrueStudio/Boot/lib/CMSIS/Include" -I"/Users/christiansager/klanghabitat_quantum/firmware/openblt_v011000/Target/Demo/ARMCM7_STM32F7_Nucleo_F767ZI_TrueStudio/Boot/lib/CMSIS/Device/ST/STM32F7xx/Include" -I"/Users/christiansager/klanghabitat_quantum/firmware/openblt_v011000/Target/Demo/ARMCM7_STM32F7_Nucleo_F767ZI_TrueStudio/Boot/lib/STM32F7xx_HAL_Driver/Inc" -I"/Users/christiansager/klanghabitat_quantum/firmware/openblt_v011000/Target/Demo/ARMCM7_STM32F7_Nucleo_F767ZI_TrueStudio/Boot/lib/STM32F7xx_HAL_Driver/Inc/Legacy" -I"/Users/christiansager/klanghabitat_quantum/firmware/openblt_v011000/Target/Demo/ARMCM7_STM32F7_Nucleo_F767ZI_TrueStudio/Boot/lib/uip" -I/Users/christiansager/klanghabitat_quantum/firmware/openblt_v011000/Target/Source -I/Users/christiansager/klanghabitat_quantum/firmware/openblt_v011000/Target/Source/third_party/uip/uip -I/Users/christiansager/klanghabitat_quantum/firmware/openblt_v011000/Target/Source/third_party/uip/apps/dhcpc -I/Users/christiansager/klanghabitat_quantum/firmware/openblt_v011000/Target/Source/ARMCM7_STM32F7 -Og -ffunction-sections -fdata-sections -Wall -fstack-usage -MMD -MP -MF"lib/STM32F7xx_HAL_Driver/Src/stm32f7xx_hal_dma.d" -MT"lib/STM32F7xx_HAL_Driver/Src/stm32f7xx_hal_dma.o" --specs=nano.specs -mfpu=fpv5-sp-d16 -mfloat-abi=hard -mthumb -o "lib/STM32F7xx_HAL_Driver/Src/stm32f7xx_hal_dma.o"
arm-none-eabi-gcc -c "../lib/STM32F7xx_HAL_Driver/Src/stm32f7xx_hal_dma_ex.c" -mcpu=cortex-m7 -std=gnu11 -g3 -DUSE_FULL_LL_DRIVER '-D__weak=__attribute__((weak))' '-D__packed="__attribute__((__packed__))"' -DUSE_HAL_DRIVER -DSTM32F767xx -c -I"/Users/christiansager/klanghabitat_quantum/firmware/openblt_v011000/Target/Demo/ARMCM7_STM32F7_Nucleo_F767ZI_TrueStudio/Boot" -I"/Users/christiansager/klanghabitat_quantum/firmware/openblt_v011000/Target/Demo/ARMCM7_STM32F7_Nucleo_F767ZI_TrueStudio/Boot/lib" -I"/Users/christiansager/klanghabitat_quantum/firmware/openblt_v011000/Target/Demo/ARMCM7_STM32F7_Nucleo_F767ZI_TrueStudio/Boot/lib/CMSIS/Include" -I"/Users/christiansager/klanghabitat_quantum/firmware/openblt_v011000/Target/Demo/ARMCM7_STM32F7_Nucleo_F767ZI_TrueStudio/Boot/lib/CMSIS/Device/ST/STM32F7xx/Include" -I"/Users/christiansager/klanghabitat_quantum/firmware/openblt_v011000/Target/Demo/ARMCM7_STM32F7_Nucleo_F767ZI_TrueStudio/Boot/lib/STM32F7xx_HAL_Driver/Inc" -I"/Users/christiansager/klanghabitat_quantum/firmware/openblt_v011000/Target/Demo/ARMCM7_STM32F7_Nucleo_F767ZI_TrueStudio/Boot/lib/STM32F7xx_HAL_Driver/Inc/Legacy" -I"/Users/christiansager/klanghabitat_quantum/firmware/openblt_v011000/Target/Demo/ARMCM7_STM32F7_Nucleo_F767ZI_TrueStudio/Boot/lib/uip" -I/Users/christiansager/klanghabitat_quantum/firmware/openblt_v011000/Target/Source -I/Users/christiansager/klanghabitat_quantum/firmware/openblt_v011000/Target/Source/third_party/uip/uip -I/Users/christiansager/klanghabitat_quantum/firmware/openblt_v011000/Target/Source/third_party/uip/apps/dhcpc -I/Users/christiansager/klanghabitat_quantum/firmware/openblt_v011000/Target/Source/ARMCM7_STM32F7 -Og -ffunction-sections -fdata-sections -Wall -fstack-usage -MMD -MP -MF"lib/STM32F7xx_HAL_Driver/Src/stm32f7xx_hal_dma_ex.d" -MT"lib/STM32F7xx_HAL_Driver/Src/stm32f7xx_hal_dma_ex.o" --specs=nano.specs -mfpu=fpv5-sp-d16 -mfloat-abi=hard -mthumb -o "lib/STM32F7xx_HAL_Driver/Src/stm32f7xx_hal_dma_ex.o"
arm-none-eabi-gcc -c "../lib/STM32F7xx_HAL_Driver/Src/stm32f7xx_hal_eth.c" -mcpu=cortex-m7 -std=gnu11 -g3 -DUSE_FULL_LL_DRIVER '-D__weak=__attribute__((weak))' '-D__packed="__attribute__((__packed__))"' -DUSE_HAL_DRIVER -DSTM32F767xx -c -I"/Users/christiansager/klanghabitat_quantum/firmware/openblt_v011000/Target/Demo/ARMCM7_STM32F7_Nucleo_F767ZI_TrueStudio/Boot" -I"/Users/christiansager/klanghabitat_quantum/firmware/openblt_v011000/Target/Demo/ARMCM7_STM32F7_Nucleo_F767ZI_TrueStudio/Boot/lib" -I"/Users/christiansager/klanghabitat_quantum/firmware/openblt_v011000/Target/Demo/ARMCM7_STM32F7_Nucleo_F767ZI_TrueStudio/Boot/lib/CMSIS/Include" -I"/Users/christiansager/klanghabitat_quantum/firmware/openblt_v011000/Target/Demo/ARMCM7_STM32F7_Nucleo_F767ZI_TrueStudio/Boot/lib/CMSIS/Device/ST/STM32F7xx/Include" -I"/Users/christiansager/klanghabitat_quantum/firmware/openblt_v011000/Target/Demo/ARMCM7_STM32F7_Nucleo_F767ZI_TrueStudio/Boot/lib/STM32F7xx_HAL_Driver/Inc" -I"/Users/christiansager/klanghabitat_quantum/firmware/openblt_v011000/Target/Demo/ARMCM7_STM32F7_Nucleo_F767ZI_TrueStudio/Boot/lib/STM32F7xx_HAL_Driver/Inc/Legacy" -I"/Users/christiansager/klanghabitat_quantum/firmware/openblt_v011000/Target/Demo/ARMCM7_STM32F7_Nucleo_F767ZI_TrueStudio/Boot/lib/uip" -I/Users/christiansager/klanghabitat_quantum/firmware/openblt_v011000/Target/Source -I/Users/christiansager/klanghabitat_quantum/firmware/openblt_v011000/Target/Source/third_party/uip/uip -I/Users/christiansager/klanghabitat_quantum/firmware/openblt_v011000/Target/Source/third_party/uip/apps/dhcpc -I/Users/christiansager/klanghabitat_quantum/firmware/openblt_v011000/Target/Source/ARMCM7_STM32F7 -Og -ffunction-sections -fdata-sections -Wall -fstack-usage -MMD -MP -MF"lib/STM32F7xx_HAL_Driver/Src/stm32f7xx_hal_eth.d" -MT"lib/STM32F7xx_HAL_Driver/Src/stm32f7xx_hal_eth.o" --specs=nano.specs -mfpu=fpv5-sp-d16 -mfloat-abi=hard -mthumb -o "lib/STM32F7xx_HAL_Driver/Src/stm32f7xx_hal_eth.o"
arm-none-eabi-gcc -c "../lib/STM32F7xx_HAL_Driver/Src/stm32f7xx_hal_flash.c" -mcpu=cortex-m7 -std=gnu11 -g3 -DUSE_FULL_LL_DRIVER '-D__weak=__attribute__((weak))' '-D__packed="__attribute__((__packed__))"' -DUSE_HAL_DRIVER -DSTM32F767xx -c -I"/Users/christiansager/klanghabitat_quantum/firmware/openblt_v011000/Target/Demo/ARMCM7_STM32F7_Nucleo_F767ZI_TrueStudio/Boot" -I"/Users/christiansager/klanghabitat_quantum/firmware/openblt_v011000/Target/Demo/ARMCM7_STM32F7_Nucleo_F767ZI_TrueStudio/Boot/lib" -I"/Users/christiansager/klanghabitat_quantum/firmware/openblt_v011000/Target/Demo/ARMCM7_STM32F7_Nucleo_F767ZI_TrueStudio/Boot/lib/CMSIS/Include" -I"/Users/christiansager/klanghabitat_quantum/firmware/openblt_v011000/Target/Demo/ARMCM7_STM32F7_Nucleo_F767ZI_TrueStudio/Boot/lib/CMSIS/Device/ST/STM32F7xx/Include" -I"/Users/christiansager/klanghabitat_quantum/firmware/openblt_v011000/Target/Demo/ARMCM7_STM32F7_Nucleo_F767ZI_TrueStudio/Boot/lib/STM32F7xx_HAL_Driver/Inc" -I"/Users/christiansager/klanghabitat_quantum/firmware/openblt_v011000/Target/Demo/ARMCM7_STM32F7_Nucleo_F767ZI_TrueStudio/Boot/lib/STM32F7xx_HAL_Driver/Inc/Legacy" -I"/Users/christiansager/klanghabitat_quantum/firmware/openblt_v011000/Target/Demo/ARMCM7_STM32F7_Nucleo_F767ZI_TrueStudio/Boot/lib/uip" -I/Users/christiansager/klanghabitat_quantum/firmware/openblt_v011000/Target/Source -I/Users/christiansager/klanghabitat_quantum/firmware/openblt_v011000/Target/Source/third_party/uip/uip -I/Users/christiansager/klanghabitat_quantum/firmware/openblt_v011000/Target/Source/third_party/uip/apps/dhcpc -I/Users/christiansager/klanghabitat_quantum/firmware/openblt_v011000/Target/Source/ARMCM7_STM32F7 -Og -ffunction-sections -fdata-sections -Wall -fstack-usage -MMD -MP -MF"lib/STM32F7xx_HAL_Driver/Src/stm32f7xx_hal_flash.d" -MT"lib/STM32F7xx_HAL_Driver/Src/stm32f7xx_hal_flash.o" --specs=nano.specs -mfpu=fpv5-sp-d16 -mfloat-abi=hard -mthumb -o "lib/STM32F7xx_HAL_Driver/Src/stm32f7xx_hal_flash.o"
arm-none-eabi-gcc -c "../lib/STM32F7xx_HAL_Driver/Src/stm32f7xx_hal_flash_ex.c" -mcpu=cortex-m7 -std=gnu11 -g3 -DUSE_FULL_LL_DRIVER '-D__weak=__attribute__((weak))' '-D__packed="__attribute__((__packed__))"' -DUSE_HAL_DRIVER -DSTM32F767xx -c -I"/Users/christiansager/klanghabitat_quantum/firmware/openblt_v011000/Target/Demo/ARMCM7_STM32F7_Nucleo_F767ZI_TrueStudio/Boot" -I"/Users/christiansager/klanghabitat_quantum/firmware/openblt_v011000/Target/Demo/ARMCM7_STM32F7_Nucleo_F767ZI_TrueStudio/Boot/lib" -I"/Users/christiansager/klanghabitat_quantum/firmware/openblt_v011000/Target/Demo/ARMCM7_STM32F7_Nucleo_F767ZI_TrueStudio/Boot/lib/CMSIS/Include" -I"/Users/christiansager/klanghabitat_quantum/firmware/openblt_v011000/Target/Demo/ARMCM7_STM32F7_Nucleo_F767ZI_TrueStudio/Boot/lib/CMSIS/Device/ST/STM32F7xx/Include" -I"/Users/christiansager/klanghabitat_quantum/firmware/openblt_v011000/Target/Demo/ARMCM7_STM32F7_Nucleo_F767ZI_TrueStudio/Boot/lib/STM32F7xx_HAL_Driver/Inc" -I"/Users/christiansager/klanghabitat_quantum/firmware/openblt_v011000/Target/Demo/ARMCM7_STM32F7_Nucleo_F767ZI_TrueStudio/Boot/lib/STM32F7xx_HAL_Driver/Inc/Legacy" -I"/Users/christiansager/klanghabitat_quantum/firmware/openblt_v011000/Target/Demo/ARMCM7_STM32F7_Nucleo_F767ZI_TrueStudio/Boot/lib/uip" -I/Users/christiansager/klanghabitat_quantum/firmware/openblt_v011000/Target/Source -I/Users/christiansager/klanghabitat_quantum/firmware/openblt_v011000/Target/Source/third_party/uip/uip -I/Users/christiansager/klanghabitat_quantum/firmware/openblt_v011000/Target/Source/third_party/uip/apps/dhcpc -I/Users/christiansager/klanghabitat_quantum/firmware/openblt_v011000/Target/Source/ARMCM7_STM32F7 -Og -ffunction-sections -fdata-sections -Wall -fstack-usage -MMD -MP -MF"lib/STM32F7xx_HAL_Driver/Src/stm32f7xx_hal_flash_ex.d" -MT"lib/STM32F7xx_HAL_Driver/Src/stm32f7xx_hal_flash_ex.o" --specs=nano.specs -mfpu=fpv5-sp-d16 -mfloat-abi=hard -mthumb -o "lib/STM32F7xx_HAL_Driver/Src/stm32f7xx_hal_flash_ex.o"
arm-none-eabi-gcc -c "../lib/STM32F7xx_HAL_Driver/Src/stm32f7xx_hal_gpio.c" -mcpu=cortex-m7 -std=gnu11 -g3 -DUSE_FULL_LL_DRIVER '-D__weak=__attribute__((weak))' '-D__packed="__attribute__((__packed__))"' -DUSE_HAL_DRIVER -DSTM32F767xx -c -I"/Users/christiansager/klanghabitat_quantum/firmware/openblt_v011000/Target/Demo/ARMCM7_STM32F7_Nucleo_F767ZI_TrueStudio/Boot" -I"/Users/christiansager/klanghabitat_quantum/firmware/openblt_v011000/Target/Demo/ARMCM7_STM32F7_Nucleo_F767ZI_TrueStudio/Boot/lib" -I"/Users/christiansager/klanghabitat_quantum/firmware/openblt_v011000/Target/Demo/ARMCM7_STM32F7_Nucleo_F767ZI_TrueStudio/Boot/lib/CMSIS/Include" -I"/Users/christiansager/klanghabitat_quantum/firmware/openblt_v011000/Target/Demo/ARMCM7_STM32F7_Nucleo_F767ZI_TrueStudio/Boot/lib/CMSIS/Device/ST/STM32F7xx/Include" -I"/Users/christiansager/klanghabitat_quantum/firmware/openblt_v011000/Target/Demo/ARMCM7_STM32F7_Nucleo_F767ZI_TrueStudio/Boot/lib/STM32F7xx_HAL_Driver/Inc" -I"/Users/christiansager/klanghabitat_quantum/firmware/openblt_v011000/Target/Demo/ARMCM7_STM32F7_Nucleo_F767ZI_TrueStudio/Boot/lib/STM32F7xx_HAL_Driver/Inc/Legacy" -I"/Users/christiansager/klanghabitat_quantum/firmware/openblt_v011000/Target/Demo/ARMCM7_STM32F7_Nucleo_F767ZI_TrueStudio/Boot/lib/uip" -I/Users/christiansager/klanghabitat_quantum/firmware/openblt_v011000/Target/Source -I/Users/christiansager/klanghabitat_quantum/firmware/openblt_v011000/Target/Source/third_party/uip/uip -I/Users/christiansager/klanghabitat_quantum/firmware/openblt_v011000/Target/Source/third_party/uip/apps/dhcpc -I/Users/christiansager/klanghabitat_quantum/firmware/openblt_v011000/Target/Source/ARMCM7_STM32F7 -Og -ffunction-sections -fdata-sections -Wall -fstack-usage -MMD -MP -MF"lib/STM32F7xx_HAL_Driver/Src/stm32f7xx_hal_gpio.d" -MT"lib/STM32F7xx_HAL_Driver/Src/stm32f7xx_hal_gpio.o" --specs=nano.specs -mfpu=fpv5-sp-d16 -mfloat-abi=hard -mthumb -o "lib/STM32F7xx_HAL_Driver/Src/stm32f7xx_hal_gpio.o"
arm-none-eabi-gcc -c "../lib/STM32F7xx_HAL_Driver/Src/stm32f7xx_hal_i2c.c" -mcpu=cortex-m7 -std=gnu11 -g3 -DUSE_FULL_LL_DRIVER '-D__weak=__attribute__((weak))' '-D__packed="__attribute__((__packed__))"' -DUSE_HAL_DRIVER -DSTM32F767xx -c -I"/Users/christiansager/klanghabitat_quantum/firmware/openblt_v011000/Target/Demo/ARMCM7_STM32F7_Nucleo_F767ZI_TrueStudio/Boot" -I"/Users/christiansager/klanghabitat_quantum/firmware/openblt_v011000/Target/Demo/ARMCM7_STM32F7_Nucleo_F767ZI_TrueStudio/Boot/lib" -I"/Users/christiansager/klanghabitat_quantum/firmware/openblt_v011000/Target/Demo/ARMCM7_STM32F7_Nucleo_F767ZI_TrueStudio/Boot/lib/CMSIS/Include" -I"/Users/christiansager/klanghabitat_quantum/firmware/openblt_v011000/Target/Demo/ARMCM7_STM32F7_Nucleo_F767ZI_TrueStudio/Boot/lib/CMSIS/Device/ST/STM32F7xx/Include" -I"/Users/christiansager/klanghabitat_quantum/firmware/openblt_v011000/Target/Demo/ARMCM7_STM32F7_Nucleo_F767ZI_TrueStudio/Boot/lib/STM32F7xx_HAL_Driver/Inc" -I"/Users/christiansager/klanghabitat_quantum/firmware/openblt_v011000/Target/Demo/ARMCM7_STM32F7_Nucleo_F767ZI_TrueStudio/Boot/lib/STM32F7xx_HAL_Driver/Inc/Legacy" -I"/Users/christiansager/klanghabitat_quantum/firmware/openblt_v011000/Target/Demo/ARMCM7_STM32F7_Nucleo_F767ZI_TrueStudio/Boot/lib/uip" -I/Users/christiansager/klanghabitat_quantum/firmware/openblt_v011000/Target/Source -I/Users/christiansager/klanghabitat_quantum/firmware/openblt_v011000/Target/Source/third_party/uip/uip -I/Users/christiansager/klanghabitat_quantum/firmware/openblt_v011000/Target/Source/third_party/uip/apps/dhcpc -I/Users/christiansager/klanghabitat_quantum/firmware/openblt_v011000/Target/Source/ARMCM7_STM32F7 -Og -ffunction-sections -fdata-sections -Wall -fstack-usage -MMD -MP -MF"lib/STM32F7xx_HAL_Driver/Src/stm32f7xx_hal_i2c.d" -MT"lib/STM32F7xx_HAL_Driver/Src/stm32f7xx_hal_i2c.o" --specs=nano.specs -mfpu=fpv5-sp-d16 -mfloat-abi=hard -mthumb -o "lib/STM32F7xx_HAL_Driver/Src/stm32f7xx_hal_i2c.o"
arm-none-eabi-gcc -c "../lib/STM32F7xx_HAL_Driver/Src/stm32f7xx_hal_i2c_ex.c" -mcpu=cortex-m7 -std=gnu11 -g3 -DUSE_FULL_LL_DRIVER '-D__weak=__attribute__((weak))' '-D__packed="__attribute__((__packed__))"' -DUSE_HAL_DRIVER -DSTM32F767xx -c -I"/Users/christiansager/klanghabitat_quantum/firmware/openblt_v011000/Target/Demo/ARMCM7_STM32F7_Nucleo_F767ZI_TrueStudio/Boot" -I"/Users/christiansager/klanghabitat_quantum/firmware/openblt_v011000/Target/Demo/ARMCM7_STM32F7_Nucleo_F767ZI_TrueStudio/Boot/lib" -I"/Users/christiansager/klanghabitat_quantum/firmware/openblt_v011000/Target/Demo/ARMCM7_STM32F7_Nucleo_F767ZI_TrueStudio/Boot/lib/CMSIS/Include" -I"/Users/christiansager/klanghabitat_quantum/firmware/openblt_v011000/Target/Demo/ARMCM7_STM32F7_Nucleo_F767ZI_TrueStudio/Boot/lib/CMSIS/Device/ST/STM32F7xx/Include" -I"/Users/christiansager/klanghabitat_quantum/firmware/openblt_v011000/Target/Demo/ARMCM7_STM32F7_Nucleo_F767ZI_TrueStudio/Boot/lib/STM32F7xx_HAL_Driver/Inc" -I"/Users/christiansager/klanghabitat_quantum/firmware/openblt_v011000/Target/Demo/ARMCM7_STM32F7_Nucleo_F767ZI_TrueStudio/Boot/lib/STM32F7xx_HAL_Driver/Inc/Legacy" -I"/Users/christiansager/klanghabitat_quantum/firmware/openblt_v011000/Target/Demo/ARMCM7_STM32F7_Nucleo_F767ZI_TrueStudio/Boot/lib/uip" -I/Users/christiansager/klanghabitat_quantum/firmware/openblt_v011000/Target/Source -I/Users/christiansager/klanghabitat_quantum/firmware/openblt_v011000/Target/Source/third_party/uip/uip -I/Users/christiansager/klanghabitat_quantum/firmware/openblt_v011000/Target/Source/third_party/uip/apps/dhcpc -I/Users/christiansager/klanghabitat_quantum/firmware/openblt_v011000/Target/Source/ARMCM7_STM32F7 -Og -ffunction-sections -fdata-sections -Wall -fstack-usage -MMD -MP -MF"lib/STM32F7xx_HAL_Driver/Src/stm32f7xx_hal_i2c_ex.d" -MT"lib/STM32F7xx_HAL_Driver/Src/stm32f7xx_hal_i2c_ex.o" --specs=nano.specs -mfpu=fpv5-sp-d16 -mfloat-abi=hard -mthumb -o "lib/STM32F7xx_HAL_Driver/Src/stm32f7xx_hal_i2c_ex.o"
arm-none-eabi-gcc -c "../lib/STM32F7xx_HAL_Driver/Src/stm32f7xx_hal_pwr.c" -mcpu=cortex-m7 -std=gnu11 -g3 -DUSE_FULL_LL_DRIVER '-D__weak=__attribute__((weak))' '-D__packed="__attribute__((__packed__))"' -DUSE_HAL_DRIVER -DSTM32F767xx -c -I"/Users/christiansager/klanghabitat_quantum/firmware/openblt_v011000/Target/Demo/ARMCM7_STM32F7_Nucleo_F767ZI_TrueStudio/Boot" -I"/Users/christiansager/klanghabitat_quantum/firmware/openblt_v011000/Target/Demo/ARMCM7_STM32F7_Nucleo_F767ZI_TrueStudio/Boot/lib" -I"/Users/christiansager/klanghabitat_quantum/firmware/openblt_v011000/Target/Demo/ARMCM7_STM32F7_Nucleo_F767ZI_TrueStudio/Boot/lib/CMSIS/Include" -I"/Users/christiansager/klanghabitat_quantum/firmware/openblt_v011000/Target/Demo/ARMCM7_STM32F7_Nucleo_F767ZI_TrueStudio/Boot/lib/CMSIS/Device/ST/STM32F7xx/Include" -I"/Users/christiansager/klanghabitat_quantum/firmware/openblt_v011000/Target/Demo/ARMCM7_STM32F7_Nucleo_F767ZI_TrueStudio/Boot/lib/STM32F7xx_HAL_Driver/Inc" -I"/Users/christiansager/klanghabitat_quantum/firmware/openblt_v011000/Target/Demo/ARMCM7_STM32F7_Nucleo_F767ZI_TrueStudio/Boot/lib/STM32F7xx_HAL_Driver/Inc/Legacy" -I"/Users/christiansager/klanghabitat_quantum/firmware/openblt_v011000/Target/Demo/ARMCM7_STM32F7_Nucleo_F767ZI_TrueStudio/Boot/lib/uip" -I/Users/christiansager/klanghabitat_quantum/firmware/openblt_v011000/Target/Source -I/Users/christiansager/klanghabitat_quantum/firmware/openblt_v011000/Target/Source/third_party/uip/uip -I/Users/christiansager/klanghabitat_quantum/firmware/openblt_v011000/Target/Source/third_party/uip/apps/dhcpc -I/Users/christiansager/klanghabitat_quantum/firmware/openblt_v011000/Target/Source/ARMCM7_STM32F7 -Og -ffunction-sections -fdata-sections -Wall -fstack-usage -MMD -MP -MF"lib/STM32F7xx_HAL_Driver/Src/stm32f7xx_hal_pwr.d" -MT"lib/STM32F7xx_HAL_Driver/Src/stm32f7xx_hal_pwr.o" --specs=nano.specs -mfpu=fpv5-sp-d16 -mfloat-abi=hard -mthumb -o "lib/STM32F7xx_HAL_Driver/Src/stm32f7xx_hal_pwr.o"
arm-none-eabi-gcc -c "../lib/STM32F7xx_HAL_Driver/Src/stm32f7xx_hal_pwr_ex.c" -mcpu=cortex-m7 -std=gnu11 -g3 -DUSE_FULL_LL_DRIVER '-D__weak=__attribute__((weak))' '-D__packed="__attribute__((__packed__))"' -DUSE_HAL_DRIVER -DSTM32F767xx -c -I"/Users/christiansager/klanghabitat_quantum/firmware/openblt_v011000/Target/Demo/ARMCM7_STM32F7_Nucleo_F767ZI_TrueStudio/Boot" -I"/Users/christiansager/klanghabitat_quantum/firmware/openblt_v011000/Target/Demo/ARMCM7_STM32F7_Nucleo_F767ZI_TrueStudio/Boot/lib" -I"/Users/christiansager/klanghabitat_quantum/firmware/openblt_v011000/Target/Demo/ARMCM7_STM32F7_Nucleo_F767ZI_TrueStudio/Boot/lib/CMSIS/Include" -I"/Users/christiansager/klanghabitat_quantum/firmware/openblt_v011000/Target/Demo/ARMCM7_STM32F7_Nucleo_F767ZI_TrueStudio/Boot/lib/CMSIS/Device/ST/STM32F7xx/Include" -I"/Users/christiansager/klanghabitat_quantum/firmware/openblt_v011000/Target/Demo/ARMCM7_STM32F7_Nucleo_F767ZI_TrueStudio/Boot/lib/STM32F7xx_HAL_Driver/Inc" -I"/Users/christiansager/klanghabitat_quantum/firmware/openblt_v011000/Target/Demo/ARMCM7_STM32F7_Nucleo_F767ZI_TrueStudio/Boot/lib/STM32F7xx_HAL_Driver/Inc/Legacy" -I"/Users/christiansager/klanghabitat_quantum/firmware/openblt_v011000/Target/Demo/ARMCM7_STM32F7_Nucleo_F767ZI_TrueStudio/Boot/lib/uip" -I/Users/christiansager/klanghabitat_quantum/firmware/openblt_v011000/Target/Source -I/Users/christiansager/klanghabitat_quantum/firmware/openblt_v011000/Target/Source/third_party/uip/uip -I/Users/christiansager/klanghabitat_quantum/firmware/openblt_v011000/Target/Source/third_party/uip/apps/dhcpc -I/Users/christiansager/klanghabitat_quantum/firmware/openblt_v011000/Target/Source/ARMCM7_STM32F7 -Og -ffunction-sections -fdata-sections -Wall -fstack-usage -MMD -MP -MF"lib/STM32F7xx_HAL_Driver/Src/stm32f7xx_hal_pwr_ex.d" -MT"lib/STM32F7xx_HAL_Driver/Src/stm32f7xx_hal_pwr_ex.o" --specs=nano.specs -mfpu=fpv5-sp-d16 -mfloat-abi=hard -mthumb -o "lib/STM32F7xx_HAL_Driver/Src/stm32f7xx_hal_pwr_ex.o"
arm-none-eabi-gcc -c "../lib/STM32F7xx_HAL_Driver/Src/stm32f7xx_hal_rcc.c" -mcpu=cortex-m7 -std=gnu11 -g3 -DUSE_FULL_LL_DRIVER '-D__weak=__attribute__((weak))' '-D__packed="__attribute__((__packed__))"' -DUSE_HAL_DRIVER -DSTM32F767xx -c -I"/Users/christiansager/klanghabitat_quantum/firmware/openblt_v011000/Target/Demo/ARMCM7_STM32F7_Nucleo_F767ZI_TrueStudio/Boot" -I"/Users/christiansager/klanghabitat_quantum/firmware/openblt_v011000/Target/Demo/ARMCM7_STM32F7_Nucleo_F767ZI_TrueStudio/Boot/lib" -I"/Users/christiansager/klanghabitat_quantum/firmware/openblt_v011000/Target/Demo/ARMCM7_STM32F7_Nucleo_F767ZI_TrueStudio/Boot/lib/CMSIS/Include" -I"/Users/christiansager/klanghabitat_quantum/firmware/openblt_v011000/Target/Demo/ARMCM7_STM32F7_Nucleo_F767ZI_TrueStudio/Boot/lib/CMSIS/Device/ST/STM32F7xx/Include" -I"/Users/christiansager/klanghabitat_quantum/firmware/openblt_v011000/Target/Demo/ARMCM7_STM32F7_Nucleo_F767ZI_TrueStudio/Boot/lib/STM32F7xx_HAL_Driver/Inc" -I"/Users/christiansager/klanghabitat_quantum/firmware/openblt_v011000/Target/Demo/ARMCM7_STM32F7_Nucleo_F767ZI_TrueStudio/Boot/lib/STM32F7xx_HAL_Driver/Inc/Legacy" -I"/Users/christiansager/klanghabitat_quantum/firmware/openblt_v011000/Target/Demo/ARMCM7_STM32F7_Nucleo_F767ZI_TrueStudio/Boot/lib/uip" -I/Users/christiansager/klanghabitat_quantum/firmware/openblt_v011000/Target/Source -I/Users/christiansager/klanghabitat_quantum/firmware/openblt_v011000/Target/Source/third_party/uip/uip -I/Users/christiansager/klanghabitat_quantum/firmware/openblt_v011000/Target/Source/third_party/uip/apps/dhcpc -I/Users/christiansager/klanghabitat_quantum/firmware/openblt_v011000/Target/Source/ARMCM7_STM32F7 -Og -ffunction-sections -fdata-sections -Wall -fstack-usage -MMD -MP -MF"lib/STM32F7xx_HAL_Driver/Src/stm32f7xx_hal_rcc.d" -MT"lib/STM32F7xx_HAL_Driver/Src/stm32f7xx_hal_rcc.o" --specs=nano.specs -mfpu=fpv5-sp-d16 -mfloat-abi=hard -mthumb -o "lib/STM32F7xx_HAL_Driver/Src/stm32f7xx_hal_rcc.o"
arm-none-eabi-gcc -c "../lib/STM32F7xx_HAL_Driver/Src/stm32f7xx_hal_rcc_ex.c" -mcpu=cortex-m7 -std=gnu11 -g3 -DUSE_FULL_LL_DRIVER '-D__weak=__attribute__((weak))' '-D__packed="__attribute__((__packed__))"' -DUSE_HAL_DRIVER -DSTM32F767xx -c -I"/Users/christiansager/klanghabitat_quantum/firmware/openblt_v011000/Target/Demo/ARMCM7_STM32F7_Nucleo_F767ZI_TrueStudio/Boot" -I"/Users/christiansager/klanghabitat_quantum/firmware/openblt_v011000/Target/Demo/ARMCM7_STM32F7_Nucleo_F767ZI_TrueStudio/Boot/lib" -I"/Users/christiansager/klanghabitat_quantum/firmware/openblt_v011000/Target/Demo/ARMCM7_STM32F7_Nucleo_F767ZI_TrueStudio/Boot/lib/CMSIS/Include" -I"/Users/christiansager/klanghabitat_quantum/firmware/openblt_v011000/Target/Demo/ARMCM7_STM32F7_Nucleo_F767ZI_TrueStudio/Boot/lib/CMSIS/Device/ST/STM32F7xx/Include" -I"/Users/christiansager/klanghabitat_quantum/firmware/openblt_v011000/Target/Demo/ARMCM7_STM32F7_Nucleo_F767ZI_TrueStudio/Boot/lib/STM32F7xx_HAL_Driver/Inc" -I"/Users/christiansager/klanghabitat_quantum/firmware/openblt_v011000/Target/Demo/ARMCM7_STM32F7_Nucleo_F767ZI_TrueStudio/Boot/lib/STM32F7xx_HAL_Driver/Inc/Legacy" -I"/Users/christiansager/klanghabitat_quantum/firmware/openblt_v011000/Target/Demo/ARMCM7_STM32F7_Nucleo_F767ZI_TrueStudio/Boot/lib/uip" -I/Users/christiansager/klanghabitat_quantum/firmware/openblt_v011000/Target/Source -I/Users/christiansager/klanghabitat_quantum/firmware/openblt_v011000/Target/Source/third_party/uip/uip -I/Users/christiansager/klanghabitat_quantum/firmware/openblt_v011000/Target/Source/third_party/uip/apps/dhcpc -I/Users/christiansager/klanghabitat_quantum/firmware/openblt_v011000/Target/Source/ARMCM7_STM32F7 -Og -ffunction-sections -fdata-sections -Wall -fstack-usage -MMD -MP -MF"lib/STM32F7xx_HAL_Driver/Src/stm32f7xx_hal_rcc_ex.d" -MT"lib/STM32F7xx_HAL_Driver/Src/stm32f7xx_hal_rcc_ex.o" --specs=nano.specs -mfpu=fpv5-sp-d16 -mfloat-abi=hard -mthumb -o "lib/STM32F7xx_HAL_Driver/Src/stm32f7xx_hal_rcc_ex.o"
arm-none-eabi-gcc -c "../lib/STM32F7xx_HAL_Driver/Src/stm32f7xx_hal_tim.c" -mcpu=cortex-m7 -std=gnu11 -g3 -DUSE_FULL_LL_DRIVER '-D__weak=__attribute__((weak))' '-D__packed="__attribute__((__packed__))"' -DUSE_HAL_DRIVER -DSTM32F767xx -c -I"/Users/christiansager/klanghabitat_quantum/firmware/openblt_v011000/Target/Demo/ARMCM7_STM32F7_Nucleo_F767ZI_TrueStudio/Boot" -I"/Users/christiansager/klanghabitat_quantum/firmware/openblt_v011000/Target/Demo/ARMCM7_STM32F7_Nucleo_F767ZI_TrueStudio/Boot/lib" -I"/Users/christiansager/klanghabitat_quantum/firmware/openblt_v011000/Target/Demo/ARMCM7_STM32F7_Nucleo_F767ZI_TrueStudio/Boot/lib/CMSIS/Include" -I"/Users/christiansager/klanghabitat_quantum/firmware/openblt_v011000/Target/Demo/ARMCM7_STM32F7_Nucleo_F767ZI_TrueStudio/Boot/lib/CMSIS/Device/ST/STM32F7xx/Include" -I"/Users/christiansager/klanghabitat_quantum/firmware/openblt_v011000/Target/Demo/ARMCM7_STM32F7_Nucleo_F767ZI_TrueStudio/Boot/lib/STM32F7xx_HAL_Driver/Inc" -I"/Users/christiansager/klanghabitat_quantum/firmware/openblt_v011000/Target/Demo/ARMCM7_STM32F7_Nucleo_F767ZI_TrueStudio/Boot/lib/STM32F7xx_HAL_Driver/Inc/Legacy" -I"/Users/christiansager/klanghabitat_quantum/firmware/openblt_v011000/Target/Demo/ARMCM7_STM32F7_Nucleo_F767ZI_TrueStudio/Boot/lib/uip" -I/Users/christiansager/klanghabitat_quantum/firmware/openblt_v011000/Target/Source -I/Users/christiansager/klanghabitat_quantum/firmware/openblt_v011000/Target/Source/third_party/uip/uip -I/Users/christiansager/klanghabitat_quantum/firmware/openblt_v011000/Target/Source/third_party/uip/apps/dhcpc -I/Users/christiansager/klanghabitat_quantum/firmware/openblt_v011000/Target/Source/ARMCM7_STM32F7 -Og -ffunction-sections -fdata-sections -Wall -fstack-usage -MMD -MP -MF"lib/STM32F7xx_HAL_Driver/Src/stm32f7xx_hal_tim.d" -MT"lib/STM32F7xx_HAL_Driver/Src/stm32f7xx_hal_tim.o" --specs=nano.specs -mfpu=fpv5-sp-d16 -mfloat-abi=hard -mthumb -o "lib/STM32F7xx_HAL_Driver/Src/stm32f7xx_hal_tim.o"
arm-none-eabi-gcc -c "../lib/STM32F7xx_HAL_Driver/Src/stm32f7xx_hal_tim_ex.c" -mcpu=cortex-m7 -std=gnu11 -g3 -DUSE_FULL_LL_DRIVER '-D__weak=__attribute__((weak))' '-D__packed="__attribute__((__packed__))"' -DUSE_HAL_DRIVER -DSTM32F767xx -c -I"/Users/christiansager/klanghabitat_quantum/firmware/openblt_v011000/Target/Demo/ARMCM7_STM32F7_Nucleo_F767ZI_TrueStudio/Boot" -I"/Users/christiansager/klanghabitat_quantum/firmware/openblt_v011000/Target/Demo/ARMCM7_STM32F7_Nucleo_F767ZI_TrueStudio/Boot/lib" -I"/Users/christiansager/klanghabitat_quantum/firmware/openblt_v011000/Target/Demo/ARMCM7_STM32F7_Nucleo_F767ZI_TrueStudio/Boot/lib/CMSIS/Include" -I"/Users/christiansager/klanghabitat_quantum/firmware/openblt_v011000/Target/Demo/ARMCM7_STM32F7_Nucleo_F767ZI_TrueStudio/Boot/lib/CMSIS/Device/ST/STM32F7xx/Include" -I"/Users/christiansager/klanghabitat_quantum/firmware/openblt_v011000/Target/Demo/ARMCM7_STM32F7_Nucleo_F767ZI_TrueStudio/Boot/lib/STM32F7xx_HAL_Driver/Inc" -I"/Users/christiansager/klanghabitat_quantum/firmware/openblt_v011000/Target/Demo/ARMCM7_STM32F7_Nucleo_F767ZI_TrueStudio/Boot/lib/STM32F7xx_HAL_Driver/Inc/Legacy" -I"/Users/christiansager/klanghabitat_quantum/firmware/openblt_v011000/Target/Demo/ARMCM7_STM32F7_Nucleo_F767ZI_TrueStudio/Boot/lib/uip" -I/Users/christiansager/klanghabitat_quantum/firmware/openblt_v011000/Target/Source -I/Users/christiansager/klanghabitat_quantum/firmware/openblt_v011000/Target/Source/third_party/uip/uip -I/Users/christiansager/klanghabitat_quantum/firmware/openblt_v011000/Target/Source/third_party/uip/apps/dhcpc -I/Users/christiansager/klanghabitat_quantum/firmware/openblt_v011000/Target/Source/ARMCM7_STM32F7 -Og -ffunction-sections -fdata-sections -Wall -fstack-usage -MMD -MP -MF"lib/STM32F7xx_HAL_Driver/Src/stm32f7xx_hal_tim_ex.d" -MT"lib/STM32F7xx_HAL_Driver/Src/stm32f7xx_hal_tim_ex.o" --specs=nano.specs -mfpu=fpv5-sp-d16 -mfloat-abi=hard -mthumb -o "lib/STM32F7xx_HAL_Driver/Src/stm32f7xx_hal_tim_ex.o"
arm-none-eabi-gcc -c "../lib/STM32F7xx_HAL_Driver/Src/stm32f7xx_ll_dma.c" -mcpu=cortex-m7 -std=gnu11 -g3 -DUSE_FULL_LL_DRIVER '-D__weak=__attribute__((weak))' '-D__packed="__attribute__((__packed__))"' -DUSE_HAL_DRIVER -DSTM32F767xx -c -I"/Users/christiansager/klanghabitat_quantum/firmware/openblt_v011000/Target/Demo/ARMCM7_STM32F7_Nucleo_F767ZI_TrueStudio/Boot" -I"/Users/christiansager/klanghabitat_quantum/firmware/openblt_v011000/Target/Demo/ARMCM7_STM32F7_Nucleo_F767ZI_TrueStudio/Boot/lib" -I"/Users/christiansager/klanghabitat_quantum/firmware/openblt_v011000/Target/Demo/ARMCM7_STM32F7_Nucleo_F767ZI_TrueStudio/Boot/lib/CMSIS/Include" -I"/Users/christiansager/klanghabitat_quantum/firmware/openblt_v011000/Target/Demo/ARMCM7_STM32F7_Nucleo_F767ZI_TrueStudio/Boot/lib/CMSIS/Device/ST/STM32F7xx/Include" -I"/Users/christiansager/klanghabitat_quantum/firmware/openblt_v011000/Target/Demo/ARMCM7_STM32F7_Nucleo_F767ZI_TrueStudio/Boot/lib/STM32F7xx_HAL_Driver/Inc" -I"/Users/christiansager/klanghabitat_quantum/firmware/openblt_v011000/Target/Demo/ARMCM7_STM32F7_Nucleo_F767ZI_TrueStudio/Boot/lib/STM32F7xx_HAL_Driver/Inc/Legacy" -I"/Users/christiansager/klanghabitat_quantum/firmware/openblt_v011000/Target/Demo/ARMCM7_STM32F7_Nucleo_F767ZI_TrueStudio/Boot/lib/uip" -I/Users/christiansager/klanghabitat_quantum/firmware/openblt_v011000/Target/Source -I/Users/christiansager/klanghabitat_quantum/firmware/openblt_v011000/Target/Source/third_party/uip/uip -I/Users/christiansager/klanghabitat_quantum/firmware/openblt_v011000/Target/Source/third_party/uip/apps/dhcpc -I/Users/christiansager/klanghabitat_quantum/firmware/openblt_v011000/Target/Source/ARMCM7_STM32F7 -Og -ffunction-sections -fdata-sections -Wall -fstack-usage -MMD -MP -MF"lib/STM32F7xx_HAL_Driver/Src/stm32f7xx_ll_dma.d" -MT"lib/STM32F7xx_HAL_Driver/Src/stm32f7xx_ll_dma.o" --specs=nano.specs -mfpu=fpv5-sp-d16 -mfloat-abi=hard -mthumb -o "lib/STM32F7xx_HAL_Driver/Src/stm32f7xx_ll_dma.o"
arm-none-eabi-gcc -c "../lib/STM32F7xx_HAL_Driver/Src/stm32f7xx_ll_exti.c" -mcpu=cortex-m7 -std=gnu11 -g3 -DUSE_FULL_LL_DRIVER '-D__weak=__attribute__((weak))' '-D__packed="__attribute__((__packed__))"' -DUSE_HAL_DRIVER -DSTM32F767xx -c -I"/Users/christiansager/klanghabitat_quantum/firmware/openblt_v011000/Target/Demo/ARMCM7_STM32F7_Nucleo_F767ZI_TrueStudio/Boot" -I"/Users/christiansager/klanghabitat_quantum/firmware/openblt_v011000/Target/Demo/ARMCM7_STM32F7_Nucleo_F767ZI_TrueStudio/Boot/lib" -I"/Users/christiansager/klanghabitat_quantum/firmware/openblt_v011000/Target/Demo/ARMCM7_STM32F7_Nucleo_F767ZI_TrueStudio/Boot/lib/CMSIS/Include" -I"/Users/christiansager/klanghabitat_quantum/firmware/openblt_v011000/Target/Demo/ARMCM7_STM32F7_Nucleo_F767ZI_TrueStudio/Boot/lib/CMSIS/Device/ST/STM32F7xx/Include" -I"/Users/christiansager/klanghabitat_quantum/firmware/openblt_v011000/Target/Demo/ARMCM7_STM32F7_Nucleo_F767ZI_TrueStudio/Boot/lib/STM32F7xx_HAL_Driver/Inc" -I"/Users/christiansager/klanghabitat_quantum/firmware/openblt_v011000/Target/Demo/ARMCM7_STM32F7_Nucleo_F767ZI_TrueStudio/Boot/lib/STM32F7xx_HAL_Driver/Inc/Legacy" -I"/Users/christiansager/klanghabitat_quantum/firmware/openblt_v011000/Target/Demo/ARMCM7_STM32F7_Nucleo_F767ZI_TrueStudio/Boot/lib/uip" -I/Users/christiansager/klanghabitat_quantum/firmware/openblt_v011000/Target/Source -I/Users/christiansager/klanghabitat_quantum/firmware/openblt_v011000/Target/Source/third_party/uip/uip -I/Users/christiansager/klanghabitat_quantum/firmware/openblt_v011000/Target/Source/third_party/uip/apps/dhcpc -I/Users/christiansager/klanghabitat_quantum/firmware/openblt_v011000/Target/Source/ARMCM7_STM32F7 -Og -ffunction-sections -fdata-sections -Wall -fstack-usage -MMD -MP -MF"lib/STM32F7xx_HAL_Driver/Src/stm32f7xx_ll_exti.d" -MT"lib/STM32F7xx_HAL_Driver/Src/stm32f7xx_ll_exti.o" --specs=nano.specs -mfpu=fpv5-sp-d16 -mfloat-abi=hard -mthumb -o "lib/STM32F7xx_HAL_Driver/Src/stm32f7xx_ll_exti.o"
arm-none-eabi-gcc -c "../lib/STM32F7xx_HAL_Driver/Src/stm32f7xx_ll_gpio.c" -mcpu=cortex-m7 -std=gnu11 -g3 -DUSE_FULL_LL_DRIVER '-D__weak=__attribute__((weak))' '-D__packed="__attribute__((__packed__))"' -DUSE_HAL_DRIVER -DSTM32F767xx -c -I"/Users/christiansager/klanghabitat_quantum/firmware/openblt_v011000/Target/Demo/ARMCM7_STM32F7_Nucleo_F767ZI_TrueStudio/Boot" -I"/Users/christiansager/klanghabitat_quantum/firmware/openblt_v011000/Target/Demo/ARMCM7_STM32F7_Nucleo_F767ZI_TrueStudio/Boot/lib" -I"/Users/christiansager/klanghabitat_quantum/firmware/openblt_v011000/Target/Demo/ARMCM7_STM32F7_Nucleo_F767ZI_TrueStudio/Boot/lib/CMSIS/Include" -I"/Users/christiansager/klanghabitat_quantum/firmware/openblt_v011000/Target/Demo/ARMCM7_STM32F7_Nucleo_F767ZI_TrueStudio/Boot/lib/CMSIS/Device/ST/STM32F7xx/Include" -I"/Users/christiansager/klanghabitat_quantum/firmware/openblt_v011000/Target/Demo/ARMCM7_STM32F7_Nucleo_F767ZI_TrueStudio/Boot/lib/STM32F7xx_HAL_Driver/Inc" -I"/Users/christiansager/klanghabitat_quantum/firmware/openblt_v011000/Target/Demo/ARMCM7_STM32F7_Nucleo_F767ZI_TrueStudio/Boot/lib/STM32F7xx_HAL_Driver/Inc/Legacy" -I"/Users/christiansager/klanghabitat_quantum/firmware/openblt_v011000/Target/Demo/ARMCM7_STM32F7_Nucleo_F767ZI_TrueStudio/Boot/lib/uip" -I/Users/christiansager/klanghabitat_quantum/firmware/openblt_v011000/Target/Source -I/Users/christiansager/klanghabitat_quantum/firmware/openblt_v011000/Target/Source/third_party/uip/uip -I/Users/christiansager/klanghabitat_quantum/firmware/openblt_v011000/Target/Source/third_party/uip/apps/dhcpc -I/Users/christiansager/klanghabitat_quantum/firmware/openblt_v011000/Target/Source/ARMCM7_STM32F7 -Og -ffunction-sections -fdata-sections -Wall -fstack-usage -MMD -MP -MF"lib/STM32F7xx_HAL_Driver/Src/stm32f7xx_ll_gpio.d" -MT"lib/STM32F7xx_HAL_Driver/Src/stm32f7xx_ll_gpio.o" --specs=nano.specs -mfpu=fpv5-sp-d16 -mfloat-abi=hard -mthumb -o "lib/STM32F7xx_HAL_Driver/Src/stm32f7xx_ll_gpio.o"
arm-none-eabi-gcc -c "../lib/STM32F7xx_HAL_Driver/Src/stm32f7xx_ll_rcc.c" -mcpu=cortex-m7 -std=gnu11 -g3 -DUSE_FULL_LL_DRIVER '-D__weak=__attribute__((weak))' '-D__packed="__attribute__((__packed__))"' -DUSE_HAL_DRIVER -DSTM32F767xx -c -I"/Users/christiansager/klanghabitat_quantum/firmware/openblt_v011000/Target/Demo/ARMCM7_STM32F7_Nucleo_F767ZI_TrueStudio/Boot" -I"/Users/christiansager/klanghabitat_quantum/firmware/openblt_v011000/Target/Demo/ARMCM7_STM32F7_Nucleo_F767ZI_TrueStudio/Boot/lib" -I"/Users/christiansager/klanghabitat_quantum/firmware/openblt_v011000/Target/Demo/ARMCM7_STM32F7_Nucleo_F767ZI_TrueStudio/Boot/lib/CMSIS/Include" -I"/Users/christiansager/klanghabitat_quantum/firmware/openblt_v011000/Target/Demo/ARMCM7_STM32F7_Nucleo_F767ZI_TrueStudio/Boot/lib/CMSIS/Device/ST/STM32F7xx/Include" -I"/Users/christiansager/klanghabitat_quantum/firmware/openblt_v011000/Target/Demo/ARMCM7_STM32F7_Nucleo_F767ZI_TrueStudio/Boot/lib/STM32F7xx_HAL_Driver/Inc" -I"/Users/christiansager/klanghabitat_quantum/firmware/openblt_v011000/Target/Demo/ARMCM7_STM32F7_Nucleo_F767ZI_TrueStudio/Boot/lib/STM32F7xx_HAL_Driver/Inc/Legacy" -I"/Users/christiansager/klanghabitat_quantum/firmware/openblt_v011000/Target/Demo/ARMCM7_STM32F7_Nucleo_F767ZI_TrueStudio/Boot/lib/uip" -I/Users/christiansager/klanghabitat_quantum/firmware/openblt_v011000/Target/Source -I/Users/christiansager/klanghabitat_quantum/firmware/openblt_v011000/Target/Source/third_party/uip/uip -I/Users/christiansager/klanghabitat_quantum/firmware/openblt_v011000/Target/Source/third_party/uip/apps/dhcpc -I/Users/christiansager/klanghabitat_quantum/firmware/openblt_v011000/Target/Source/ARMCM7_STM32F7 -Og -ffunction-sections -fdata-sections -Wall -fstack-usage -MMD -MP -MF"lib/STM32F7xx_HAL_Driver/Src/stm32f7xx_ll_rcc.d" -MT"lib/STM32F7xx_HAL_Driver/Src/stm32f7xx_ll_rcc.o" --specs=nano.specs -mfpu=fpv5-sp-d16 -mfloat-abi=hard -mthumb -o "lib/STM32F7xx_HAL_Driver/Src/stm32f7xx_ll_rcc.o"
arm-none-eabi-gcc -c "../lib/STM32F7xx_HAL_Driver/Src/stm32f7xx_ll_usart.c" -mcpu=cortex-m7 -std=gnu11 -g3 -DUSE_FULL_LL_DRIVER '-D__weak=__attribute__((weak))' '-D__packed="__attribute__((__packed__))"' -DUSE_HAL_DRIVER -DSTM32F767xx -c -I"/Users/christiansager/klanghabitat_quantum/firmware/openblt_v011000/Target/Demo/ARMCM7_STM32F7_Nucleo_F767ZI_TrueStudio/Boot" -I"/Users/christiansager/klanghabitat_quantum/firmware/openblt_v011000/Target/Demo/ARMCM7_STM32F7_Nucleo_F767ZI_TrueStudio/Boot/lib" -I"/Users/christiansager/klanghabitat_quantum/firmware/openblt_v011000/Target/Demo/ARMCM7_STM32F7_Nucleo_F767ZI_TrueStudio/Boot/lib/CMSIS/Include" -I"/Users/christiansager/klanghabitat_quantum/firmware/openblt_v011000/Target/Demo/ARMCM7_STM32F7_Nucleo_F767ZI_TrueStudio/Boot/lib/CMSIS/Device/ST/STM32F7xx/Include" -I"/Users/christiansager/klanghabitat_quantum/firmware/openblt_v011000/Target/Demo/ARMCM7_STM32F7_Nucleo_F767ZI_TrueStudio/Boot/lib/STM32F7xx_HAL_Driver/Inc" -I"/Users/christiansager/klanghabitat_quantum/firmware/openblt_v011000/Target/Demo/ARMCM7_STM32F7_Nucleo_F767ZI_TrueStudio/Boot/lib/STM32F7xx_HAL_Driver/Inc/Legacy" -I"/Users/christiansager/klanghabitat_quantum/firmware/openblt_v011000/Target/Demo/ARMCM7_STM32F7_Nucleo_F767ZI_TrueStudio/Boot/lib/uip" -I/Users/christiansager/klanghabitat_quantum/firmware/openblt_v011000/Target/Source -I/Users/christiansager/klanghabitat_quantum/firmware/openblt_v011000/Target/Source/third_party/uip/uip -I/Users/christiansager/klanghabitat_quantum/firmware/openblt_v011000/Target/Source/third_party/uip/apps/dhcpc -I/Users/christiansager/klanghabitat_quantum/firmware/openblt_v011000/Target/Source/ARMCM7_STM32F7 -Og -ffunction-sections -fdata-sections -Wall -fstack-usage -MMD -MP -MF"lib/STM32F7xx_HAL_Driver/Src/stm32f7xx_ll_usart.d" -MT"lib/STM32F7xx_HAL_Driver/Src/stm32f7xx_ll_usart.o" --specs=nano.specs -mfpu=fpv5-sp-d16 -mfloat-abi=hard -mthumb -o "lib/STM32F7xx_HAL_Driver/Src/stm32f7xx_ll_usart.o"
arm-none-eabi-gcc -c "../lib/STM32F7xx_HAL_Driver/Src/stm32f7xx_ll_utils.c" -mcpu=cortex-m7 -std=gnu11 -g3 -DUSE_FULL_LL_DRIVER '-D__weak=__attribute__((weak))' '-D__packed="__attribute__((__packed__))"' -DUSE_HAL_DRIVER -DSTM32F767xx -c -I"/Users/christiansager/klanghabitat_quantum/firmware/openblt_v011000/Target/Demo/ARMCM7_STM32F7_Nucleo_F767ZI_TrueStudio/Boot" -I"/Users/christiansager/klanghabitat_quantum/firmware/openblt_v011000/Target/Demo/ARMCM7_STM32F7_Nucleo_F767ZI_TrueStudio/Boot/lib" -I"/Users/christiansager/klanghabitat_quantum/firmware/openblt_v011000/Target/Demo/ARMCM7_STM32F7_Nucleo_F767ZI_TrueStudio/Boot/lib/CMSIS/Include" -I"/Users/christiansager/klanghabitat_quantum/firmware/openblt_v011000/Target/Demo/ARMCM7_STM32F7_Nucleo_F767ZI_TrueStudio/Boot/lib/CMSIS/Device/ST/STM32F7xx/Include" -I"/Users/christiansager/klanghabitat_quantum/firmware/openblt_v011000/Target/Demo/ARMCM7_STM32F7_Nucleo_F767ZI_TrueStudio/Boot/lib/STM32F7xx_HAL_Driver/Inc" -I"/Users/christiansager/klanghabitat_quantum/firmware/openblt_v011000/Target/Demo/ARMCM7_STM32F7_Nucleo_F767ZI_TrueStudio/Boot/lib/STM32F7xx_HAL_Driver/Inc/Legacy" -I"/Users/christiansager/klanghabitat_quantum/firmware/openblt_v011000/Target/Demo/ARMCM7_STM32F7_Nucleo_F767ZI_TrueStudio/Boot/lib/uip" -I/Users/christiansager/klanghabitat_quantum/firmware/openblt_v011000/Target/Source -I/Users/christiansager/klanghabitat_quantum/firmware/openblt_v011000/Target/Source/third_party/uip/uip -I/Users/christiansager/klanghabitat_quantum/firmware/openblt_v011000/Target/Source/third_party/uip/apps/dhcpc -I/Users/christiansager/klanghabitat_quantum/firmware/openblt_v011000/Target/Source/ARMCM7_STM32F7 -Og -ffunction-sections -fdata-sections -Wall -fstack-usage -MMD -MP -MF"lib/STM32F7xx_HAL_Driver/Src/stm32f7xx_ll_utils.d" -MT"lib/STM32F7xx_HAL_Driver/Src/stm32f7xx_ll_utils.o" --specs=nano.specs -mfpu=fpv5-sp-d16 -mfloat-abi=hard -mthumb -o "lib/STM32F7xx_HAL_Driver/Src/stm32f7xx_ll_utils.o"
arm-none-eabi-gcc -c "../lib/system_stm32f7xx.c" -mcpu=cortex-m7 -std=gnu11 -g3 -DUSE_FULL_LL_DRIVER '-D__weak=__attribute__((weak))' '-D__packed="__attribute__((__packed__))"' -DUSE_HAL_DRIVER -DSTM32F767xx -c -I"/Users/christiansager/klanghabitat_quantum/firmware/openblt_v011000/Target/Demo/ARMCM7_STM32F7_Nucleo_F767ZI_TrueStudio/Boot" -I"/Users/christiansager/klanghabitat_quantum/firmware/openblt_v011000/Target/Demo/ARMCM7_STM32F7_Nucleo_F767ZI_TrueStudio/Boot/lib" -I"/Users/christiansager/klanghabitat_quantum/firmware/openblt_v011000/Target/Demo/ARMCM7_STM32F7_Nucleo_F767ZI_TrueStudio/Boot/lib/CMSIS/Include" -I"/Users/christiansager/klanghabitat_quantum/firmware/openblt_v011000/Target/Demo/ARMCM7_STM32F7_Nucleo_F767ZI_TrueStudio/Boot/lib/CMSIS/Device/ST/STM32F7xx/Include" -I"/Users/christiansager/klanghabitat_quantum/firmware/openblt_v011000/Target/Demo/ARMCM7_STM32F7_Nucleo_F767ZI_TrueStudio/Boot/lib/STM32F7xx_HAL_Driver/Inc" -I"/Users/christiansager/klanghabitat_quantum/firmware/openblt_v011000/Target/Demo/ARMCM7_STM32F7_Nucleo_F767ZI_TrueStudio/Boot/lib/STM32F7xx_HAL_Driver/Inc/Legacy" -I"/Users/christiansager/klanghabitat_quantum/firmware/openblt_v011000/Target/Demo/ARMCM7_STM32F7_Nucleo_F767ZI_TrueStudio/Boot/lib/uip" -I/Users/christiansager/klanghabitat_quantum/firmware/openblt_v011000/Target/Source -I/Users/christiansager/klanghabitat_quantum/firmware/openblt_v011000/Target/Source/third_party/uip/uip -I/Users/christiansager/klanghabitat_quantum/firmware/openblt_v011000/Target/Source/third_party/uip/apps/dhcpc -I/Users/christiansager/klanghabitat_quantum/firmware/openblt_v011000/Target/Source/ARMCM7_STM32F7 -Og -ffunction-sections -fdata-sections -Wall -fstack-usage -MMD -MP -MF"lib/system_stm32f7xx.d" -MT"lib/system_stm32f7xx.o" --specs=nano.specs -mfpu=fpv5-sp-d16 -mfloat-abi=hard -mthumb -o "lib/system_stm32f7xx.o"
arm-none-eabi-gcc -c "/Users/christiansager/klanghabitat_quantum/firmware/openblt_v011000/Target/Source/third_party/uip/uip/uip.c" -mcpu=cortex-m7 -std=gnu11 -g3 -DUSE_FULL_LL_DRIVER '-D__weak=__attribute__((weak))' '-D__packed="__attribute__((__packed__))"' -DUSE_HAL_DRIVER -DSTM32F767xx -c -I"/Users/christiansager/klanghabitat_quantum/firmware/openblt_v011000/Target/Demo/ARMCM7_STM32F7_Nucleo_F767ZI_TrueStudio/Boot" -I"/Users/christiansager/klanghabitat_quantum/firmware/openblt_v011000/Target/Demo/ARMCM7_STM32F7_Nucleo_F767ZI_TrueStudio/Boot/lib" -I"/Users/christiansager/klanghabitat_quantum/firmware/openblt_v011000/Target/Demo/ARMCM7_STM32F7_Nucleo_F767ZI_TrueStudio/Boot/lib/CMSIS/Include" -I"/Users/christiansager/klanghabitat_quantum/firmware/openblt_v011000/Target/Demo/ARMCM7_STM32F7_Nucleo_F767ZI_TrueStudio/Boot/lib/CMSIS/Device/ST/STM32F7xx/Include" -I"/Users/christiansager/klanghabitat_quantum/firmware/openblt_v011000/Target/Demo/ARMCM7_STM32F7_Nucleo_F767ZI_TrueStudio/Boot/lib/STM32F7xx_HAL_Driver/Inc" -I"/Users/christiansager/klanghabitat_quantum/firmware/openblt_v011000/Target/Demo/ARMCM7_STM32F7_Nucleo_F767ZI_TrueStudio/Boot/lib/STM32F7xx_HAL_Driver/Inc/Legacy" -I"/Users/christiansager/klanghabitat_quantum/firmware/openblt_v011000/Target/Demo/ARMCM7_STM32F7_Nucleo_F767ZI_TrueStudio/Boot/lib/uip" -I/Users/christiansager/klanghabitat_quantum/firmware/openblt_v011000/Target/Source -I/Users/christiansager/klanghabitat_quantum/firmware/openblt_v011000/Target/Source/third_party/uip/uip -I/Users/christiansager/klanghabitat_quantum/firmware/openblt_v011000/Target/Source/third_party/uip/apps/dhcpc -I/Users/christiansager/klanghabitat_quantum/firmware/openblt_v011000/Target/Source/ARMCM7_STM32F7 -Og -ffunction-sections -fdata-sections -Wall -fstack-usage -MMD -MP -MF"core/third_party/uip/uip/uip.d" -MT"core/third_party/uip/uip/uip.o" --specs=nano.specs -mfpu=fpv5-sp-d16 -mfloat-abi=hard -mthumb -o "core/third_party/uip/uip/uip.o"
arm-none-eabi-gcc -c "/Users/christiansager/klanghabitat_quantum/firmware/openblt_v011000/Target/Source/third_party/uip/uip/uip_arp.c" -mcpu=cortex-m7 -std=gnu11 -g3 -DUSE_FULL_LL_DRIVER '-D__weak=__attribute__((weak))' '-D__packed="__attribute__((__packed__))"' -DUSE_HAL_DRIVER -DSTM32F767xx -c -I"/Users/christiansager/klanghabitat_quantum/firmware/openblt_v011000/Target/Demo/ARMCM7_STM32F7_Nucleo_F767ZI_TrueStudio/Boot" -I"/Users/christiansager/klanghabitat_quantum/firmware/openblt_v011000/Target/Demo/ARMCM7_STM32F7_Nucleo_F767ZI_TrueStudio/Boot/lib" -I"/Users/christiansager/klanghabitat_quantum/firmware/openblt_v011000/Target/Demo/ARMCM7_STM32F7_Nucleo_F767ZI_TrueStudio/Boot/lib/CMSIS/Include" -I"/Users/christiansager/klanghabitat_quantum/firmware/openblt_v011000/Target/Demo/ARMCM7_STM32F7_Nucleo_F767ZI_TrueStudio/Boot/lib/CMSIS/Device/ST/STM32F7xx/Include" -I"/Users/christiansager/klanghabitat_quantum/firmware/openblt_v011000/Target/Demo/ARMCM7_STM32F7_Nucleo_F767ZI_TrueStudio/Boot/lib/STM32F7xx_HAL_Driver/Inc" -I"/Users/christiansager/klanghabitat_quantum/firmware/openblt_v011000/Target/Demo/ARMCM7_STM32F7_Nucleo_F767ZI_TrueStudio/Boot/lib/STM32F7xx_HAL_Driver/Inc/Legacy" -I"/Users/christiansager/klanghabitat_quantum/firmware/openblt_v011000/Target/Demo/ARMCM7_STM32F7_Nucleo_F767ZI_TrueStudio/Boot/lib/uip" -I/Users/christiansager/klanghabitat_quantum/firmware/openblt_v011000/Target/Source -I/Users/christiansager/klanghabitat_quantum/firmware/openblt_v011000/Target/Source/third_party/uip/uip -I/Users/christiansager/klanghabitat_quantum/firmware/openblt_v011000/Target/Source/third_party/uip/apps/dhcpc -I/Users/christiansager/klanghabitat_quantum/firmware/openblt_v011000/Target/Source/ARMCM7_STM32F7 -Og -ffunction-sections -fdata-sections -Wall -fstack-usage -MMD -MP -MF"core/third_party/uip/uip/uip_arp.d" -MT"core/third_party/uip/uip/uip_arp.o" --specs=nano.specs -mfpu=fpv5-sp-d16 -mfloat-abi=hard -mthumb -o "core/third_party/uip/uip/uip_arp.o"
arm-none-eabi-gcc -c "/Users/christiansager/klanghabitat_quantum/firmware/openblt_v011000/Target/Source/third_party/uip/uip/uip_timer.c" -mcpu=cortex-m7 -std=gnu11 -g3 -DUSE_FULL_LL_DRIVER '-D__weak=__attribute__((weak))' '-D__packed="__attribute__((__packed__))"' -DUSE_HAL_DRIVER -DSTM32F767xx -c -I"/Users/christiansager/klanghabitat_quantum/firmware/openblt_v011000/Target/Demo/ARMCM7_STM32F7_Nucleo_F767ZI_TrueStudio/Boot" -I"/Users/christiansager/klanghabitat_quantum/firmware/openblt_v011000/Target/Demo/ARMCM7_STM32F7_Nucleo_F767ZI_TrueStudio/Boot/lib" -I"/Users/christiansager/klanghabitat_quantum/firmware/openblt_v011000/Target/Demo/ARMCM7_STM32F7_Nucleo_F767ZI_TrueStudio/Boot/lib/CMSIS/Include" -I"/Users/christiansager/klanghabitat_quantum/firmware/openblt_v011000/Target/Demo/ARMCM7_STM32F7_Nucleo_F767ZI_TrueStudio/Boot/lib/CMSIS/Device/ST/STM32F7xx/Include" -I"/Users/christiansager/klanghabitat_quantum/firmware/openblt_v011000/Target/Demo/ARMCM7_STM32F7_Nucleo_F767ZI_TrueStudio/Boot/lib/STM32F7xx_HAL_Driver/Inc" -I"/Users/christiansager/klanghabitat_quantum/firmware/openblt_v011000/Target/Demo/ARMCM7_STM32F7_Nucleo_F767ZI_TrueStudio/Boot/lib/STM32F7xx_HAL_Driver/Inc/Legacy" -I"/Users/christiansager/klanghabitat_quantum/firmware/openblt_v011000/Target/Demo/ARMCM7_STM32F7_Nucleo_F767ZI_TrueStudio/Boot/lib/uip" -I/Users/christiansager/klanghabitat_quantum/firmware/openblt_v011000/Target/Source -I/Users/christiansager/klanghabitat_quantum/firmware/openblt_v011000/Target/Source/third_party/uip/uip -I/Users/christiansager/klanghabitat_quantum/firmware/openblt_v011000/Target/Source/third_party/uip/apps/dhcpc -I/Users/christiansager/klanghabitat_quantum/firmware/openblt_v011000/Target/Source/ARMCM7_STM32F7 -Og -ffunction-sections -fdata-sections -Wall -fstack-usage -MMD -MP -MF"core/third_party/uip/uip/uip_timer.d" -MT"core/third_party/uip/uip/uip_timer.o" --specs=nano.specs -mfpu=fpv5-sp-d16 -mfloat-abi=hard -mthumb -o "core/third_party/uip/uip/uip_timer.o"
arm-none-eabi-gcc -c "/Users/christiansager/klanghabitat_quantum/firmware/openblt_v011000/Target/Source/third_party/uip/uip/uiplib.c" -mcpu=cortex-m7 -std=gnu11 -g3 -DUSE_FULL_LL_DRIVER '-D__weak=__attribute__((weak))' '-D__packed="__attribute__((__packed__))"' -DUSE_HAL_DRIVER -DSTM32F767xx -c -I"/Users/christiansager/klanghabitat_quantum/firmware/openblt_v011000/Target/Demo/ARMCM7_STM32F7_Nucleo_F767ZI_TrueStudio/Boot" -I"/Users/christiansager/klanghabitat_quantum/firmware/openblt_v011000/Target/Demo/ARMCM7_STM32F7_Nucleo_F767ZI_TrueStudio/Boot/lib" -I"/Users/christiansager/klanghabitat_quantum/firmware/openblt_v011000/Target/Demo/ARMCM7_STM32F7_Nucleo_F767ZI_TrueStudio/Boot/lib/CMSIS/Include" -I"/Users/christiansager/klanghabitat_quantum/firmware/openblt_v011000/Target/Demo/ARMCM7_STM32F7_Nucleo_F767ZI_TrueStudio/Boot/lib/CMSIS/Device/ST/STM32F7xx/Include" -I"/Users/christiansager/klanghabitat_quantum/firmware/openblt_v011000/Target/Demo/ARMCM7_STM32F7_Nucleo_F767ZI_TrueStudio/Boot/lib/STM32F7xx_HAL_Driver/Inc" -I"/Users/christiansager/klanghabitat_quantum/firmware/openblt_v011000/Target/Demo/ARMCM7_STM32F7_Nucleo_F767ZI_TrueStudio/Boot/lib/STM32F7xx_HAL_Driver/Inc/Legacy" -I"/Users/christiansager/klanghabitat_quantum/firmware/openblt_v011000/Target/Demo/ARMCM7_STM32F7_Nucleo_F767ZI_TrueStudio/Boot/lib/uip" -I/Users/christiansager/klanghabitat_quantum/firmware/openblt_v011000/Target/Source -I/Users/christiansager/klanghabitat_quantum/firmware/openblt_v011000/Target/Source/third_party/uip/uip -I/Users/christiansager/klanghabitat_quantum/firmware/openblt_v011000/Target/Source/third_party/uip/apps/dhcpc -I/Users/christiansager/klanghabitat_quantum/firmware/openblt_v011000/Target/Source/ARMCM7_STM32F7 -Og -ffunction-sections -fdata-sections -Wall -fstack-usage -MMD -MP -MF"core/third_party/uip/uip/uiplib.d" -MT"core/third_party/uip/uip/uiplib.o" --specs=nano.specs -mfpu=fpv5-sp-d16 -mfloat-abi=hard -mthumb -o "core/third_party/uip/uip/uiplib.o"
arm-none-eabi-gcc -c "/Users/christiansager/klanghabitat_quantum/firmware/openblt_v011000/Target/Source/third_party/uip/apps/dhcpc/dhcpc.c" -mcpu=cortex-m7 -std=gnu11 -g3 -DUSE_FULL_LL_DRIVER '-D__weak=__attribute__((weak))' '-D__packed="__attribute__((__packed__))"' -DUSE_HAL_DRIVER -DSTM32F767xx -c -I"/Users/christiansager/klanghabitat_quantum/firmware/openblt_v011000/Target/Demo/ARMCM7_STM32F7_Nucleo_F767ZI_TrueStudio/Boot" -I"/Users/christiansager/klanghabitat_quantum/firmware/openblt_v011000/Target/Demo/ARMCM7_STM32F7_Nucleo_F767ZI_TrueStudio/Boot/lib" -I"/Users/christiansager/klanghabitat_quantum/firmware/openblt_v011000/Target/Demo/ARMCM7_STM32F7_Nucleo_F767ZI_TrueStudio/Boot/lib/CMSIS/Include" -I"/Users/christiansager/klanghabitat_quantum/firmware/openblt_v011000/Target/Demo/ARMCM7_STM32F7_Nucleo_F767ZI_TrueStudio/Boot/lib/CMSIS/Device/ST/STM32F7xx/Include" -I"/Users/christiansager/klanghabitat_quantum/firmware/openblt_v011000/Target/Demo/ARMCM7_STM32F7_Nucleo_F767ZI_TrueStudio/Boot/lib/STM32F7xx_HAL_Driver/Inc" -I"/Users/christiansager/klanghabitat_quantum/firmware/openblt_v011000/Target/Demo/ARMCM7_STM32F7_Nucleo_F767ZI_TrueStudio/Boot/lib/STM32F7xx_HAL_Driver/Inc/Legacy" -I"/Users/christiansager/klanghabitat_quantum/firmware/openblt_v011000/Target/Demo/ARMCM7_STM32F7_Nucleo_F767ZI_TrueStudio/Boot/lib/uip" -I/Users/christiansager/klanghabitat_quantum/firmware/openblt_v011000/Target/Source -I/Users/christiansager/klanghabitat_quantum/firmware/openblt_v011000/Target/Source/third_party/uip/uip -I/Users/christiansager/klanghabitat_quantum/firmware/openblt_v011000/Target/Source/third_party/uip/apps/dhcpc -I/Users/christiansager/klanghabitat_quantum/firmware/openblt_v011000/Target/Source/ARMCM7_STM32F7 -Og -ffunction-sections -fdata-sections -Wall -fstack-usage -MMD -MP -MF"core/third_party/uip/apps/dhcpc/dhcpc.d" -MT"core/third_party/uip/apps/dhcpc/dhcpc.o" --specs=nano.specs -mfpu=fpv5-sp-d16 -mfloat-abi=hard -mthumb -o "core/third_party/uip/apps/dhcpc/dhcpc.o"
arm-none-eabi-gcc -c "/Users/christiansager/klanghabitat_quantum/firmware/openblt_v011000/Target/Source/ARMCM7_STM32F7/GCC/cpu_comp.c" -mcpu=cortex-m7 -std=gnu11 -g3 -DUSE_FULL_LL_DRIVER '-D__weak=__attribute__((weak))' '-D__packed="__attribute__((__packed__))"' -DUSE_HAL_DRIVER -DSTM32F767xx -c -I"/Users/christiansager/klanghabitat_quantum/firmware/openblt_v011000/Target/Demo/ARMCM7_STM32F7_Nucleo_F767ZI_TrueStudio/Boot" -I"/Users/christiansager/klanghabitat_quantum/firmware/openblt_v011000/Target/Demo/ARMCM7_STM32F7_Nucleo_F767ZI_TrueStudio/Boot/lib" -I"/Users/christiansager/klanghabitat_quantum/firmware/openblt_v011000/Target/Demo/ARMCM7_STM32F7_Nucleo_F767ZI_TrueStudio/Boot/lib/CMSIS/Include" -I"/Users/christiansager/klanghabitat_quantum/firmware/openblt_v011000/Target/Demo/ARMCM7_STM32F7_Nucleo_F767ZI_TrueStudio/Boot/lib/CMSIS/Device/ST/STM32F7xx/Include" -I"/Users/christiansager/klanghabitat_quantum/firmware/openblt_v011000/Target/Demo/ARMCM7_STM32F7_Nucleo_F767ZI_TrueStudio/Boot/lib/STM32F7xx_HAL_Driver/Inc" -I"/Users/christiansager/klanghabitat_quantum/firmware/openblt_v011000/Target/Demo/ARMCM7_STM32F7_Nucleo_F767ZI_TrueStudio/Boot/lib/STM32F7xx_HAL_Driver/Inc/Legacy" -I"/Users/christiansager/klanghabitat_quantum/firmware/openblt_v011000/Target/Demo/ARMCM7_STM32F7_Nucleo_F767ZI_TrueStudio/Boot/lib/uip" -I/Users/christiansager/klanghabitat_quantum/firmware/openblt_v011000/Target/Source -I/Users/christiansager/klanghabitat_quantum/firmware/openblt_v011000/Target/Source/third_party/uip/uip -I/Users/christiansager/klanghabitat_quantum/firmware/openblt_v011000/Target/Source/third_party/uip/apps/dhcpc -I/Users/christiansager/klanghabitat_quantum/firmware/openblt_v011000/Target/Source/ARMCM7_STM32F7 -Og -ffunction-sections -fdata-sections -Wall -fstack-usage -MMD -MP -MF"core/ARMCM7_STM32F7/GCC/cpu_comp.d" -MT"core/ARMCM7_STM32F7/GCC/cpu_comp.o" --specs=nano.specs -mfpu=fpv5-sp-d16 -mfloat-abi=hard -mthumb -o "core/ARMCM7_STM32F7/GCC/cpu_comp.o"
arm-none-eabi-gcc -c "/Users/christiansager/klanghabitat_quantum/firmware/openblt_v011000/Target/Source/ARMCM7_STM32F7/can.c" -mcpu=cortex-m7 -std=gnu11 -g3 -DUSE_FULL_LL_DRIVER '-D__weak=__attribute__((weak))' '-D__packed="__attribute__((__packed__))"' -DUSE_HAL_DRIVER -DSTM32F767xx -c -I"/Users/christiansager/klanghabitat_quantum/firmware/openblt_v011000/Target/Demo/ARMCM7_STM32F7_Nucleo_F767ZI_TrueStudio/Boot" -I"/Users/christiansager/klanghabitat_quantum/firmware/openblt_v011000/Target/Demo/ARMCM7_STM32F7_Nucleo_F767ZI_TrueStudio/Boot/lib" -I"/Users/christiansager/klanghabitat_quantum/firmware/openblt_v011000/Target/Demo/ARMCM7_STM32F7_Nucleo_F767ZI_TrueStudio/Boot/lib/CMSIS/Include" -I"/Users/christiansager/klanghabitat_quantum/firmware/openblt_v011000/Target/Demo/ARMCM7_STM32F7_Nucleo_F767ZI_TrueStudio/Boot/lib/CMSIS/Device/ST/STM32F7xx/Include" -I"/Users/christiansager/klanghabitat_quantum/firmware/openblt_v011000/Target/Demo/ARMCM7_STM32F7_Nucleo_F767ZI_TrueStudio/Boot/lib/STM32F7xx_HAL_Driver/Inc" -I"/Users/christiansager/klanghabitat_quantum/firmware/openblt_v011000/Target/Demo/ARMCM7_STM32F7_Nucleo_F767ZI_TrueStudio/Boot/lib/STM32F7xx_HAL_Driver/Inc/Legacy" -I"/Users/christiansager/klanghabitat_quantum/firmware/openblt_v011000/Target/Demo/ARMCM7_STM32F7_Nucleo_F767ZI_TrueStudio/Boot/lib/uip" -I/Users/christiansager/klanghabitat_quantum/firmware/openblt_v011000/Target/Source -I/Users/christiansager/klanghabitat_quantum/firmware/openblt_v011000/Target/Source/third_party/uip/uip -I/Users/christiansager/klanghabitat_quantum/firmware/openblt_v011000/Target/Source/third_party/uip/apps/dhcpc -I/Users/christiansager/klanghabitat_quantum/firmware/openblt_v011000/Target/Source/ARMCM7_STM32F7 -Og -ffunction-sections -fdata-sections -Wall -fstack-usage -MMD -MP -MF"core/ARMCM7_STM32F7/can.d" -MT"core/ARMCM7_STM32F7/can.o" --specs=nano.specs -mfpu=fpv5-sp-d16 -mfloat-abi=hard -mthumb -o "core/ARMCM7_STM32F7/can.o"
arm-none-eabi-gcc -c "/Users/christiansager/klanghabitat_quantum/firmware/openblt_v011000/Target/Source/ARMCM7_STM32F7/cpu.c" -mcpu=cortex-m7 -std=gnu11 -g3 -DUSE_FULL_LL_DRIVER '-D__weak=__attribute__((weak))' '-D__packed="__attribute__((__packed__))"' -DUSE_HAL_DRIVER -DSTM32F767xx -c -I"/Users/christiansager/klanghabitat_quantum/firmware/openblt_v011000/Target/Demo/ARMCM7_STM32F7_Nucleo_F767ZI_TrueStudio/Boot" -I"/Users/christiansager/klanghabitat_quantum/firmware/openblt_v011000/Target/Demo/ARMCM7_STM32F7_Nucleo_F767ZI_TrueStudio/Boot/lib" -I"/Users/christiansager/klanghabitat_quantum/firmware/openblt_v011000/Target/Demo/ARMCM7_STM32F7_Nucleo_F767ZI_TrueStudio/Boot/lib/CMSIS/Include" -I"/Users/christiansager/klanghabitat_quantum/firmware/openblt_v011000/Target/Demo/ARMCM7_STM32F7_Nucleo_F767ZI_TrueStudio/Boot/lib/CMSIS/Device/ST/STM32F7xx/Include" -I"/Users/christiansager/klanghabitat_quantum/firmware/openblt_v011000/Target/Demo/ARMCM7_STM32F7_Nucleo_F767ZI_TrueStudio/Boot/lib/STM32F7xx_HAL_Driver/Inc" -I"/Users/christiansager/klanghabitat_quantum/firmware/openblt_v011000/Target/Demo/ARMCM7_STM32F7_Nucleo_F767ZI_TrueStudio/Boot/lib/STM32F7xx_HAL_Driver/Inc/Legacy" -I"/Users/christiansager/klanghabitat_quantum/firmware/openblt_v011000/Target/Demo/ARMCM7_STM32F7_Nucleo_F767ZI_TrueStudio/Boot/lib/uip" -I/Users/christiansager/klanghabitat_quantum/firmware/openblt_v011000/Target/Source -I/Users/christiansager/klanghabitat_quantum/firmware/openblt_v011000/Target/Source/third_party/uip/uip -I/Users/christiansager/klanghabitat_quantum/firmware/openblt_v011000/Target/Source/third_party/uip/apps/dhcpc -I/Users/christiansager/klanghabitat_quantum/firmware/openblt_v011000/Target/Source/ARMCM7_STM32F7 -Og -ffunction-sections -fdata-sections -Wall -fstack-usage -MMD -MP -MF"core/ARMCM7_STM32F7/cpu.d" -MT"core/ARMCM7_STM32F7/cpu.o" --specs=nano.specs -mfpu=fpv5-sp-d16 -mfloat-abi=hard -mthumb -o "core/ARMCM7_STM32F7/cpu.o"
arm-none-eabi-gcc -c "/Users/christiansager/klanghabitat_quantum/firmware/openblt_v011000/Target/Source/ARMCM7_STM32F7/flash.c" -mcpu=cortex-m7 -std=gnu11 -g3 -DUSE_FULL_LL_DRIVER '-D__weak=__attribute__((weak))' '-D__packed="__attribute__((__packed__))"' -DUSE_HAL_DRIVER -DSTM32F767xx -c -I"/Users/christiansager/klanghabitat_quantum/firmware/openblt_v011000/Target/Demo/ARMCM7_STM32F7_Nucleo_F767ZI_TrueStudio/Boot" -I"/Users/christiansager/klanghabitat_quantum/firmware/openblt_v011000/Target/Demo/ARMCM7_STM32F7_Nucleo_F767ZI_TrueStudio/Boot/lib" -I"/Users/christiansager/klanghabitat_quantum/firmware/openblt_v011000/Target/Demo/ARMCM7_STM32F7_Nucleo_F767ZI_TrueStudio/Boot/lib/CMSIS/Include" -I"/Users/christiansager/klanghabitat_quantum/firmware/openblt_v011000/Target/Demo/ARMCM7_STM32F7_Nucleo_F767ZI_TrueStudio/Boot/lib/CMSIS/Device/ST/STM32F7xx/Include" -I"/Users/christiansager/klanghabitat_quantum/firmware/openblt_v011000/Target/Demo/ARMCM7_STM32F7_Nucleo_F767ZI_TrueStudio/Boot/lib/STM32F7xx_HAL_Driver/Inc" -I"/Users/christiansager/klanghabitat_quantum/firmware/openblt_v011000/Target/Demo/ARMCM7_STM32F7_Nucleo_F767ZI_TrueStudio/Boot/lib/STM32F7xx_HAL_Driver/Inc/Legacy" -I"/Users/christiansager/klanghabitat_quantum/firmware/openblt_v011000/Target/Demo/ARMCM7_STM32F7_Nucleo_F767ZI_TrueStudio/Boot/lib/uip" -I/Users/christiansager/klanghabitat_quantum/firmware/openblt_v011000/Target/Source -I/Users/christiansager/klanghabitat_quantum/firmware/openblt_v011000/Target/Source/third_party/uip/uip -I/Users/christiansager/klanghabitat_quantum/firmware/openblt_v011000/Target/Source/third_party/uip/apps/dhcpc -I/Users/christiansager/klanghabitat_quantum/firmware/openblt_v011000/Target/Source/ARMCM7_STM32F7 -Og -ffunction-sections -fdata-sections -Wall -fstack-usage -MMD -MP -MF"core/ARMCM7_STM32F7/flash.d" -MT"core/ARMCM7_STM32F7/flash.o" --specs=nano.specs -mfpu=fpv5-sp-d16 -mfloat-abi=hard -mthumb -o "core/ARMCM7_STM32F7/flash.o"
arm-none-eabi-gcc -c "/Users/christiansager/klanghabitat_quantum/firmware/openblt_v011000/Target/Source/ARMCM7_STM32F7/nvm.c" -mcpu=cortex-m7 -std=gnu11 -g3 -DUSE_FULL_LL_DRIVER '-D__weak=__attribute__((weak))' '-D__packed="__attribute__((__packed__))"' -DUSE_HAL_DRIVER -DSTM32F767xx -c -I"/Users/christiansager/klanghabitat_quantum/firmware/openblt_v011000/Target/Demo/ARMCM7_STM32F7_Nucleo_F767ZI_TrueStudio/Boot" -I"/Users/christiansager/klanghabitat_quantum/firmware/openblt_v011000/Target/Demo/ARMCM7_STM32F7_Nucleo_F767ZI_TrueStudio/Boot/lib" -I"/Users/christiansager/klanghabitat_quantum/firmware/openblt_v011000/Target/Demo/ARMCM7_STM32F7_Nucleo_F767ZI_TrueStudio/Boot/lib/CMSIS/Include" -I"/Users/christiansager/klanghabitat_quantum/firmware/openblt_v011000/Target/Demo/ARMCM7_STM32F7_Nucleo_F767ZI_TrueStudio/Boot/lib/CMSIS/Device/ST/STM32F7xx/Include" -I"/Users/christiansager/klanghabitat_quantum/firmware/openblt_v011000/Target/Demo/ARMCM7_STM32F7_Nucleo_F767ZI_TrueStudio/Boot/lib/STM32F7xx_HAL_Driver/Inc" -I"/Users/christiansager/klanghabitat_quantum/firmware/openblt_v011000/Target/Demo/ARMCM7_STM32F7_Nucleo_F767ZI_TrueStudio/Boot/lib/STM32F7xx_HAL_Driver/Inc/Legacy" -I"/Users/christiansager/klanghabitat_quantum/firmware/openblt_v011000/Target/Demo/ARMCM7_STM32F7_Nucleo_F767ZI_TrueStudio/Boot/lib/uip" -I/Users/christiansager/klanghabitat_quantum/firmware/openblt_v011000/Target/Source -I/Users/christiansager/klanghabitat_quantum/firmware/openblt_v011000/Target/Source/third_party/uip/uip -I/Users/christiansager/klanghabitat_quantum/firmware/openblt_v011000/Target/Source/third_party/uip/apps/dhcpc -I/Users/christiansager/klanghabitat_quantum/firmware/openblt_v011000/Target/Source/ARMCM7_STM32F7 -Og -ffunction-sections -fdata-sections -Wall -fstack-usage -MMD -MP -MF"core/ARMCM7_STM32F7/nvm.d" -MT"core/ARMCM7_STM32F7/nvm.o" --specs=nano.specs -mfpu=fpv5-sp-d16 -mfloat-abi=hard -mthumb -o "core/ARMCM7_STM32F7/nvm.o"
arm-none-eabi-gcc -c "/Users/christiansager/klanghabitat_quantum/firmware/openblt_v011000/Target/Source/ARMCM7_STM32F7/rs232.c" -mcpu=cortex-m7 -std=gnu11 -g3 -DUSE_FULL_LL_DRIVER '-D__weak=__attribute__((weak))' '-D__packed="__attribute__((__packed__))"' -DUSE_HAL_DRIVER -DSTM32F767xx -c -I"/Users/christiansager/klanghabitat_quantum/firmware/openblt_v011000/Target/Demo/ARMCM7_STM32F7_Nucleo_F767ZI_TrueStudio/Boot" -I"/Users/christiansager/klanghabitat_quantum/firmware/openblt_v011000/Target/Demo/ARMCM7_STM32F7_Nucleo_F767ZI_TrueStudio/Boot/lib" -I"/Users/christiansager/klanghabitat_quantum/firmware/openblt_v011000/Target/Demo/ARMCM7_STM32F7_Nucleo_F767ZI_TrueStudio/Boot/lib/CMSIS/Include" -I"/Users/christiansager/klanghabitat_quantum/firmware/openblt_v011000/Target/Demo/ARMCM7_STM32F7_Nucleo_F767ZI_TrueStudio/Boot/lib/CMSIS/Device/ST/STM32F7xx/Include" -I"/Users/christiansager/klanghabitat_quantum/firmware/openblt_v011000/Target/Demo/ARMCM7_STM32F7_Nucleo_F767ZI_TrueStudio/Boot/lib/STM32F7xx_HAL_Driver/Inc" -I"/Users/christiansager/klanghabitat_quantum/firmware/openblt_v011000/Target/Demo/ARMCM7_STM32F7_Nucleo_F767ZI_TrueStudio/Boot/lib/STM32F7xx_HAL_Driver/Inc/Legacy" -I"/Users/christiansager/klanghabitat_quantum/firmware/openblt_v011000/Target/Demo/ARMCM7_STM32F7_Nucleo_F767ZI_TrueStudio/Boot/lib/uip" -I/Users/christiansager/klanghabitat_quantum/firmware/openblt_v011000/Target/Source -I/Users/christiansager/klanghabitat_quantum/firmware/openblt_v011000/Target/Source/third_party/uip/uip -I/Users/christiansager/klanghabitat_quantum/firmware/openblt_v011000/Target/Source/third_party/uip/apps/dhcpc -I/Users/christiansager/klanghabitat_quantum/firmware/openblt_v011000/Target/Source/ARMCM7_STM32F7 -Og -ffunction-sections -fdata-sections -Wall -fstack-usage -MMD -MP -MF"core/ARMCM7_STM32F7/rs232.d" -MT"core/ARMCM7_STM32F7/rs232.o" --specs=nano.specs -mfpu=fpv5-sp-d16 -mfloat-abi=hard -mthumb -o "core/ARMCM7_STM32F7/rs232.o"
arm-none-eabi-gcc -c "/Users/christiansager/klanghabitat_quantum/firmware/openblt_v011000/Target/Source/ARMCM7_STM32F7/timer.c" -mcpu=cortex-m7 -std=gnu11 -g3 -DUSE_FULL_LL_DRIVER '-D__weak=__attribute__((weak))' '-D__packed="__attribute__((__packed__))"' -DUSE_HAL_DRIVER -DSTM32F767xx -c -I"/Users/christiansager/klanghabitat_quantum/firmware/openblt_v011000/Target/Demo/ARMCM7_STM32F7_Nucleo_F767ZI_TrueStudio/Boot" -I"/Users/christiansager/klanghabitat_quantum/firmware/openblt_v011000/Target/Demo/ARMCM7_STM32F7_Nucleo_F767ZI_TrueStudio/Boot/lib" -I"/Users/christiansager/klanghabitat_quantum/firmware/openblt_v011000/Target/Demo/ARMCM7_STM32F7_Nucleo_F767ZI_TrueStudio/Boot/lib/CMSIS/Include" -I"/Users/christiansager/klanghabitat_quantum/firmware/openblt_v011000/Target/Demo/ARMCM7_STM32F7_Nucleo_F767ZI_TrueStudio/Boot/lib/CMSIS/Device/ST/STM32F7xx/Include" -I"/Users/christiansager/klanghabitat_quantum/firmware/openblt_v011000/Target/Demo/ARMCM7_STM32F7_Nucleo_F767ZI_TrueStudio/Boot/lib/STM32F7xx_HAL_Driver/Inc" -I"/Users/christiansager/klanghabitat_quantum/firmware/openblt_v011000/Target/Demo/ARMCM7_STM32F7_Nucleo_F767ZI_TrueStudio/Boot/lib/STM32F7xx_HAL_Driver/Inc/Legacy" -I"/Users/christiansager/klanghabitat_quantum/firmware/openblt_v011000/Target/Demo/ARMCM7_STM32F7_Nucleo_F767ZI_TrueStudio/Boot/lib/uip" -I/Users/christiansager/klanghabitat_quantum/firmware/openblt_v011000/Target/Source -I/Users/christiansager/klanghabitat_quantum/firmware/openblt_v011000/Target/Source/third_party/uip/uip -I/Users/christiansager/klanghabitat_quantum/firmware/openblt_v011000/Target/Source/third_party/uip/apps/dhcpc -I/Users/christiansager/klanghabitat_quantum/firmware/openblt_v011000/Target/Source/ARMCM7_STM32F7 -Og -ffunction-sections -fdata-sections -Wall -fstack-usage -MMD -MP -MF"core/ARMCM7_STM32F7/timer.d" -MT"core/ARMCM7_STM32F7/timer.o" --specs=nano.specs -mfpu=fpv5-sp-d16 -mfloat-abi=hard -mthumb -o "core/ARMCM7_STM32F7/timer.o"
arm-none-eabi-gcc -c "/Users/christiansager/klanghabitat_quantum/firmware/openblt_v011000/Target/Source/ARMCM7_STM32F7/usb.c" -mcpu=cortex-m7 -std=gnu11 -g3 -DUSE_FULL_LL_DRIVER '-D__weak=__attribute__((weak))' '-D__packed="__attribute__((__packed__))"' -DUSE_HAL_DRIVER -DSTM32F767xx -c -I"/Users/christiansager/klanghabitat_quantum/firmware/openblt_v011000/Target/Demo/ARMCM7_STM32F7_Nucleo_F767ZI_TrueStudio/Boot" -I"/Users/christiansager/klanghabitat_quantum/firmware/openblt_v011000/Target/Demo/ARMCM7_STM32F7_Nucleo_F767ZI_TrueStudio/Boot/lib" -I"/Users/christiansager/klanghabitat_quantum/firmware/openblt_v011000/Target/Demo/ARMCM7_STM32F7_Nucleo_F767ZI_TrueStudio/Boot/lib/CMSIS/Include" -I"/Users/christiansager/klanghabitat_quantum/firmware/openblt_v011000/Target/Demo/ARMCM7_STM32F7_Nucleo_F767ZI_TrueStudio/Boot/lib/CMSIS/Device/ST/STM32F7xx/Include" -I"/Users/christiansager/klanghabitat_quantum/firmware/openblt_v011000/Target/Demo/ARMCM7_STM32F7_Nucleo_F767ZI_TrueStudio/Boot/lib/STM32F7xx_HAL_Driver/Inc" -I"/Users/christiansager/klanghabitat_quantum/firmware/openblt_v011000/Target/Demo/ARMCM7_STM32F7_Nucleo_F767ZI_TrueStudio/Boot/lib/STM32F7xx_HAL_Driver/Inc/Legacy" -I"/Users/christiansager/klanghabitat_quantum/firmware/openblt_v011000/Target/Demo/ARMCM7_STM32F7_Nucleo_F767ZI_TrueStudio/Boot/lib/uip" -I/Users/christiansager/klanghabitat_quantum/firmware/openblt_v011000/Target/Source -I/Users/christiansager/klanghabitat_quantum/firmware/openblt_v011000/Target/Source/third_party/uip/uip -I/Users/christiansager/klanghabitat_quantum/firmware/openblt_v011000/Target/Source/third_party/uip/apps/dhcpc -I/Users/christiansager/klanghabitat_quantum/firmware/openblt_v011000/Target/Source/ARMCM7_STM32F7 -Og -ffunction-sections -fdata-sections -Wall -fstack-usage -MMD -MP -MF"core/ARMCM7_STM32F7/usb.d" -MT"core/ARMCM7_STM32F7/usb.o" --specs=nano.specs -mfpu=fpv5-sp-d16 -mfloat-abi=hard -mthumb -o "core/ARMCM7_STM32F7/usb.o"
arm-none-eabi-gcc -c "/Users/christiansager/klanghabitat_quantum/firmware/openblt_v011000/Target/Source/assert.c" -mcpu=cortex-m7 -std=gnu11 -g3 -DUSE_FULL_LL_DRIVER '-D__weak=__attribute__((weak))' '-D__packed="__attribute__((__packed__))"' -DUSE_HAL_DRIVER -DSTM32F767xx -c -I"/Users/christiansager/klanghabitat_quantum/firmware/openblt_v011000/Target/Demo/ARMCM7_STM32F7_Nucleo_F767ZI_TrueStudio/Boot" -I"/Users/christiansager/klanghabitat_quantum/firmware/openblt_v011000/Target/Demo/ARMCM7_STM32F7_Nucleo_F767ZI_TrueStudio/Boot/lib" -I"/Users/christiansager/klanghabitat_quantum/firmware/openblt_v011000/Target/Demo/ARMCM7_STM32F7_Nucleo_F767ZI_TrueStudio/Boot/lib/CMSIS/Include" -I"/Users/christiansager/klanghabitat_quantum/firmware/openblt_v011000/Target/Demo/ARMCM7_STM32F7_Nucleo_F767ZI_TrueStudio/Boot/lib/CMSIS/Device/ST/STM32F7xx/Include" -I"/Users/christiansager/klanghabitat_quantum/firmware/openblt_v011000/Target/Demo/ARMCM7_STM32F7_Nucleo_F767ZI_TrueStudio/Boot/lib/STM32F7xx_HAL_Driver/Inc" -I"/Users/christiansager/klanghabitat_quantum/firmware/openblt_v011000/Target/Demo/ARMCM7_STM32F7_Nucleo_F767ZI_TrueStudio/Boot/lib/STM32F7xx_HAL_Driver/Inc/Legacy" -I"/Users/christiansager/klanghabitat_quantum/firmware/openblt_v011000/Target/Demo/ARMCM7_STM32F7_Nucleo_F767ZI_TrueStudio/Boot/lib/uip" -I/Users/christiansager/klanghabitat_quantum/firmware/openblt_v011000/Target/Source -I/Users/christiansager/klanghabitat_quantum/firmware/openblt_v011000/Target/Source/third_party/uip/uip -I/Users/christiansager/klanghabitat_quantum/firmware/openblt_v011000/Target/Source/third_party/uip/apps/dhcpc -I/Users/christiansager/klanghabitat_quantum/firmware/openblt_v011000/Target/Source/ARMCM7_STM32F7 -Og -ffunction-sections -fdata-sections -Wall -fstack-usage -MMD -MP -MF"core/assert.d" -MT"core/assert.o" --specs=nano.specs -mfpu=fpv5-sp-d16 -mfloat-abi=hard -mthumb -o "core/assert.o"
arm-none-eabi-gcc -c "/Users/christiansager/klanghabitat_quantum/firmware/openblt_v011000/Target/Source/backdoor.c" -mcpu=cortex-m7 -std=gnu11 -g3 -DUSE_FULL_LL_DRIVER '-D__weak=__attribute__((weak))' '-D__packed="__attribute__((__packed__))"' -DUSE_HAL_DRIVER -DSTM32F767xx -c -I"/Users/christiansager/klanghabitat_quantum/firmware/openblt_v011000/Target/Demo/ARMCM7_STM32F7_Nucleo_F767ZI_TrueStudio/Boot" -I"/Users/christiansager/klanghabitat_quantum/firmware/openblt_v011000/Target/Demo/ARMCM7_STM32F7_Nucleo_F767ZI_TrueStudio/Boot/lib" -I"/Users/christiansager/klanghabitat_quantum/firmware/openblt_v011000/Target/Demo/ARMCM7_STM32F7_Nucleo_F767ZI_TrueStudio/Boot/lib/CMSIS/Include" -I"/Users/christiansager/klanghabitat_quantum/firmware/openblt_v011000/Target/Demo/ARMCM7_STM32F7_Nucleo_F767ZI_TrueStudio/Boot/lib/CMSIS/Device/ST/STM32F7xx/Include" -I"/Users/christiansager/klanghabitat_quantum/firmware/openblt_v011000/Target/Demo/ARMCM7_STM32F7_Nucleo_F767ZI_TrueStudio/Boot/lib/STM32F7xx_HAL_Driver/Inc" -I"/Users/christiansager/klanghabitat_quantum/firmware/openblt_v011000/Target/Demo/ARMCM7_STM32F7_Nucleo_F767ZI_TrueStudio/Boot/lib/STM32F7xx_HAL_Driver/Inc/Legacy" -I"/Users/christiansager/klanghabitat_quantum/firmware/openblt_v011000/Target/Demo/ARMCM7_STM32F7_Nucleo_F767ZI_TrueStudio/Boot/lib/uip" -I/Users/christiansager/klanghabitat_quantum/firmware/openblt_v011000/Target/Source -I/Users/christiansager/klanghabitat_quantum/firmware/openblt_v011000/Target/Source/third_party/uip/uip -I/Users/christiansager/klanghabitat_quantum/firmware/openblt_v011000/Target/Source/third_party/uip/apps/dhcpc -I/Users/christiansager/klanghabitat_quantum/firmware/openblt_v011000/Target/Source/ARMCM7_STM32F7 -Og -ffunction-sections -fdata-sections -Wall -fstack-usage -MMD -MP -MF"core/backdoor.d" -MT"core/backdoor.o" --specs=nano.specs -mfpu=fpv5-sp-d16 -mfloat-abi=hard -mthumb -o "core/backdoor.o"
arm-none-eabi-gcc -c "/Users/christiansager/klanghabitat_quantum/firmware/openblt_v011000/Target/Source/boot.c" -mcpu=cortex-m7 -std=gnu11 -g3 -DUSE_FULL_LL_DRIVER '-D__weak=__attribute__((weak))' '-D__packed="__attribute__((__packed__))"' -DUSE_HAL_DRIVER -DSTM32F767xx -c -I"/Users/christiansager/klanghabitat_quantum/firmware/openblt_v011000/Target/Demo/ARMCM7_STM32F7_Nucleo_F767ZI_TrueStudio/Boot" -I"/Users/christiansager/klanghabitat_quantum/firmware/openblt_v011000/Target/Demo/ARMCM7_STM32F7_Nucleo_F767ZI_TrueStudio/Boot/lib" -I"/Users/christiansager/klanghabitat_quantum/firmware/openblt_v011000/Target/Demo/ARMCM7_STM32F7_Nucleo_F767ZI_TrueStudio/Boot/lib/CMSIS/Include" -I"/Users/christiansager/klanghabitat_quantum/firmware/openblt_v011000/Target/Demo/ARMCM7_STM32F7_Nucleo_F767ZI_TrueStudio/Boot/lib/CMSIS/Device/ST/STM32F7xx/Include" -I"/Users/christiansager/klanghabitat_quantum/firmware/openblt_v011000/Target/Demo/ARMCM7_STM32F7_Nucleo_F767ZI_TrueStudio/Boot/lib/STM32F7xx_HAL_Driver/Inc" -I"/Users/christiansager/klanghabitat_quantum/firmware/openblt_v011000/Target/Demo/ARMCM7_STM32F7_Nucleo_F767ZI_TrueStudio/Boot/lib/STM32F7xx_HAL_Driver/Inc/Legacy" -I"/Users/christiansager/klanghabitat_quantum/firmware/openblt_v011000/Target/Demo/ARMCM7_STM32F7_Nucleo_F767ZI_TrueStudio/Boot/lib/uip" -I/Users/christiansager/klanghabitat_quantum/firmware/openblt_v011000/Target/Source -I/Users/christiansager/klanghabitat_quantum/firmware/openblt_v011000/Target/Source/third_party/uip/uip -I/Users/christiansager/klanghabitat_quantum/firmware/openblt_v011000/Target/Source/third_party/uip/apps/dhcpc -I/Users/christiansager/klanghabitat_quantum/firmware/openblt_v011000/Target/Source/ARMCM7_STM32F7 -Og -ffunction-sections -fdata-sections -Wall -fstack-usage -MMD -MP -MF"core/boot.d" -MT"core/boot.o" --specs=nano.specs -mfpu=fpv5-sp-d16 -mfloat-abi=hard -mthumb -o "core/boot.o"
arm-none-eabi-gcc -c "/Users/christiansager/klanghabitat_quantum/firmware/openblt_v011000/Target/Source/com.c" -mcpu=cortex-m7 -std=gnu11 -g3 -DUSE_FULL_LL_DRIVER '-D__weak=__attribute__((weak))' '-D__packed="__attribute__((__packed__))"' -DUSE_HAL_DRIVER -DSTM32F767xx -c -I"/Users/christiansager/klanghabitat_quantum/firmware/openblt_v011000/Target/Demo/ARMCM7_STM32F7_Nucleo_F767ZI_TrueStudio/Boot" -I"/Users/christiansager/klanghabitat_quantum/firmware/openblt_v011000/Target/Demo/ARMCM7_STM32F7_Nucleo_F767ZI_TrueStudio/Boot/lib" -I"/Users/christiansager/klanghabitat_quantum/firmware/openblt_v011000/Target/Demo/ARMCM7_STM32F7_Nucleo_F767ZI_TrueStudio/Boot/lib/CMSIS/Include" -I"/Users/christiansager/klanghabitat_quantum/firmware/openblt_v011000/Target/Demo/ARMCM7_STM32F7_Nucleo_F767ZI_TrueStudio/Boot/lib/CMSIS/Device/ST/STM32F7xx/Include" -I"/Users/christiansager/klanghabitat_quantum/firmware/openblt_v011000/Target/Demo/ARMCM7_STM32F7_Nucleo_F767ZI_TrueStudio/Boot/lib/STM32F7xx_HAL_Driver/Inc" -I"/Users/christiansager/klanghabitat_quantum/firmware/openblt_v011000/Target/Demo/ARMCM7_STM32F7_Nucleo_F767ZI_TrueStudio/Boot/lib/STM32F7xx_HAL_Driver/Inc/Legacy" -I"/Users/christiansager/klanghabitat_quantum/firmware/openblt_v011000/Target/Demo/ARMCM7_STM32F7_Nucleo_F767ZI_TrueStudio/Boot/lib/uip" -I/Users/christiansager/klanghabitat_quantum/firmware/openblt_v011000/Target/Source -I/Users/christiansager/klanghabitat_quantum/firmware/openblt_v011000/Target/Source/third_party/uip/uip -I/Users/christiansager/klanghabitat_quantum/firmware/openblt_v011000/Target/Source/third_party/uip/apps/dhcpc -I/Users/christiansager/klanghabitat_quantum/firmware/openblt_v011000/Target/Source/ARMCM7_STM32F7 -Og -ffunction-sections -fdata-sections -Wall -fstack-usage -MMD -MP -MF"core/com.d" -MT"core/com.o" --specs=nano.specs -mfpu=fpv5-sp-d16 -mfloat-abi=hard -mthumb -o "core/com.o"
arm-none-eabi-gcc -c "/Users/christiansager/klanghabitat_quantum/firmware/openblt_v011000/Target/Source/cop.c" -mcpu=cortex-m7 -std=gnu11 -g3 -DUSE_FULL_LL_DRIVER '-D__weak=__attribute__((weak))' '-D__packed="__attribute__((__packed__))"' -DUSE_HAL_DRIVER -DSTM32F767xx -c -I"/Users/christiansager/klanghabitat_quantum/firmware/openblt_v011000/Target/Demo/ARMCM7_STM32F7_Nucleo_F767ZI_TrueStudio/Boot" -I"/Users/christiansager/klanghabitat_quantum/firmware/openblt_v011000/Target/Demo/ARMCM7_STM32F7_Nucleo_F767ZI_TrueStudio/Boot/lib" -I"/Users/christiansager/klanghabitat_quantum/firmware/openblt_v011000/Target/Demo/ARMCM7_STM32F7_Nucleo_F767ZI_TrueStudio/Boot/lib/CMSIS/Include" -I"/Users/christiansager/klanghabitat_quantum/firmware/openblt_v011000/Target/Demo/ARMCM7_STM32F7_Nucleo_F767ZI_TrueStudio/Boot/lib/CMSIS/Device/ST/STM32F7xx/Include" -I"/Users/christiansager/klanghabitat_quantum/firmware/openblt_v011000/Target/Demo/ARMCM7_STM32F7_Nucleo_F767ZI_TrueStudio/Boot/lib/STM32F7xx_HAL_Driver/Inc" -I"/Users/christiansager/klanghabitat_quantum/firmware/openblt_v011000/Target/Demo/ARMCM7_STM32F7_Nucleo_F767ZI_TrueStudio/Boot/lib/STM32F7xx_HAL_Driver/Inc/Legacy" -I"/Users/christiansager/klanghabitat_quantum/firmware/openblt_v011000/Target/Demo/ARMCM7_STM32F7_Nucleo_F767ZI_TrueStudio/Boot/lib/uip" -I/Users/christiansager/klanghabitat_quantum/firmware/openblt_v011000/Target/Source -I/Users/christiansager/klanghabitat_quantum/firmware/openblt_v011000/Target/Source/third_party/uip/uip -I/Users/christiansager/klanghabitat_quantum/firmware/openblt_v011000/Target/Source/third_party/uip/apps/dhcpc -I/Users/christiansager/klanghabitat_quantum/firmware/openblt_v011000/Target/Source/ARMCM7_STM32F7 -Og -ffunction-sections -fdata-sections -Wall -fstack-usage -MMD -MP -MF"core/cop.d" -MT"core/cop.o" --specs=nano.specs -mfpu=fpv5-sp-d16 -mfloat-abi=hard -mthumb -o "core/cop.o"
arm-none-eabi-gcc -c "/Users/christiansager/klanghabitat_quantum/firmware/openblt_v011000/Target/Source/file.c" -mcpu=cortex-m7 -std=gnu11 -g3 -DUSE_FULL_LL_DRIVER '-D__weak=__attribute__((weak))' '-D__packed="__attribute__((__packed__))"' -DUSE_HAL_DRIVER -DSTM32F767xx -c -I"/Users/christiansager/klanghabitat_quantum/firmware/openblt_v011000/Target/Demo/ARMCM7_STM32F7_Nucleo_F767ZI_TrueStudio/Boot" -I"/Users/christiansager/klanghabitat_quantum/firmware/openblt_v011000/Target/Demo/ARMCM7_STM32F7_Nucleo_F767ZI_TrueStudio/Boot/lib" -I"/Users/christiansager/klanghabitat_quantum/firmware/openblt_v011000/Target/Demo/ARMCM7_STM32F7_Nucleo_F767ZI_TrueStudio/Boot/lib/CMSIS/Include" -I"/Users/christiansager/klanghabitat_quantum/firmware/openblt_v011000/Target/Demo/ARMCM7_STM32F7_Nucleo_F767ZI_TrueStudio/Boot/lib/CMSIS/Device/ST/STM32F7xx/Include" -I"/Users/christiansager/klanghabitat_quantum/firmware/openblt_v011000/Target/Demo/ARMCM7_STM32F7_Nucleo_F767ZI_TrueStudio/Boot/lib/STM32F7xx_HAL_Driver/Inc" -I"/Users/christiansager/klanghabitat_quantum/firmware/openblt_v011000/Target/Demo/ARMCM7_STM32F7_Nucleo_F767ZI_TrueStudio/Boot/lib/STM32F7xx_HAL_Driver/Inc/Legacy" -I"/Users/christiansager/klanghabitat_quantum/firmware/openblt_v011000/Target/Demo/ARMCM7_STM32F7_Nucleo_F767ZI_TrueStudio/Boot/lib/uip" -I/Users/christiansager/klanghabitat_quantum/firmware/openblt_v011000/Target/Source -I/Users/christiansager/klanghabitat_quantum/firmware/openblt_v011000/Target/Source/third_party/uip/uip -I/Users/christiansager/klanghabitat_quantum/firmware/openblt_v011000/Target/Source/third_party/uip/apps/dhcpc -I/Users/christiansager/klanghabitat_quantum/firmware/openblt_v011000/Target/Source/ARMCM7_STM32F7 -Og -ffunction-sections -fdata-sections -Wall -fstack-usage -MMD -MP -MF"core/file.d" -MT"core/file.o" --specs=nano.specs -mfpu=fpv5-sp-d16 -mfloat-abi=hard -mthumb -o "core/file.o"
arm-none-eabi-gcc -c "/Users/christiansager/klanghabitat_quantum/firmware/openblt_v011000/Target/Source/net.c" -mcpu=cortex-m7 -std=gnu11 -g3 -DUSE_FULL_LL_DRIVER '-D__weak=__attribute__((weak))' '-D__packed="__attribute__((__packed__))"' -DUSE_HAL_DRIVER -DSTM32F767xx -c -I"/Users/christiansager/klanghabitat_quantum/firmware/openblt_v011000/Target/Demo/ARMCM7_STM32F7_Nucleo_F767ZI_TrueStudio/Boot" -I"/Users/christiansager/klanghabitat_quantum/firmware/openblt_v011000/Target/Demo/ARMCM7_STM32F7_Nucleo_F767ZI_TrueStudio/Boot/lib" -I"/Users/christiansager/klanghabitat_quantum/firmware/openblt_v011000/Target/Demo/ARMCM7_STM32F7_Nucleo_F767ZI_TrueStudio/Boot/lib/CMSIS/Include" -I"/Users/christiansager/klanghabitat_quantum/firmware/openblt_v011000/Target/Demo/ARMCM7_STM32F7_Nucleo_F767ZI_TrueStudio/Boot/lib/CMSIS/Device/ST/STM32F7xx/Include" -I"/Users/christiansager/klanghabitat_quantum/firmware/openblt_v011000/Target/Demo/ARMCM7_STM32F7_Nucleo_F767ZI_TrueStudio/Boot/lib/STM32F7xx_HAL_Driver/Inc" -I"/Users/christiansager/klanghabitat_quantum/firmware/openblt_v011000/Target/Demo/ARMCM7_STM32F7_Nucleo_F767ZI_TrueStudio/Boot/lib/STM32F7xx_HAL_Driver/Inc/Legacy" -I"/Users/christiansager/klanghabitat_quantum/firmware/openblt_v011000/Target/Demo/ARMCM7_STM32F7_Nucleo_F767ZI_TrueStudio/Boot/lib/uip" -I/Users/christiansager/klanghabitat_quantum/firmware/openblt_v011000/Target/Source -I/Users/christiansager/klanghabitat_quantum/firmware/openblt_v011000/Target/Source/third_party/uip/uip -I/Users/christiansager/klanghabitat_quantum/firmware/openblt_v011000/Target/Source/third_party/uip/apps/dhcpc -I/Users/christiansager/klanghabitat_quantum/firmware/openblt_v011000/Target/Source/ARMCM7_STM32F7 -Og -ffunction-sections -fdata-sections -Wall -fstack-usage -MMD -MP -MF"core/net.d" -MT"core/net.o" --specs=nano.specs -mfpu=fpv5-sp-d16 -mfloat-abi=hard -mthumb -o "core/net.o"
arm-none-eabi-gcc -c "/Users/christiansager/klanghabitat_quantum/firmware/openblt_v011000/Target/Source/xcp.c" -mcpu=cortex-m7 -std=gnu11 -g3 -DUSE_FULL_LL_DRIVER '-D__weak=__attribute__((weak))' '-D__packed="__attribute__((__packed__))"' -DUSE_HAL_DRIVER -DSTM32F767xx -c -I"/Users/christiansager/klanghabitat_quantum/firmware/openblt_v011000/Target/Demo/ARMCM7_STM32F7_Nucleo_F767ZI_TrueStudio/Boot" -I"/Users/christiansager/klanghabitat_quantum/firmware/openblt_v011000/Target/Demo/ARMCM7_STM32F7_Nucleo_F767ZI_TrueStudio/Boot/lib" -I"/Users/christiansager/klanghabitat_quantum/firmware/openblt_v011000/Target/Demo/ARMCM7_STM32F7_Nucleo_F767ZI_TrueStudio/Boot/lib/CMSIS/Include" -I"/Users/christiansager/klanghabitat_quantum/firmware/openblt_v011000/Target/Demo/ARMCM7_STM32F7_Nucleo_F767ZI_TrueStudio/Boot/lib/CMSIS/Device/ST/STM32F7xx/Include" -I"/Users/christiansager/klanghabitat_quantum/firmware/openblt_v011000/Target/Demo/ARMCM7_STM32F7_Nucleo_F767ZI_TrueStudio/Boot/lib/STM32F7xx_HAL_Driver/Inc" -I"/Users/christiansager/klanghabitat_quantum/firmware/openblt_v011000/Target/Demo/ARMCM7_STM32F7_Nucleo_F767ZI_TrueStudio/Boot/lib/STM32F7xx_HAL_Driver/Inc/Legacy" -I"/Users/christiansager/klanghabitat_quantum/firmware/openblt_v011000/Target/Demo/ARMCM7_STM32F7_Nucleo_F767ZI_TrueStudio/Boot/lib/uip" -I/Users/christiansager/klanghabitat_quantum/firmware/openblt_v011000/Target/Source -I/Users/christiansager/klanghabitat_quantum/firmware/openblt_v011000/Target/Source/third_party/uip/uip -I/Users/christiansager/klanghabitat_quantum/firmware/openblt_v011000/Target/Source/third_party/uip/apps/dhcpc -I/Users/christiansager/klanghabitat_quantum/firmware/openblt_v011000/Target/Source/ARMCM7_STM32F7 -Og -ffunction-sections -fdata-sections -Wall -fstack-usage -MMD -MP -MF"core/xcp.d" -MT"core/xcp.o" --specs=nano.specs -mfpu=fpv5-sp-d16 -mfloat-abi=hard -mthumb -o "core/xcp.o"
arm-none-eabi-gcc -c "../hooks.c" -mcpu=cortex-m7 -std=gnu11 -g3 -DUSE_FULL_LL_DRIVER '-D__weak=__attribute__((weak))' '-D__packed="__attribute__((__packed__))"' -DUSE_HAL_DRIVER -DSTM32F767xx -c -I"/Users/christiansager/klanghabitat_quantum/firmware/openblt_v011000/Target/Demo/ARMCM7_STM32F7_Nucleo_F767ZI_TrueStudio/Boot" -I"/Users/christiansager/klanghabitat_quantum/firmware/openblt_v011000/Target/Demo/ARMCM7_STM32F7_Nucleo_F767ZI_TrueStudio/Boot/lib" -I"/Users/christiansager/klanghabitat_quantum/firmware/openblt_v011000/Target/Demo/ARMCM7_STM32F7_Nucleo_F767ZI_TrueStudio/Boot/lib/CMSIS/Include" -I"/Users/christiansager/klanghabitat_quantum/firmware/openblt_v011000/Target/Demo/ARMCM7_STM32F7_Nucleo_F767ZI_TrueStudio/Boot/lib/CMSIS/Device/ST/STM32F7xx/Include" -I"/Users/christiansager/klanghabitat_quantum/firmware/openblt_v011000/Target/Demo/ARMCM7_STM32F7_Nucleo_F767ZI_TrueStudio/Boot/lib/STM32F7xx_HAL_Driver/Inc" -I"/Users/christiansager/klanghabitat_quantum/firmware/openblt_v011000/Target/Demo/ARMCM7_STM32F7_Nucleo_F767ZI_TrueStudio/Boot/lib/STM32F7xx_HAL_Driver/Inc/Legacy" -I"/Users/christiansager/klanghabitat_quantum/firmware/openblt_v011000/Target/Demo/ARMCM7_STM32F7_Nucleo_F767ZI_TrueStudio/Boot/lib/uip" -I/Users/christiansager/klanghabitat_quantum/firmware/openblt_v011000/Target/Source -I/Users/christiansager/klanghabitat_quantum/firmware/openblt_v011000/Target/Source/third_party/uip/uip -I/Users/christiansager/klanghabitat_quantum/firmware/openblt_v011000/Target/Source/third_party/uip/apps/dhcpc -I/Users/christiansager/klanghabitat_quantum/firmware/openblt_v011000/Target/Source/ARMCM7_STM32F7 -Og -ffunction-sections -fdata-sections -Wall -fstack-usage -MMD -MP -MF"hooks.d" -MT"hooks.o" --specs=nano.specs -mfpu=fpv5-sp-d16 -mfloat-abi=hard -mthumb -o "hooks.o"
arm-none-eabi-gcc -c "../led.c" -mcpu=cortex-m7 -std=gnu11 -g3 -DUSE_FULL_LL_DRIVER '-D__weak=__attribute__((weak))' '-D__packed="__attribute__((__packed__))"' -DUSE_HAL_DRIVER -DSTM32F767xx -c -I"/Users/christiansager/klanghabitat_quantum/firmware/openblt_v011000/Target/Demo/ARMCM7_STM32F7_Nucleo_F767ZI_TrueStudio/Boot" -I"/Users/christiansager/klanghabitat_quantum/firmware/openblt_v011000/Target/Demo/ARMCM7_STM32F7_Nucleo_F767ZI_TrueStudio/Boot/lib" -I"/Users/christiansager/klanghabitat_quantum/firmware/openblt_v011000/Target/Demo/ARMCM7_STM32F7_Nucleo_F767ZI_TrueStudio/Boot/lib/CMSIS/Include" -I"/Users/christiansager/klanghabitat_quantum/firmware/openblt_v011000/Target/Demo/ARMCM7_STM32F7_Nucleo_F767ZI_TrueStudio/Boot/lib/CMSIS/Device/ST/STM32F7xx/Include" -I"/Users/christiansager/klanghabitat_quantum/firmware/openblt_v011000/Target/Demo/ARMCM7_STM32F7_Nucleo_F767ZI_TrueStudio/Boot/lib/STM32F7xx_HAL_Driver/Inc" -I"/Users/christiansager/klanghabitat_quantum/firmware/openblt_v011000/Target/Demo/ARMCM7_STM32F7_Nucleo_F767ZI_TrueStudio/Boot/lib/STM32F7xx_HAL_Driver/Inc/Legacy" -I"/Users/christiansager/klanghabitat_quantum/firmware/openblt_v011000/Target/Demo/ARMCM7_STM32F7_Nucleo_F767ZI_TrueStudio/Boot/lib/uip" -I/Users/christiansager/klanghabitat_quantum/firmware/openblt_v011000/Target/Source -I/Users/christiansager/klanghabitat_quantum/firmware/openblt_v011000/Target/Source/third_party/uip/uip -I/Users/christiansager/klanghabitat_quantum/firmware/openblt_v011000/Target/Source/third_party/uip/apps/dhcpc -I/Users/christiansager/klanghabitat_quantum/firmware/openblt_v011000/Target/Source/ARMCM7_STM32F7 -Og -ffunction-sections -fdata-sections -Wall -fstack-usage -MMD -MP -MF"led.d" -MT"led.o" --specs=nano.specs -mfpu=fpv5-sp-d16 -mfloat-abi=hard -mthumb -o "led.o"
arm-none-eabi-gcc -c "../main.c" -mcpu=cortex-m7 -std=gnu11 -g3 -DUSE_FULL_LL_DRIVER '-D__weak=__attribute__((weak))' '-D__packed="__attribute__((__packed__))"' -DUSE_HAL_DRIVER -DSTM32F767xx -c -I"/Users/christiansager/klanghabitat_quantum/firmware/openblt_v011000/Target/Demo/ARMCM7_STM32F7_Nucleo_F767ZI_TrueStudio/Boot" -I"/Users/christiansager/klanghabitat_quantum/firmware/openblt_v011000/Target/Demo/ARMCM7_STM32F7_Nucleo_F767ZI_TrueStudio/Boot/lib" -I"/Users/christiansager/klanghabitat_quantum/firmware/openblt_v011000/Target/Demo/ARMCM7_STM32F7_Nucleo_F767ZI_TrueStudio/Boot/lib/CMSIS/Include" -I"/Users/christiansager/klanghabitat_quantum/firmware/openblt_v011000/Target/Demo/ARMCM7_STM32F7_Nucleo_F767ZI_TrueStudio/Boot/lib/CMSIS/Device/ST/STM32F7xx/Include" -I"/Users/christiansager/klanghabitat_quantum/firmware/openblt_v011000/Target/Demo/ARMCM7_STM32F7_Nucleo_F767ZI_TrueStudio/Boot/lib/STM32F7xx_HAL_Driver/Inc" -I"/Users/christiansager/klanghabitat_quantum/firmware/openblt_v011000/Target/Demo/ARMCM7_STM32F7_Nucleo_F767ZI_TrueStudio/Boot/lib/STM32F7xx_HAL_Driver/Inc/Legacy" -I"/Users/christiansager/klanghabitat_quantum/firmware/openblt_v011000/Target/Demo/ARMCM7_STM32F7_Nucleo_F767ZI_TrueStudio/Boot/lib/uip" -I/Users/christiansager/klanghabitat_quantum/firmware/openblt_v011000/Target/Source -I/Users/christiansager/klanghabitat_quantum/firmware/openblt_v011000/Target/Source/third_party/uip/uip -I/Users/christiansager/klanghabitat_quantum/firmware/openblt_v011000/Target/Source/third_party/uip/apps/dhcpc -I/Users/christiansager/klanghabitat_quantum/firmware/openblt_v011000/Target/Source/ARMCM7_STM32F7 -Og -ffunction-sections -fdata-sections -Wall -fstack-usage -MMD -MP -MF"main.d" -MT"main.o" --specs=nano.specs -mfpu=fpv5-sp-d16 -mfloat-abi=hard -mthumb -o "main.o"
arm-none-eabi-gcc -c "../shared_params.c" -mcpu=cortex-m7 -std=gnu11 -g3 -DUSE_FULL_LL_DRIVER '-D__weak=__attribute__((weak))' '-D__packed="__attribute__((__packed__))"' -DUSE_HAL_DRIVER -DSTM32F767xx -c -I"/Users/christiansager/klanghabitat_quantum/firmware/openblt_v011000/Target/Demo/ARMCM7_STM32F7_Nucleo_F767ZI_TrueStudio/Boot" -I"/Users/christiansager/klanghabitat_quantum/firmware/openblt_v011000/Target/Demo/ARMCM7_STM32F7_Nucleo_F767ZI_TrueStudio/Boot/lib" -I"/Users/christiansager/klanghabitat_quantum/firmware/openblt_v011000/Target/Demo/ARMCM7_STM32F7_Nucleo_F767ZI_TrueStudio/Boot/lib/CMSIS/Include" -I"/Users/christiansager/klanghabitat_quantum/firmware/openblt_v011000/Target/Demo/ARMCM7_STM32F7_Nucleo_F767ZI_TrueStudio/Boot/lib/CMSIS/Device/ST/STM32F7xx/Include" -I"/Users/christiansager/klanghabitat_quantum/firmware/openblt_v011000/Target/Demo/ARMCM7_STM32F7_Nucleo_F767ZI_TrueStudio/Boot/lib/STM32F7xx_HAL_Driver/Inc" -I"/Users/christiansager/klanghabitat_quantum/firmware/openblt_v011000/Target/Demo/ARMCM7_STM32F7_Nucleo_F767ZI_TrueStudio/Boot/lib/STM32F7xx_HAL_Driver/Inc/Legacy" -I"/Users/christiansager/klanghabitat_quantum/firmware/openblt_v011000/Target/Demo/ARMCM7_STM32F7_Nucleo_F767ZI_TrueStudio/Boot/lib/uip" -I/Users/christiansager/klanghabitat_quantum/firmware/openblt_v011000/Target/Source -I/Users/christiansager/klanghabitat_quantum/firmware/openblt_v011000/Target/Source/third_party/uip/uip -I/Users/christiansager/klanghabitat_quantum/firmware/openblt_v011000/Target/Source/third_party/uip/apps/dhcpc -I/Users/christiansager/klanghabitat_quantum/firmware/openblt_v011000/Target/Source/ARMCM7_STM32F7 -Og -ffunction-sections -fdata-sections -Wall -fstack-usage -MMD -MP -MF"shared_params.d" -MT"shared_params.o" --specs=nano.specs -mfpu=fpv5-sp-d16 -mfloat-abi=hard -mthumb -o "shared_params.o"
arm-none-eabi-gcc -c -mcpu=cortex-m7 -g3 -c -Wa,-W -x assembler-with-cpp --specs=nano.specs -mfpu=fpv5-sp-d16 -mfloat-abi=hard -mthumb -o "startup_stm32f767xx.o" "../startup_stm32f767xx.s"
arm-none-eabi-gcc -o "openblt_stm32f767.elf" @"objects.list"   -mcpu=cortex-m7 -T"/Users/christiansager/klanghabitat_quantum/firmware/openblt_v011000/Target/Demo/ARMCM7_STM32F7_Nucleo_F767ZI_TrueStudio/Boot/STM32F767ZI_FLASH.ld" --specs=nosys.specs -Wl,-Map="Boot.map" -Wl,--gc-sections -static --specs=nano.specs -mfpu=fpv5-sp-d16 -mfloat-abi=hard -mthumb -Wl,--start-group -lc -lm -Wl,--end-group
Finished building target: openblt_stm32f767.elf
 
arm-none-eabi-objcopy  -O srec  openblt_stm32f767.elf  "openblt_stm32f767.srec"
Finished building: openblt_stm32f767.srec
 
arm-none-eabi-size   openblt_stm32f767.elf 
   text	   data	    bss	    dec	    hex	filename
  20904	     20	  17464	  38388	   95f4	openblt_stm32f767.elf
Finished building: default.size.stdout
 
arm-none-eabi-objdump -h -S  openblt_stm32f767.elf  > "openblt_stm32f767.list"
Finished building: openblt_stm32f767.list
 
arm-none-eabi-objcopy  -O binary  openblt_stm32f767.elf  "openblt_stm32f767.bin"
Finished building: openblt_stm32f767.bin
 
