xcp.c:462:13:XcpProtectResources	0	static
xcp.c:496:13:XcpSetCtoError	0	static
xcp.c:598:13:XcpCmdDisconnect	8	static
xcp.c:624:13:XcpCmdGetStatus	0	static
xcp.c:655:13:XcpCmdSynch	8	static
xcp.c:672:13:XcpCmdGetId	0	static
xcp.c:705:13:XcpCmdSetMta	0	static
xcp.c:1460:13:XcpCmdProgramPrepare	8	static
xcp.c:1251:13:XcpCmdProgramStart	16	static
xcp.c:512:13:XcpCmdConnect	16	static
xcp.c:725:13:XcpCmdUpload	16	static
xcp.c:791:13:XcpCmdShortUpload	16	static
xcp.c:400:18:XcpComputeChecksum	24	static
xcp.c:935:13:XcpCmdBuildCheckSum	8	static
xcp.c:1295:13:XcpCmdProgramMax	16	static
xcp.c:1333:13:XcpCmdProgram	16	static
xcp.c:1390:13:XcpCmdProgramClear	8	static
xcp.c:1425:13:XcpCmdProgramReset	8	static
xcp.c:357:13:XcpTransmitPacket	8	static
xcp.c:158:6:XcpInit	0	static
xcp.c:175:10:XcpIsConnected	0	static
xcp.c:191:6:XcpPacketTransmitted	0	static
xcp.c:205:6:XcpPacketReceived	8	static
