stm32f7xx_hal_mmc.c:322:19:HAL_MMC_Init	16	static
stm32f7xx_hal_mmc.c:387:19:HAL_MMC_InitCard	72	static
stm32f7xx_hal_mmc.c:441:19:HAL_MMC_DeInit	16	static
stm32f7xx_hal_mmc.c:482:13:HAL_MMC_MspInit	16	static
stm32f7xx_hal_mmc.c:497:13:HAL_MMC_MspDeInit	16	static
stm32f7xx_hal_mmc.c:538:19:HAL_MMC_ReadBlocks	72	static
stm32f7xx_hal_mmc.c:722:19:HAL_MMC_WriteBlocks	64	static
stm32f7xx_hal_mmc.c:892:19:HAL_MMC_ReadBlocks_IT	56	static
stm32f7xx_hal_mmc.c:994:19:HAL_MMC_WriteBlocks_IT	56	static
stm32f7xx_hal_mmc.c:1097:19:HAL_MMC_ReadBlocks_DMA	56	static
stm32f7xx_hal_mmc.c:1211:19:HAL_MMC_WriteBlocks_DMA	56	static
stm32f7xx_hal_mmc.c:1322:19:HAL_MMC_Erase	32	static
stm32f7xx_hal_mmc.c:1418:6:HAL_MMC_IRQHandler	24	static
stm32f7xx_hal_mmc.c:1592:22:HAL_MMC_GetState	16	static
stm32f7xx_hal_mmc.c:1603:10:HAL_MMC_GetError	16	static
stm32f7xx_hal_mmc.c:1613:14:HAL_MMC_TxCpltCallback	16	static
stm32f7xx_hal_mmc.c:1628:13:HAL_MMC_RxCpltCallback	16	static
stm32f7xx_hal_mmc.c:1643:13:HAL_MMC_ErrorCallback	16	static
stm32f7xx_hal_mmc.c:1658:13:HAL_MMC_AbortCallback	16	static
stm32f7xx_hal_mmc.c:1870:19:HAL_MMC_GetCardCID	24	static
stm32f7xx_hal_mmc.c:1951:19:HAL_MMC_GetCardCSD	24	static
stm32f7xx_hal_mmc.c:2065:19:HAL_MMC_GetCardInfo	16	static
stm32f7xx_hal_mmc.c:2089:19:HAL_MMC_ConfigWideBusOperation	80	static
stm32f7xx_hal_mmc.c:2219:26:HAL_MMC_GetCardState	32	static
stm32f7xx_hal_mmc.c:2242:19:HAL_MMC_Abort	24	static
stm32f7xx_hal_mmc.c:2289:19:HAL_MMC_Abort_IT	24	static
stm32f7xx_hal_mmc.c:2365:13:MMC_DMATransmitCplt	24	static
stm32f7xx_hal_mmc.c:2378:13:MMC_DMAReceiveCplt	24	static
stm32f7xx_hal_mmc.c:2419:13:MMC_DMAError	24	static
stm32f7xx_hal_mmc.c:2460:13:MMC_DMATxAbort	24	static
stm32f7xx_hal_mmc.c:2501:13:MMC_DMARxAbort	24	static
stm32f7xx_hal_mmc.c:2543:17:MMC_InitCard	96	static
stm32f7xx_hal_mmc.c:2624:17:MMC_PowerON	32	static
stm32f7xx_hal_mmc.c:2678:26:MMC_PowerOFF	16	static
stm32f7xx_hal_mmc.c:2693:17:MMC_SendStatus	24	static
stm32f7xx_hal_mmc.c:2721:26:MMC_Read_IT	32	static
stm32f7xx_hal_mmc.c:2745:26:MMC_Write_IT	24	static
