stm32469i_discovery_lcd.c:181:9:BSP_LCD_Init	8	static
stm32469i_discovery_lcd.c:195:9:BSP_LCD_InitEx	96	static
stm32469i_discovery_lcd.c:401:6:BSP_LCD_Reset	32	static
stm32469i_discovery_lcd.c:436:10:BSP_LCD_GetXSize	4	static
stm32469i_discovery_lcd.c:445:10:BSP_LCD_GetYSize	4	static
stm32469i_discovery_lcd.c:454:6:BSP_LCD_SetXSize	16	static
stm32469i_discovery_lcd.c:463:6:BSP_LCD_SetYSize	16	static
stm32469i_discovery_lcd.c:474:6:BSP_LCD_LayerDefaultInit	72	static
stm32469i_discovery_lcd.c:507:6:BSP_LCD_SelectLayer	16	static
stm32469i_discovery_lcd.c:520:6:BSP_LCD_SetLayerVisible	16	static
stm32469i_discovery_lcd.c:540:6:BSP_LCD_SetTransparency	16	static
stm32469i_discovery_lcd.c:552:6:BSP_LCD_SetLayerAddress	16	static
stm32469i_discovery_lcd.c:567:6:BSP_LCD_SetLayerWindow	24	static
stm32469i_discovery_lcd.c:582:6:BSP_LCD_SetColorKeying	16	static
stm32469i_discovery_lcd.c:593:6:BSP_LCD_ResetColorKeying	16	static
stm32469i_discovery_lcd.c:603:6:BSP_LCD_SetTextColor	16	static
stm32469i_discovery_lcd.c:612:10:BSP_LCD_GetTextColor	4	static
stm32469i_discovery_lcd.c:621:6:BSP_LCD_SetBackColor	16	static
stm32469i_discovery_lcd.c:630:10:BSP_LCD_GetBackColor	4	static
stm32469i_discovery_lcd.c:639:6:BSP_LCD_SetFont	16	static
stm32469i_discovery_lcd.c:648:8:BSP_LCD_GetFont	4	static
stm32469i_discovery_lcd.c:659:10:BSP_LCD_ReadPixel	32	static
stm32469i_discovery_lcd.c:693:6:BSP_LCD_Clear	40	static
stm32469i_discovery_lcd.c:703:6:BSP_LCD_ClearStringLine	32	static
stm32469i_discovery_lcd.c:722:6:BSP_LCD_DisplayChar	24	static
stm32469i_discovery_lcd.c:739:6:BSP_LCD_DisplayStringAt	48	static
stm32469i_discovery_lcd.c:801:6:BSP_LCD_DisplayStringAtLine	16	static
stm32469i_discovery_lcd.c:812:6:BSP_LCD_DrawHLine	40	static
stm32469i_discovery_lcd.c:829:6:BSP_LCD_DrawVLine	48	static
stm32469i_discovery_lcd.c:847:6:BSP_LCD_DrawLine	56	static
stm32469i_discovery_lcd.c:921:6:BSP_LCD_DrawRect	24	static
stm32469i_discovery_lcd.c:938:6:BSP_LCD_DrawCircle	40	static
stm32469i_discovery_lcd.c:984:6:BSP_LCD_DrawPolygon	32	static
stm32469i_discovery_lcd.c:1011:6:BSP_LCD_DrawEllipse	64	static
stm32469i_discovery_lcd.c:1043:6:BSP_LCD_DrawBitmap	56	static
stm32469i_discovery_lcd.c:1100:6:BSP_LCD_FillRect	48	static
stm32469i_discovery_lcd.c:1120:6:BSP_LCD_FillCircle	32	static
stm32469i_discovery_lcd.c:1167:6:BSP_LCD_FillPolygon	64	static
stm32469i_discovery_lcd.c:1234:6:BSP_LCD_FillEllipse	56	static
stm32469i_discovery_lcd.c:1264:6:BSP_LCD_DisplayOn	16	static
stm32469i_discovery_lcd.c:1279:6:BSP_LCD_DisplayOff	16	static
stm32469i_discovery_lcd.c:1297:6:DSI_IO_WriteCmd	24	static
stm32469i_discovery_lcd.c:1316:13:BSP_LCD_DMA2D_IRQHandler	8	static
stm32469i_discovery_lcd.c:1325:13:BSP_LCD_DSI_IRQHandler	8	static
stm32469i_discovery_lcd.c:1335:13:BSP_LCD_LTDC_IRQHandler	8	static
stm32469i_discovery_lcd.c:1344:13:BSP_LCD_MspDeInit	8	static
stm32469i_discovery_lcd.c:1370:13:BSP_LCD_MspInit	24	static
stm32469i_discovery_lcd.c:1411:13:BSP_LCD_LTDC_ER_IRQHandler	8	static
stm32469i_discovery_lcd.c:1423:6:BSP_LCD_DrawPixel	24	static
stm32469i_discovery_lcd.c:1436:13:DrawChar	40	static
stm32469i_discovery_lcd.c:1494:13:FillTriangle	56	static
stm32469i_discovery_lcd.c:1571:13:LL_FillBuffer	32	static
stm32469i_discovery_lcd.c:1601:13:LL_ConvertLineToARGB8888	32	static
