stm32f7xx_hal_msp.c:66:6:HAL_MspInit	16	static
stm32f7xx_hal_msp.c:90:6:HAL_ADC_MspInit	56	static
stm32f7xx_hal_msp.c:154:6:HAL_ADC_MspDeInit	16	static
stm32f7xx_hal_msp.c:205:6:HAL_CRC_MspInit	24	static
stm32f7xx_hal_msp.c:227:6:HAL_CRC_MspDeInit	16	static
stm32f7xx_hal_msp.c:249:6:HAL_DMA2D_MspInit	24	static
stm32f7xx_hal_msp.c:274:6:HAL_DMA2D_MspDeInit	16	static
stm32f7xx_hal_msp.c:299:6:HAL_DSI_MspInit	48	static
stm32f7xx_hal_msp.c:337:6:HAL_DSI_MspDeInit	16	static
stm32f7xx_hal_msp.c:367:6:HAL_ETH_MspInit	64	static
stm32f7xx_hal_msp.c:426:6:HAL_ETH_MspDeInit	16	static
stm32f7xx_hal_msp.c:466:6:HAL_CEC_MspInit	48	static
stm32f7xx_hal_msp.c:504:6:HAL_CEC_MspDeInit	16	static
stm32f7xx_hal_msp.c:534:6:HAL_I2C_MspInit	56	static
stm32f7xx_hal_msp.c:602:6:HAL_I2C_MspDeInit	16	static
stm32f7xx_hal_msp.c:651:6:HAL_LTDC_MspInit	24	static
stm32f7xx_hal_msp.c:676:6:HAL_LTDC_MspDeInit	16	static
stm32f7xx_hal_msp.c:701:6:HAL_QSPI_MspInit	56	static
stm32f7xx_hal_msp.c:772:6:HAL_QSPI_MspDeInit	16	static
stm32f7xx_hal_msp.c:811:6:HAL_RTC_MspInit	16	static
stm32f7xx_hal_msp.c:833:6:HAL_RTC_MspDeInit	16	static
stm32f7xx_hal_msp.c:855:6:HAL_MMC_MspInit	56	static
stm32f7xx_hal_msp.c:911:6:HAL_MMC_MspDeInit	16	static
stm32f7xx_hal_msp.c:948:6:HAL_SPDIFRX_MspInit	48	static
stm32f7xx_hal_msp.c:983:6:HAL_SPDIFRX_MspDeInit	16	static
stm32f7xx_hal_msp.c:1011:6:HAL_SPI_MspInit	48	static
stm32f7xx_hal_msp.c:1064:6:HAL_SPI_MspDeInit	16	static
stm32f7xx_hal_msp.c:1097:6:HAL_TIM_Base_MspInit	32	static
stm32f7xx_hal_msp.c:1141:6:HAL_TIM_PWM_MspInit	24	static
stm32f7xx_hal_msp.c:1168:6:HAL_TIM_MspPostInit	56	static
stm32f7xx_hal_msp.c:1262:6:HAL_TIM_Base_MspDeInit	16	static
stm32f7xx_hal_msp.c:1306:6:HAL_TIM_PWM_MspDeInit	16	static
stm32f7xx_hal_msp.c:1339:6:HAL_UART_MspInit	64	static
stm32f7xx_hal_msp.c:1438:6:HAL_UART_MspDeInit	16	static
stm32f7xx_hal_msp.c:1505:6:HAL_PCD_MspInit	64	static
stm32f7xx_hal_msp.c:1588:6:HAL_PCD_MspDeInit	16	static
stm32f7xx_hal_msp.c:1639:6:HAL_WWDG_MspInit	24	static
stm32f7xx_hal_msp.c:1657:13:HAL_FMC_MspInit	32	static
stm32f7xx_hal_msp.c:1785:6:HAL_SDRAM_MspInit	16	static
stm32f7xx_hal_msp.c:1797:13:HAL_FMC_MspDeInit	8	static
stm32f7xx_hal_msp.c:1894:6:HAL_SDRAM_MspDeInit	16	static
stm32f7xx_hal_msp.c:1907:6:HAL_SAI_MspInit	48	static
stm32f7xx_hal_msp.c:1985:6:HAL_SAI_MspDeInit	16	static
